###############################################################################
#
# IAR ELF Linker V8.30.1.114/W32 for ARM                  18/Jan/2020  19:52:01
# Copyright 2007-2018 IAR Systems AB.
#
#    Output file  =  E:\Robocon_Value\Chassis_TR\EWARM\Chassis\Exe\Chassis.out
#    Map file     =  E:\Robocon_Value\Chassis_TR\EWARM\Chassis\List\Chassis.map
#    Command line =  
#        -f C:\Users\DELL\AppData\Local\Temp\EWF8A7.tmp
#        (E:\Robocon_Value\Chassis_TR\EWARM\Chassis\Obj\adc.o
#        E:\Robocon_Value\Chassis_TR\EWARM\Chassis\Obj\can.o
#        E:\Robocon_Value\Chassis_TR\EWARM\Chassis\Obj\can_func.o
#        E:\Robocon_Value\Chassis_TR\EWARM\Chassis\Obj\can_utils.o
#        E:\Robocon_Value\Chassis_TR\EWARM\Chassis\Obj\chassis.o
#        E:\Robocon_Value\Chassis_TR\EWARM\Chassis\Obj\chassis_handle.o
#        E:\Robocon_Value\Chassis_TR\EWARM\Chassis\Obj\cmd.o
#        E:\Robocon_Value\Chassis_TR\EWARM\Chassis\Obj\cmd_func.o
#        E:\Robocon_Value\Chassis_TR\EWARM\Chassis\Obj\configure.o
#        E:\Robocon_Value\Chassis_TR\EWARM\Chassis\Obj\dma.o
#        E:\Robocon_Value\Chassis_TR\EWARM\Chassis\Obj\flags.o
#        E:\Robocon_Value\Chassis_TR\EWARM\Chassis\Obj\flash.o
#        E:\Robocon_Value\Chassis_TR\EWARM\Chassis\Obj\gpio.o
#        E:\Robocon_Value\Chassis_TR\EWARM\Chassis\Obj\hash.o
#        E:\Robocon_Value\Chassis_TR\EWARM\Chassis\Obj\karman.o
#        E:\Robocon_Value\Chassis_TR\EWARM\Chassis\Obj\kickball.o
#        E:\Robocon_Value\Chassis_TR\EWARM\Chassis\Obj\laser.o
#        E:\Robocon_Value\Chassis_TR\EWARM\Chassis\Obj\lcd.o
#        E:\Robocon_Value\Chassis_TR\EWARM\Chassis\Obj\main.o
#        E:\Robocon_Value\Chassis_TR\EWARM\Chassis\Obj\motor_driver.o
#        E:\Robocon_Value\Chassis_TR\EWARM\Chassis\Obj\point.o
#        E:\Robocon_Value\Chassis_TR\EWARM\Chassis\Obj\point_parser.o
#        E:\Robocon_Value\Chassis_TR\EWARM\Chassis\Obj\robomaster.o
#        E:\Robocon_Value\Chassis_TR\EWARM\Chassis\Obj\sensor_gpio.o
#        E:\Robocon_Value\Chassis_TR\EWARM\Chassis\Obj\simplelib.o
#        E:\Robocon_Value\Chassis_TR\EWARM\Chassis\Obj\startup_stm32f407xx.o
#        E:\Robocon_Value\Chassis_TR\EWARM\Chassis\Obj\stm32f4xx_hal.o
#        E:\Robocon_Value\Chassis_TR\EWARM\Chassis\Obj\stm32f4xx_hal_adc.o
#        E:\Robocon_Value\Chassis_TR\EWARM\Chassis\Obj\stm32f4xx_hal_adc_ex.o
#        E:\Robocon_Value\Chassis_TR\EWARM\Chassis\Obj\stm32f4xx_hal_can.o
#        E:\Robocon_Value\Chassis_TR\EWARM\Chassis\Obj\stm32f4xx_hal_cortex.o
#        E:\Robocon_Value\Chassis_TR\EWARM\Chassis\Obj\stm32f4xx_hal_dma.o
#        E:\Robocon_Value\Chassis_TR\EWARM\Chassis\Obj\stm32f4xx_hal_dma_ex.o
#        E:\Robocon_Value\Chassis_TR\EWARM\Chassis\Obj\stm32f4xx_hal_exti.o
#        E:\Robocon_Value\Chassis_TR\EWARM\Chassis\Obj\stm32f4xx_hal_flash.o
#        E:\Robocon_Value\Chassis_TR\EWARM\Chassis\Obj\stm32f4xx_hal_flash_ex.o
#        E:\Robocon_Value\Chassis_TR\EWARM\Chassis\Obj\stm32f4xx_hal_flash_ramfunc.o
#        E:\Robocon_Value\Chassis_TR\EWARM\Chassis\Obj\stm32f4xx_hal_gpio.o
#        E:\Robocon_Value\Chassis_TR\EWARM\Chassis\Obj\stm32f4xx_hal_msp.o
#        E:\Robocon_Value\Chassis_TR\EWARM\Chassis\Obj\stm32f4xx_hal_pwr.o
#        E:\Robocon_Value\Chassis_TR\EWARM\Chassis\Obj\stm32f4xx_hal_pwr_ex.o
#        E:\Robocon_Value\Chassis_TR\EWARM\Chassis\Obj\stm32f4xx_hal_rcc.o
#        E:\Robocon_Value\Chassis_TR\EWARM\Chassis\Obj\stm32f4xx_hal_rcc_ex.o
#        E:\Robocon_Value\Chassis_TR\EWARM\Chassis\Obj\stm32f4xx_hal_tim.o
#        E:\Robocon_Value\Chassis_TR\EWARM\Chassis\Obj\stm32f4xx_hal_tim_ex.o
#        E:\Robocon_Value\Chassis_TR\EWARM\Chassis\Obj\stm32f4xx_hal_uart.o
#        E:\Robocon_Value\Chassis_TR\EWARM\Chassis\Obj\stm32f4xx_it.o
#        E:\Robocon_Value\Chassis_TR\EWARM\Chassis\Obj\stmflash.o
#        E:\Robocon_Value\Chassis_TR\EWARM\Chassis\Obj\sys.o
#        E:\Robocon_Value\Chassis_TR\EWARM\Chassis\Obj\system_stm32f4xx.o
#        E:\Robocon_Value\Chassis_TR\EWARM\Chassis\Obj\touchdown.o
#        E:\Robocon_Value\Chassis_TR\EWARM\Chassis\Obj\usart.o
#        E:\Robocon_Value\Chassis_TR\EWARM\Chassis\Obj\utils.o
#        E:\Robocon_Value\Chassis_TR\EWARM\Chassis\Obj\vec.o
#        E:\Robocon_Value\Chassis_TR\EWARM\Chassis\Obj\vega.o
#        E:\Robocon_Value\Chassis_TR\EWARM\Chassis\Obj\vesc_can.o --redirect
#        _Printf=_PrintfFull --redirect _Scanf=_ScanfFull --no_out_extension -o
#        E:\Robocon_Value\Chassis_TR\EWARM\Chassis\Exe\Chassis.out --map
#        E:\Robocon_Value\Chassis_TR\EWARM\Chassis\List\Chassis.map --config
#        E:\Robocon_Value\Chassis_TR\EWARM/stm32f407xx_flash.icf --semihosting
#        --entry __iar_program_start --vfe --text_out locale)
#
###############################################################################

*******************************************************************************
*** RUNTIME MODEL ATTRIBUTES
***

CppFlavor       = *
__Heap_Handler  = DLMalloc
__SystemLibrary = DLib
__dlib_version  = 6


*******************************************************************************
*** HEAP SELECTION
***

The advanced heap was selected because the application calls memory
allocation functions outside of system library functions, and there
are calls to deallocation functions in the application.


*******************************************************************************
*** PLACEMENT SUMMARY
***

"A0":  place at 0x800'0000 { ro section .intvec };
"P1":  place in [from 0x800'0000 to 0x80f'ffff] { ro };
define block CSTACK with size = 4608, alignment = 8 { };
define block HEAP with size = 4K, alignment = 8 { };
"P2":  place in [from 0x2000'0000 to 0x2001'ffff] {
          rw, block CSTACK, block HEAP };
initialize by copy { rw };

  Section            Kind         Address    Size  Object
  -------            ----         -------    ----  ------
"A0":                                       0x188
  .intvec            ro code   0x800'0000   0x188  startup_stm32f407xx.o [1]
                             - 0x800'0188   0x188

"P1":                                      0xe155
  .text              ro code   0x800'0188   0xf80  dlmalloc.o [2]
  .text              ro code   0x800'1108     0x6  abort.o [2]
  .text              ro code   0x800'110e    0x7a  lz77_init_single.o [4]
  .text              ro code   0x800'1188    0x2c  xgetmemchunk.o [2]
  .text              ro code   0x800'11b4    0x14  exit.o [5]
  .text              ro code   0x800'11c8   0xf7a  xprintffull.o [2]
  .text              ro code   0x800'2142    0x3a  zero_init3.o [4]
  .text              ro code   0x800'217c    0xb4  xlocale_c.o [2]
  .text              ro code   0x800'2230    0x16  strchr.o [4]
  .text              ro code   0x800'2246    0x1e  xencoding_8859_1.o [2]
  .text              ro code   0x800'2264    0x40  xfail_s.o [2]
  .text              ro code   0x800'22a4    0x36  strlen.o [4]
  .text              ro code   0x800'22da    0x1a  xsnprout.o [2]
  .text              ro code   0x800'22f4    0x58  memchr.o [4]
  .text              ro code   0x800'234c     0xa  xmbcurmax.o [2]
  .text              ro code   0x800'2358    0xa6  ABImemcpy.o [4]
  .text              ro code   0x800'2400   0x230  I64DivMod.o [4]
  .text              ro code   0x800'2630   0x1a2  DblMul.o [3]
  .text              ro code   0x800'27d4    0x70  frexp.o [3]
  .text              ro code   0x800'2844    0x2e  DblCmpLe.o [3]
  .text              ro code   0x800'2874    0x2e  DblCmpGe.o [3]
  .text              ro code   0x800'28a4   0x13a  ldexp.o [3]
  .text              ro code   0x800'29e0    0x3a  DblToS32.o [3]
  .text              ro code   0x800'2a1c    0x22  S32ToDbl.o [3]
  .text              ro code   0x800'2a40    0xe2  DblSub.o [3]
  .text              ro code   0x800'2b24   0x246  DblDiv.o [3]
  .text              ro code   0x800'2d6c    0x28  DblToU32.o [3]
  .text              ro code   0x800'2d94    0x1a  U32ToDbl.o [3]
  .text              ro code   0x800'2db0     0x2  I64DivZer.o [4]
  .text              ro code   0x800'2db4   0x17a  DblAdd.o [3]
  .text              ro code   0x800'2f30   0xc98  chassis.o [1]
  .text              ro code   0x800'3bc8   0x1ac  utils.o [1]
  .text              ro code   0x800'3d74    0x1e  sqrtf.o [3]
  .text              ro code   0x800'3d94   0x24a  can_utils.o [1]
  .text              ro code   0x800'3fe0    0x48  FltToDbl.o [3]
  .text              ro code   0x800'4028    0x36  math_wrappers64.o [3]
  .text              ro code   0x800'4060    0x68  DblToFlt.o [3]
  .text              ro code   0x800'40c8   0x178  vec.o [1]
  .text              ro code   0x800'4240   0x434  cmd.o [1]
  .text              ro code   0x800'4674   0x3d8  chassis_handle.o [1]
  .text              ro code   0x800'4a4c    0x6a  atan2f.o [3]
  .text              ro code   0x800'4ab8   0x224  hash.o [1]
  .text              ro code   0x800'4cdc    0x3c  can_func.o [1]
  .text              ro code   0x800'4d18   0x7dc  stm32f4xx_hal_can.o [1]
  .text              ro code   0x800'54f4   0x272  main.o [1]
  .text              ro code   0x800'5768   0x580  strto64.o [3]
  .text              ro code   0x800'5ce8   0x140  atan2_64.o [3]
  .text              ro code   0x800'5e28   0x44c  cos_sin64.o [3]
  .text              ro code   0x800'6274   0x102  sqrt.o [3]
  .text              ro code   0x800'6378   0xa38  stm32f4xx_hal_uart.o [1]
  .text              ro code   0x800'6db0    0x66  ABImemset.o [4]
  .text              ro code   0x800'6e18    0x4c  strcpy.o [4]
  .text              ro code   0x800'6e64    0x4c  strtok.o [2]
  .text              ro code   0x800'6eb0    0x3c  vsnprint.o [2]
  .text              ro code   0x800'6eec    0x4a  strcmp.o [4]
  .text              ro code   0x800'6f38    0xa4  xatanf.o [3]
  .text              ro code   0x800'6fdc    0x24  ABIassert.o [5]
  .text              ro code   0x800'7000    0xd4  can.o [1]
  .text              ro code   0x800'70d4     0xc  stm32f4xx_hal.o [1]
  .text              ro code   0x800'70e0     0x2  stm32f4xx_hal_can.o [1]
  .text              ro code   0x800'70e2     0x2  stm32f4xx_hal_can.o [1]
  .text              ro code   0x800'70e4     0x2  stm32f4xx_hal_can.o [1]
  .text              ro code   0x800'70e6     0x2  stm32f4xx_hal_can.o [1]
  .text              ro code   0x800'70e8     0x2  stm32f4xx_hal_can.o [1]
  .text              ro code   0x800'70ea     0x2  stm32f4xx_hal_can.o [1]
  .text              ro code   0x800'70ec     0x2  stm32f4xx_hal_can.o [1]
  .text              ro code   0x800'70ee     0x2  stm32f4xx_hal_can.o [1]
  .text              ro code   0x800'70f0     0x2  stm32f4xx_hal_can.o [1]
  .text              ro code   0x800'70f2     0x2  stm32f4xx_hal_can.o [1]
  .text              ro code   0x800'70f4     0x2  stm32f4xx_hal_can.o [1]
  .text              ro code   0x800'70f8    0x34  stm32f4xx_hal.o [1]
  .text              ro code   0x800'712c   0x168  gpio.o [1]
  .text              ro code   0x800'7294    0xc8  dma.o [1]
  .text              ro code   0x800'735c   0x160  adc.o [1]
  .text              ro code   0x800'74bc   0x67c  usart.o [1]
  .text              ro code   0x800'7b38    0x5c  simplelib.o [1]
  .text              ro code   0x800'7b94    0x30  configure.o [1]
  .text              ro code   0x800'7bc4    0xa8  motor_driver.o [1]
  .text              ro code   0x800'7c6c   0x2a8  laser.o [1]
  .text              ro code   0x800'7f14   0x1d4  lcd.o [1]
  .text              ro code   0x800'80e8    0xe0  sensor_gpio.o [1]
  .text              ro code   0x800'81c8   0x2ac  kickball.o [1]
  .text              ro code   0x800'8474   0x144  touchdown.o [1]
  .text              ro code   0x800'85b8     0x6  ABImemclr4.o [4]
  .text              ro code   0x800'85c0   0x380  stm32f4xx_hal_rcc.o [1]
  .text              ro code   0x800'8940   0x224  stm32f4xx_hal_rcc.o [1]
  .text              ro code   0x800'8b64   0x29c  stm32f4xx_hal_gpio.o [1]
  .text              ro code   0x800'8e00   0x122  iar_Stopfx.o [2]
  .text              ro code   0x800'8f24   0x1c4  iar_Stoflt.o [2]
  .text              ro code   0x800'90e8   0x21c  iar_Stoxflt.o [2]
  .rodata            const     0x800'9304    0x2c  cmd_func.o [1]
  .text              ro code   0x800'9330   0x208  iar_Atan64.o [3]
  .text              ro code   0x800'9538   0x550  stm32f4xx_hal_dma.o [1]
  .text              ro code   0x800'9a88     0x2  stm32f4xx_hal_uart.o [1]
  .text              ro code   0x800'9a8a     0x2  stm32f4xx_hal_uart.o [1]
  .text              ro code   0x800'9a8c     0x2  stm32f4xx_hal_uart.o [1]
  .text              ro code   0x800'9a8e     0x2  stm32f4xx_hal_uart.o [1]
  .text              ro code   0x800'9a90     0x2  stm32f4xx_hal_uart.o [1]
  .text              ro code   0x800'9a92    0x22  strspn.o [2]
  .text              ro code   0x800'9ab4    0x22  strcspn.o [2]
  .text              ro code   0x800'9ad8   0x158  stm32f4xx_hal_cortex.o [1]
  .text              ro code   0x800'9c30    0x4c  stm32f4xx_hal.o [1]
  .text              ro code   0x800'9c7c    0x40  stm32f4xx_hal_msp.o [1]
  .text              ro code   0x800'9cbc   0x56e  stm32f4xx_hal_adc.o [1]
  .text              ro code   0x800'a22c   0x9dc  cmd_func.o [1]
  .text              ro code   0x800'ac08   0x134  vesc_can.o [1]
  .text              ro code   0x800'ad3c    0x6a  robomaster.o [1]
  .text              ro code   0x800'ada6    0x5a  karman.o [1]
  .text              ro code   0x800'ae00    0x32  ABImemset48.o [4]
  .text              ro code   0x800'ae32    0x14  isspace.o [2]
  .text              ro code   0x800'ae46    0x14  isalpha.o [2]
  .text              ro code   0x800'ae5c    0x20  DblCmpEq.o [3]
  .text              ro code   0x800'ae7c     0x2  stm32f4xx_hal_adc.o [1]
  .text              ro code   0x800'ae7e     0x2  stm32f4xx_hal_adc.o [1]
  .text              ro code   0x800'ae80     0x2  stm32f4xx_hal_adc.o [1]
  .text              ro code   0x800'ae84   0x150  vega.o [1]
  .text              ro code   0x800'afd4    0x9c  point_parser.o [1]
  .text              ro code   0x800'b070   0x174  iar_Stoulx.o [2]
  .text              ro code   0x800'b1e4    0x14  tolower.o [2]
  .text              ro code   0x800'b1f8   0x124  stm32f4xx_it.o [1]
  .text              ro code   0x800'b31c    0x18  stm32f4xx_hal.o [1]
  .text              ro code   0x800'b334    0x60  system_stm32f4xx.o [1]
  .rodata            const     0x800'b394    0x30  hash.o [1]
  .rodata            const     0x800'b3c4    0x28  cmd_func.o [1]
  .rodata            const     0x800'b3ec    0x28  vega.o [1]
  .text              ro code   0x800'b414    0x28  data_init.o [4]
  .rodata            const     0x800'b43c    0x24  cmd_func.o [1]
  .rodata            const     0x800'b460    0x24  cmd_func.o [1]
  .rodata            const     0x800'b484    0x24  cmd_func.o [1]
  .rodata            const     0x800'b4a8    0x24  cmd_func.o [1]
  .rodata            const     0x800'b4cc    0x24  cmd_func.o [1]
  .rodata            const     0x800'b4f0    0x24  cmd_func.o [1]
  .text              ro code   0x800'b514    0x22  fpinit_M.o [3]
  .iar.init_table    const     0x800'b538    0x20  - Linker created -
  .rodata            const     0x800'b558    0x20  can_utils.o [1]
  .rodata            const     0x800'b578    0x20  cmd_func.o [1]
  .rodata            const     0x800'b598    0x20  cmd_func.o [1]
  .rodata            const     0x800'b5b8    0x20  cmd_func.o [1]
  .rodata            const     0x800'b5d8    0x20  cmd_func.o [1]
  .rodata            const     0x800'b5f8    0x20  cmd_func.o [1]
  .rodata            const     0x800'b618    0x20  cmd_func.o [1]
  .rodata            const     0x800'b638    0x20  cmd_func.o [1]
  .rodata            const     0x800'b658    0x20  hash.o [1]
  .rodata            const     0x800'b678    0x20  kickball.o [1]
  .rodata            const     0x800'b698    0x20  sensor_gpio.o [1]
  .rodata            const     0x800'b6b8    0x20  sensor_gpio.o [1]
  .rodata            const     0x800'b6d8    0x20  sensor_gpio.o [1]
  .rodata            const     0x800'b6f8    0x20  vega.o [1]
  .rodata            const     0x800'b718    0x20  vega.o [1]
  .text              ro code   0x800'b738    0x1e  cmain.o [4]
  .text              ro code   0x800'b756     0x4  low_level_init.o [2]
  .text              ro code   0x800'b75a     0x4  exit.o [2]
  .text              ro code   0x800'b760     0xa  cexit.o [4]
  .rodata            const     0x800'b76c    0x1c  cmd_func.o [1]
  .rodata            const     0x800'b788    0x1c  cmd_func.o [1]
  .rodata            const     0x800'b7a4    0x1c  cmd_func.o [1]
  .rodata            const     0x800'b7c0    0x1c  cmd_func.o [1]
  .rodata            const     0x800'b7dc    0x1c  cmd_func.o [1]
  .rodata            const     0x800'b7f8    0x1c  cmd_func.o [1]
  .rodata            const     0x800'b814    0x1c  cmd_func.o [1]
  .rodata            const     0x800'b830    0x1c  cmd_func.o [1]
  .rodata            const     0x800'b84c    0x1c  cmd_func.o [1]
  .rodata            const     0x800'b868    0x1c  cmd_func.o [1]
  .rodata            const     0x800'b884    0x1c  cmd_func.o [1]
  .rodata            const     0x800'b8a0    0x1c  lcd.o [1]
  .rodata            const     0x800'b8bc    0x1c  sensor_gpio.o [1]
  .rodata            const     0x800'b8d8    0x1c  vega.o [1]
  .rodata            const     0x800'b8f4    0x18  chassis_handle.o [1]
  .rodata            const     0x800'b90c    0x18  chassis_handle.o [1]
  .rodata            const     0x800'b924    0x18  chassis_handle.o [1]
  .rodata            const     0x800'b93c    0x18  cmd_func.o [1]
  .rodata            const     0x800'b954    0x18  cmd_func.o [1]
  .rodata            const     0x800'b96c    0x18  cmd_func.o [1]
  .rodata            const     0x800'b984    0x18  cmd_func.o [1]
  .rodata            const     0x800'b99c    0x18  cmd_func.o [1]
  .rodata            const     0x800'b9b4    0x18  cmd_func.o [1]
  .rodata            const     0x800'b9cc    0x18  cmd_func.o [1]
  .rodata            const     0x800'b9e4    0x18  cmd_func.o [1]
  .rodata            const     0x800'b9fc    0x18  cmd_func.o [1]
  .rodata            const     0x800'ba14    0x18  cmd_func.o [1]
  .rodata            const     0x800'ba2c    0x18  cmd_func.o [1]
  .rodata            const     0x800'ba44    0x18  laser.o [1]
  .rodata            const     0x800'ba5c    0x18  simplelib.o [1]
  .rodata            const     0x800'ba74    0x18  vega.o [1]
  .rodata            const     0x800'ba8c    0x14  chassis.o [1]
  .rodata            const     0x800'baa0    0x14  chassis.o [1]
  .rodata            const     0x800'bab4    0x14  cmd_func.o [1]
  .rodata            const     0x800'bac8    0x14  cmd_func.o [1]
  .rodata            const     0x800'badc    0x14  cmd_func.o [1]
  .rodata            const     0x800'baf0    0x14  cmd_func.o [1]
  .rodata            const     0x800'bb04    0x14  cmd_func.o [1]
  .rodata            const     0x800'bb18    0x14  cmd_func.o [1]
  .rodata            const     0x800'bb2c    0x14  cmd_func.o [1]
  .rodata            const     0x800'bb40    0x14  cmd_func.o [1]
  .rodata            const     0x800'bb54    0x14  cmd_func.o [1]
  .rodata            const     0x800'bb68    0x14  cmd_func.o [1]
  .rodata            const     0x800'bb7c    0x14  main.o [1]
  .rodata            const     0x800'bb90    0x10  chassis_handle.o [1]
  .rodata            const     0x800'bba0    0x10  cmd.o [1]
  .rodata            const     0x800'bbb0    0x10  cmd.o [1]
  .rodata            const     0x800'bbc0    0x10  cmd_func.o [1]
  .rodata            const     0x800'bbd0    0x10  cmd_func.o [1]
  .rodata            const     0x800'bbe0    0x10  cmd_func.o [1]
  .rodata            const     0x800'bbf0    0x10  cmd_func.o [1]
  .rodata            const     0x800'bc00    0x10  cmd_func.o [1]
  .rodata            const     0x800'bc10    0x10  cmd_func.o [1]
  .rodata            const     0x800'bc20    0x10  cmd_func.o [1]
  .rodata            const     0x800'bc30    0x10  cmd_func.o [1]
  .rodata            const     0x800'bc40    0x10  cmd_func.o [1]
  .rodata            const     0x800'bc50    0x10  cmd_func.o [1]
  .rodata            const     0x800'bc60    0x10  cmd_func.o [1]
  .rodata            const     0x800'bc70    0x10  cmd_func.o [1]
  .rodata            const     0x800'bc80    0x10  cmd_func.o [1]
  .rodata            const     0x800'bc90    0x10  cmd_func.o [1]
  .rodata            const     0x800'bca0    0x10  cmd_func.o [1]
  .rodata            const     0x800'bcb0    0x10  cmd_func.o [1]
  .rodata            const     0x800'bcc0    0x10  cmd_func.o [1]
  .rodata            const     0x800'bcd0    0x10  laser.o [1]
  .rodata            const     0x800'bce0    0x10  laser.o [1]
  .rodata            const     0x800'bcf0    0x10  laser.o [1]
  .rodata            const     0x800'bd00    0x10  laser.o [1]
  .rodata            const     0x800'bd10    0x10  laser.o [1]
  .rodata            const     0x800'bd20    0x10  system_stm32f4xx.o [1]
  .text              ro code   0x800'bd30    0x10  startup_stm32f407xx.o [1]
  .rodata            const     0x800'bd40     0xc  can_func.o [1]
  .rodata            const     0x800'bd4c     0xc  cmd.o [1]
  .rodata            const     0x800'bd58     0xc  cmd_func.o [1]
  .rodata            const     0x800'bd64     0xc  cmd_func.o [1]
  .rodata            const     0x800'bd70     0xc  cmd_func.o [1]
  .rodata            const     0x800'bd7c     0xc  cmd_func.o [1]
  .rodata            const     0x800'bd88     0xc  hash.o [1]
  .rodata            const     0x800'bd94     0xc  point_parser.o [1]
  .text              ro code   0x800'bda0     0xc  cstartup_M.o [4]
  .rodata            const     0x800'bdac     0x8  chassis.o [1]
  .rodata            const     0x800'bdb4     0x8  cmd.o [1]
  .rodata            const     0x800'bdbc     0x8  cmd.o [1]
  .rodata            const     0x800'bdc4     0x8  cmd.o [1]
  .rodata            const     0x800'bdcc     0x8  cmd_func.o [1]
  .rodata            const     0x800'bdd4     0x8  cmd_func.o [1]
  .rodata            const     0x800'bddc     0x8  cmd_func.o [1]
  .rodata            const     0x800'bde4     0x8  hash.o [1]
  .rodata            const     0x800'bdf0     0x8  lcd.o [1]
  .rodata            const     0x800'bdf8     0x8  lcd.o [1]
  .rodata            const     0x800'be00     0x8  stm32f4xx_hal_dma.o [1]
  .rodata            const     0x800'be08     0x8  system_stm32f4xx.o [1]
  .rodata            const     0x800'be10     0x8  vega.o [1]
  .rodata            const     0x800'be18     0x8  vega.o [1]
  .rodata            const     0x800'be20     0x6  xlocale_c.o [2]
  .text              ro code   0x800'be26     0x4  startup_stm32f407xx.o [1]
  .text              ro code   0x800'be2a     0x4  startup_stm32f407xx.o [1]
  .text              ro code   0x800'be2e     0x4  startup_stm32f407xx.o [1]
  .text              ro code   0x800'be32     0x4  startup_stm32f407xx.o [1]
  .text              ro code   0x800'be36     0x4  startup_stm32f407xx.o [1]
  .text              ro code   0x800'be3a     0x4  startup_stm32f407xx.o [1]
  .text              ro code   0x800'be3e     0x4  startup_stm32f407xx.o [1]
  .text              ro code   0x800'be42     0x4  startup_stm32f407xx.o [1]
  .text              ro code   0x800'be46     0x4  startup_stm32f407xx.o [1]
  .text              ro code   0x800'be4a     0x4  startup_stm32f407xx.o [1]
  .text              ro code   0x800'be4e     0x4  startup_stm32f407xx.o [1]
  .text              ro code   0x800'be52     0x4  startup_stm32f407xx.o [1]
  .text              ro code   0x800'be56     0x4  startup_stm32f407xx.o [1]
  .text              ro code   0x800'be5a     0x4  startup_stm32f407xx.o [1]
  .text              ro code   0x800'be5e     0x4  startup_stm32f407xx.o [1]
  .text              ro code   0x800'be62     0x4  startup_stm32f407xx.o [1]
  .text              ro code   0x800'be66     0x4  startup_stm32f407xx.o [1]
  .text              ro code   0x800'be6a     0x4  startup_stm32f407xx.o [1]
  .text              ro code   0x800'be6e     0x4  startup_stm32f407xx.o [1]
  .text              ro code   0x800'be72     0x4  startup_stm32f407xx.o [1]
  .text              ro code   0x800'be76     0x4  startup_stm32f407xx.o [1]
  .text              ro code   0x800'be7a     0x4  startup_stm32f407xx.o [1]
  .text              ro code   0x800'be7e     0x4  startup_stm32f407xx.o [1]
  .text              ro code   0x800'be82     0x4  startup_stm32f407xx.o [1]
  .text              ro code   0x800'be86     0x4  startup_stm32f407xx.o [1]
  .text              ro code   0x800'be8a     0x4  startup_stm32f407xx.o [1]
  .text              ro code   0x800'be8e     0x4  startup_stm32f407xx.o [1]
  .text              ro code   0x800'be92     0x4  startup_stm32f407xx.o [1]
  .text              ro code   0x800'be96     0x4  startup_stm32f407xx.o [1]
  .text              ro code   0x800'be9a     0x4  startup_stm32f407xx.o [1]
  .text              ro code   0x800'be9e     0x4  startup_stm32f407xx.o [1]
  .text              ro code   0x800'bea2     0x4  startup_stm32f407xx.o [1]
  .text              ro code   0x800'bea6     0x4  startup_stm32f407xx.o [1]
  .text              ro code   0x800'beaa     0x4  startup_stm32f407xx.o [1]
  .text              ro code   0x800'beae     0x4  startup_stm32f407xx.o [1]
  .text              ro code   0x800'beb2     0x4  startup_stm32f407xx.o [1]
  .text              ro code   0x800'beb6     0x4  startup_stm32f407xx.o [1]
  .text              ro code   0x800'beba     0x4  startup_stm32f407xx.o [1]
  .text              ro code   0x800'bebe     0x4  startup_stm32f407xx.o [1]
  .text              ro code   0x800'bec2     0x4  startup_stm32f407xx.o [1]
  .text              ro code   0x800'bec6     0x4  startup_stm32f407xx.o [1]
  .text              ro code   0x800'beca     0x4  startup_stm32f407xx.o [1]
  .text              ro code   0x800'bece     0x4  startup_stm32f407xx.o [1]
  .text              ro code   0x800'bed2     0x4  startup_stm32f407xx.o [1]
  .text              ro code   0x800'bed6     0x4  startup_stm32f407xx.o [1]
  .text              ro code   0x800'beda     0x4  startup_stm32f407xx.o [1]
  .text              ro code   0x800'bede     0x4  startup_stm32f407xx.o [1]
  .text              ro code   0x800'bee2     0x4  startup_stm32f407xx.o [1]
  .text              ro code   0x800'bee6     0x4  startup_stm32f407xx.o [1]
  .text              ro code   0x800'beea     0x4  startup_stm32f407xx.o [1]
  .text              ro code   0x800'beee     0x4  startup_stm32f407xx.o [1]
  .text              ro code   0x800'bef2     0x4  startup_stm32f407xx.o [1]
  .text              ro code   0x800'bef6     0x4  startup_stm32f407xx.o [1]
  .text              ro code   0x800'befa     0x4  startup_stm32f407xx.o [1]
  .text              ro code   0x800'befe     0x4  startup_stm32f407xx.o [1]
  .text              ro code   0x800'bf02     0x4  startup_stm32f407xx.o [1]
  .text              ro code   0x800'bf06     0x4  startup_stm32f407xx.o [1]
  .text              ro code   0x800'bf0a     0x4  startup_stm32f407xx.o [1]
  .text              ro code   0x800'bf0e     0x4  startup_stm32f407xx.o [1]
  .text              ro code   0x800'bf12     0x4  startup_stm32f407xx.o [1]
  .text              ro code   0x800'bf16     0x4  startup_stm32f407xx.o [1]
  .text              ro code   0x800'bf1a     0x4  startup_stm32f407xx.o [1]
  .text              ro code   0x800'bf1e     0x4  startup_stm32f407xx.o [1]
  .text              ro code   0x800'bf22     0x4  startup_stm32f407xx.o [1]
  .text              ro code   0x800'bf26     0x4  startup_stm32f407xx.o [1]
  .text              ro code   0x800'bf2a     0x4  startup_stm32f407xx.o [1]
  .text              ro code   0x800'bf2e     0x4  startup_stm32f407xx.o [1]
  .rodata            const     0x800'bf32     0x0  zero_init3.o [4]
  .rodata            const     0x800'bf32     0x0  lz77_init_single.o [4]
  Initializer bytes  const     0x800'bf32  0x23ab  <for P2-1>
                             - 0x800'e2dd  0xe155

"P2", part 1 of 3:                         0x60c5
  P2-1                        0x2000'0000  0x60c5  <Init block>
    .data            inited   0x2000'0000     0xc  can_utils.o [1]
    .data            inited   0x2000'000c    0x20  chassis.o [1]
    .data            inited   0x2000'002c    0x20  chassis.o [1]
    .data            inited   0x2000'004c     0x4  chassis.o [1]
    .data            inited   0x2000'0050     0x4  cmd.o [1]
    .data            inited   0x2000'0054    0x18  karman.o [1]
    .data            inited   0x2000'006c    0x18  karman.o [1]
    .data            inited   0x2000'0084    0x18  karman.o [1]
    .data            inited   0x2000'009c    0x18  karman.o [1]
    .data            inited   0x2000'00b4    0x18  karman.o [1]
    .data            inited   0x2000'00cc    0x18  karman.o [1]
    .data            inited   0x2000'00e4     0x4  kickball.o [1]
    .data            inited   0x2000'00e8     0x4  kickball.o [1]
    .data            inited   0x2000'00ec     0x4  kickball.o [1]
    .data            inited   0x2000'00f0     0x4  kickball.o [1]
    .data            inited   0x2000'00f4     0x4  kickball.o [1]
    .data            inited   0x2000'00f8    0x14  kickball.o [1]
    .data            inited   0x2000'010c     0x4  kickball.o [1]
    .data            inited   0x2000'0110   0xfa0  point.o [1]
    .data            inited   0x2000'10b0   0xfa0  point.o [1]
    .data            inited   0x2000'2050   0xfa0  point.o [1]
    .data            inited   0x2000'2ff0   0xfa0  point.o [1]
    .data            inited   0x2000'3f90   0xfa0  point.o [1]
    .data            inited   0x2000'4f30   0xfa0  point.o [1]
    .data            inited   0x2000'5ed0   0x150  point_parser.o [1]
    .data            inited   0x2000'6020     0x4  sensor_gpio.o [1]
    .data            inited   0x2000'6024     0x4  stm32f4xx_hal.o [1]
    .data            inited   0x2000'6028     0x4  system_stm32f4xx.o [1]
    .data            inited   0x2000'602c     0x4  touchdown.o [1]
    .data            inited   0x2000'6030     0x4  touchdown.o [1]
    .data            inited   0x2000'6034     0x4  touchdown.o [1]
    .data            inited   0x2000'6038     0xc  vega.o [1]
    .data            inited   0x2000'6044    0x38  xlocale_c.o [2]
    .data            inited   0x2000'607c    0x48  xlocale_c.o [2]
    .data            inited   0x2000'60c4     0x1  stm32f4xx_hal.o [1]
                            - 0x2000'60c5  0x60c5

"P2", part 2 of 3:                         0x7c78
  .bss               zero     0x2000'60c8   0xfa0  point.o [1]
  .bss               zero     0x2000'7068   0xfa0  point.o [1]
  .bss               zero     0x2000'8008   0xfa0  point.o [1]
  .bss               zero     0x2000'8fa8   0xfa0  point.o [1]
  .bss               zero     0x2000'9f48   0xfa0  point.o [1]
  .bss               zero     0x2000'aee8   0xfa0  point.o [1]
  .bss               zero     0x2000'be88   0xfa0  point.o [1]
  .bss               zero     0x2000'ce28   0x1d8  dlmalloc.o [2]
  .bss               zero     0x2000'd000   0x190  lcd.o [1]
  .bss               zero     0x2000'd190    0x78  laser.o [1]
  .bss               zero     0x2000'd208    0x68  cmd.o [1]
  .bss               zero     0x2000'd270    0x64  cmd.o [1]
  .bss               zero     0x2000'd2d4    0x64  cmd.o [1]
  .bss               zero     0x2000'd338    0x64  cmd.o [1]
  .bss               zero     0x2000'd39c    0x64  cmd.o [1]
  .bss               zero     0x2000'd400    0x60  adc.o [1]
  .bss               zero     0x2000'd460    0x60  usart.o [1]
  .bss               zero     0x2000'd4c0    0x60  usart.o [1]
  .bss               zero     0x2000'd520    0x60  usart.o [1]
  .bss               zero     0x2000'd580    0x60  usart.o [1]
  .bss               zero     0x2000'd5e0    0x60  usart.o [1]
  .bss               zero     0x2000'd640    0x60  usart.o [1]
  .bss               zero     0x2000'd6a0    0x60  usart.o [1]
  .bss               zero     0x2000'd700    0x60  usart.o [1]
  .bss               zero     0x2000'd760    0x58  chassis.o [1]
  .bss               zero     0x2000'd7b8    0x48  adc.o [1]
  .bss               zero     0x2000'd800    0x48  laser.o [1]
  .bss               zero     0x2000'd848    0x48  laser.o [1]
  .bss               zero     0x2000'd890    0x48  laser.o [1]
  .bss               zero     0x2000'd8d8    0x40  chassis_handle.o [1]
  .bss               zero     0x2000'd918    0x40  cmd.o [1]
  .bss               zero     0x2000'd958    0x40  usart.o [1]
  .bss               zero     0x2000'd998    0x40  usart.o [1]
  .bss               zero     0x2000'd9d8    0x40  usart.o [1]
  .bss               zero     0x2000'da18    0x40  usart.o [1]
  .bss               zero     0x2000'da58    0x40  usart.o [1]
  .bss               zero     0x2000'da98    0x40  usart.o [1]
  .bss               zero     0x2000'dad8    0x30  cmd.o [1]
  .bss               zero     0x2000'db08    0x28  can.o [1]
  .bss               zero     0x2000'db30    0x28  can_utils.o [1]
  .bss               zero     0x2000'db58    0x28  main.o [1]
  .bss               zero     0x2000'db80    0x24  main.o [1]
  .bss               zero     0x2000'dba4    0x20  chassis.o [1]
  .bss               zero     0x2000'dbc4    0x1c  can_utils.o [1]
  .bss               zero     0x2000'dbe0    0x18  can_utils.o [1]
  .bss               zero     0x2000'dbf8    0x18  cmd.o [1]
  .bss               zero     0x2000'dc10    0x18  motor_driver.o [1]
  .bss               zero     0x2000'dc28    0x18  dlmalloc.o [2]
  .bss               zero     0x2000'dc40    0x10  configure.o [1]
  .bss               zero     0x2000'dc50    0x10  configure.o [1]
  .bss               zero     0x2000'dc60     0x8  can_utils.o [1]
  .bss               zero     0x2000'dc68     0x8  can_utils.o [1]
  .bss               zero     0x2000'dc70     0x8  chassis.o [1]
  .bss               zero     0x2000'dc78     0x8  chassis.o [1]
  .bss               zero     0x2000'dc80     0x8  chassis.o [1]
  .bss               zero     0x2000'dc88     0x8  chassis.o [1]
  .bss               zero     0x2000'dc90     0x8  chassis.o [1]
  .bss               zero     0x2000'dc98     0x8  main.o [1]
  .bss               zero     0x2000'dca0     0x8  touchdown.o [1]
  .bss               zero     0x2000'dca8     0x4  can_utils.o [1]
  .bss               zero     0x2000'dcac     0x4  can_utils.o [1]
  .bss               zero     0x2000'dcb0     0x4  can_utils.o [1]
  .bss               zero     0x2000'dcb4     0x4  can_utils.o [1]
  .bss               zero     0x2000'dcb8     0x4  chassis.o [1]
  .bss               zero     0x2000'dcbc     0x4  chassis.o [1]
  .bss               zero     0x2000'dcc0     0x4  chassis.o [1]
  .bss               zero     0x2000'dcc4     0x4  chassis.o [1]
  .bss               zero     0x2000'dcc8     0x4  chassis.o [1]
  .bss               zero     0x2000'dccc     0x4  cmd.o [1]
  .bss               zero     0x2000'dcd0     0x4  cmd.o [1]
  .bss               zero     0x2000'dcd4     0x4  cmd.o [1]
  .bss               zero     0x2000'dcd8     0x4  flags.o [1]
  .bss               zero     0x2000'dcdc     0x4  flags.o [1]
  .bss               zero     0x2000'dce0     0x4  kickball.o [1]
  .bss               zero     0x2000'dce4     0x4  kickball.o [1]
  .bss               zero     0x2000'dce8     0x4  kickball.o [1]
  .bss               zero     0x2000'dcec     0x4  kickball.o [1]
  .bss               zero     0x2000'dcf0     0x4  kickball.o [1]
  .bss               zero     0x2000'dcf4     0x4  kickball.o [1]
  .bss               zero     0x2000'dcf8     0x4  lcd.o [1]
  .bss               zero     0x2000'dcfc     0x4  lcd.o [1]
  .bss               zero     0x2000'dd00     0x4  main.o [1]
  .bss               zero     0x2000'dd04     0x4  main.o [1]
  .bss               zero     0x2000'dd08     0x4  motor_driver.o [1]
  .bss               zero     0x2000'dd0c     0x4  motor_driver.o [1]
  .bss               zero     0x2000'dd10     0x4  sensor_gpio.o [1]
  .bss               zero     0x2000'dd14     0x4  sensor_gpio.o [1]
  .bss               zero     0x2000'dd18     0x4  sensor_gpio.o [1]
  .bss               zero     0x2000'dd1c     0x4  stm32f4xx_hal.o [1]
  .bss               zero     0x2000'dd20     0x4  touchdown.o [1]
  .bss               zero     0x2000'dd24     0x4  touchdown.o [1]
  .bss               zero     0x2000'dd28     0x4  touchdown.o [1]
  .bss               zero     0x2000'dd2c     0x4  touchdown.o [1]
  .bss               zero     0x2000'dd30     0x4  strtok.o [2]
  .bss               zero     0x2000'dd34     0x4  xfail_s.o [2]
  .bss               zero     0x2000'dd38     0x4  xgetmemchunk.o [2]
  .bss               zero     0x2000'dd3c     0x1  kickball.o [1]
  .bss               zero     0x2000'dd3d     0x1  touchdown.o [1]
                            - 0x2000'dd3e  0x7c76

"P2", part 3 of 3:                         0x2200
  CSTACK                      0x2000'dd40  0x1200  <Block>
    CSTACK           uninit   0x2000'dd40  0x1200  <Block tail>
  HEAP                        0x2000'ef40  0x1000  <Block>
    HEAP             uninit   0x2000'ef40  0x1000  <Block tail>
                            - 0x2000'ff40  0x2200

Unused ranges:

         From           To      Size
         ----           --      ----
   0x800'e2dd   0x80f'ffff  0xf'1d23
  0x2000'60c5  0x2000'60c7       0x3
  0x2000'ff40  0x2001'ffff  0x1'00c0


*******************************************************************************
*** INIT TABLE
***

          Address      Size
          -------      ----
Zero (__iar_zero_init3)
    1 destination range, total size 0x7c76:
          0x2000'60c8  0x7c76

Copy/lz77 (__iar_lz77_init_single3)
    1 source range, total size 0x23ab (36% of destination):
           0x800'bf32  0x23ab
    1 destination range, total size 0x60c5:
          0x2000'0000  0x60c5



*******************************************************************************
*** MODULE SUMMARY
***

    Module                  ro code  ro data  rw data
    ------                  -------  -------  -------
command line/config:
    -------------------------------------------------
    Total:

E:\Robocon_Value\Chassis_TR\EWARM\Chassis\Obj: [1]
    adc.o                       352               168
    can.o                       212                40
    can_func.o                   60       12
    can_utils.o                 586       36      136
    chassis.o                 3 224       73      248
    chassis_handle.o            984       88       64
    cmd.o                     1 076       69      656
    cmd_func.o                2 524    1 640
    configure.o                  48                32
    dma.o                       200
    flags.o                                         8
    gpio.o                      360
    hash.o                      548      100
    karman.o                     90       54      144
    kickball.o                  684       48       69
    laser.o                     680      104      336
    lcd.o                       468       44      408
    main.o                      626       20       92
    motor_driver.o              168                32
    point.o                            8 846   52 000
    point_parser.o              156      136      336
    robomaster.o                106
    sensor_gpio.o               224      125       16
    simplelib.o                  92       24
    startup_stm32f407xx.o       676
    stm32f4xx_hal.o             164        3        9
    stm32f4xx_hal_adc.o       1 396
    stm32f4xx_hal_can.o       2 034
    stm32f4xx_hal_cortex.o      344
    stm32f4xx_hal_dma.o       1 360        8
    stm32f4xx_hal_gpio.o        668
    stm32f4xx_hal_msp.o          64
    stm32f4xx_hal_rcc.o       1 444
    stm32f4xx_hal_uart.o      2 626
    stm32f4xx_it.o              292
    system_stm32f4xx.o           96       25        4
    touchdown.o                 324        5       37
    usart.o                   1 660             1 152
    utils.o                     428
    vec.o                       376
    vega.o                      336      176       12
    vesc_can.o                  308
    -------------------------------------------------
    Total:                   28 064   11 636   55 999

dl7M_tlf.a: [2]
    abort.o                       6
    dlmalloc.o                3 968               496
    exit.o                        4
    iar_Stoflt.o                452
    iar_Stopfx.o                290
    iar_Stoulx.o                372
    iar_Stoxflt.o               540
    isalpha.o                    20
    isspace.o                    20
    low_level_init.o              4
    strcspn.o                    34
    strspn.o                     34
    strtok.o                     76                 4
    tolower.o                    20
    vsnprint.o                   60
    xencoding_8859_1.o           30
    xfail_s.o                    64                 4
    xgetmemchunk.o               44                 4
    xlocale_c.o                 180       53      128
    xmbcurmax.o                  10
    xprintffull.o             3 962
    xsnprout.o                   26
    -------------------------------------------------
    Total:                   10 216       53      636

m7M_tls.a: [3]
    DblAdd.o                    378
    DblCmpEq.o                   32
    DblCmpGe.o                   46
    DblCmpLe.o                   46
    DblDiv.o                    582
    DblMul.o                    418
    DblSub.o                    226
    DblToFlt.o                  104
    DblToS32.o                   58
    DblToU32.o                   40
    FltToDbl.o                   72
    S32ToDbl.o                   34
    U32ToDbl.o                   26
    atan2_64.o                  320
    atan2f.o                    106
    cos_sin64.o               1 100
    fpinit_M.o                   34
    frexp.o                     112
    iar_Atan64.o                520
    ldexp.o                     314
    math_wrappers64.o            54
    sqrt.o                      258
    sqrtf.o                      30
    strto64.o                 1 408
    xatanf.o                    164
    -------------------------------------------------
    Total:                    6 482

rt7M_tl.a: [4]
    ABImemclr4.o                  6
    ABImemcpy.o                 166
    ABImemset.o                 102
    ABImemset48.o                50
    I64DivMod.o                 560
    I64DivZer.o                   2
    cexit.o                      10
    cmain.o                      30
    cstartup_M.o                 12
    data_init.o                  40
    lz77_init_single.o          122
    memchr.o                     88
    strchr.o                     22
    strcmp.o                     74
    strcpy.o                     76
    strlen.o                     54
    zero_init3.o                 58
    -------------------------------------------------
    Total:                    1 472

shb_l.a: [5]
    ABIassert.o                  36
    exit.o                       20
    -------------------------------------------------
    Total:                       56

    Gaps                         58        8
    Linker created                        32    8 704
-----------------------------------------------------
    Grand Total:             46 348   11 729   65 339


*******************************************************************************
*** ENTRY LIST
***

Entry                       Address   Size  Type      Object
-----                       -------   ----  ----      ------
.iar.init_table$$Base    0x800'b538          --   Gb  - Linker created -
.iar.init_table$$Limit   0x800'b558          --   Gb  - Linker created -
?main                    0x800'b739         Code  Gb  cmain.o [4]
ADC_DMAConvCplt          0x800'a185   0x7a  Code  Lc  stm32f4xx_hal_adc.o [1]
ADC_DMAError             0x800'a211   0x1a  Code  Lc  stm32f4xx_hal_adc.o [1]
ADC_DMAHalfConvCplt      0x800'a201    0xe  Code  Lc  stm32f4xx_hal_adc.o [1]
ADC_Init                 0x800'a003  0x15a  Code  Lc  stm32f4xx_hal_adc.o [1]
AHBPrescTable            0x800'bd20   0x10  Data  Gb  system_stm32f4xx.o [1]
APBPrescTable            0x800'be08    0x8  Data  Gb  system_stm32f4xx.o [1]
Angle_Between_Points     0x800'3cd1   0x7a  Code  Gb  utils.o [1]
Angle_Limit_PI           0x800'3c5d   0x54  Code  Gb  utils.o [1]
Angle_Subtract           0x800'3cb1   0x20  Code  Gb  utils.o [1]
Arrive_distance         0x2000'004c    0x4  Data  Gb  chassis.o [1]
BusFault_Handler         0x800'b1ff    0x2  Code  Gb  stm32f4xx_it.o [1]
CAN1_RX0_IRQHandler      0x800'b247    0xa  Code  Gb  stm32f4xx_it.o [1]
CAN_config               0x800'3eb3   0x52  Code  Lc  can_utils.o [1]
CMD_USART               0x2000'd918   0x40  Data  Gb  cmd.o [1]
CSTACK$$Base            0x2000'dd40          --   Gb  - Linker created -
CSTACK$$Limit           0x2000'ef40          --   Gb  - Linker created -
CacheMore                0x800'21bd   0x24  Code  Lc  xlocale_c.o [2]
DMA1_Stream0_IRQHandler
                         0x800'b215    0xa  Code  Gb  stm32f4xx_it.o [1]
DMA1_Stream1_IRQHandler
                         0x800'b21f    0xa  Code  Gb  stm32f4xx_it.o [1]
DMA1_Stream3_IRQHandler
                         0x800'b229    0xa  Code  Gb  stm32f4xx_it.o [1]
DMA1_Stream5_IRQHandler
                         0x800'b233    0xa  Code  Gb  stm32f4xx_it.o [1]
DMA1_Stream6_IRQHandler
                         0x800'b23d    0xa  Code  Gb  stm32f4xx_it.o [1]
DMA1_Stream7_IRQHandler
                         0x800'b29f    0xa  Code  Gb  stm32f4xx_it.o [1]
DMA2_Stream0_IRQHandler
                         0x800'b2c1    0xa  Code  Gb  stm32f4xx_it.o [1]
DMA2_Stream2_IRQHandler
                         0x800'b2cb    0xa  Code  Gb  stm32f4xx_it.o [1]
DMA2_Stream7_IRQHandler
                         0x800'b2d5    0xa  Code  Gb  stm32f4xx_it.o [1]
DMAUSART_RX_BUF         0x2000'd2d4   0x64  Data  Gb  cmd.o [1]
DMAUSART_RX_BUF_vega    0x2000'd338   0x64  Data  Gb  cmd.o [1]
DMA_CalcBaseAndBitshift
                         0x800'99ad   0x30  Code  Lc  stm32f4xx_hal_dma.o [1]
DMA_CalcBaseAndBitshift::flagBitshiftOffset
                         0x800'be00    0x8  Data  Lc  stm32f4xx_hal_dma.o [1]
DMA_CheckFifoParam       0x800'99ed   0x9c  Code  Lc  stm32f4xx_hal_dma.o [1]
DMA_RxOK_Flag           0x2000'dcdc    0x4  Data  Gb  flags.o [1]
DMA_RxOK_Flag_vega      0x2000'dcd4    0x4  Data  Gb  cmd.o [1]
DMA_SetConfig            0x800'997f   0x2e  Code  Lc  stm32f4xx_hal_dma.o [1]
DMAaRxBuffer            0x2000'd270   0x64  Data  Gb  cmd.o [1]
DMAaRxBuffer_vega       0x2000'd39c   0x64  Data  Gb  cmd.o [1]
DebugMon_Handler         0x800'b205    0x2  Code  Gb  stm32f4xx_it.o [1]
Dtentox                  0x800'590d  0x192  Code  Lc  strto64.o [3]
Error_Handler            0x800'5765    0x2  Code  Gb  main.o [1]
HAL_ADC_ConfigChannel    0x800'9e87  0x17c  Code  Gb  stm32f4xx_hal_adc.o [1]
HAL_ADC_Init             0x800'9cbd   0x66  Code  Gb  stm32f4xx_hal_adc.o [1]
HAL_ADC_MspInit          0x800'73fb   0xa2  Code  Gb  adc.o [1]
HAL_ADC_Start_DMA        0x800'9d23  0x164  Code  Gb  stm32f4xx_hal_adc.o [1]
HAL_CAN_ActivateNotification
                         0x800'529d   0x34  Code  Gb  stm32f4xx_hal_can.o [1]
HAL_CAN_AddTxMessage     0x800'500d  0x138  Code  Gb  stm32f4xx_hal_can.o [1]
HAL_CAN_ConfigFilter     0x800'4e85  0x128  Code  Gb  stm32f4xx_hal_can.o [1]
HAL_CAN_GetRxMessage     0x800'5145  0x158  Code  Gb  stm32f4xx_hal_can.o [1]
HAL_CAN_IRQHandler       0x800'52d1  0x224  Code  Gb  stm32f4xx_hal_can.o [1]
HAL_CAN_Init             0x800'4d19  0x16c  Code  Gb  stm32f4xx_hal_can.o [1]
HAL_CAN_MspInit          0x800'7047   0x78  Code  Gb  can.o [1]
HAL_CAN_RxFifo0FullCallback
                         0x800'3eb1    0x2  Code  Gb  can_utils.o [1]
HAL_CAN_RxFifo0MsgPendingCallback
                         0x800'3e0f   0x3a  Code  Gb  can_utils.o [1]
HAL_CAN_Start            0x800'4fad   0x5c  Code  Gb  stm32f4xx_hal_can.o [1]
HAL_DMA_Abort            0x800'96b3   0x9c  Code  Gb  stm32f4xx_hal_dma.o [1]
HAL_DMA_Abort_IT         0x800'974f   0x28  Code  Gb  stm32f4xx_hal_dma.o [1]
HAL_DMA_IRQHandler       0x800'9777  0x208  Code  Gb  stm32f4xx_hal_dma.o [1]
HAL_DMA_Init             0x800'9539   0xe2  Code  Gb  stm32f4xx_hal_dma.o [1]
HAL_DMA_Start_IT         0x800'961b   0x98  Code  Gb  stm32f4xx_hal_dma.o [1]
HAL_GPIO_Init            0x800'8b65  0x210  Code  Gb  stm32f4xx_hal_gpio.o [1]
HAL_GPIO_ReadPin         0x800'8d75   0x16  Code  Gb  stm32f4xx_hal_gpio.o [1]
HAL_GPIO_TogglePin       0x800'8da5   0x22  Code  Gb  stm32f4xx_hal_gpio.o [1]
HAL_GPIO_WritePin        0x800'8d8b   0x1a  Code  Gb  stm32f4xx_hal_gpio.o [1]
HAL_GetTick              0x800'70d5    0xc  Code  Wk  stm32f4xx_hal.o [1]
HAL_IncTick              0x800'b31d   0x18  Code  Wk  stm32f4xx_hal.o [1]
HAL_Init                 0x800'70f9   0x30  Code  Gb  stm32f4xx_hal.o [1]
HAL_InitTick             0x800'9c31   0x4c  Code  Wk  stm32f4xx_hal.o [1]
HAL_MspInit              0x800'9c7d   0x40  Code  Gb  stm32f4xx_hal_msp.o [1]
HAL_NVIC_EnableIRQ       0x800'9bf7    0xe  Code  Gb  stm32f4xx_hal_cortex.o [1]
HAL_NVIC_SetPriority     0x800'9bcd   0x2a  Code  Gb  stm32f4xx_hal_cortex.o [1]
HAL_NVIC_SetPriorityGrouping
                         0x800'9bc1    0xc  Code  Gb  stm32f4xx_hal_cortex.o [1]
HAL_RCC_ClockConfig      0x800'8941  0x13e  Code  Gb  stm32f4xx_hal_rcc.o [1]
HAL_RCC_GetHCLKFreq      0x800'8a7f    0x6  Code  Gb  stm32f4xx_hal_rcc.o [1]
HAL_RCC_GetPCLK1Freq     0x800'8a85   0x16  Code  Gb  stm32f4xx_hal_rcc.o [1]
HAL_RCC_GetPCLK2Freq     0x800'8a9b   0x16  Code  Gb  stm32f4xx_hal_rcc.o [1]
HAL_RCC_OscConfig        0x800'85c1  0x380  Code  Wk  stm32f4xx_hal_rcc.o [1]
HAL_SYSTICK_Config       0x800'9c05    0xc  Code  Gb  stm32f4xx_hal_cortex.o [1]
HAL_UART_DMAStop         0x800'661b   0x72  Code  Gb  stm32f4xx_hal_uart.o [1]
HAL_UART_IDLECallback    0x800'42f9   0xf6  Code  Gb  cmd.o [1]
HAL_UART_IRQHandler      0x800'668d  0x14a  Code  Gb  stm32f4xx_hal_uart.o [1]
HAL_UART_Init            0x800'6379   0x76  Code  Gb  stm32f4xx_hal_uart.o [1]
HAL_UART_MspInit         0x800'760d  0x4a0  Code  Gb  usart.o [1]
HAL_UART_Receive_DMA     0x800'6565   0xb6  Code  Gb  stm32f4xx_hal_uart.o [1]
HAL_UART_Transmit        0x800'63ef   0xe0  Code  Gb  stm32f4xx_hal_uart.o [1]
HAL_UART_Transmit_DMA    0x800'64cf   0x96  Code  Gb  stm32f4xx_hal_uart.o [1]
HCAN                    0x2000'db30   0x28  Data  Gb  can_utils.o [1]
HEAP$$Base              0x2000'ef40          --   Gb  - Linker created -
HEAP$$Limit             0x2000'ff40          --   Gb  - Linker created -
HardFault_Handler        0x800'b1fb    0x2  Code  Gb  stm32f4xx_it.o [1]
HashTable_create         0x800'4af3   0x5c  Code  Gb  hash.o [1]
HashTable_get            0x800'4be9   0x60  Code  Gb  hash.o [1]
HashTable_insert         0x800'4b4f   0x9a  Code  Gb  hash.o [1]
HashTable_map            0x800'4c49   0x74  Code  Gb  hash.o [1]
KalMan                   0x800'ada7   0x5a  Code  Gb  karman.o [1]
LoadInt                  0x800'138b   0x7a  Code  Lc  xprintffull.o [2]
MX_ADC1_Init             0x800'735d   0x9e  Code  Gb  adc.o [1]
MX_CAN1_Init             0x800'7001   0x46  Code  Gb  can.o [1]
MX_DMA_Init              0x800'7295   0xc8  Code  Gb  dma.o [1]
MX_GPIO_Init             0x800'712d  0x168  Code  Gb  gpio.o [1]
MX_UART4_Init            0x800'74bd   0x38  Code  Gb  usart.o [1]
MX_UART5_Init            0x800'74f5   0x38  Code  Gb  usart.o [1]
MX_USART1_UART_Init      0x800'752d   0x38  Code  Gb  usart.o [1]
MX_USART2_UART_Init      0x800'7565   0x38  Code  Gb  usart.o [1]
MX_USART3_UART_Init      0x800'759d   0x38  Code  Gb  usart.o [1]
MX_USART6_UART_Init      0x800'75d5   0x38  Code  Gb  usart.o [1]
MemManage_Handler        0x800'b1fd    0x2  Code  Gb  stm32f4xx_it.o [1]
NMI_Handler              0x800'b1f9    0x2  Code  Gb  stm32f4xx_it.o [1]
NVIC_EncodePriority      0x800'9b51   0x40  Code  Lc  stm32f4xx_hal_cortex.o [1]
PID_Release              0x800'3bc9   0x94  Code  Gb  utils.o [1]
PendSV_Handler           0x800'b207    0x2  Code  Gb  stm32f4xx_it.o [1]
Region$$Table$$Base      0x800'b538          --   Gb  - Linker created -
Region$$Table$$Limit     0x800'b558          --   Gb  - Linker created -
RxHeader                0x2000'dbc4   0x1c  Data  Gb  can_utils.o [1]
SVC_Handler              0x800'b203    0x2  Code  Gb  stm32f4xx_it.o [1]
SysTick_Config           0x800'9b91   0x30  Code  Lc  stm32f4xx_hal_cortex.o [1]
SysTick_Handler          0x800'b209    0xc  Code  Gb  stm32f4xx_it.o [1]
SystemClock_Config       0x800'55bd   0xa2  Code  Gb  main.o [1]
SystemCoreClock         0x2000'6028    0x4  Data  Gb  system_stm32f4xx.o [1]
SystemInit               0x800'b335   0x40  Code  Gb  system_stm32f4xx.o [1]
TxHeader                0x2000'dbe0   0x18  Data  Gb  can_utils.o [1]
TxMailbox               0x2000'dcac    0x4  Data  Gb  can_utils.o [1]
UART5_IRQHandler         0x800'b2a9   0x18  Code  Gb  stm32f4xx_it.o [1]
UART_DMAAbortOnError     0x800'696d   0x16  Code  Lc  stm32f4xx_hal_uart.o [1]
UART_DMAError            0x800'6871   0x58  Code  Lc  stm32f4xx_hal_uart.o [1]
UART_DMAReceiveCplt      0x800'681d   0x44  Code  Lc  stm32f4xx_hal_uart.o [1]
UART_DMARxHalfCplt       0x800'6861    0xe  Code  Lc  stm32f4xx_hal_uart.o [1]
UART_DMATransmitCplt     0x800'67d9   0x34  Code  Lc  stm32f4xx_hal_uart.o [1]
UART_DMATxHalfCplt       0x800'680d    0xe  Code  Lc  stm32f4xx_hal_uart.o [1]
UART_EndRxTransfer       0x800'694b   0x20  Code  Lc  stm32f4xx_hal_uart.o [1]
UART_EndTransmit_IT      0x800'69f3   0x20  Code  Lc  stm32f4xx_hal_uart.o [1]
UART_EndTxTransfer       0x800'6937   0x14  Code  Lc  stm32f4xx_hal_uart.o [1]
UART_Receive_IT          0x800'6a13   0xae  Code  Lc  stm32f4xx_hal_uart.o [1]
UART_SetConfig           0x800'6ac1  0x2e2  Code  Lc  stm32f4xx_hal_uart.o [1]
UART_Transmit_IT         0x800'6985   0x6e  Code  Lc  stm32f4xx_hal_uart.o [1]
UART_WaitOnFlagUntilTimeout
                         0x800'68c9   0x6e  Code  Lc  stm32f4xx_hal_uart.o [1]
USART1_IRQHandler        0x800'b251   0x1a  Code  Gb  stm32f4xx_it.o [1]
USART2_IRQHandler        0x800'b26b   0x1a  Code  Gb  stm32f4xx_it.o [1]
USART3_IRQHandler        0x800'b285   0x1a  Code  Gb  stm32f4xx_it.o [1]
UsageFault_Handler       0x800'b201    0x2  Code  Gb  stm32f4xx_it.o [1]
_Encoding_8859_1_Mbrlen
                         0x800'2259    0x2  Code  Gb  xencoding_8859_1.o [2]
_Encoding_8859_1_Wctomb
                         0x800'2247   0x12  Code  Gb  xencoding_8859_1.o [2]
_GenldFull               0x800'1e1d  0x274  Code  Lc  xprintffull.o [2]
_LdtobFull               0x800'19f1  0x400  Code  Lc  xprintffull.o [2]
_LitobFull               0x800'1899  0x112  Code  Lc  xprintffull.o [2]
_LocaleC_isalpha         0x800'2183    0xc  Code  Gb  xlocale_c.o [2]
_LocaleC_islower         0x800'217d    0x4  Code  Gb  xlocale_c.o [2]
_LocaleC_isspace         0x800'2199   0x14  Code  Gb  xlocale_c.o [2]
_LocaleC_isupper         0x800'2181    0x2  Code  Gb  xlocale_c.o [2]
_LocaleC_tolower         0x800'21ad    0xc  Code  Gb  xlocale_c.o [2]
_Locale_lconv           0x2000'6044   0x38  Data  Lc  xlocale_c.o [2]
_PrintfFull              0x800'11c9  0x1aa  Code  Gb  xprintffull.o [2]
_PutcharsFull            0x800'2091   0x2e  Code  Lc  xprintffull.o [2]
_PutfldFull              0x800'1405  0x2d8  Code  Lc  xprintffull.o [2]
_PutstrFull              0x800'17d3   0xc6  Code  Lc  xprintffull.o [2]
_PuttxtFull              0x800'16dd   0xf6  Code  Lc  xprintffull.o [2]
_SNProut                 0x800'22db   0x1a  Code  Gb  xsnprout.o [2]
_Strtok_ssave           0x2000'dd30    0x4  Data  Lc  strtok.o [2]
__NVIC_EnableIRQ         0x800'9b07   0x1e  Code  Lc  stm32f4xx_hal_cortex.o [1]
__NVIC_GetPriorityGrouping
                         0x800'9afb    0xc  Code  Lc  stm32f4xx_hal_cortex.o [1]
__NVIC_SetPriority       0x800'9b25   0x2c  Code  Lc  stm32f4xx_hal_cortex.o [1]
__NVIC_SetPriorityGrouping
                         0x800'9ad9   0x22  Code  Lc  stm32f4xx_hal_cortex.o [1]
__aeabi_assert           0x800'6fdd   0x24  Code  Gb  ABIassert.o [5]
__aeabi_cdcmpeq          0x800'ae5d         Code  Gb  DblCmpEq.o [3]
__aeabi_cdcmple          0x800'2845         Code  Gb  DblCmpLe.o [3]
__aeabi_cdrcmple         0x800'2875         Code  Gb  DblCmpGe.o [3]
__aeabi_d2f              0x800'4061         Code  Gb  DblToFlt.o [3]
__aeabi_d2iz             0x800'29e1         Code  Gb  DblToS32.o [3]
__aeabi_d2uiz            0x800'2d6d         Code  Gb  DblToU32.o [3]
__aeabi_dadd             0x800'2db5         Code  Gb  DblAdd.o [3]
__aeabi_ddiv             0x800'2b25         Code  Gb  DblDiv.o [3]
__aeabi_dmul             0x800'2631         Code  Gb  DblMul.o [3]
__aeabi_dsub             0x800'2a41         Code  Gb  DblSub.o [3]
__aeabi_f2d              0x800'3fe1         Code  Gb  FltToDbl.o [3]
__aeabi_i2d              0x800'2a1d         Code  Gb  S32ToDbl.o [3]
__aeabi_ldiv0            0x800'2db1         Code  Gb  I64DivZer.o [4]
__aeabi_memclr4          0x800'85b9         Code  Gb  ABImemclr4.o [4]
__aeabi_memcpy           0x800'2359         Code  Gb  ABImemcpy.o [4]
__aeabi_memcpy4          0x800'2379         Code  Gb  ABImemcpy.o [4]
__aeabi_memcpy8          0x800'2379         Code  Gb  ABImemcpy.o [4]
__aeabi_memset           0x800'6db1         Code  Gb  ABImemset.o [4]
__aeabi_ui2d             0x800'2d95         Code  Gb  U32ToDbl.o [3]
__aeabi_uldivmod         0x800'2401         Code  Gb  I64DivMod.o [4]
__cmain                  0x800'b739         Code  Gb  cmain.o [4]
__data_GetMemChunk       0x800'1189   0x2c  Code  Gb  xgetmemchunk.o [2]
__data_GetMemChunk::start
                        0x2000'dd38    0x4  Data  Lc  xgetmemchunk.o [2]
__exit                   0x800'11b5   0x14  Code  Gb  exit.o [5]
__iar_Atan64             0x800'9331  0x170  Code  Gb  iar_Atan64.o [3]
__iar_Fail_s             0x800'2265   0x1c  Code  Gb  xfail_s.o [2]
__iar_Mbcurmax           0x800'234d    0xa  Code  Gb  xmbcurmax.o [2]
__iar_Memchr             0x800'22f5         Code  Gb  memchr.o [4]
__iar_Memset             0x800'6db1         Code  Gb  ABImemset.o [4]
__iar_Memset4_word       0x800'ae01         Code  Gb  ABImemset48.o [4]
__iar_Memset8_word       0x800'ae01         Code  Gb  ABImemset48.o [4]
__iar_Memset_word        0x800'6db9         Code  Gb  ABImemset.o [4]
__iar_Sin64              0x800'5e29  0x3b2  Code  Lc  cos_sin64.o [3]
__iar_Sto64              0x800'5ab1  0x19e  Code  Gb  strto64.o [3]
__iar_Stoflt             0x800'8f25  0x1c4  Code  Gb  iar_Stoflt.o [2]
__iar_Stopfx             0x800'8e01  0x122  Code  Gb  iar_Stopfx.o [2]
__iar_Stoulx             0x800'b071  0x112  Code  Gb  iar_Stoulx.o [2]
__iar_Stoxflt            0x800'90e9  0x1e6  Code  Gb  iar_Stoxflt.o [2]
__iar_Stoxflt::digits    0x800'92d4   0x18  Data  Lc  iar_Stoxflt.o [2]
__iar_Stoxflt::vals      0x800'92ec   0x18  Data  Lc  iar_Stoxflt.o [2]
__iar_Strchr             0x800'2231         Code  Gb  strchr.o [4]
__iar_atan2_32           0x800'4a4d         Code  Gb  atan2f.o [3]
__iar_atan2_64           0x800'5ce9  0x140  Code  Gb  atan2_64.o [3]
__iar_cos64              0x800'626d    0x4  Code  Gb  cos_sin64.o [3]
__iar_cos_medium         0x800'626d    0x4  Code  Gb  cos_sin64.o [3]
__iar_cos_medium64       0x800'626d    0x4  Code  Gb  cos_sin64.o [3]
__iar_cos_mediuml        0x800'626d    0x4  Code  Gb  cos_sin64.o [3]
__iar_dadd               0x800'2a51         Code  Gb  DblSub.o [3]
__iar_data_init3         0x800'b415   0x28  Code  Gb  data_init.o [4]
__iar_dlmalloc           0x800'0e4d  0x2b6  Code  Gb  dlmalloc.o [2]
__iar_dsub               0x800'2dc5         Code  Gb  DblAdd.o [3]
__iar_dsubStart          0x800'2dd7         Code  Gb  DblAdd.o [3]
__iar_frexp              0x800'27e1         Code  Gb  frexp.o [3]
__iar_frexpl             0x800'27e1         Code  Gb  frexp.o [3]
__iar_globLocale        0x2000'607c   0x48  Data  Lc  xlocale_c.o [2]
__iar_global_Locale      0x800'21b9    0x4  Code  Gb  xlocale_c.o [2]
__iar_init_vfp           0x800'b515         Code  Gb  fpinit_M.o [3]
__iar_ldexp64            0x800'28a5         Code  Gb  ldexp.o [3]
__iar_lz77_init_single3
                         0x800'110f   0x7a  Code  Gb  lz77_init_single.o [4]
__iar_program_start      0x800'bda1         Code  Gb  cstartup_M.o [4]
__iar_scalbln64          0x800'28a5         Code  Gb  ldexp.o [3]
__iar_scalbn64           0x800'28a5         Code  Gb  ldexp.o [3]
__iar_sin64              0x800'6271    0x4  Code  Gb  cos_sin64.o [3]
__iar_sin_medium         0x800'6271    0x4  Code  Gb  cos_sin64.o [3]
__iar_sin_medium64       0x800'6271    0x4  Code  Gb  cos_sin64.o [3]
__iar_sin_mediuml        0x800'6271    0x4  Code  Gb  cos_sin64.o [3]
__iar_softfp___iar_frexp64
                         0x800'27d5         Code  Gb  frexp.o [3]
__iar_softfp_frexp       0x800'27d5         Code  Gb  frexp.o [3]
__iar_softfp_frexpl      0x800'27d5         Code  Gb  frexp.o [3]
__iar_sqrt32             0x800'3d75         Code  Gb  sqrtf.o [3]
__iar_sqrt64             0x800'6285         Code  Gb  sqrt.o [3]
__iar_vfp___iar_sqrt64   0x800'6275         Code  Gb  sqrt.o [3]
__iar_vfp_atan2          0x800'4037   0x10  Code  Gb  math_wrappers64.o [3]
__iar_vfp_atof           0x800'402f    0x8  Code  Gb  math_wrappers64.o [3]
__iar_vfp_cos            0x800'4047    0xc  Code  Gb  math_wrappers64.o [3]
__iar_vfp_sin            0x800'4053    0xc  Code  Gb  math_wrappers64.o [3]
__iar_vfp_sqrt           0x800'6275         Code  Gb  sqrt.o [3]
__iar_vfp_sqrtl          0x800'6275         Code  Gb  sqrt.o [3]
__iar_xatanf             0x800'6f39         Code  Gb  xatanf.o [3]
__iar_zero_init3         0x800'2143   0x3a  Code  Gb  zero_init3.o [4]
__low_level_init         0x800'b757    0x4  Code  Gb  low_level_init.o [2]
__vector_table           0x800'0000         Data  Gb  startup_stm32f407xx.o [1]
_call_main               0x800'b745         Code  Gb  cmain.o [4]
_cmd_help                0x800'455d   0x18  Code  Lc  cmd.o [1]
_exit                    0x800'b761         Code  Gb  cexit.o [4]
_gLocale_mblen           0x800'221d    0x4  Code  Gb  xlocale_c.o [2]
_gLocale_mblenInt        0x800'21e1   0x2c  Code  Gb  xlocale_c.o [2]
_gLocale_wctomb          0x800'2221    0x4  Code  Gb  xlocale_c.o [2]
_gLocale_wctombInt       0x800'2219    0x4  Code  Gb  xlocale_c.o [2]
_gm_                    0x2000'ce28  0x1d8  Data  Lc  dlmalloc.o [2]
_main                    0x800'b753         Code  Gb  cmain.o [4]
a                        0x800'94f8   0x40  Data  Lc  iar_Atan64.o [3]
abort                    0x800'1109    0x6  Code  Gb  abort.o [2]
add_segment              0x800'0551  0x1f2  Code  Lc  dlmalloc.o [2]
angle_pid               0x2000'002c   0x20  Data  Gb  chassis.o [1]
atan2                    0x800'5ce9  0x140  Code  Gb  atan2_64.o [3]
atan2f                   0x800'4a4d         Code  Gb  atan2f.o [3]
atan2l                   0x800'5ce9  0x140  Code  Gb  atan2_64.o [3]
atof                     0x800'5c95    0x8  Code  Gb  strto64.o [3]
atoi                     0x800'b189    0x2  Code  Gb  iar_Stoulx.o [2]
buffer_append_int32      0x800'ac09   0x32  Code  Gb  vesc_can.o [1]
buffer_count            0x2000'dcd0    0x4  Data  Gb  cmd.o [1]
can_callback_add         0x800'3dc9   0x1e  Code  Gb  can_utils.o [1]
can_callback_table      0x2000'dcb4    0x4  Data  Lc  can_utils.o [1]
can_exc_callback         0x800'3de7   0x28  Code  Gb  can_utils.o [1]
can_exc_callback_flag   0x2000'dcd8    0x4  Data  Gb  flags.o [1]
can_ext_send_msg         0x800'3e8d   0x24  Code  Gb  can_utils.o [1]
can_func_init            0x800'4cdd   0x22  Code  Gb  can_func.o [1]
can_id_init              0x800'7b95   0x30  Code  Gb  configure.o [1]
can_init                 0x800'3d95   0x34  Code  Gb  can_utils.o [1]
can_rx_callback_flag    0x2000'dca8    0x4  Data  Gb  can_utils.o [1]
can_rx_data             0x2000'dc60    0x8  Data  Gb  can_utils.o [1]
can_send_msg             0x800'3e49   0x44  Code  Gb  can_utils.o [1]
can_std_mask_filter_conf
                         0x800'3f3d   0x8a  Code  Gb  can_utils.o [1]
can_suc_rx               0x800'4d01    0xc  Code  Gb  can_func.o [1]
chassis                 0x2000'd760   0x58  Data  Gb  chassis.o [1]
chassis_calculate_linespeed
                         0x800'2fe5   0x6a  Code  Gb  chassis.o [1]
chassis_calculate_traceangle
                         0x800'2fb9   0x2c  Code  Gb  chassis.o [1]
chassis_canset_motorspeed
                         0x800'304f   0x44  Code  Gb  chassis.o [1]
chassis_exe              0x800'39fb   0x2e  Code  Gb  chassis.o [1]
chassis_finish_onetrace
                         0x800'38ed   0x22  Code  Gb  chassis.o [1]
chassis_getball_back     0x800'3ac5   0x6e  Code  Gb  chassis.o [1]
chassis_getball_back::arrive_point
                        0x2000'dcc8    0x4  Data  Lc  chassis.o [1]
chassis_goto_point       0x800'3819   0xd2  Code  Gb  chassis.o [1]
chassis_handle          0x2000'd8d8   0x40  Data  Gb  chassis_handle.o [1]
chassis_init             0x800'2fa5   0x14  Code  Gb  chassis.o [1]
chassis_init_pos         0x800'2f5d   0x46  Code  Gb  chassis.o [1]
chassis_init_status      0x800'2f31   0x2c  Code  Gb  chassis.o [1]
chassis_move             0x800'3095  0x1b4  Code  Gb  chassis.o [1]
chassis_move_trace       0x800'33bd  0x2fe  Code  Gb  chassis.o [1]
chassis_move_trace::distance_vec
                        0x2000'dc90    0x8  Data  Lc  chassis.o [1]
chassis_move_trace::now_speed_vec
                        0x2000'dc80    0x8  Data  Lc  chassis.o [1]
chassis_move_trace::target_speed_vec
                        0x2000'dc88    0x8  Data  Lc  chassis.o [1]
chassis_move_traces      0x800'36bd  0x15a  Code  Gb  chassis.o [1]
chassis_move_vector      0x800'3251  0x150  Code  Gb  chassis.o [1]
chassis_pos_update       0x800'3915   0xe6  Code  Gb  chassis.o [1]
chassis_status          0x2000'dba4   0x20  Data  Gb  chassis.o [1]
chassis_touchdown_back   0x800'3a2d   0x94  Code  Gb  chassis.o [1]
chassis_touchdown_back::arrive_point
                        0x2000'dcc4    0x4  Data  Lc  chassis.o [1]
clock                   0x2000'dc98    0x8  Data  Gb  main.o [1]
clock_exe                0x800'54f5   0x3c  Code  Gb  main.o [1]
cmd_add                  0x800'4481   0x54  Code  Gb  cmd.o [1]
cmd_argv                0x2000'dad8   0x30  Data  Gb  cmd.o [1]
cmd_chassis_move         0x800'a81b   0x78  Code  Gb  cmd_func.o [1]
cmd_chassis_print_pos    0x800'a893   0x2e  Code  Gb  cmd_func.o [1]
cmd_exec                 0x800'4437   0x2c  Code  Gb  cmd.o [1]
cmd_func_init            0x800'a8e5  0x132  Code  Gb  cmd_func.o [1]
cmd_gpio_all             0x800'a559   0x40  Code  Gb  cmd_func.o [1]
cmd_gpio_cylinder        0x800'a509   0x24  Code  Gb  cmd_func.o [1]
cmd_gpio_infrared        0x800'a543   0x16  Code  Gb  cmd_func.o [1]
cmd_gpio_magnet          0x800'a4e5   0x24  Code  Gb  cmd_func.o [1]
cmd_gpio_microswitch     0x800'a52d   0x16  Code  Gb  cmd_func.o [1]
cmd_hello                0x800'a22d   0x10  Code  Gb  cmd_func.o [1]
cmd_help_func            0x800'4465   0x1c  Code  Gb  cmd.o [1]
cmd_init                 0x800'428d   0x2e  Code  Gb  cmd.o [1]
cmd_kickball_auto        0x800'a599   0x78  Code  Gb  cmd_func.o [1]
cmd_kickball_kick        0x800'a6f7   0x18  Code  Gb  cmd_func.o [1]
cmd_kickball_m2006       0x800'a611   0x30  Code  Gb  cmd_func.o [1]
cmd_kickball_prepare     0x800'a6af   0x18  Code  Gb  cmd_func.o [1]
cmd_kickball_pull_magnet
                         0x800'a6c7   0x18  Code  Gb  cmd_func.o [1]
cmd_kickball_stop_magnet
                         0x800'a6df   0x18  Code  Gb  cmd_func.o [1]
cmd_kickball_vesc        0x800'a641   0x6e  Code  Gb  cmd_func.o [1]
cmd_laser_print_diatance
                         0x800'a397    0xc  Code  Gb  cmd_func.o [1]
cmd_laser_print_pos      0x800'a3a3    0xc  Code  Gb  cmd_func.o [1]
cmd_m2006                0x800'a3bb   0x54  Code  Gb  cmd_func.o [1]
cmd_parse                0x800'43ef   0x48  Code  Gb  cmd.o [1]
cmd_point_print_path     0x800'a3af    0xc  Code  Gb  cmd_func.o [1]
cmd_table               0x2000'dccc    0x4  Data  Lc  cmd.o [1]
cmd_touchdown_auto       0x800'a70f   0x50  Code  Gb  cmd_func.o [1]
cmd_touchdown_close      0x800'a7ad   0x4a  Code  Gb  cmd_func.o [1]
cmd_touchdown_open       0x800'a75f   0x4e  Code  Gb  cmd_func.o [1]
cmd_touchdown_try        0x800'a7f7   0x24  Code  Gb  cmd_func.o [1]
cmd_touchdown_try_finish
                         0x800'a8c1   0x24  Code  Gb  cmd_func.o [1]
cmd_vega_calibrate       0x800'a38b    0xc  Code  Gb  cmd_func.o [1]
cmd_vega_correct_pos     0x800'a2cf   0xbc  Code  Gb  cmd_func.o [1]
cmd_vega_print_pos       0x800'a23d    0xc  Code  Gb  cmd_func.o [1]
cmd_vega_reset           0x800'a2c3    0xc  Code  Gb  cmd_func.o [1]
cmd_vega_set_position    0x800'a249   0x7a  Code  Gb  cmd_func.o [1]
cmd_vesc                 0x800'a40f   0xd6  Code  Gb  cmd_func.o [1]
cmpAtom                  0x800'4ab9    0xe  Code  Lc  hash.o [1]
comm_can_set_current     0x800'aca5   0x50  Code  Gb  vesc_can.o [1]
comm_can_set_duty        0x800'ac59   0x4c  Code  Gb  vesc_can.o [1]
comm_can_set_rpm         0x800'acf5   0x3e  Code  Gb  vesc_can.o [1]
comm_can_transmit_eid    0x800'ac3b   0x1e  Code  Gb  vesc_can.o [1]
cos                      0x800'626d    0x4  Code  Gb  cos_sin64.o [3]
cosl                     0x800'626d    0x4  Code  Gb  cos_sin64.o [3]
cylinder_state          0x2000'dd18    0x4  Data  Gb  sensor_gpio.o [1]
ddiv                     0x800'5835   0xc8  Code  Lc  strto64.o [3]
delim                   0x2000'0050    0x4  Data  Lc  cmd.o [1]
digits                   0x800'b194   0x28  Data  Lc  iar_Stoulx.o [2]
dmul                     0x800'5769   0xca  Code  Lc  strto64.o [3]
exit                     0x800'b75b    0x4  Code  Gb  exit.o [2]
flag                    0x2000'db80   0x24  Data  Gb  main.o [1]
freeKeyAtom              0x800'4acb    0x2  Code  Lc  hash.o [1]
gpio_cylinder            0x800'8123   0x20  Code  Gb  sensor_gpio.o [1]
gpio_infrared            0x800'80f5    0xe  Code  Gb  sensor_gpio.o [1]
gpio_magnet              0x800'8103   0x20  Code  Gb  sensor_gpio.o [1]
gpio_microswitch         0x800'80e9    0xc  Code  Gb  sensor_gpio.o [1]
gpio_sensor_exe          0x800'8143   0x58  Code  Gb  sensor_gpio.o [1]
hadc1                   0x2000'd7b8   0x48  Data  Gb  adc.o [1]
handle_button            0x800'4675  0x1a4  Code  Gb  chassis_handle.o [1]
handle_exe               0x800'4861  0x1a6  Code  Gb  chassis_handle.o [1]
handle_rocker            0x800'4819   0x48  Code  Gb  chassis_handle.o [1]
hashAtom                 0x800'4ac7    0x4  Code  Lc  hash.o [1]
hashStr                  0x800'4acd   0x26  Code  Gb  hash.o [1]
hash_id                  0x800'3fc9    0x4  Code  Lc  can_utils.o [1]
hcan1                   0x2000'db08   0x28  Data  Gb  can.o [1]
hdma_adc1               0x2000'd400   0x60  Data  Gb  adc.o [1]
hdma_uart5_rx           0x2000'd460   0x60  Data  Gb  usart.o [1]
hdma_uart5_tx           0x2000'd4c0   0x60  Data  Gb  usart.o [1]
hdma_usart1_rx          0x2000'd520   0x60  Data  Gb  usart.o [1]
hdma_usart1_tx          0x2000'd580   0x60  Data  Gb  usart.o [1]
hdma_usart2_rx          0x2000'd5e0   0x60  Data  Gb  usart.o [1]
hdma_usart2_tx          0x2000'd640   0x60  Data  Gb  usart.o [1]
hdma_usart3_rx          0x2000'd6a0   0x60  Data  Gb  usart.o [1]
hdma_usart3_tx          0x2000'd700   0x60  Data  Gb  usart.o [1]
huart1                  0x2000'd9d8   0x40  Data  Gb  usart.o [1]
huart2                  0x2000'da18   0x40  Data  Gb  usart.o [1]
huart3                  0x2000'da58   0x40  Data  Gb  usart.o [1]
huart4                  0x2000'd958   0x40  Data  Gb  usart.o [1]
huart5                  0x2000'd998   0x40  Data  Gb  usart.o [1]
huart6                  0x2000'da98   0x40  Data  Gb  usart.o [1]
id_cmp                   0x800'3fcd   0x10  Code  Lc  can_utils.o [1]
inc                      0x800'565f   0xd8  Code  Gb  main.o [1]
infrared_state          0x2000'6020    0x4  Data  Gb  sensor_gpio.o [1]
init_mparams             0x800'01a3   0x32  Code  Lc  dlmalloc.o [2]
init_top                 0x800'01d5   0x36  Code  Lc  dlmalloc.o [2]
isalpha                  0x800'ae47   0x14  Code  Gb  isalpha.o [2]
isspace                  0x800'ae33   0x14  Code  Gb  isspace.o [2]
kal_adc_L               0x2000'009c   0x18  Data  Gb  karman.o [1]
kal_adc_R               0x2000'00b4   0x18  Data  Gb  karman.o [1]
kal_adc_S               0x2000'00cc   0x18  Data  Gb  karman.o [1]
kal_distance_L          0x2000'0054   0x18  Data  Gb  karman.o [1]
kal_distance_R          0x2000'006c   0x18  Data  Gb  karman.o [1]
kal_distance_S          0x2000'0084   0x18  Data  Gb  karman.o [1]
kick_current            0x2000'dd0c    0x4  Data  Gb  motor_driver.o [1]
kickball_M2006_set_current
                         0x800'81c9    0x8  Code  Gb  kickball.o [1]
kickball_VESC_set_loosen_duty
                         0x800'81dd   0x16  Code  Gb  kickball.o [1]
kickball_VESC_set_pull_current
                         0x800'81f3   0x16  Code  Gb  kickball.o [1]
kickball_VESC_set_rpm    0x800'81d1    0xc  Code  Gb  kickball.o [1]
kickball_auto           0x2000'010c    0x4  Data  Gb  kickball.o [1]
kickball_exe             0x800'83f5   0x30  Code  Gb  kickball.o [1]
kickball_five_score     0x2000'00f8   0x14  Data  Gb  kickball.o [1]
kickball_get_microswitch_status
                         0x800'820f    0x6  Code  Gb  kickball.o [1]
kickball_kick_flag      0x2000'dce8    0x4  Data  Gb  kickball.o [1]
kickball_m2006_current  0x2000'00e4    0x4  Data  Gb  kickball.o [1]
kickball_num            0x2000'dcf4    0x4  Data  Gb  kickball.o [1]
kickball_prepare_flag   0x2000'dce0    0x4  Data  Gb  kickball.o [1]
kickball_pull_magnet_flag
                        0x2000'dcec    0x4  Data  Gb  kickball.o [1]
kickball_ready_flag     0x2000'dce4    0x4  Data  Gb  kickball.o [1]
kickball_set_magnet_status
                         0x800'8209    0x6  Code  Gb  kickball.o [1]
kickball_set_status      0x800'8215   0x7c  Code  Gb  kickball.o [1]
kickball_state_machine   0x800'8291  0x164  Code  Gb  kickball.o [1]
kickball_status         0x2000'dd3c    0x1  Data  Gb  kickball.o [1]
kickball_stop_magnet_flag
                        0x2000'dcf0    0x4  Data  Gb  kickball.o [1]
kickball_vesc_lossen_duty
                        0x2000'00e8    0x4  Data  Gb  kickball.o [1]
kickball_vesc_pull_current10
                        0x2000'00f0    0x4  Data  Gb  kickball.o [1]
kickball_vesc_pull_current20
                        0x2000'00f4    0x4  Data  Gb  kickball.o [1]
kickball_vesc_pull_current5
                        0x2000'00ec    0x4  Data  Gb  kickball.o [1]
laser_adc               0x2000'd190   0x78  Data  Gb  laser.o [1]
laser_adc_split          0x800'7ca3   0x36  Code  Gb  laser.o [1]
laser_calculate_angle    0x800'7d5d    0x6  Code  Gb  laser.o [1]
laser_calculate_distance
                         0x800'7cd9   0x74  Code  Gb  laser.o [1]
laser_calculate_kb       0x800'7c6d   0x36  Code  Gb  laser.o [1]
laser_calculate_x        0x800'7d4d    0x6  Code  Gb  laser.o [1]
laser_calculate_y        0x800'7d55    0x6  Code  Gb  laser.o [1]
laser_exe                0x800'7dd5   0x64  Code  Gb  laser.o [1]
laser_init               0x800'7d65   0x70  Code  Gb  laser.o [1]
laser_left              0x2000'd800   0x48  Data  Gb  laser.o [1]
laser_print_distance     0x800'7e39   0x3a  Code  Gb  laser.o [1]
laser_print_pos          0x800'7e73   0x38  Code  Gb  laser.o [1]
laser_right             0x2000'd890   0x48  Data  Gb  laser.o [1]
laser_side              0x2000'd848   0x48  Data  Gb  laser.o [1]
lcd_add                  0x800'7f15   0x38  Code  Gb  lcd.o [1]
lcd_bite                 0x800'800f   0x20  Code  Gb  lcd.o [1]
lcd_exe                  0x800'7f79   0x14  Code  Gb  lcd.o [1]
lcd_init                 0x800'7f4d   0x2c  Code  Gb  lcd.o [1]
lcd_msg                 0x2000'd000  0x190  Data  Gb  lcd.o [1]
lcd_msg_length          0x2000'dcf8    0x4  Data  Lc  lcd.o [1]
lcd_send_flag            0x800'802f   0x6c  Code  Gb  lcd.o [1]
lcd_send_var             0x800'7f8d   0x82  Code  Gb  lcd.o [1]
lcd_send_var::now_num   0x2000'dcfc    0x4  Data  Lc  lcd.o [1]
ldexp                    0x800'28a5         Code  Gb  ldexp.o [3]
ldexpl                   0x800'28a5         Code  Gb  ldexp.o [3]
localeconv               0x800'2225    0x4  Code  Gb  xlocale_c.o [2]
m2006_exe                0x800'7c11   0x48  Code  Gb  motor_driver.o [1]
magnet_state            0x2000'dd14    0x4  Data  Gb  sensor_gpio.o [1]
main                     0x800'5531   0x8c  Code  Gb  main.o [1]
memchr                   0x800'22f5         Code  Gb  memchr.o [4]
microswitch_state       0x2000'dd10    0x4  Data  Gb  sensor_gpio.o [1]
motor_init               0x800'7bc5    0x8  Code  Gb  motor_driver.o [1]
mparams                 0x2000'dc28   0x18  Data  Lc  dlmalloc.o [2]
ndigs                    0x800'b1bc   0x28  Data  Lc  iar_Stoulx.o [2]
nor                     0x2000'dc78    0x8  Data  Gb  chassis.o [1]
output                  0x2000'dc70    0x8  Data  Gb  chassis.o [1]
pContainer              0x2000'5ed0  0x150  Data  Gb  point_parser.o [1]
point_print_path         0x800'afd5   0x92  Code  Gb  point_parser.o [1]
points_pos0             0x2000'0110  0xfa0  Data  Gb  point.o [1]
points_pos1             0x2000'10b0  0xfa0  Data  Gb  point.o [1]
points_pos10            0x2000'9f48  0xfa0  Data  Gb  point.o [1]
points_pos11            0x2000'aee8  0xfa0  Data  Gb  point.o [1]
points_pos12            0x2000'be88  0xfa0  Data  Gb  point.o [1]
points_pos2             0x2000'2050  0xfa0  Data  Gb  point.o [1]
points_pos3             0x2000'2ff0  0xfa0  Data  Gb  point.o [1]
points_pos4             0x2000'3f90  0xfa0  Data  Gb  point.o [1]
points_pos5             0x2000'4f30  0xfa0  Data  Gb  point.o [1]
points_pos6             0x2000'60c8  0xfa0  Data  Gb  point.o [1]
points_pos7             0x2000'7068  0xfa0  Data  Gb  point.o [1]
points_pos8             0x2000'8008  0xfa0  Data  Gb  point.o [1]
points_pos9             0x2000'8fa8  0xfa0  Data  Gb  point.o [1]
posture                 0x2000'dbf8   0x18  Data  Lc  cmd.o [1]
pows                     0x800'5ca0   0x48  Data  Lc  strto64.o [3]
prepend_alloc            0x800'020b  0x346  Code  Lc  dlmalloc.o [2]
print_buffer            0x2000'd208   0x68  Data  Gb  cmd.o [1]
recive_id               0x2000'dc50   0x10  Data  Gb  configure.o [1]
robomaster_set_current   0x800'ad3d   0x68  Code  Gb  robomaster.o [1]
rx_buffer               0x2000'dc68    0x8  Data  Lc  can_utils.o [1]
rx_id                   0x2000'dcb0    0x4  Data  Lc  can_utils.o [1]
scalbln                  0x800'28a5         Code  Gb  ldexp.o [3]
scalblnl                 0x800'28a5         Code  Gb  ldexp.o [3]
scalbn                   0x800'28a5         Code  Gb  ldexp.o [3]
scalbnl                  0x800'28a5         Code  Gb  ldexp.o [3]
scale                    0x800'19ab   0x46  Code  Lc  xprintffull.o [2]
sec_hand                0x2000'dd34    0x4  Data  Lc  xfail_s.o [2]
segment_holding          0x800'0189   0x1a  Code  Lc  dlmalloc.o [2]
send_id                 0x2000'dc40   0x10  Data  Gb  configure.o [1]
simplelib_init           0x800'7b39   0x2a  Code  Gb  simplelib.o [1]
simplelib_run            0x800'7b63   0x24  Code  Gb  simplelib.o [1]
sin                      0x800'6271    0x4  Code  Gb  cos_sin64.o [3]
sinl                     0x800'6271    0x4  Code  Gb  cos_sin64.o [3]
sqrt                     0x800'6285         Code  Gb  sqrt.o [3]
sqrtf                    0x800'3d75         Code  Gb  sqrtf.o [3]
sqrtl                    0x800'6285         Code  Gb  sqrt.o [3]
std_id                  0x2000'0000    0xc  Data  Gb  can_utils.o [1]
str_cmp                  0x800'4541   0x1c  Code  Lc  cmd.o [1]
strchr                   0x800'2231         Code  Gb  strchr.o [4]
strcmp                   0x800'6eed         Code  Gb  strcmp.o [4]
strcpy                   0x800'6e19         Code  Gb  strcpy.o [4]
strcspn                  0x800'9ab5   0x22  Code  Gb  strcspn.o [2]
strlen                   0x800'22a5         Code  Gb  strlen.o [4]
strspn                   0x800'9a93   0x22  Code  Gb  strspn.o [2]
strtok                   0x800'6e65   0x4c  Code  Gb  strtok.o [2]
sys_alloc                0x800'0749  0x164  Code  Lc  dlmalloc.o [2]
test_flag0              0x2000'dd04    0x4  Data  Gb  main.o [1]
test_value              0x2000'db58   0x28  Data  Gb  main.o [1]
time_1ms_cnt            0x2000'dd00    0x4  Data  Lc  main.o [1]
tmalloc_large            0x800'08b9  0x386  Code  Lc  dlmalloc.o [2]
tmalloc_small            0x800'0c3f  0x200  Code  Lc  dlmalloc.o [2]
tolower                  0x800'b1e5   0x14  Code  Gb  tolower.o [2]
touchdown_auto_flag     0x2000'6034    0x4  Data  Gb  touchdown.o [1]
touchdown_close_current
                        0x2000'6030    0x4  Data  Gb  touchdown.o [1]
touchdown_current       0x2000'dd08    0x4  Data  Gb  motor_driver.o [1]
touchdown_cylinder_pull
                         0x800'847d    0x8  Code  Gb  touchdown.o [1]
touchdown_cylinder_push
                         0x800'8475    0x8  Code  Gb  touchdown.o [1]
touchdown_exe            0x800'8573   0x10  Code  Gb  touchdown.o [1]
touchdown_m2006_close    0x800'8497   0x12  Code  Gb  touchdown.o [1]
touchdown_m2006_open     0x800'8485   0x12  Code  Gb  touchdown.o [1]
touchdown_open_current  0x2000'602c    0x4  Data  Gb  touchdown.o [1]
touchdown_ready_flag    0x2000'dd20    0x4  Data  Gb  touchdown.o [1]
touchdown_state_machine
                         0x800'84a9   0xca  Code  Gb  touchdown.o [1]
touchdown_state_machine::time
                        0x2000'dca0    0x8  Data  Lc  touchdown.o [1]
touchdown_state_machine::waitingtime
                        0x2000'dd2c    0x4  Data  Lc  touchdown.o [1]
touchdown_status        0x2000'dd3d    0x1  Data  Gb  touchdown.o [1]
touchdown_try_finish_flag
                        0x2000'dd28    0x4  Data  Gb  touchdown.o [1]
touchdown_try_flag      0x2000'dd24    0x4  Data  Gb  touchdown.o [1]
uprintf                  0x800'44d5   0x36  Code  Gb  cmd.o [1]
uprintf_to               0x800'450b   0x34  Code  Gb  cmd.o [1]
usart_DMA_init           0x800'4241   0x4c  Code  Gb  cmd.o [1]
usart_exc_DMA            0x800'42bb   0x3e  Code  Gb  cmd.o [1]
usart_exc_DMA_vega       0x800'4575   0xa6  Code  Gb  cmd.o [1]
uwTick                  0x2000'dd1c    0x4  Data  Gb  stm32f4xx_hal.o [1]
uwTickFreq              0x2000'60c4    0x1  Data  Gb  stm32f4xx_hal.o [1]
uwTickPrio              0x2000'6024    0x4  Data  Gb  stm32f4xx_hal.o [1]
vec_add                  0x800'40c9   0x22  Code  Gb  vec.o [1]
vec_create               0x800'412f   0x1a  Code  Gb  vec.o [1]
vec_is_zero              0x800'41ed   0x46  Code  Gb  vec.o [1]
vec_model                0x800'4103   0x2c  Code  Gb  vec.o [1]
vec_mul                  0x800'40eb   0x18  Code  Gb  vec.o [1]
vec_mul_i                0x800'4149   0x5c  Code  Gb  vec.o [1]
vec_normal               0x800'41a5   0x48  Code  Gb  vec.o [1]
vector_d                0x2000'dcc0    0x4  Data  Gb  chassis.o [1]
vega_calibration         0x800'ae85   0x1c  Code  Gb  vega.o [1]
vega_correct_pos         0x800'af0b   0x60  Code  Gb  vega.o [1]
vega_in_coordinate      0x2000'6038    0xc  Data  Gb  vega.o [1]
vega_print_pos           0x800'af6b   0x3a  Code  Gb  vega.o [1]
vega_reset               0x800'aea1   0x1c  Code  Gb  vega.o [1]
vega_set_position        0x800'aebd   0x4e  Code  Gb  vega.o [1]
vesc                    0x2000'dc10   0x18  Data  Gb  motor_driver.o [1]
vsec_exe                 0x800'7bcd   0x42  Code  Gb  motor_driver.o [1]
vsnprintf                0x800'6eb1   0x3c  Code  Gb  vsnprint.o [2]
vx_output               0x2000'dcb8    0x4  Data  Gb  chassis.o [1]
vy_output               0x2000'dcbc    0x4  Data  Gb  chassis.o [1]
y_pid                   0x2000'000c   0x20  Data  Gb  chassis.o [1]


[1] = E:\Robocon_Value\Chassis_TR\EWARM\Chassis\Obj
[2] = dl7M_tlf.a
[3] = m7M_tls.a
[4] = rt7M_tl.a
[5] = shb_l.a

  46 348 bytes of readonly  code memory
  11 729 bytes of readonly  data memory
  65 339 bytes of readwrite data memory

Errors: none
Warnings: none
