###############################################################################
#
# IAR ELF Linker V8.30.1.114/W32 for ARM                  18/Jan/2020  16:04:22
# Copyright 2007-2018 IAR Systems AB.
#
#    Output file  =  E:\Robocon_Value\Chassis_TR\EWARM\Chassis\Exe\Chassis.out
#    Map file     =  E:\Robocon_Value\Chassis_TR\EWARM\Chassis\List\Chassis.map
#    Command line =  
#        -f C:\Users\DELL\AppData\Local\Temp\EW907A.tmp
#        (E:\Robocon_Value\Chassis_TR\EWARM\Chassis\Obj\adc.o
#        E:\Robocon_Value\Chassis_TR\EWARM\Chassis\Obj\can.o
#        E:\Robocon_Value\Chassis_TR\EWARM\Chassis\Obj\can_func.o
#        E:\Robocon_Value\Chassis_TR\EWARM\Chassis\Obj\can_utils.o
#        E:\Robocon_Value\Chassis_TR\EWARM\Chassis\Obj\chassis.o
#        E:\Robocon_Value\Chassis_TR\EWARM\Chassis\Obj\chassis_handle.o
#        E:\Robocon_Value\Chassis_TR\EWARM\Chassis\Obj\cmd.o
#        E:\Robocon_Value\Chassis_TR\EWARM\Chassis\Obj\cmd_func.o
#        E:\Robocon_Value\Chassis_TR\EWARM\Chassis\Obj\configure.o
#        E:\Robocon_Value\Chassis_TR\EWARM\Chassis\Obj\dma.o
#        E:\Robocon_Value\Chassis_TR\EWARM\Chassis\Obj\flags.o
#        E:\Robocon_Value\Chassis_TR\EWARM\Chassis\Obj\flash.o
#        E:\Robocon_Value\Chassis_TR\EWARM\Chassis\Obj\gpio.o
#        E:\Robocon_Value\Chassis_TR\EWARM\Chassis\Obj\hash.o
#        E:\Robocon_Value\Chassis_TR\EWARM\Chassis\Obj\karman.o
#        E:\Robocon_Value\Chassis_TR\EWARM\Chassis\Obj\kickball.o
#        E:\Robocon_Value\Chassis_TR\EWARM\Chassis\Obj\laser.o
#        E:\Robocon_Value\Chassis_TR\EWARM\Chassis\Obj\lcd.o
#        E:\Robocon_Value\Chassis_TR\EWARM\Chassis\Obj\main.o
#        E:\Robocon_Value\Chassis_TR\EWARM\Chassis\Obj\motor_driver.o
#        E:\Robocon_Value\Chassis_TR\EWARM\Chassis\Obj\point.o
#        E:\Robocon_Value\Chassis_TR\EWARM\Chassis\Obj\point_parser.o
#        E:\Robocon_Value\Chassis_TR\EWARM\Chassis\Obj\robomaster.o
#        E:\Robocon_Value\Chassis_TR\EWARM\Chassis\Obj\sensor_gpio.o
#        E:\Robocon_Value\Chassis_TR\EWARM\Chassis\Obj\simplelib.o
#        E:\Robocon_Value\Chassis_TR\EWARM\Chassis\Obj\startup_stm32f407xx.o
#        E:\Robocon_Value\Chassis_TR\EWARM\Chassis\Obj\stm32f4xx_hal.o
#        E:\Robocon_Value\Chassis_TR\EWARM\Chassis\Obj\stm32f4xx_hal_adc.o
#        E:\Robocon_Value\Chassis_TR\EWARM\Chassis\Obj\stm32f4xx_hal_adc_ex.o
#        E:\Robocon_Value\Chassis_TR\EWARM\Chassis\Obj\stm32f4xx_hal_can.o
#        E:\Robocon_Value\Chassis_TR\EWARM\Chassis\Obj\stm32f4xx_hal_cortex.o
#        E:\Robocon_Value\Chassis_TR\EWARM\Chassis\Obj\stm32f4xx_hal_dma.o
#        E:\Robocon_Value\Chassis_TR\EWARM\Chassis\Obj\stm32f4xx_hal_dma_ex.o
#        E:\Robocon_Value\Chassis_TR\EWARM\Chassis\Obj\stm32f4xx_hal_exti.o
#        E:\Robocon_Value\Chassis_TR\EWARM\Chassis\Obj\stm32f4xx_hal_flash.o
#        E:\Robocon_Value\Chassis_TR\EWARM\Chassis\Obj\stm32f4xx_hal_flash_ex.o
#        E:\Robocon_Value\Chassis_TR\EWARM\Chassis\Obj\stm32f4xx_hal_flash_ramfunc.o
#        E:\Robocon_Value\Chassis_TR\EWARM\Chassis\Obj\stm32f4xx_hal_gpio.o
#        E:\Robocon_Value\Chassis_TR\EWARM\Chassis\Obj\stm32f4xx_hal_msp.o
#        E:\Robocon_Value\Chassis_TR\EWARM\Chassis\Obj\stm32f4xx_hal_pwr.o
#        E:\Robocon_Value\Chassis_TR\EWARM\Chassis\Obj\stm32f4xx_hal_pwr_ex.o
#        E:\Robocon_Value\Chassis_TR\EWARM\Chassis\Obj\stm32f4xx_hal_rcc.o
#        E:\Robocon_Value\Chassis_TR\EWARM\Chassis\Obj\stm32f4xx_hal_rcc_ex.o
#        E:\Robocon_Value\Chassis_TR\EWARM\Chassis\Obj\stm32f4xx_hal_tim.o
#        E:\Robocon_Value\Chassis_TR\EWARM\Chassis\Obj\stm32f4xx_hal_tim_ex.o
#        E:\Robocon_Value\Chassis_TR\EWARM\Chassis\Obj\stm32f4xx_hal_uart.o
#        E:\Robocon_Value\Chassis_TR\EWARM\Chassis\Obj\stm32f4xx_it.o
#        E:\Robocon_Value\Chassis_TR\EWARM\Chassis\Obj\stmflash.o
#        E:\Robocon_Value\Chassis_TR\EWARM\Chassis\Obj\sys.o
#        E:\Robocon_Value\Chassis_TR\EWARM\Chassis\Obj\system_stm32f4xx.o
#        E:\Robocon_Value\Chassis_TR\EWARM\Chassis\Obj\touchdown.o
#        E:\Robocon_Value\Chassis_TR\EWARM\Chassis\Obj\usart.o
#        E:\Robocon_Value\Chassis_TR\EWARM\Chassis\Obj\utils.o
#        E:\Robocon_Value\Chassis_TR\EWARM\Chassis\Obj\vec.o
#        E:\Robocon_Value\Chassis_TR\EWARM\Chassis\Obj\vega.o
#        E:\Robocon_Value\Chassis_TR\EWARM\Chassis\Obj\vesc_can.o --redirect
#        _Printf=_PrintfFull --redirect _Scanf=_ScanfFull --no_out_extension -o
#        E:\Robocon_Value\Chassis_TR\EWARM\Chassis\Exe\Chassis.out --map
#        E:\Robocon_Value\Chassis_TR\EWARM\Chassis\List\Chassis.map --config
#        E:\Robocon_Value\Chassis_TR\EWARM/stm32f407xx_flash.icf --semihosting
#        --entry __iar_program_start --vfe --text_out locale)
#
###############################################################################

*******************************************************************************
*** RUNTIME MODEL ATTRIBUTES
***

CppFlavor       = *
__Heap_Handler  = DLMalloc
__SystemLibrary = DLib
__dlib_version  = 6


*******************************************************************************
*** HEAP SELECTION
***

The advanced heap was selected because the application calls memory
allocation functions outside of system library functions, and there
are calls to deallocation functions in the application.


*******************************************************************************
*** PLACEMENT SUMMARY
***

"A0":  place at 0x800'0000 { ro section .intvec };
"P1":  place in [from 0x800'0000 to 0x80f'ffff] { ro };
define block CSTACK with size = 4608, alignment = 8 { };
define block HEAP with size = 4K, alignment = 8 { };
"P2":  place in [from 0x2000'0000 to 0x2001'ffff] {
          rw, block CSTACK, block HEAP };
initialize by copy { rw };

  Section            Kind         Address    Size  Object
  -------            ----         -------    ----  ------
"A0":                                       0x188
  .intvec            ro code   0x800'0000   0x188  startup_stm32f407xx.o [1]
                             - 0x800'0188   0x188

"P1":                                      0xcdae
  .text              ro code   0x800'0188   0xf80  dlmalloc.o [2]
  .text              ro code   0x800'1108     0x6  abort.o [2]
  .text              ro code   0x800'110e    0x7a  lz77_init_single.o [4]
  .text              ro code   0x800'1188    0x2c  xgetmemchunk.o [2]
  .text              ro code   0x800'11b4    0x14  exit.o [5]
  .text              ro code   0x800'11c8   0xf7a  xprintffull.o [2]
  .text              ro code   0x800'2142    0x3a  zero_init3.o [4]
  .text              ro code   0x800'217c    0xb4  xlocale_c.o [2]
  .text              ro code   0x800'2230    0x16  strchr.o [4]
  .text              ro code   0x800'2246    0x1e  xencoding_8859_1.o [2]
  .text              ro code   0x800'2264    0x40  xfail_s.o [2]
  .text              ro code   0x800'22a4    0x36  strlen.o [4]
  .text              ro code   0x800'22da    0x1a  xsnprout.o [2]
  .text              ro code   0x800'22f4    0x58  memchr.o [4]
  .text              ro code   0x800'234c     0xa  xmbcurmax.o [2]
  .text              ro code   0x800'2358    0xa6  ABImemcpy.o [4]
  .text              ro code   0x800'2400   0x230  I64DivMod.o [4]
  .text              ro code   0x800'2630   0x1a2  DblMul.o [3]
  .text              ro code   0x800'27d4    0x70  frexp.o [3]
  .text              ro code   0x800'2844    0x2e  DblCmpLe.o [3]
  .text              ro code   0x800'2874    0x2e  DblCmpGe.o [3]
  .text              ro code   0x800'28a4   0x13a  ldexp.o [3]
  .text              ro code   0x800'29e0    0x3a  DblToS32.o [3]
  .text              ro code   0x800'2a1c    0x22  S32ToDbl.o [3]
  .text              ro code   0x800'2a40    0xe2  DblSub.o [3]
  .text              ro code   0x800'2b24   0x246  DblDiv.o [3]
  .text              ro code   0x800'2d6c    0x28  DblToU32.o [3]
  .text              ro code   0x800'2d94    0x1a  U32ToDbl.o [3]
  .text              ro code   0x800'2db0     0x2  I64DivZer.o [4]
  .text              ro code   0x800'2db4   0x17a  DblAdd.o [3]
  .text              ro code   0x800'2f30   0xae8  chassis.o [1]
  .text              ro code   0x800'3a18    0x48  FltToDbl.o [3]
  .text              ro code   0x800'3a60    0x68  DblToFlt.o [3]
  .text              ro code   0x800'3ac8   0x1ac  utils.o [1]
  .text              ro code   0x800'3c74    0x1e  sqrtf.o [3]
  .text              ro code   0x800'3c94   0x24a  can_utils.o [1]
  .text              ro code   0x800'3ee0    0x36  math_wrappers64.o [3]
  .text              ro code   0x800'3f18   0x178  vec.o [1]
  .text              ro code   0x800'4090   0x434  cmd.o [1]
  .text              ro code   0x800'44c4   0x368  chassis_handle.o [1]
  .text              ro code   0x800'482c    0x6a  atan2f.o [3]
  .text              ro code   0x800'4898   0x224  hash.o [1]
  .text              ro code   0x800'4abc    0x3c  can_func.o [1]
  .text              ro code   0x800'4af8   0x7dc  stm32f4xx_hal_can.o [1]
  .text              ro code   0x800'52d4   0x272  main.o [1]
  .text              ro code   0x800'5548   0x580  strto64.o [3]
  .text              ro code   0x800'5ac8   0x140  atan2_64.o [3]
  .text              ro code   0x800'5c08   0x44c  cos_sin64.o [3]
  .text              ro code   0x800'6054   0x102  sqrt.o [3]
  .text              ro code   0x800'6158   0xa38  stm32f4xx_hal_uart.o [1]
  .text              ro code   0x800'6b90    0x66  ABImemset.o [4]
  .text              ro code   0x800'6bf8    0x4c  strcpy.o [4]
  .text              ro code   0x800'6c44    0x4c  strtok.o [2]
  .text              ro code   0x800'6c90    0x3c  vsnprint.o [2]
  .text              ro code   0x800'6ccc    0x4a  strcmp.o [4]
  .text              ro code   0x800'6d18    0xa4  xatanf.o [3]
  .text              ro code   0x800'6dbc    0x24  ABIassert.o [5]
  .text              ro code   0x800'6de0    0xd4  can.o [1]
  .text              ro code   0x800'6eb4     0xc  stm32f4xx_hal.o [1]
  .text              ro code   0x800'6ec0     0x2  stm32f4xx_hal_can.o [1]
  .text              ro code   0x800'6ec2     0x2  stm32f4xx_hal_can.o [1]
  .text              ro code   0x800'6ec4     0x2  stm32f4xx_hal_can.o [1]
  .text              ro code   0x800'6ec6     0x2  stm32f4xx_hal_can.o [1]
  .text              ro code   0x800'6ec8     0x2  stm32f4xx_hal_can.o [1]
  .text              ro code   0x800'6eca     0x2  stm32f4xx_hal_can.o [1]
  .text              ro code   0x800'6ecc     0x2  stm32f4xx_hal_can.o [1]
  .text              ro code   0x800'6ece     0x2  stm32f4xx_hal_can.o [1]
  .text              ro code   0x800'6ed0     0x2  stm32f4xx_hal_can.o [1]
  .text              ro code   0x800'6ed2     0x2  stm32f4xx_hal_can.o [1]
  .text              ro code   0x800'6ed4     0x2  stm32f4xx_hal_can.o [1]
  .text              ro code   0x800'6ed8    0x34  stm32f4xx_hal.o [1]
  .text              ro code   0x800'6f0c   0x168  gpio.o [1]
  .text              ro code   0x800'7074    0xc8  dma.o [1]
  .text              ro code   0x800'713c   0x160  adc.o [1]
  .text              ro code   0x800'729c   0x67c  usart.o [1]
  .text              ro code   0x800'7918    0x5c  simplelib.o [1]
  .text              ro code   0x800'7974    0x30  configure.o [1]
  .text              ro code   0x800'79a4    0xa8  motor_driver.o [1]
  .text              ro code   0x800'7a4c   0x2a8  laser.o [1]
  .text              ro code   0x800'7cf4   0x1d4  lcd.o [1]
  .text              ro code   0x800'7ec8    0xe0  sensor_gpio.o [1]
  .text              ro code   0x800'7fa8   0x2ac  kickball.o [1]
  .text              ro code   0x800'8254   0x144  touchdown.o [1]
  .text              ro code   0x800'8398     0x6  ABImemclr4.o [4]
  .text              ro code   0x800'83a0   0x380  stm32f4xx_hal_rcc.o [1]
  .text              ro code   0x800'8720   0x224  stm32f4xx_hal_rcc.o [1]
  .text              ro code   0x800'8944   0x29c  stm32f4xx_hal_gpio.o [1]
  .text              ro code   0x800'8be0   0x122  iar_Stopfx.o [2]
  .text              ro code   0x800'8d04   0x1c4  iar_Stoflt.o [2]
  .text              ro code   0x800'8ec8   0x21c  iar_Stoxflt.o [2]
  .rodata            const     0x800'90e4    0x2c  cmd_func.o [1]
  .text              ro code   0x800'9110   0x208  iar_Atan64.o [3]
  .text              ro code   0x800'9318   0x550  stm32f4xx_hal_dma.o [1]
  .text              ro code   0x800'9868     0x2  stm32f4xx_hal_uart.o [1]
  .text              ro code   0x800'986a     0x2  stm32f4xx_hal_uart.o [1]
  .text              ro code   0x800'986c     0x2  stm32f4xx_hal_uart.o [1]
  .text              ro code   0x800'986e     0x2  stm32f4xx_hal_uart.o [1]
  .text              ro code   0x800'9870     0x2  stm32f4xx_hal_uart.o [1]
  .text              ro code   0x800'9872    0x22  strspn.o [2]
  .text              ro code   0x800'9894    0x22  strcspn.o [2]
  .text              ro code   0x800'98b8   0x158  stm32f4xx_hal_cortex.o [1]
  .text              ro code   0x800'9a10    0x4c  stm32f4xx_hal.o [1]
  .text              ro code   0x800'9a5c    0x40  stm32f4xx_hal_msp.o [1]
  .text              ro code   0x800'9a9c   0x56e  stm32f4xx_hal_adc.o [1]
  .text              ro code   0x800'a00c   0x9dc  cmd_func.o [1]
  .text              ro code   0x800'a9e8   0x134  vesc_can.o [1]
  .text              ro code   0x800'ab1c    0x6a  robomaster.o [1]
  .text              ro code   0x800'ab86    0x5a  karman.o [1]
  .text              ro code   0x800'abe0    0x32  ABImemset48.o [4]
  .text              ro code   0x800'ac12    0x14  isspace.o [2]
  .text              ro code   0x800'ac26    0x14  isalpha.o [2]
  .text              ro code   0x800'ac3c    0x20  DblCmpEq.o [3]
  .text              ro code   0x800'ac5c     0x2  stm32f4xx_hal_adc.o [1]
  .text              ro code   0x800'ac5e     0x2  stm32f4xx_hal_adc.o [1]
  .text              ro code   0x800'ac60     0x2  stm32f4xx_hal_adc.o [1]
  .text              ro code   0x800'ac64   0x150  vega.o [1]
  .text              ro code   0x800'adb4    0x9c  point_parser.o [1]
  .text              ro code   0x800'ae50   0x174  iar_Stoulx.o [2]
  .text              ro code   0x800'afc4    0x14  tolower.o [2]
  .text              ro code   0x800'afd8   0x124  stm32f4xx_it.o [1]
  .text              ro code   0x800'b0fc    0x18  stm32f4xx_hal.o [1]
  .text              ro code   0x800'b114    0x60  system_stm32f4xx.o [1]
  .rodata            const     0x800'b174    0x30  hash.o [1]
  .rodata            const     0x800'b1a4    0x28  cmd_func.o [1]
  .rodata            const     0x800'b1cc    0x28  vega.o [1]
  .text              ro code   0x800'b1f4    0x28  data_init.o [4]
  .rodata            const     0x800'b21c    0x24  cmd_func.o [1]
  .rodata            const     0x800'b240    0x24  cmd_func.o [1]
  .rodata            const     0x800'b264    0x24  cmd_func.o [1]
  .rodata            const     0x800'b288    0x24  cmd_func.o [1]
  .rodata            const     0x800'b2ac    0x24  cmd_func.o [1]
  .rodata            const     0x800'b2d0    0x24  cmd_func.o [1]
  .text              ro code   0x800'b2f4    0x22  fpinit_M.o [3]
  .iar.init_table    const     0x800'b318    0x20  - Linker created -
  .rodata            const     0x800'b338    0x20  can_utils.o [1]
  .rodata            const     0x800'b358    0x20  cmd_func.o [1]
  .rodata            const     0x800'b378    0x20  cmd_func.o [1]
  .rodata            const     0x800'b398    0x20  cmd_func.o [1]
  .rodata            const     0x800'b3b8    0x20  cmd_func.o [1]
  .rodata            const     0x800'b3d8    0x20  cmd_func.o [1]
  .rodata            const     0x800'b3f8    0x20  cmd_func.o [1]
  .rodata            const     0x800'b418    0x20  cmd_func.o [1]
  .rodata            const     0x800'b438    0x20  hash.o [1]
  .rodata            const     0x800'b458    0x20  kickball.o [1]
  .rodata            const     0x800'b478    0x20  sensor_gpio.o [1]
  .rodata            const     0x800'b498    0x20  sensor_gpio.o [1]
  .rodata            const     0x800'b4b8    0x20  sensor_gpio.o [1]
  .rodata            const     0x800'b4d8    0x20  vega.o [1]
  .rodata            const     0x800'b4f8    0x20  vega.o [1]
  .text              ro code   0x800'b518    0x1e  cmain.o [4]
  .text              ro code   0x800'b536     0x4  low_level_init.o [2]
  .text              ro code   0x800'b53a     0x4  exit.o [2]
  .text              ro code   0x800'b540     0xa  cexit.o [4]
  .rodata            const     0x800'b54c    0x1c  cmd_func.o [1]
  .rodata            const     0x800'b568    0x1c  cmd_func.o [1]
  .rodata            const     0x800'b584    0x1c  cmd_func.o [1]
  .rodata            const     0x800'b5a0    0x1c  cmd_func.o [1]
  .rodata            const     0x800'b5bc    0x1c  cmd_func.o [1]
  .rodata            const     0x800'b5d8    0x1c  cmd_func.o [1]
  .rodata            const     0x800'b5f4    0x1c  cmd_func.o [1]
  .rodata            const     0x800'b610    0x1c  cmd_func.o [1]
  .rodata            const     0x800'b62c    0x1c  cmd_func.o [1]
  .rodata            const     0x800'b648    0x1c  cmd_func.o [1]
  .rodata            const     0x800'b664    0x1c  cmd_func.o [1]
  .rodata            const     0x800'b680    0x1c  lcd.o [1]
  .rodata            const     0x800'b69c    0x1c  sensor_gpio.o [1]
  .rodata            const     0x800'b6b8    0x1c  vega.o [1]
  .rodata            const     0x800'b6d4    0x18  chassis_handle.o [1]
  .rodata            const     0x800'b6ec    0x18  chassis_handle.o [1]
  .rodata            const     0x800'b704    0x18  chassis_handle.o [1]
  .rodata            const     0x800'b71c    0x18  cmd_func.o [1]
  .rodata            const     0x800'b734    0x18  cmd_func.o [1]
  .rodata            const     0x800'b74c    0x18  cmd_func.o [1]
  .rodata            const     0x800'b764    0x18  cmd_func.o [1]
  .rodata            const     0x800'b77c    0x18  cmd_func.o [1]
  .rodata            const     0x800'b794    0x18  cmd_func.o [1]
  .rodata            const     0x800'b7ac    0x18  cmd_func.o [1]
  .rodata            const     0x800'b7c4    0x18  cmd_func.o [1]
  .rodata            const     0x800'b7dc    0x18  cmd_func.o [1]
  .rodata            const     0x800'b7f4    0x18  cmd_func.o [1]
  .rodata            const     0x800'b80c    0x18  cmd_func.o [1]
  .rodata            const     0x800'b824    0x18  laser.o [1]
  .rodata            const     0x800'b83c    0x18  simplelib.o [1]
  .rodata            const     0x800'b854    0x18  vega.o [1]
  .rodata            const     0x800'b86c    0x14  chassis.o [1]
  .rodata            const     0x800'b880    0x14  cmd_func.o [1]
  .rodata            const     0x800'b894    0x14  cmd_func.o [1]
  .rodata            const     0x800'b8a8    0x14  cmd_func.o [1]
  .rodata            const     0x800'b8bc    0x14  cmd_func.o [1]
  .rodata            const     0x800'b8d0    0x14  cmd_func.o [1]
  .rodata            const     0x800'b8e4    0x14  cmd_func.o [1]
  .rodata            const     0x800'b8f8    0x14  cmd_func.o [1]
  .rodata            const     0x800'b90c    0x14  cmd_func.o [1]
  .rodata            const     0x800'b920    0x14  cmd_func.o [1]
  .rodata            const     0x800'b934    0x14  cmd_func.o [1]
  .rodata            const     0x800'b948    0x14  main.o [1]
  .rodata            const     0x800'b95c    0x10  chassis_handle.o [1]
  .rodata            const     0x800'b96c    0x10  cmd.o [1]
  .rodata            const     0x800'b97c    0x10  cmd.o [1]
  .rodata            const     0x800'b98c    0x10  cmd_func.o [1]
  .rodata            const     0x800'b99c    0x10  cmd_func.o [1]
  .rodata            const     0x800'b9ac    0x10  cmd_func.o [1]
  .rodata            const     0x800'b9bc    0x10  cmd_func.o [1]
  .rodata            const     0x800'b9cc    0x10  cmd_func.o [1]
  .rodata            const     0x800'b9dc    0x10  cmd_func.o [1]
  .rodata            const     0x800'b9ec    0x10  cmd_func.o [1]
  .rodata            const     0x800'b9fc    0x10  cmd_func.o [1]
  .rodata            const     0x800'ba0c    0x10  cmd_func.o [1]
  .rodata            const     0x800'ba1c    0x10  cmd_func.o [1]
  .rodata            const     0x800'ba2c    0x10  cmd_func.o [1]
  .rodata            const     0x800'ba3c    0x10  cmd_func.o [1]
  .rodata            const     0x800'ba4c    0x10  cmd_func.o [1]
  .rodata            const     0x800'ba5c    0x10  cmd_func.o [1]
  .rodata            const     0x800'ba6c    0x10  cmd_func.o [1]
  .rodata            const     0x800'ba7c    0x10  cmd_func.o [1]
  .rodata            const     0x800'ba8c    0x10  cmd_func.o [1]
  .rodata            const     0x800'ba9c    0x10  laser.o [1]
  .rodata            const     0x800'baac    0x10  laser.o [1]
  .rodata            const     0x800'babc    0x10  laser.o [1]
  .rodata            const     0x800'bacc    0x10  laser.o [1]
  .rodata            const     0x800'badc    0x10  laser.o [1]
  .rodata            const     0x800'baec    0x10  system_stm32f4xx.o [1]
  .text              ro code   0x800'bafc    0x10  startup_stm32f407xx.o [1]
  .rodata            const     0x800'bb0c     0xc  can_func.o [1]
  .rodata            const     0x800'bb18     0xc  cmd.o [1]
  .rodata            const     0x800'bb24     0xc  cmd_func.o [1]
  .rodata            const     0x800'bb30     0xc  cmd_func.o [1]
  .rodata            const     0x800'bb3c     0xc  cmd_func.o [1]
  .rodata            const     0x800'bb48     0xc  cmd_func.o [1]
  .rodata            const     0x800'bb54     0xc  hash.o [1]
  .rodata            const     0x800'bb60     0xc  point_parser.o [1]
  .text              ro code   0x800'bb6c     0xc  cstartup_M.o [4]
  .rodata            const     0x800'bb78     0x8  chassis.o [1]
  .rodata            const     0x800'bb80     0x8  cmd.o [1]
  .rodata            const     0x800'bb88     0x8  cmd.o [1]
  .rodata            const     0x800'bb90     0x8  cmd.o [1]
  .rodata            const     0x800'bb98     0x8  cmd_func.o [1]
  .rodata            const     0x800'bba0     0x8  cmd_func.o [1]
  .rodata            const     0x800'bba8     0x8  cmd_func.o [1]
  .rodata            const     0x800'bbb0     0x8  hash.o [1]
  .rodata            const     0x800'bbb8     0x8  lcd.o [1]
  .rodata            const     0x800'bbc0     0x8  lcd.o [1]
  .rodata            const     0x800'bbc8     0x8  stm32f4xx_hal_dma.o [1]
  .rodata            const     0x800'bbd0     0x8  system_stm32f4xx.o [1]
  .rodata            const     0x800'bbd8     0x8  vega.o [1]
  .rodata            const     0x800'bbe0     0x8  vega.o [1]
  .rodata            const     0x800'bbe8     0x6  xlocale_c.o [2]
  .text              ro code   0x800'bbee     0x4  startup_stm32f407xx.o [1]
  .text              ro code   0x800'bbf2     0x4  startup_stm32f407xx.o [1]
  .text              ro code   0x800'bbf6     0x4  startup_stm32f407xx.o [1]
  .text              ro code   0x800'bbfa     0x4  startup_stm32f407xx.o [1]
  .text              ro code   0x800'bbfe     0x4  startup_stm32f407xx.o [1]
  .text              ro code   0x800'bc02     0x4  startup_stm32f407xx.o [1]
  .text              ro code   0x800'bc06     0x4  startup_stm32f407xx.o [1]
  .text              ro code   0x800'bc0a     0x4  startup_stm32f407xx.o [1]
  .text              ro code   0x800'bc0e     0x4  startup_stm32f407xx.o [1]
  .text              ro code   0x800'bc12     0x4  startup_stm32f407xx.o [1]
  .text              ro code   0x800'bc16     0x4  startup_stm32f407xx.o [1]
  .text              ro code   0x800'bc1a     0x4  startup_stm32f407xx.o [1]
  .text              ro code   0x800'bc1e     0x4  startup_stm32f407xx.o [1]
  .text              ro code   0x800'bc22     0x4  startup_stm32f407xx.o [1]
  .text              ro code   0x800'bc26     0x4  startup_stm32f407xx.o [1]
  .text              ro code   0x800'bc2a     0x4  startup_stm32f407xx.o [1]
  .text              ro code   0x800'bc2e     0x4  startup_stm32f407xx.o [1]
  .text              ro code   0x800'bc32     0x4  startup_stm32f407xx.o [1]
  .text              ro code   0x800'bc36     0x4  startup_stm32f407xx.o [1]
  .text              ro code   0x800'bc3a     0x4  startup_stm32f407xx.o [1]
  .text              ro code   0x800'bc3e     0x4  startup_stm32f407xx.o [1]
  .text              ro code   0x800'bc42     0x4  startup_stm32f407xx.o [1]
  .text              ro code   0x800'bc46     0x4  startup_stm32f407xx.o [1]
  .text              ro code   0x800'bc4a     0x4  startup_stm32f407xx.o [1]
  .text              ro code   0x800'bc4e     0x4  startup_stm32f407xx.o [1]
  .text              ro code   0x800'bc52     0x4  startup_stm32f407xx.o [1]
  .text              ro code   0x800'bc56     0x4  startup_stm32f407xx.o [1]
  .text              ro code   0x800'bc5a     0x4  startup_stm32f407xx.o [1]
  .text              ro code   0x800'bc5e     0x4  startup_stm32f407xx.o [1]
  .text              ro code   0x800'bc62     0x4  startup_stm32f407xx.o [1]
  .text              ro code   0x800'bc66     0x4  startup_stm32f407xx.o [1]
  .text              ro code   0x800'bc6a     0x4  startup_stm32f407xx.o [1]
  .text              ro code   0x800'bc6e     0x4  startup_stm32f407xx.o [1]
  .text              ro code   0x800'bc72     0x4  startup_stm32f407xx.o [1]
  .text              ro code   0x800'bc76     0x4  startup_stm32f407xx.o [1]
  .text              ro code   0x800'bc7a     0x4  startup_stm32f407xx.o [1]
  .text              ro code   0x800'bc7e     0x4  startup_stm32f407xx.o [1]
  .text              ro code   0x800'bc82     0x4  startup_stm32f407xx.o [1]
  .text              ro code   0x800'bc86     0x4  startup_stm32f407xx.o [1]
  .text              ro code   0x800'bc8a     0x4  startup_stm32f407xx.o [1]
  .text              ro code   0x800'bc8e     0x4  startup_stm32f407xx.o [1]
  .text              ro code   0x800'bc92     0x4  startup_stm32f407xx.o [1]
  .text              ro code   0x800'bc96     0x4  startup_stm32f407xx.o [1]
  .text              ro code   0x800'bc9a     0x4  startup_stm32f407xx.o [1]
  .text              ro code   0x800'bc9e     0x4  startup_stm32f407xx.o [1]
  .text              ro code   0x800'bca2     0x4  startup_stm32f407xx.o [1]
  .text              ro code   0x800'bca6     0x4  startup_stm32f407xx.o [1]
  .text              ro code   0x800'bcaa     0x4  startup_stm32f407xx.o [1]
  .text              ro code   0x800'bcae     0x4  startup_stm32f407xx.o [1]
  .text              ro code   0x800'bcb2     0x4  startup_stm32f407xx.o [1]
  .text              ro code   0x800'bcb6     0x4  startup_stm32f407xx.o [1]
  .text              ro code   0x800'bcba     0x4  startup_stm32f407xx.o [1]
  .text              ro code   0x800'bcbe     0x4  startup_stm32f407xx.o [1]
  .text              ro code   0x800'bcc2     0x4  startup_stm32f407xx.o [1]
  .text              ro code   0x800'bcc6     0x4  startup_stm32f407xx.o [1]
  .text              ro code   0x800'bcca     0x4  startup_stm32f407xx.o [1]
  .text              ro code   0x800'bcce     0x4  startup_stm32f407xx.o [1]
  .text              ro code   0x800'bcd2     0x4  startup_stm32f407xx.o [1]
  .text              ro code   0x800'bcd6     0x4  startup_stm32f407xx.o [1]
  .text              ro code   0x800'bcda     0x4  startup_stm32f407xx.o [1]
  .text              ro code   0x800'bcde     0x4  startup_stm32f407xx.o [1]
  .text              ro code   0x800'bce2     0x4  startup_stm32f407xx.o [1]
  .text              ro code   0x800'bce6     0x4  startup_stm32f407xx.o [1]
  .text              ro code   0x800'bcea     0x4  startup_stm32f407xx.o [1]
  .text              ro code   0x800'bcee     0x4  startup_stm32f407xx.o [1]
  .text              ro code   0x800'bcf2     0x4  startup_stm32f407xx.o [1]
  .text              ro code   0x800'bcf6     0x4  startup_stm32f407xx.o [1]
  .rodata            const     0x800'bcfa     0x0  zero_init3.o [4]
  .rodata            const     0x800'bcfa     0x0  lz77_init_single.o [4]
  Initializer bytes  const     0x800'bcfa  0x123c  <for P2-1>
                             - 0x800'cf36  0xcdae

"P2", part 1 of 3:                         0x5125
  P2-1                        0x2000'0000  0x5125  <Init block>
    .data            inited   0x2000'0000     0xc  can_utils.o [1]
    .data            inited   0x2000'000c    0x20  chassis.o [1]
    .data            inited   0x2000'002c    0x20  chassis.o [1]
    .data            inited   0x2000'004c     0x4  chassis.o [1]
    .data            inited   0x2000'0050     0x4  cmd.o [1]
    .data            inited   0x2000'0054    0x18  karman.o [1]
    .data            inited   0x2000'006c    0x18  karman.o [1]
    .data            inited   0x2000'0084    0x18  karman.o [1]
    .data            inited   0x2000'009c    0x18  karman.o [1]
    .data            inited   0x2000'00b4    0x18  karman.o [1]
    .data            inited   0x2000'00cc    0x18  karman.o [1]
    .data            inited   0x2000'00e4     0x4  kickball.o [1]
    .data            inited   0x2000'00e8     0x4  kickball.o [1]
    .data            inited   0x2000'00ec     0x4  kickball.o [1]
    .data            inited   0x2000'00f0     0x4  kickball.o [1]
    .data            inited   0x2000'00f4     0x4  kickball.o [1]
    .data            inited   0x2000'00f8    0x14  kickball.o [1]
    .data            inited   0x2000'010c     0x4  kickball.o [1]
    .data            inited   0x2000'0110   0xfa0  point.o [1]
    .data            inited   0x2000'10b0   0xfa0  point.o [1]
    .data            inited   0x2000'2050   0xfa0  point.o [1]
    .data            inited   0x2000'2ff0   0xfa0  point.o [1]
    .data            inited   0x2000'3f90   0xfa0  point.o [1]
    .data            inited   0x2000'4f30   0x150  point_parser.o [1]
    .data            inited   0x2000'5080     0x4  sensor_gpio.o [1]
    .data            inited   0x2000'5084     0x4  stm32f4xx_hal.o [1]
    .data            inited   0x2000'5088     0x4  system_stm32f4xx.o [1]
    .data            inited   0x2000'508c     0x4  touchdown.o [1]
    .data            inited   0x2000'5090     0x4  touchdown.o [1]
    .data            inited   0x2000'5094     0x4  touchdown.o [1]
    .data            inited   0x2000'5098     0xc  vega.o [1]
    .data            inited   0x2000'50a4    0x38  xlocale_c.o [2]
    .data            inited   0x2000'50dc    0x48  xlocale_c.o [2]
    .data            inited   0x2000'5124     0x1  stm32f4xx_hal.o [1]
                            - 0x2000'5125  0x5125

"P2", part 2 of 3:                         0x7c70
  .bss               zero     0x2000'5128   0xfa0  point.o [1]
  .bss               zero     0x2000'60c8   0xfa0  point.o [1]
  .bss               zero     0x2000'7068   0xfa0  point.o [1]
  .bss               zero     0x2000'8008   0xfa0  point.o [1]
  .bss               zero     0x2000'8fa8   0xfa0  point.o [1]
  .bss               zero     0x2000'9f48   0xfa0  point.o [1]
  .bss               zero     0x2000'aee8   0xfa0  point.o [1]
  .bss               zero     0x2000'be88   0x1d8  dlmalloc.o [2]
  .bss               zero     0x2000'c060   0x190  lcd.o [1]
  .bss               zero     0x2000'c1f0    0x78  laser.o [1]
  .bss               zero     0x2000'c268    0x68  cmd.o [1]
  .bss               zero     0x2000'c2d0    0x64  cmd.o [1]
  .bss               zero     0x2000'c334    0x64  cmd.o [1]
  .bss               zero     0x2000'c398    0x64  cmd.o [1]
  .bss               zero     0x2000'c3fc    0x64  cmd.o [1]
  .bss               zero     0x2000'c460    0x60  adc.o [1]
  .bss               zero     0x2000'c4c0    0x60  usart.o [1]
  .bss               zero     0x2000'c520    0x60  usart.o [1]
  .bss               zero     0x2000'c580    0x60  usart.o [1]
  .bss               zero     0x2000'c5e0    0x60  usart.o [1]
  .bss               zero     0x2000'c640    0x60  usart.o [1]
  .bss               zero     0x2000'c6a0    0x60  usart.o [1]
  .bss               zero     0x2000'c700    0x60  usart.o [1]
  .bss               zero     0x2000'c760    0x60  usart.o [1]
  .bss               zero     0x2000'c7c0    0x58  chassis.o [1]
  .bss               zero     0x2000'c818    0x48  adc.o [1]
  .bss               zero     0x2000'c860    0x48  laser.o [1]
  .bss               zero     0x2000'c8a8    0x48  laser.o [1]
  .bss               zero     0x2000'c8f0    0x48  laser.o [1]
  .bss               zero     0x2000'c938    0x40  chassis_handle.o [1]
  .bss               zero     0x2000'c978    0x40  cmd.o [1]
  .bss               zero     0x2000'c9b8    0x40  usart.o [1]
  .bss               zero     0x2000'c9f8    0x40  usart.o [1]
  .bss               zero     0x2000'ca38    0x40  usart.o [1]
  .bss               zero     0x2000'ca78    0x40  usart.o [1]
  .bss               zero     0x2000'cab8    0x40  usart.o [1]
  .bss               zero     0x2000'caf8    0x40  usart.o [1]
  .bss               zero     0x2000'cb38    0x30  cmd.o [1]
  .bss               zero     0x2000'cb68    0x28  can.o [1]
  .bss               zero     0x2000'cb90    0x28  can_utils.o [1]
  .bss               zero     0x2000'cbb8    0x28  main.o [1]
  .bss               zero     0x2000'cbe0    0x24  main.o [1]
  .bss               zero     0x2000'cc04    0x20  chassis.o [1]
  .bss               zero     0x2000'cc24    0x1c  can_utils.o [1]
  .bss               zero     0x2000'cc40    0x18  can_utils.o [1]
  .bss               zero     0x2000'cc58    0x18  cmd.o [1]
  .bss               zero     0x2000'cc70    0x18  motor_driver.o [1]
  .bss               zero     0x2000'cc88    0x18  dlmalloc.o [2]
  .bss               zero     0x2000'cca0    0x10  configure.o [1]
  .bss               zero     0x2000'ccb0    0x10  configure.o [1]
  .bss               zero     0x2000'ccc0     0x8  can_utils.o [1]
  .bss               zero     0x2000'ccc8     0x8  can_utils.o [1]
  .bss               zero     0x2000'ccd0     0x8  chassis.o [1]
  .bss               zero     0x2000'ccd8     0x8  chassis.o [1]
  .bss               zero     0x2000'cce0     0x8  chassis.o [1]
  .bss               zero     0x2000'cce8     0x8  chassis.o [1]
  .bss               zero     0x2000'ccf0     0x8  chassis.o [1]
  .bss               zero     0x2000'ccf8     0x8  main.o [1]
  .bss               zero     0x2000'cd00     0x8  touchdown.o [1]
  .bss               zero     0x2000'cd08     0x4  can_utils.o [1]
  .bss               zero     0x2000'cd0c     0x4  can_utils.o [1]
  .bss               zero     0x2000'cd10     0x4  can_utils.o [1]
  .bss               zero     0x2000'cd14     0x4  can_utils.o [1]
  .bss               zero     0x2000'cd18     0x4  chassis.o [1]
  .bss               zero     0x2000'cd1c     0x4  chassis.o [1]
  .bss               zero     0x2000'cd20     0x4  chassis.o [1]
  .bss               zero     0x2000'cd24     0x4  cmd.o [1]
  .bss               zero     0x2000'cd28     0x4  cmd.o [1]
  .bss               zero     0x2000'cd2c     0x4  cmd.o [1]
  .bss               zero     0x2000'cd30     0x4  flags.o [1]
  .bss               zero     0x2000'cd34     0x4  flags.o [1]
  .bss               zero     0x2000'cd38     0x4  kickball.o [1]
  .bss               zero     0x2000'cd3c     0x4  kickball.o [1]
  .bss               zero     0x2000'cd40     0x4  kickball.o [1]
  .bss               zero     0x2000'cd44     0x4  kickball.o [1]
  .bss               zero     0x2000'cd48     0x4  kickball.o [1]
  .bss               zero     0x2000'cd4c     0x4  kickball.o [1]
  .bss               zero     0x2000'cd50     0x4  lcd.o [1]
  .bss               zero     0x2000'cd54     0x4  lcd.o [1]
  .bss               zero     0x2000'cd58     0x4  main.o [1]
  .bss               zero     0x2000'cd5c     0x4  main.o [1]
  .bss               zero     0x2000'cd60     0x4  motor_driver.o [1]
  .bss               zero     0x2000'cd64     0x4  motor_driver.o [1]
  .bss               zero     0x2000'cd68     0x4  sensor_gpio.o [1]
  .bss               zero     0x2000'cd6c     0x4  sensor_gpio.o [1]
  .bss               zero     0x2000'cd70     0x4  sensor_gpio.o [1]
  .bss               zero     0x2000'cd74     0x4  stm32f4xx_hal.o [1]
  .bss               zero     0x2000'cd78     0x4  touchdown.o [1]
  .bss               zero     0x2000'cd7c     0x4  touchdown.o [1]
  .bss               zero     0x2000'cd80     0x4  touchdown.o [1]
  .bss               zero     0x2000'cd84     0x4  touchdown.o [1]
  .bss               zero     0x2000'cd88     0x4  strtok.o [2]
  .bss               zero     0x2000'cd8c     0x4  xfail_s.o [2]
  .bss               zero     0x2000'cd90     0x4  xgetmemchunk.o [2]
  .bss               zero     0x2000'cd94     0x1  kickball.o [1]
  .bss               zero     0x2000'cd95     0x1  touchdown.o [1]
                            - 0x2000'cd96  0x7c6e

"P2", part 3 of 3:                         0x2200
  CSTACK                      0x2000'cd98  0x1200  <Block>
    CSTACK           uninit   0x2000'cd98  0x1200  <Block tail>
  HEAP                        0x2000'df98  0x1000  <Block>
    HEAP             uninit   0x2000'df98  0x1000  <Block tail>
                            - 0x2000'ef98  0x2200

Unused ranges:

         From           To      Size
         ----           --      ----
   0x800'cf36   0x80f'ffff  0xf'30ca
  0x2000'5125  0x2000'5127       0x3
  0x2000'ef98  0x2001'ffff  0x1'1068


*******************************************************************************
*** INIT TABLE
***

          Address      Size
          -------      ----
Zero (__iar_zero_init3)
    1 destination range, total size 0x7c6e:
          0x2000'5128  0x7c6e

Copy/lz77 (__iar_lz77_init_single3)
    1 source range, total size 0x123c (22% of destination):
           0x800'bcfa  0x123c
    1 destination range, total size 0x5125:
          0x2000'0000  0x5125



*******************************************************************************
*** MODULE SUMMARY
***

    Module                  ro code  ro data  rw data
    ------                  -------  -------  -------
command line/config:
    -------------------------------------------------
    Total:

E:\Robocon_Value\Chassis_TR\EWARM\Chassis\Obj: [1]
    adc.o                       352               168
    can.o                       212                40
    can_func.o                   60       12
    can_utils.o                 586       34      136
    chassis.o                 2 792       43      240
    chassis_handle.o            872       88       64
    cmd.o                     1 076       69      656
    cmd_func.o                2 524    1 640
    configure.o                  48                32
    dma.o                       200
    flags.o                                         8
    gpio.o                      360
    hash.o                      548      100
    karman.o                     90       33      144
    kickball.o                  684       42       69
    laser.o                     680      104      336
    lcd.o                       468       44      408
    main.o                      626       20       92
    motor_driver.o              168                32
    point.o                            4 494   48 000
    point_parser.o              156       87      336
    robomaster.o                106
    sensor_gpio.o               224      125       16
    simplelib.o                  92       24
    startup_stm32f407xx.o       676
    stm32f4xx_hal.o             164        2        9
    stm32f4xx_hal_adc.o       1 396
    stm32f4xx_hal_can.o       2 034
    stm32f4xx_hal_cortex.o      344
    stm32f4xx_hal_dma.o       1 360        8
    stm32f4xx_hal_gpio.o        668
    stm32f4xx_hal_msp.o          64
    stm32f4xx_hal_rcc.o       1 444
    stm32f4xx_hal_uart.o      2 626
    stm32f4xx_it.o              292
    system_stm32f4xx.o           96       25        4
    touchdown.o                 324        3       37
    usart.o                   1 660             1 152
    utils.o                     428
    vec.o                       376
    vega.o                      336      175       12
    vesc_can.o                  308
    -------------------------------------------------
    Total:                   27 520    7 172   51 991

dl7M_tlf.a: [2]
    abort.o                       6
    dlmalloc.o                3 968               496
    exit.o                        4
    iar_Stoflt.o                452
    iar_Stopfx.o                290
    iar_Stoulx.o                372
    iar_Stoxflt.o               540
    isalpha.o                    20
    isspace.o                    20
    low_level_init.o              4
    strcspn.o                    34
    strspn.o                     34
    strtok.o                     76                 4
    tolower.o                    20
    vsnprint.o                   60
    xencoding_8859_1.o           30
    xfail_s.o                    64                 4
    xgetmemchunk.o               44                 4
    xlocale_c.o                 180       34      128
    xmbcurmax.o                  10
    xprintffull.o             3 962
    xsnprout.o                   26
    -------------------------------------------------
    Total:                   10 216       34      636

m7M_tls.a: [3]
    DblAdd.o                    378
    DblCmpEq.o                   32
    DblCmpGe.o                   46
    DblCmpLe.o                   46
    DblDiv.o                    582
    DblMul.o                    418
    DblSub.o                    226
    DblToFlt.o                  104
    DblToS32.o                   58
    DblToU32.o                   40
    FltToDbl.o                   72
    S32ToDbl.o                   34
    U32ToDbl.o                   26
    atan2_64.o                  320
    atan2f.o                    106
    cos_sin64.o               1 100
    fpinit_M.o                   34
    frexp.o                     112
    iar_Atan64.o                520
    ldexp.o                     314
    math_wrappers64.o            54
    sqrt.o                      258
    sqrtf.o                      30
    strto64.o                 1 408
    xatanf.o                    164
    -------------------------------------------------
    Total:                    6 482

rt7M_tl.a: [4]
    ABImemclr4.o                  6
    ABImemcpy.o                 166
    ABImemset.o                 102
    ABImemset48.o                50
    I64DivMod.o                 560
    I64DivZer.o                   2
    cexit.o                      10
    cmain.o                      30
    cstartup_M.o                 12
    data_init.o                  40
    lz77_init_single.o          122
    memchr.o                     88
    strchr.o                     22
    strcmp.o                     74
    strcpy.o                     76
    strlen.o                     54
    zero_init3.o                 58
    -------------------------------------------------
    Total:                    1 472

shb_l.a: [5]
    ABIassert.o                  36
    exit.o                       20
    -------------------------------------------------
    Total:                       56

    Gaps                         58        4
    Linker created                        32    8 704
-----------------------------------------------------
    Grand Total:             45 804    7 242   61 331


*******************************************************************************
*** ENTRY LIST
***

Entry                       Address   Size  Type      Object
-----                       -------   ----  ----      ------
.iar.init_table$$Base    0x800'b318          --   Gb  - Linker created -
.iar.init_table$$Limit   0x800'b338          --   Gb  - Linker created -
?main                    0x800'b519         Code  Gb  cmain.o [4]
ADC_DMAConvCplt          0x800'9f65   0x7a  Code  Lc  stm32f4xx_hal_adc.o [1]
ADC_DMAError             0x800'9ff1   0x1a  Code  Lc  stm32f4xx_hal_adc.o [1]
ADC_DMAHalfConvCplt      0x800'9fe1    0xe  Code  Lc  stm32f4xx_hal_adc.o [1]
ADC_Init                 0x800'9de3  0x15a  Code  Lc  stm32f4xx_hal_adc.o [1]
AHBPrescTable            0x800'baec   0x10  Data  Gb  system_stm32f4xx.o [1]
APBPrescTable            0x800'bbd0    0x8  Data  Gb  system_stm32f4xx.o [1]
Angle_Between_Points     0x800'3bd1   0x7a  Code  Gb  utils.o [1]
Angle_Limit_PI           0x800'3b5d   0x54  Code  Gb  utils.o [1]
Angle_Subtract           0x800'3bb1   0x20  Code  Gb  utils.o [1]
Arrive_distance         0x2000'004c    0x4  Data  Gb  chassis.o [1]
BusFault_Handler         0x800'afdf    0x2  Code  Gb  stm32f4xx_it.o [1]
CAN1_RX0_IRQHandler      0x800'b027    0xa  Code  Gb  stm32f4xx_it.o [1]
CAN_config               0x800'3db3   0x52  Code  Lc  can_utils.o [1]
CMD_USART               0x2000'c978   0x40  Data  Gb  cmd.o [1]
CSTACK$$Base            0x2000'cd98          --   Gb  - Linker created -
CSTACK$$Limit           0x2000'df98          --   Gb  - Linker created -
CacheMore                0x800'21bd   0x24  Code  Lc  xlocale_c.o [2]
DMA1_Stream0_IRQHandler
                         0x800'aff5    0xa  Code  Gb  stm32f4xx_it.o [1]
DMA1_Stream1_IRQHandler
                         0x800'afff    0xa  Code  Gb  stm32f4xx_it.o [1]
DMA1_Stream3_IRQHandler
                         0x800'b009    0xa  Code  Gb  stm32f4xx_it.o [1]
DMA1_Stream5_IRQHandler
                         0x800'b013    0xa  Code  Gb  stm32f4xx_it.o [1]
DMA1_Stream6_IRQHandler
                         0x800'b01d    0xa  Code  Gb  stm32f4xx_it.o [1]
DMA1_Stream7_IRQHandler
                         0x800'b07f    0xa  Code  Gb  stm32f4xx_it.o [1]
DMA2_Stream0_IRQHandler
                         0x800'b0a1    0xa  Code  Gb  stm32f4xx_it.o [1]
DMA2_Stream2_IRQHandler
                         0x800'b0ab    0xa  Code  Gb  stm32f4xx_it.o [1]
DMA2_Stream7_IRQHandler
                         0x800'b0b5    0xa  Code  Gb  stm32f4xx_it.o [1]
DMAUSART_RX_BUF         0x2000'c334   0x64  Data  Gb  cmd.o [1]
DMAUSART_RX_BUF_vega    0x2000'c398   0x64  Data  Gb  cmd.o [1]
DMA_CalcBaseAndBitshift
                         0x800'978d   0x30  Code  Lc  stm32f4xx_hal_dma.o [1]
DMA_CalcBaseAndBitshift::flagBitshiftOffset
                         0x800'bbc8    0x8  Data  Lc  stm32f4xx_hal_dma.o [1]
DMA_CheckFifoParam       0x800'97cd   0x9c  Code  Lc  stm32f4xx_hal_dma.o [1]
DMA_RxOK_Flag           0x2000'cd34    0x4  Data  Gb  flags.o [1]
DMA_RxOK_Flag_vega      0x2000'cd2c    0x4  Data  Gb  cmd.o [1]
DMA_SetConfig            0x800'975f   0x2e  Code  Lc  stm32f4xx_hal_dma.o [1]
DMAaRxBuffer            0x2000'c2d0   0x64  Data  Gb  cmd.o [1]
DMAaRxBuffer_vega       0x2000'c3fc   0x64  Data  Gb  cmd.o [1]
DebugMon_Handler         0x800'afe5    0x2  Code  Gb  stm32f4xx_it.o [1]
Dtentox                  0x800'56ed  0x192  Code  Lc  strto64.o [3]
Error_Handler            0x800'5545    0x2  Code  Gb  main.o [1]
HAL_ADC_ConfigChannel    0x800'9c67  0x17c  Code  Gb  stm32f4xx_hal_adc.o [1]
HAL_ADC_Init             0x800'9a9d   0x66  Code  Gb  stm32f4xx_hal_adc.o [1]
HAL_ADC_MspInit          0x800'71db   0xa2  Code  Gb  adc.o [1]
HAL_ADC_Start_DMA        0x800'9b03  0x164  Code  Gb  stm32f4xx_hal_adc.o [1]
HAL_CAN_ActivateNotification
                         0x800'507d   0x34  Code  Gb  stm32f4xx_hal_can.o [1]
HAL_CAN_AddTxMessage     0x800'4ded  0x138  Code  Gb  stm32f4xx_hal_can.o [1]
HAL_CAN_ConfigFilter     0x800'4c65  0x128  Code  Gb  stm32f4xx_hal_can.o [1]
HAL_CAN_GetRxMessage     0x800'4f25  0x158  Code  Gb  stm32f4xx_hal_can.o [1]
HAL_CAN_IRQHandler       0x800'50b1  0x224  Code  Gb  stm32f4xx_hal_can.o [1]
HAL_CAN_Init             0x800'4af9  0x16c  Code  Gb  stm32f4xx_hal_can.o [1]
HAL_CAN_MspInit          0x800'6e27   0x78  Code  Gb  can.o [1]
HAL_CAN_RxFifo0FullCallback
                         0x800'3db1    0x2  Code  Gb  can_utils.o [1]
HAL_CAN_RxFifo0MsgPendingCallback
                         0x800'3d0f   0x3a  Code  Gb  can_utils.o [1]
HAL_CAN_Start            0x800'4d8d   0x5c  Code  Gb  stm32f4xx_hal_can.o [1]
HAL_DMA_Abort            0x800'9493   0x9c  Code  Gb  stm32f4xx_hal_dma.o [1]
HAL_DMA_Abort_IT         0x800'952f   0x28  Code  Gb  stm32f4xx_hal_dma.o [1]
HAL_DMA_IRQHandler       0x800'9557  0x208  Code  Gb  stm32f4xx_hal_dma.o [1]
HAL_DMA_Init             0x800'9319   0xe2  Code  Gb  stm32f4xx_hal_dma.o [1]
HAL_DMA_Start_IT         0x800'93fb   0x98  Code  Gb  stm32f4xx_hal_dma.o [1]
HAL_GPIO_Init            0x800'8945  0x210  Code  Gb  stm32f4xx_hal_gpio.o [1]
HAL_GPIO_ReadPin         0x800'8b55   0x16  Code  Gb  stm32f4xx_hal_gpio.o [1]
HAL_GPIO_TogglePin       0x800'8b85   0x22  Code  Gb  stm32f4xx_hal_gpio.o [1]
HAL_GPIO_WritePin        0x800'8b6b   0x1a  Code  Gb  stm32f4xx_hal_gpio.o [1]
HAL_GetTick              0x800'6eb5    0xc  Code  Wk  stm32f4xx_hal.o [1]
HAL_IncTick              0x800'b0fd   0x18  Code  Wk  stm32f4xx_hal.o [1]
HAL_Init                 0x800'6ed9   0x30  Code  Gb  stm32f4xx_hal.o [1]
HAL_InitTick             0x800'9a11   0x4c  Code  Wk  stm32f4xx_hal.o [1]
HAL_MspInit              0x800'9a5d   0x40  Code  Gb  stm32f4xx_hal_msp.o [1]
HAL_NVIC_EnableIRQ       0x800'99d7    0xe  Code  Gb  stm32f4xx_hal_cortex.o [1]
HAL_NVIC_SetPriority     0x800'99ad   0x2a  Code  Gb  stm32f4xx_hal_cortex.o [1]
HAL_NVIC_SetPriorityGrouping
                         0x800'99a1    0xc  Code  Gb  stm32f4xx_hal_cortex.o [1]
HAL_RCC_ClockConfig      0x800'8721  0x13e  Code  Gb  stm32f4xx_hal_rcc.o [1]
HAL_RCC_GetHCLKFreq      0x800'885f    0x6  Code  Gb  stm32f4xx_hal_rcc.o [1]
HAL_RCC_GetPCLK1Freq     0x800'8865   0x16  Code  Gb  stm32f4xx_hal_rcc.o [1]
HAL_RCC_GetPCLK2Freq     0x800'887b   0x16  Code  Gb  stm32f4xx_hal_rcc.o [1]
HAL_RCC_OscConfig        0x800'83a1  0x380  Code  Wk  stm32f4xx_hal_rcc.o [1]
HAL_SYSTICK_Config       0x800'99e5    0xc  Code  Gb  stm32f4xx_hal_cortex.o [1]
HAL_UART_DMAStop         0x800'63fb   0x72  Code  Gb  stm32f4xx_hal_uart.o [1]
HAL_UART_IDLECallback    0x800'4149   0xf6  Code  Gb  cmd.o [1]
HAL_UART_IRQHandler      0x800'646d  0x14a  Code  Gb  stm32f4xx_hal_uart.o [1]
HAL_UART_Init            0x800'6159   0x76  Code  Gb  stm32f4xx_hal_uart.o [1]
HAL_UART_MspInit         0x800'73ed  0x4a0  Code  Gb  usart.o [1]
HAL_UART_Receive_DMA     0x800'6345   0xb6  Code  Gb  stm32f4xx_hal_uart.o [1]
HAL_UART_Transmit        0x800'61cf   0xe0  Code  Gb  stm32f4xx_hal_uart.o [1]
HAL_UART_Transmit_DMA    0x800'62af   0x96  Code  Gb  stm32f4xx_hal_uart.o [1]
HCAN                    0x2000'cb90   0x28  Data  Gb  can_utils.o [1]
HEAP$$Base              0x2000'df98          --   Gb  - Linker created -
HEAP$$Limit             0x2000'ef98          --   Gb  - Linker created -
HardFault_Handler        0x800'afdb    0x2  Code  Gb  stm32f4xx_it.o [1]
HashTable_create         0x800'48d3   0x5c  Code  Gb  hash.o [1]
HashTable_get            0x800'49c9   0x60  Code  Gb  hash.o [1]
HashTable_insert         0x800'492f   0x9a  Code  Gb  hash.o [1]
HashTable_map            0x800'4a29   0x74  Code  Gb  hash.o [1]
KalMan                   0x800'ab87   0x5a  Code  Gb  karman.o [1]
LoadInt                  0x800'138b   0x7a  Code  Lc  xprintffull.o [2]
MX_ADC1_Init             0x800'713d   0x9e  Code  Gb  adc.o [1]
MX_CAN1_Init             0x800'6de1   0x46  Code  Gb  can.o [1]
MX_DMA_Init              0x800'7075   0xc8  Code  Gb  dma.o [1]
MX_GPIO_Init             0x800'6f0d  0x168  Code  Gb  gpio.o [1]
MX_UART4_Init            0x800'729d   0x38  Code  Gb  usart.o [1]
MX_UART5_Init            0x800'72d5   0x38  Code  Gb  usart.o [1]
MX_USART1_UART_Init      0x800'730d   0x38  Code  Gb  usart.o [1]
MX_USART2_UART_Init      0x800'7345   0x38  Code  Gb  usart.o [1]
MX_USART3_UART_Init      0x800'737d   0x38  Code  Gb  usart.o [1]
MX_USART6_UART_Init      0x800'73b5   0x38  Code  Gb  usart.o [1]
MemManage_Handler        0x800'afdd    0x2  Code  Gb  stm32f4xx_it.o [1]
NMI_Handler              0x800'afd9    0x2  Code  Gb  stm32f4xx_it.o [1]
NVIC_EncodePriority      0x800'9931   0x40  Code  Lc  stm32f4xx_hal_cortex.o [1]
PID_Release              0x800'3ac9   0x94  Code  Gb  utils.o [1]
PendSV_Handler           0x800'afe7    0x2  Code  Gb  stm32f4xx_it.o [1]
Region$$Table$$Base      0x800'b318          --   Gb  - Linker created -
Region$$Table$$Limit     0x800'b338          --   Gb  - Linker created -
RxHeader                0x2000'cc24   0x1c  Data  Gb  can_utils.o [1]
SVC_Handler              0x800'afe3    0x2  Code  Gb  stm32f4xx_it.o [1]
SysTick_Config           0x800'9971   0x30  Code  Lc  stm32f4xx_hal_cortex.o [1]
SysTick_Handler          0x800'afe9    0xc  Code  Gb  stm32f4xx_it.o [1]
SystemClock_Config       0x800'539d   0xa2  Code  Gb  main.o [1]
SystemCoreClock         0x2000'5088    0x4  Data  Gb  system_stm32f4xx.o [1]
SystemInit               0x800'b115   0x40  Code  Gb  system_stm32f4xx.o [1]
TxHeader                0x2000'cc40   0x18  Data  Gb  can_utils.o [1]
TxMailbox               0x2000'cd0c    0x4  Data  Gb  can_utils.o [1]
UART5_IRQHandler         0x800'b089   0x18  Code  Gb  stm32f4xx_it.o [1]
UART_DMAAbortOnError     0x800'674d   0x16  Code  Lc  stm32f4xx_hal_uart.o [1]
UART_DMAError            0x800'6651   0x58  Code  Lc  stm32f4xx_hal_uart.o [1]
UART_DMAReceiveCplt      0x800'65fd   0x44  Code  Lc  stm32f4xx_hal_uart.o [1]
UART_DMARxHalfCplt       0x800'6641    0xe  Code  Lc  stm32f4xx_hal_uart.o [1]
UART_DMATransmitCplt     0x800'65b9   0x34  Code  Lc  stm32f4xx_hal_uart.o [1]
UART_DMATxHalfCplt       0x800'65ed    0xe  Code  Lc  stm32f4xx_hal_uart.o [1]
UART_EndRxTransfer       0x800'672b   0x20  Code  Lc  stm32f4xx_hal_uart.o [1]
UART_EndTransmit_IT      0x800'67d3   0x20  Code  Lc  stm32f4xx_hal_uart.o [1]
UART_EndTxTransfer       0x800'6717   0x14  Code  Lc  stm32f4xx_hal_uart.o [1]
UART_Receive_IT          0x800'67f3   0xae  Code  Lc  stm32f4xx_hal_uart.o [1]
UART_SetConfig           0x800'68a1  0x2e2  Code  Lc  stm32f4xx_hal_uart.o [1]
UART_Transmit_IT         0x800'6765   0x6e  Code  Lc  stm32f4xx_hal_uart.o [1]
UART_WaitOnFlagUntilTimeout
                         0x800'66a9   0x6e  Code  Lc  stm32f4xx_hal_uart.o [1]
USART1_IRQHandler        0x800'b031   0x1a  Code  Gb  stm32f4xx_it.o [1]
USART2_IRQHandler        0x800'b04b   0x1a  Code  Gb  stm32f4xx_it.o [1]
USART3_IRQHandler        0x800'b065   0x1a  Code  Gb  stm32f4xx_it.o [1]
UsageFault_Handler       0x800'afe1    0x2  Code  Gb  stm32f4xx_it.o [1]
_Encoding_8859_1_Mbrlen
                         0x800'2259    0x2  Code  Gb  xencoding_8859_1.o [2]
_Encoding_8859_1_Wctomb
                         0x800'2247   0x12  Code  Gb  xencoding_8859_1.o [2]
_GenldFull               0x800'1e1d  0x274  Code  Lc  xprintffull.o [2]
_LdtobFull               0x800'19f1  0x400  Code  Lc  xprintffull.o [2]
_LitobFull               0x800'1899  0x112  Code  Lc  xprintffull.o [2]
_LocaleC_isalpha         0x800'2183    0xc  Code  Gb  xlocale_c.o [2]
_LocaleC_islower         0x800'217d    0x4  Code  Gb  xlocale_c.o [2]
_LocaleC_isspace         0x800'2199   0x14  Code  Gb  xlocale_c.o [2]
_LocaleC_isupper         0x800'2181    0x2  Code  Gb  xlocale_c.o [2]
_LocaleC_tolower         0x800'21ad    0xc  Code  Gb  xlocale_c.o [2]
_Locale_lconv           0x2000'50a4   0x38  Data  Lc  xlocale_c.o [2]
_PrintfFull              0x800'11c9  0x1aa  Code  Gb  xprintffull.o [2]
_PutcharsFull            0x800'2091   0x2e  Code  Lc  xprintffull.o [2]
_PutfldFull              0x800'1405  0x2d8  Code  Lc  xprintffull.o [2]
_PutstrFull              0x800'17d3   0xc6  Code  Lc  xprintffull.o [2]
_PuttxtFull              0x800'16dd   0xf6  Code  Lc  xprintffull.o [2]
_SNProut                 0x800'22db   0x1a  Code  Gb  xsnprout.o [2]
_Strtok_ssave           0x2000'cd88    0x4  Data  Lc  strtok.o [2]
__NVIC_EnableIRQ         0x800'98e7   0x1e  Code  Lc  stm32f4xx_hal_cortex.o [1]
__NVIC_GetPriorityGrouping
                         0x800'98db    0xc  Code  Lc  stm32f4xx_hal_cortex.o [1]
__NVIC_SetPriority       0x800'9905   0x2c  Code  Lc  stm32f4xx_hal_cortex.o [1]
__NVIC_SetPriorityGrouping
                         0x800'98b9   0x22  Code  Lc  stm32f4xx_hal_cortex.o [1]
__aeabi_assert           0x800'6dbd   0x24  Code  Gb  ABIassert.o [5]
__aeabi_cdcmpeq          0x800'ac3d         Code  Gb  DblCmpEq.o [3]
__aeabi_cdcmple          0x800'2845         Code  Gb  DblCmpLe.o [3]
__aeabi_cdrcmple         0x800'2875         Code  Gb  DblCmpGe.o [3]
__aeabi_d2f              0x800'3a61         Code  Gb  DblToFlt.o [3]
__aeabi_d2iz             0x800'29e1         Code  Gb  DblToS32.o [3]
__aeabi_d2uiz            0x800'2d6d         Code  Gb  DblToU32.o [3]
__aeabi_dadd             0x800'2db5         Code  Gb  DblAdd.o [3]
__aeabi_ddiv             0x800'2b25         Code  Gb  DblDiv.o [3]
__aeabi_dmul             0x800'2631         Code  Gb  DblMul.o [3]
__aeabi_dsub             0x800'2a41         Code  Gb  DblSub.o [3]
__aeabi_f2d              0x800'3a19         Code  Gb  FltToDbl.o [3]
__aeabi_i2d              0x800'2a1d         Code  Gb  S32ToDbl.o [3]
__aeabi_ldiv0            0x800'2db1         Code  Gb  I64DivZer.o [4]
__aeabi_memclr4          0x800'8399         Code  Gb  ABImemclr4.o [4]
__aeabi_memcpy           0x800'2359         Code  Gb  ABImemcpy.o [4]
__aeabi_memcpy4          0x800'2379         Code  Gb  ABImemcpy.o [4]
__aeabi_memcpy8          0x800'2379         Code  Gb  ABImemcpy.o [4]
__aeabi_memset           0x800'6b91         Code  Gb  ABImemset.o [4]
__aeabi_ui2d             0x800'2d95         Code  Gb  U32ToDbl.o [3]
__aeabi_uldivmod         0x800'2401         Code  Gb  I64DivMod.o [4]
__cmain                  0x800'b519         Code  Gb  cmain.o [4]
__data_GetMemChunk       0x800'1189   0x2c  Code  Gb  xgetmemchunk.o [2]
__data_GetMemChunk::start
                        0x2000'cd90    0x4  Data  Lc  xgetmemchunk.o [2]
__exit                   0x800'11b5   0x14  Code  Gb  exit.o [5]
__iar_Atan64             0x800'9111  0x170  Code  Gb  iar_Atan64.o [3]
__iar_Fail_s             0x800'2265   0x1c  Code  Gb  xfail_s.o [2]
__iar_Mbcurmax           0x800'234d    0xa  Code  Gb  xmbcurmax.o [2]
__iar_Memchr             0x800'22f5         Code  Gb  memchr.o [4]
__iar_Memset             0x800'6b91         Code  Gb  ABImemset.o [4]
__iar_Memset4_word       0x800'abe1         Code  Gb  ABImemset48.o [4]
__iar_Memset8_word       0x800'abe1         Code  Gb  ABImemset48.o [4]
__iar_Memset_word        0x800'6b99         Code  Gb  ABImemset.o [4]
__iar_Sin64              0x800'5c09  0x3b2  Code  Lc  cos_sin64.o [3]
__iar_Sto64              0x800'5891  0x19e  Code  Gb  strto64.o [3]
__iar_Stoflt             0x800'8d05  0x1c4  Code  Gb  iar_Stoflt.o [2]
__iar_Stopfx             0x800'8be1  0x122  Code  Gb  iar_Stopfx.o [2]
__iar_Stoulx             0x800'ae51  0x112  Code  Gb  iar_Stoulx.o [2]
__iar_Stoxflt            0x800'8ec9  0x1e6  Code  Gb  iar_Stoxflt.o [2]
__iar_Stoxflt::digits    0x800'90b4   0x18  Data  Lc  iar_Stoxflt.o [2]
__iar_Stoxflt::vals      0x800'90cc   0x18  Data  Lc  iar_Stoxflt.o [2]
__iar_Strchr             0x800'2231         Code  Gb  strchr.o [4]
__iar_atan2_32           0x800'482d         Code  Gb  atan2f.o [3]
__iar_atan2_64           0x800'5ac9  0x140  Code  Gb  atan2_64.o [3]
__iar_cos64              0x800'604d    0x4  Code  Gb  cos_sin64.o [3]
__iar_cos_medium         0x800'604d    0x4  Code  Gb  cos_sin64.o [3]
__iar_cos_medium64       0x800'604d    0x4  Code  Gb  cos_sin64.o [3]
__iar_cos_mediuml        0x800'604d    0x4  Code  Gb  cos_sin64.o [3]
__iar_dadd               0x800'2a51         Code  Gb  DblSub.o [3]
__iar_data_init3         0x800'b1f5   0x28  Code  Gb  data_init.o [4]
__iar_dlmalloc           0x800'0e4d  0x2b6  Code  Gb  dlmalloc.o [2]
__iar_dsub               0x800'2dc5         Code  Gb  DblAdd.o [3]
__iar_dsubStart          0x800'2dd7         Code  Gb  DblAdd.o [3]
__iar_frexp              0x800'27e1         Code  Gb  frexp.o [3]
__iar_frexpl             0x800'27e1         Code  Gb  frexp.o [3]
__iar_globLocale        0x2000'50dc   0x48  Data  Lc  xlocale_c.o [2]
__iar_global_Locale      0x800'21b9    0x4  Code  Gb  xlocale_c.o [2]
__iar_init_vfp           0x800'b2f5         Code  Gb  fpinit_M.o [3]
__iar_ldexp64            0x800'28a5         Code  Gb  ldexp.o [3]
__iar_lz77_init_single3
                         0x800'110f   0x7a  Code  Gb  lz77_init_single.o [4]
__iar_program_start      0x800'bb6d         Code  Gb  cstartup_M.o [4]
__iar_scalbln64          0x800'28a5         Code  Gb  ldexp.o [3]
__iar_scalbn64           0x800'28a5         Code  Gb  ldexp.o [3]
__iar_sin64              0x800'6051    0x4  Code  Gb  cos_sin64.o [3]
__iar_sin_medium         0x800'6051    0x4  Code  Gb  cos_sin64.o [3]
__iar_sin_medium64       0x800'6051    0x4  Code  Gb  cos_sin64.o [3]
__iar_sin_mediuml        0x800'6051    0x4  Code  Gb  cos_sin64.o [3]
__iar_softfp___iar_frexp64
                         0x800'27d5         Code  Gb  frexp.o [3]
__iar_softfp_frexp       0x800'27d5         Code  Gb  frexp.o [3]
__iar_softfp_frexpl      0x800'27d5         Code  Gb  frexp.o [3]
__iar_sqrt32             0x800'3c75         Code  Gb  sqrtf.o [3]
__iar_sqrt64             0x800'6065         Code  Gb  sqrt.o [3]
__iar_vfp___iar_sqrt64   0x800'6055         Code  Gb  sqrt.o [3]
__iar_vfp_atan2          0x800'3eef   0x10  Code  Gb  math_wrappers64.o [3]
__iar_vfp_atof           0x800'3ee7    0x8  Code  Gb  math_wrappers64.o [3]
__iar_vfp_cos            0x800'3eff    0xc  Code  Gb  math_wrappers64.o [3]
__iar_vfp_sin            0x800'3f0b    0xc  Code  Gb  math_wrappers64.o [3]
__iar_vfp_sqrt           0x800'6055         Code  Gb  sqrt.o [3]
__iar_vfp_sqrtl          0x800'6055         Code  Gb  sqrt.o [3]
__iar_xatanf             0x800'6d19         Code  Gb  xatanf.o [3]
__iar_zero_init3         0x800'2143   0x3a  Code  Gb  zero_init3.o [4]
__low_level_init         0x800'b537    0x4  Code  Gb  low_level_init.o [2]
__vector_table           0x800'0000         Data  Gb  startup_stm32f407xx.o [1]
_call_main               0x800'b525         Code  Gb  cmain.o [4]
_cmd_help                0x800'43ad   0x18  Code  Lc  cmd.o [1]
_exit                    0x800'b541         Code  Gb  cexit.o [4]
_gLocale_mblen           0x800'221d    0x4  Code  Gb  xlocale_c.o [2]
_gLocale_mblenInt        0x800'21e1   0x2c  Code  Gb  xlocale_c.o [2]
_gLocale_wctomb          0x800'2221    0x4  Code  Gb  xlocale_c.o [2]
_gLocale_wctombInt       0x800'2219    0x4  Code  Gb  xlocale_c.o [2]
_gm_                    0x2000'be88  0x1d8  Data  Lc  dlmalloc.o [2]
_main                    0x800'b533         Code  Gb  cmain.o [4]
a                        0x800'92d8   0x40  Data  Lc  iar_Atan64.o [3]
abort                    0x800'1109    0x6  Code  Gb  abort.o [2]
add_segment              0x800'0551  0x1f2  Code  Lc  dlmalloc.o [2]
angle_pid               0x2000'002c   0x20  Data  Gb  chassis.o [1]
atan2                    0x800'5ac9  0x140  Code  Gb  atan2_64.o [3]
atan2f                   0x800'482d         Code  Gb  atan2f.o [3]
atan2l                   0x800'5ac9  0x140  Code  Gb  atan2_64.o [3]
atof                     0x800'5a75    0x8  Code  Gb  strto64.o [3]
atoi                     0x800'af69    0x2  Code  Gb  iar_Stoulx.o [2]
buffer_append_int32      0x800'a9e9   0x32  Code  Gb  vesc_can.o [1]
buffer_count            0x2000'cd28    0x4  Data  Gb  cmd.o [1]
can_callback_add         0x800'3cc9   0x1e  Code  Gb  can_utils.o [1]
can_callback_table      0x2000'cd14    0x4  Data  Lc  can_utils.o [1]
can_exc_callback         0x800'3ce7   0x28  Code  Gb  can_utils.o [1]
can_exc_callback_flag   0x2000'cd30    0x4  Data  Gb  flags.o [1]
can_ext_send_msg         0x800'3d8d   0x24  Code  Gb  can_utils.o [1]
can_func_init            0x800'4abd   0x22  Code  Gb  can_func.o [1]
can_id_init              0x800'7975   0x30  Code  Gb  configure.o [1]
can_init                 0x800'3c95   0x34  Code  Gb  can_utils.o [1]
can_rx_callback_flag    0x2000'cd08    0x4  Data  Gb  can_utils.o [1]
can_rx_data             0x2000'ccc0    0x8  Data  Gb  can_utils.o [1]
can_send_msg             0x800'3d49   0x44  Code  Gb  can_utils.o [1]
can_std_mask_filter_conf
                         0x800'3e3d   0x8a  Code  Gb  can_utils.o [1]
can_suc_rx               0x800'4ae1    0xc  Code  Gb  can_func.o [1]
chassis                 0x2000'c7c0   0x58  Data  Gb  chassis.o [1]
chassis_calculate_linespeed
                         0x800'3081   0x6a  Code  Gb  chassis.o [1]
chassis_calculate_traceangle
                         0x800'3053   0x2c  Code  Gb  chassis.o [1]
chassis_canset_motorspeed
                         0x800'30eb   0x44  Code  Gb  chassis.o [1]
chassis_exe              0x800'397b   0x2e  Code  Gb  chassis.o [1]
chassis_finish_onetrace
                         0x800'3871   0x22  Code  Gb  chassis.o [1]
chassis_goto_point       0x800'37d1   0xa0  Code  Gb  chassis.o [1]
chassis_handle          0x2000'c938   0x40  Data  Gb  chassis_handle.o [1]
chassis_init             0x800'2fa1   0x32  Code  Gb  chassis.o [1]
chassis_init_pos         0x800'2f5b   0x46  Code  Gb  chassis.o [1]
chassis_init_status      0x800'2f31   0x2a  Code  Gb  chassis.o [1]
chassis_move             0x800'3131  0x1b4  Code  Gb  chassis.o [1]
chassis_move_trace       0x800'3459  0x2fa  Code  Gb  chassis.o [1]
chassis_move_trace::distance_vec
                        0x2000'ccf0    0x8  Data  Lc  chassis.o [1]
chassis_move_trace::now_speed_vec
                        0x2000'cce0    0x8  Data  Lc  chassis.o [1]
chassis_move_trace::target_speed_vec
                        0x2000'cce8    0x8  Data  Lc  chassis.o [1]
chassis_move_traces      0x800'3755   0x7c  Code  Gb  chassis.o [1]
chassis_move_vector      0x800'32ed  0x150  Code  Gb  chassis.o [1]
chassis_pos_update       0x800'3895   0xe6  Code  Gb  chassis.o [1]
chassis_status          0x2000'cc04   0x20  Data  Gb  chassis.o [1]
chassis_swap_xy          0x800'2fd3   0x80  Code  Gb  chassis.o [1]
clock                   0x2000'ccf8    0x8  Data  Gb  main.o [1]
clock_exe                0x800'52d5   0x3c  Code  Gb  main.o [1]
cmd_add                  0x800'42d1   0x54  Code  Gb  cmd.o [1]
cmd_argv                0x2000'cb38   0x30  Data  Gb  cmd.o [1]
cmd_chassis_move         0x800'a5fb   0x78  Code  Gb  cmd_func.o [1]
cmd_chassis_print_pos    0x800'a673   0x2e  Code  Gb  cmd_func.o [1]
cmd_exec                 0x800'4287   0x2c  Code  Gb  cmd.o [1]
cmd_func_init            0x800'a6c5  0x132  Code  Gb  cmd_func.o [1]
cmd_gpio_all             0x800'a339   0x40  Code  Gb  cmd_func.o [1]
cmd_gpio_cylinder        0x800'a2e9   0x24  Code  Gb  cmd_func.o [1]
cmd_gpio_infrared        0x800'a323   0x16  Code  Gb  cmd_func.o [1]
cmd_gpio_magnet          0x800'a2c5   0x24  Code  Gb  cmd_func.o [1]
cmd_gpio_microswitch     0x800'a30d   0x16  Code  Gb  cmd_func.o [1]
cmd_hello                0x800'a00d   0x10  Code  Gb  cmd_func.o [1]
cmd_help_func            0x800'42b5   0x1c  Code  Gb  cmd.o [1]
cmd_init                 0x800'40dd   0x2e  Code  Gb  cmd.o [1]
cmd_kickball_auto        0x800'a379   0x78  Code  Gb  cmd_func.o [1]
cmd_kickball_kick        0x800'a4d7   0x18  Code  Gb  cmd_func.o [1]
cmd_kickball_m2006       0x800'a3f1   0x30  Code  Gb  cmd_func.o [1]
cmd_kickball_prepare     0x800'a48f   0x18  Code  Gb  cmd_func.o [1]
cmd_kickball_pull_magnet
                         0x800'a4a7   0x18  Code  Gb  cmd_func.o [1]
cmd_kickball_stop_magnet
                         0x800'a4bf   0x18  Code  Gb  cmd_func.o [1]
cmd_kickball_vesc        0x800'a421   0x6e  Code  Gb  cmd_func.o [1]
cmd_laser_print_diatance
                         0x800'a177    0xc  Code  Gb  cmd_func.o [1]
cmd_laser_print_pos      0x800'a183    0xc  Code  Gb  cmd_func.o [1]
cmd_m2006                0x800'a19b   0x54  Code  Gb  cmd_func.o [1]
cmd_parse                0x800'423f   0x48  Code  Gb  cmd.o [1]
cmd_point_print_path     0x800'a18f    0xc  Code  Gb  cmd_func.o [1]
cmd_table               0x2000'cd24    0x4  Data  Lc  cmd.o [1]
cmd_touchdown_auto       0x800'a4ef   0x50  Code  Gb  cmd_func.o [1]
cmd_touchdown_close      0x800'a58d   0x4a  Code  Gb  cmd_func.o [1]
cmd_touchdown_open       0x800'a53f   0x4e  Code  Gb  cmd_func.o [1]
cmd_touchdown_try        0x800'a5d7   0x24  Code  Gb  cmd_func.o [1]
cmd_touchdown_try_finish
                         0x800'a6a1   0x24  Code  Gb  cmd_func.o [1]
cmd_vega_calibrate       0x800'a16b    0xc  Code  Gb  cmd_func.o [1]
cmd_vega_correct_pos     0x800'a0af   0xbc  Code  Gb  cmd_func.o [1]
cmd_vega_print_pos       0x800'a01d    0xc  Code  Gb  cmd_func.o [1]
cmd_vega_reset           0x800'a0a3    0xc  Code  Gb  cmd_func.o [1]
cmd_vega_set_position    0x800'a029   0x7a  Code  Gb  cmd_func.o [1]
cmd_vesc                 0x800'a1ef   0xd6  Code  Gb  cmd_func.o [1]
cmpAtom                  0x800'4899    0xe  Code  Lc  hash.o [1]
comm_can_set_current     0x800'aa85   0x50  Code  Gb  vesc_can.o [1]
comm_can_set_duty        0x800'aa39   0x4c  Code  Gb  vesc_can.o [1]
comm_can_set_rpm         0x800'aad5   0x3e  Code  Gb  vesc_can.o [1]
comm_can_transmit_eid    0x800'aa1b   0x1e  Code  Gb  vesc_can.o [1]
cos                      0x800'604d    0x4  Code  Gb  cos_sin64.o [3]
cosl                     0x800'604d    0x4  Code  Gb  cos_sin64.o [3]
cylinder_state          0x2000'cd70    0x4  Data  Gb  sensor_gpio.o [1]
ddiv                     0x800'5615   0xc8  Code  Lc  strto64.o [3]
delim                   0x2000'0050    0x4  Data  Lc  cmd.o [1]
digits                   0x800'af74   0x28  Data  Lc  iar_Stoulx.o [2]
dmul                     0x800'5549   0xca  Code  Lc  strto64.o [3]
exit                     0x800'b53b    0x4  Code  Gb  exit.o [2]
flag                    0x2000'cbe0   0x24  Data  Gb  main.o [1]
freeKeyAtom              0x800'48ab    0x2  Code  Lc  hash.o [1]
gpio_cylinder            0x800'7f03   0x20  Code  Gb  sensor_gpio.o [1]
gpio_infrared            0x800'7ed5    0xe  Code  Gb  sensor_gpio.o [1]
gpio_magnet              0x800'7ee3   0x20  Code  Gb  sensor_gpio.o [1]
gpio_microswitch         0x800'7ec9    0xc  Code  Gb  sensor_gpio.o [1]
gpio_sensor_exe          0x800'7f23   0x58  Code  Gb  sensor_gpio.o [1]
hadc1                   0x2000'c818   0x48  Data  Gb  adc.o [1]
handle_button            0x800'44c5  0x132  Code  Gb  chassis_handle.o [1]
handle_exe               0x800'4641  0x1a6  Code  Gb  chassis_handle.o [1]
handle_rocker            0x800'45f7   0x48  Code  Gb  chassis_handle.o [1]
hashAtom                 0x800'48a7    0x4  Code  Lc  hash.o [1]
hashStr                  0x800'48ad   0x26  Code  Gb  hash.o [1]
hash_id                  0x800'3ec9    0x4  Code  Lc  can_utils.o [1]
hcan1                   0x2000'cb68   0x28  Data  Gb  can.o [1]
hdma_adc1               0x2000'c460   0x60  Data  Gb  adc.o [1]
hdma_uart5_rx           0x2000'c4c0   0x60  Data  Gb  usart.o [1]
hdma_uart5_tx           0x2000'c520   0x60  Data  Gb  usart.o [1]
hdma_usart1_rx          0x2000'c580   0x60  Data  Gb  usart.o [1]
hdma_usart1_tx          0x2000'c5e0   0x60  Data  Gb  usart.o [1]
hdma_usart2_rx          0x2000'c640   0x60  Data  Gb  usart.o [1]
hdma_usart2_tx          0x2000'c6a0   0x60  Data  Gb  usart.o [1]
hdma_usart3_rx          0x2000'c700   0x60  Data  Gb  usart.o [1]
hdma_usart3_tx          0x2000'c760   0x60  Data  Gb  usart.o [1]
huart1                  0x2000'ca38   0x40  Data  Gb  usart.o [1]
huart2                  0x2000'ca78   0x40  Data  Gb  usart.o [1]
huart3                  0x2000'cab8   0x40  Data  Gb  usart.o [1]
huart4                  0x2000'c9b8   0x40  Data  Gb  usart.o [1]
huart5                  0x2000'c9f8   0x40  Data  Gb  usart.o [1]
huart6                  0x2000'caf8   0x40  Data  Gb  usart.o [1]
id_cmp                   0x800'3ecd   0x10  Code  Lc  can_utils.o [1]
inc                      0x800'543f   0xd8  Code  Gb  main.o [1]
infrared_state          0x2000'5080    0x4  Data  Gb  sensor_gpio.o [1]
init_mparams             0x800'01a3   0x32  Code  Lc  dlmalloc.o [2]
init_top                 0x800'01d5   0x36  Code  Lc  dlmalloc.o [2]
isalpha                  0x800'ac27   0x14  Code  Gb  isalpha.o [2]
isspace                  0x800'ac13   0x14  Code  Gb  isspace.o [2]
kal_adc_L               0x2000'009c   0x18  Data  Gb  karman.o [1]
kal_adc_R               0x2000'00b4   0x18  Data  Gb  karman.o [1]
kal_adc_S               0x2000'00cc   0x18  Data  Gb  karman.o [1]
kal_distance_L          0x2000'0054   0x18  Data  Gb  karman.o [1]
kal_distance_R          0x2000'006c   0x18  Data  Gb  karman.o [1]
kal_distance_S          0x2000'0084   0x18  Data  Gb  karman.o [1]
kick_current            0x2000'cd64    0x4  Data  Gb  motor_driver.o [1]
kickball_M2006_set_current
                         0x800'7fa9    0x8  Code  Gb  kickball.o [1]
kickball_VESC_set_loosen_duty
                         0x800'7fbd   0x16  Code  Gb  kickball.o [1]
kickball_VESC_set_pull_current
                         0x800'7fd3   0x16  Code  Gb  kickball.o [1]
kickball_VESC_set_rpm    0x800'7fb1    0xc  Code  Gb  kickball.o [1]
kickball_auto           0x2000'010c    0x4  Data  Gb  kickball.o [1]
kickball_exe             0x800'81d5   0x30  Code  Gb  kickball.o [1]
kickball_five_score     0x2000'00f8   0x14  Data  Gb  kickball.o [1]
kickball_get_microswitch_status
                         0x800'7fef    0x6  Code  Gb  kickball.o [1]
kickball_kick_flag      0x2000'cd40    0x4  Data  Gb  kickball.o [1]
kickball_m2006_current  0x2000'00e4    0x4  Data  Gb  kickball.o [1]
kickball_num            0x2000'cd4c    0x4  Data  Gb  kickball.o [1]
kickball_prepare_flag   0x2000'cd38    0x4  Data  Gb  kickball.o [1]
kickball_pull_magnet_flag
                        0x2000'cd44    0x4  Data  Gb  kickball.o [1]
kickball_ready_flag     0x2000'cd3c    0x4  Data  Gb  kickball.o [1]
kickball_set_magnet_status
                         0x800'7fe9    0x6  Code  Gb  kickball.o [1]
kickball_set_status      0x800'7ff5   0x7c  Code  Gb  kickball.o [1]
kickball_state_machine   0x800'8071  0x164  Code  Gb  kickball.o [1]
kickball_status         0x2000'cd94    0x1  Data  Gb  kickball.o [1]
kickball_stop_magnet_flag
                        0x2000'cd48    0x4  Data  Gb  kickball.o [1]
kickball_vesc_lossen_duty
                        0x2000'00e8    0x4  Data  Gb  kickball.o [1]
kickball_vesc_pull_current10
                        0x2000'00f0    0x4  Data  Gb  kickball.o [1]
kickball_vesc_pull_current20
                        0x2000'00f4    0x4  Data  Gb  kickball.o [1]
kickball_vesc_pull_current5
                        0x2000'00ec    0x4  Data  Gb  kickball.o [1]
laser_adc               0x2000'c1f0   0x78  Data  Gb  laser.o [1]
laser_adc_split          0x800'7a83   0x36  Code  Gb  laser.o [1]
laser_calculate_angle    0x800'7b3d    0x6  Code  Gb  laser.o [1]
laser_calculate_distance
                         0x800'7ab9   0x74  Code  Gb  laser.o [1]
laser_calculate_kb       0x800'7a4d   0x36  Code  Gb  laser.o [1]
laser_calculate_x        0x800'7b2d    0x6  Code  Gb  laser.o [1]
laser_calculate_y        0x800'7b35    0x6  Code  Gb  laser.o [1]
laser_exe                0x800'7bb5   0x64  Code  Gb  laser.o [1]
laser_init               0x800'7b45   0x70  Code  Gb  laser.o [1]
laser_left              0x2000'c860   0x48  Data  Gb  laser.o [1]
laser_print_distance     0x800'7c19   0x3a  Code  Gb  laser.o [1]
laser_print_pos          0x800'7c53   0x38  Code  Gb  laser.o [1]
laser_right             0x2000'c8f0   0x48  Data  Gb  laser.o [1]
laser_side              0x2000'c8a8   0x48  Data  Gb  laser.o [1]
lcd_add                  0x800'7cf5   0x38  Code  Gb  lcd.o [1]
lcd_bite                 0x800'7def   0x20  Code  Gb  lcd.o [1]
lcd_exe                  0x800'7d59   0x14  Code  Gb  lcd.o [1]
lcd_init                 0x800'7d2d   0x2c  Code  Gb  lcd.o [1]
lcd_msg                 0x2000'c060  0x190  Data  Gb  lcd.o [1]
lcd_msg_length          0x2000'cd50    0x4  Data  Lc  lcd.o [1]
lcd_send_flag            0x800'7e0f   0x6c  Code  Gb  lcd.o [1]
lcd_send_var             0x800'7d6d   0x82  Code  Gb  lcd.o [1]
lcd_send_var::now_num   0x2000'cd54    0x4  Data  Lc  lcd.o [1]
ldexp                    0x800'28a5         Code  Gb  ldexp.o [3]
ldexpl                   0x800'28a5         Code  Gb  ldexp.o [3]
localeconv               0x800'2225    0x4  Code  Gb  xlocale_c.o [2]
m2006_exe                0x800'79f1   0x48  Code  Gb  motor_driver.o [1]
magnet_state            0x2000'cd6c    0x4  Data  Gb  sensor_gpio.o [1]
main                     0x800'5311   0x8c  Code  Gb  main.o [1]
memchr                   0x800'22f5         Code  Gb  memchr.o [4]
microswitch_state       0x2000'cd68    0x4  Data  Gb  sensor_gpio.o [1]
motor_init               0x800'79a5    0x8  Code  Gb  motor_driver.o [1]
mparams                 0x2000'cc88   0x18  Data  Lc  dlmalloc.o [2]
ndigs                    0x800'af9c   0x28  Data  Lc  iar_Stoulx.o [2]
nor                     0x2000'ccd8    0x8  Data  Gb  chassis.o [1]
output                  0x2000'ccd0    0x8  Data  Gb  chassis.o [1]
pContainer              0x2000'4f30  0x150  Data  Gb  point_parser.o [1]
point_print_path         0x800'adb5   0x92  Code  Gb  point_parser.o [1]
points_pos1             0x2000'5128  0xfa0  Data  Gb  point.o [1]
points_pos10            0x2000'9f48  0xfa0  Data  Gb  point.o [1]
points_pos11            0x2000'3f90  0xfa0  Data  Gb  point.o [1]
points_pos12            0x2000'aee8  0xfa0  Data  Gb  point.o [1]
points_pos2             0x2000'60c8  0xfa0  Data  Gb  point.o [1]
points_pos3             0x2000'0110  0xfa0  Data  Gb  point.o [1]
points_pos4             0x2000'10b0  0xfa0  Data  Gb  point.o [1]
points_pos5             0x2000'2050  0xfa0  Data  Gb  point.o [1]
points_pos6             0x2000'2ff0  0xfa0  Data  Gb  point.o [1]
points_pos7             0x2000'7068  0xfa0  Data  Gb  point.o [1]
points_pos8             0x2000'8008  0xfa0  Data  Gb  point.o [1]
points_pos9             0x2000'8fa8  0xfa0  Data  Gb  point.o [1]
posture                 0x2000'cc58   0x18  Data  Lc  cmd.o [1]
pows                     0x800'5a80   0x48  Data  Lc  strto64.o [3]
prepend_alloc            0x800'020b  0x346  Code  Lc  dlmalloc.o [2]
print_buffer            0x2000'c268   0x68  Data  Gb  cmd.o [1]
recive_id               0x2000'ccb0   0x10  Data  Gb  configure.o [1]
robomaster_set_current   0x800'ab1d   0x68  Code  Gb  robomaster.o [1]
rx_buffer               0x2000'ccc8    0x8  Data  Lc  can_utils.o [1]
rx_id                   0x2000'cd10    0x4  Data  Lc  can_utils.o [1]
scalbln                  0x800'28a5         Code  Gb  ldexp.o [3]
scalblnl                 0x800'28a5         Code  Gb  ldexp.o [3]
scalbn                   0x800'28a5         Code  Gb  ldexp.o [3]
scalbnl                  0x800'28a5         Code  Gb  ldexp.o [3]
scale                    0x800'19ab   0x46  Code  Lc  xprintffull.o [2]
sec_hand                0x2000'cd8c    0x4  Data  Lc  xfail_s.o [2]
segment_holding          0x800'0189   0x1a  Code  Lc  dlmalloc.o [2]
send_id                 0x2000'cca0   0x10  Data  Gb  configure.o [1]
simplelib_init           0x800'7919   0x2a  Code  Gb  simplelib.o [1]
simplelib_run            0x800'7943   0x24  Code  Gb  simplelib.o [1]
sin                      0x800'6051    0x4  Code  Gb  cos_sin64.o [3]
sinl                     0x800'6051    0x4  Code  Gb  cos_sin64.o [3]
sqrt                     0x800'6065         Code  Gb  sqrt.o [3]
sqrtf                    0x800'3c75         Code  Gb  sqrtf.o [3]
sqrtl                    0x800'6065         Code  Gb  sqrt.o [3]
std_id                  0x2000'0000    0xc  Data  Gb  can_utils.o [1]
str_cmp                  0x800'4391   0x1c  Code  Lc  cmd.o [1]
strchr                   0x800'2231         Code  Gb  strchr.o [4]
strcmp                   0x800'6ccd         Code  Gb  strcmp.o [4]
strcpy                   0x800'6bf9         Code  Gb  strcpy.o [4]
strcspn                  0x800'9895   0x22  Code  Gb  strcspn.o [2]
strlen                   0x800'22a5         Code  Gb  strlen.o [4]
strspn                   0x800'9873   0x22  Code  Gb  strspn.o [2]
strtok                   0x800'6c45   0x4c  Code  Gb  strtok.o [2]
sys_alloc                0x800'0749  0x164  Code  Lc  dlmalloc.o [2]
test_flag0              0x2000'cd5c    0x4  Data  Gb  main.o [1]
test_value              0x2000'cbb8   0x28  Data  Gb  main.o [1]
time_1ms_cnt            0x2000'cd58    0x4  Data  Lc  main.o [1]
tmalloc_large            0x800'08b9  0x386  Code  Lc  dlmalloc.o [2]
tmalloc_small            0x800'0c3f  0x200  Code  Lc  dlmalloc.o [2]
tolower                  0x800'afc5   0x14  Code  Gb  tolower.o [2]
touchdown_auto_flag     0x2000'5094    0x4  Data  Gb  touchdown.o [1]
touchdown_close_current
                        0x2000'5090    0x4  Data  Gb  touchdown.o [1]
touchdown_current       0x2000'cd60    0x4  Data  Gb  motor_driver.o [1]
touchdown_cylinder_pull
                         0x800'825d    0x8  Code  Gb  touchdown.o [1]
touchdown_cylinder_push
                         0x800'8255    0x8  Code  Gb  touchdown.o [1]
touchdown_exe            0x800'8353   0x10  Code  Gb  touchdown.o [1]
touchdown_m2006_close    0x800'8277   0x12  Code  Gb  touchdown.o [1]
touchdown_m2006_open     0x800'8265   0x12  Code  Gb  touchdown.o [1]
touchdown_open_current  0x2000'508c    0x4  Data  Gb  touchdown.o [1]
touchdown_ready_flag    0x2000'cd78    0x4  Data  Gb  touchdown.o [1]
touchdown_state_machine
                         0x800'8289   0xca  Code  Gb  touchdown.o [1]
touchdown_state_machine::time
                        0x2000'cd00    0x8  Data  Lc  touchdown.o [1]
touchdown_state_machine::waitingtime
                        0x2000'cd84    0x4  Data  Lc  touchdown.o [1]
touchdown_status        0x2000'cd95    0x1  Data  Gb  touchdown.o [1]
touchdown_try_finish_flag
                        0x2000'cd80    0x4  Data  Gb  touchdown.o [1]
touchdown_try_flag      0x2000'cd7c    0x4  Data  Gb  touchdown.o [1]
uprintf                  0x800'4325   0x36  Code  Gb  cmd.o [1]
uprintf_to               0x800'435b   0x34  Code  Gb  cmd.o [1]
usart_DMA_init           0x800'4091   0x4c  Code  Gb  cmd.o [1]
usart_exc_DMA            0x800'410b   0x3e  Code  Gb  cmd.o [1]
usart_exc_DMA_vega       0x800'43c5   0xa6  Code  Gb  cmd.o [1]
uwTick                  0x2000'cd74    0x4  Data  Gb  stm32f4xx_hal.o [1]
uwTickFreq              0x2000'5124    0x1  Data  Gb  stm32f4xx_hal.o [1]
uwTickPrio              0x2000'5084    0x4  Data  Gb  stm32f4xx_hal.o [1]
vec_add                  0x800'3f19   0x22  Code  Gb  vec.o [1]
vec_create               0x800'3f7f   0x1a  Code  Gb  vec.o [1]
vec_is_zero              0x800'403d   0x46  Code  Gb  vec.o [1]
vec_model                0x800'3f53   0x2c  Code  Gb  vec.o [1]
vec_mul                  0x800'3f3b   0x18  Code  Gb  vec.o [1]
vec_mul_i                0x800'3f99   0x5c  Code  Gb  vec.o [1]
vec_normal               0x800'3ff5   0x48  Code  Gb  vec.o [1]
vector_d                0x2000'cd20    0x4  Data  Gb  chassis.o [1]
vega_calibration         0x800'ac65   0x1c  Code  Gb  vega.o [1]
vega_correct_pos         0x800'aceb   0x60  Code  Gb  vega.o [1]
vega_in_coordinate      0x2000'5098    0xc  Data  Gb  vega.o [1]
vega_print_pos           0x800'ad4b   0x3a  Code  Gb  vega.o [1]
vega_reset               0x800'ac81   0x1c  Code  Gb  vega.o [1]
vega_set_position        0x800'ac9d   0x4e  Code  Gb  vega.o [1]
vesc                    0x2000'cc70   0x18  Data  Gb  motor_driver.o [1]
vsec_exe                 0x800'79ad   0x42  Code  Gb  motor_driver.o [1]
vsnprintf                0x800'6c91   0x3c  Code  Gb  vsnprint.o [2]
vx_output               0x2000'cd18    0x4  Data  Gb  chassis.o [1]
vy_output               0x2000'cd1c    0x4  Data  Gb  chassis.o [1]
y_pid                   0x2000'000c   0x20  Data  Gb  chassis.o [1]


[1] = E:\Robocon_Value\Chassis_TR\EWARM\Chassis\Obj
[2] = dl7M_tlf.a
[3] = m7M_tls.a
[4] = rt7M_tl.a
[5] = shb_l.a

  45 804 bytes of readonly  code memory
   7 242 bytes of readonly  data memory
  61 331 bytes of readwrite data memory

Errors: none
Warnings: none
