###############################################################################
#
# IAR ELF Linker V8.30.1.114/W32 for ARM                  14/Jan/2020  16:33:30
# Copyright 2007-2018 IAR Systems AB.
#
#    Output file  =  E:\Robocon_Value\Chassis_TR\EWARM\Chassis\Exe\Chassis.out
#    Map file     =  E:\Robocon_Value\Chassis_TR\EWARM\Chassis\List\Chassis.map
#    Command line =  
#        -f C:\Users\DELL\AppData\Local\Temp\EWBB8A.tmp
#        (E:\Robocon_Value\Chassis_TR\EWARM\Chassis\Obj\adc.o
#        E:\Robocon_Value\Chassis_TR\EWARM\Chassis\Obj\can.o
#        E:\Robocon_Value\Chassis_TR\EWARM\Chassis\Obj\can_func.o
#        E:\Robocon_Value\Chassis_TR\EWARM\Chassis\Obj\can_utils.o
#        E:\Robocon_Value\Chassis_TR\EWARM\Chassis\Obj\chassis.o
#        E:\Robocon_Value\Chassis_TR\EWARM\Chassis\Obj\chassis_handle.o
#        E:\Robocon_Value\Chassis_TR\EWARM\Chassis\Obj\cmd.o
#        E:\Robocon_Value\Chassis_TR\EWARM\Chassis\Obj\cmd_func.o
#        E:\Robocon_Value\Chassis_TR\EWARM\Chassis\Obj\configure.o
#        E:\Robocon_Value\Chassis_TR\EWARM\Chassis\Obj\dma.o
#        E:\Robocon_Value\Chassis_TR\EWARM\Chassis\Obj\flags.o
#        E:\Robocon_Value\Chassis_TR\EWARM\Chassis\Obj\flash.o
#        E:\Robocon_Value\Chassis_TR\EWARM\Chassis\Obj\gpio.o
#        E:\Robocon_Value\Chassis_TR\EWARM\Chassis\Obj\hash.o
#        E:\Robocon_Value\Chassis_TR\EWARM\Chassis\Obj\karman.o
#        E:\Robocon_Value\Chassis_TR\EWARM\Chassis\Obj\kickball.o
#        E:\Robocon_Value\Chassis_TR\EWARM\Chassis\Obj\laser.o
#        E:\Robocon_Value\Chassis_TR\EWARM\Chassis\Obj\lcd.o
#        E:\Robocon_Value\Chassis_TR\EWARM\Chassis\Obj\main.o
#        E:\Robocon_Value\Chassis_TR\EWARM\Chassis\Obj\motor_driver.o
#        E:\Robocon_Value\Chassis_TR\EWARM\Chassis\Obj\point.o
#        E:\Robocon_Value\Chassis_TR\EWARM\Chassis\Obj\point_parser.o
#        E:\Robocon_Value\Chassis_TR\EWARM\Chassis\Obj\robomaster.o
#        E:\Robocon_Value\Chassis_TR\EWARM\Chassis\Obj\sensor_gpio.o
#        E:\Robocon_Value\Chassis_TR\EWARM\Chassis\Obj\simplelib.o
#        E:\Robocon_Value\Chassis_TR\EWARM\Chassis\Obj\startup_stm32f407xx.o
#        E:\Robocon_Value\Chassis_TR\EWARM\Chassis\Obj\stm32f4xx_hal.o
#        E:\Robocon_Value\Chassis_TR\EWARM\Chassis\Obj\stm32f4xx_hal_adc.o
#        E:\Robocon_Value\Chassis_TR\EWARM\Chassis\Obj\stm32f4xx_hal_adc_ex.o
#        E:\Robocon_Value\Chassis_TR\EWARM\Chassis\Obj\stm32f4xx_hal_can.o
#        E:\Robocon_Value\Chassis_TR\EWARM\Chassis\Obj\stm32f4xx_hal_cortex.o
#        E:\Robocon_Value\Chassis_TR\EWARM\Chassis\Obj\stm32f4xx_hal_dma.o
#        E:\Robocon_Value\Chassis_TR\EWARM\Chassis\Obj\stm32f4xx_hal_dma_ex.o
#        E:\Robocon_Value\Chassis_TR\EWARM\Chassis\Obj\stm32f4xx_hal_exti.o
#        E:\Robocon_Value\Chassis_TR\EWARM\Chassis\Obj\stm32f4xx_hal_flash.o
#        E:\Robocon_Value\Chassis_TR\EWARM\Chassis\Obj\stm32f4xx_hal_flash_ex.o
#        E:\Robocon_Value\Chassis_TR\EWARM\Chassis\Obj\stm32f4xx_hal_flash_ramfunc.o
#        E:\Robocon_Value\Chassis_TR\EWARM\Chassis\Obj\stm32f4xx_hal_gpio.o
#        E:\Robocon_Value\Chassis_TR\EWARM\Chassis\Obj\stm32f4xx_hal_msp.o
#        E:\Robocon_Value\Chassis_TR\EWARM\Chassis\Obj\stm32f4xx_hal_pwr.o
#        E:\Robocon_Value\Chassis_TR\EWARM\Chassis\Obj\stm32f4xx_hal_pwr_ex.o
#        E:\Robocon_Value\Chassis_TR\EWARM\Chassis\Obj\stm32f4xx_hal_rcc.o
#        E:\Robocon_Value\Chassis_TR\EWARM\Chassis\Obj\stm32f4xx_hal_rcc_ex.o
#        E:\Robocon_Value\Chassis_TR\EWARM\Chassis\Obj\stm32f4xx_hal_tim.o
#        E:\Robocon_Value\Chassis_TR\EWARM\Chassis\Obj\stm32f4xx_hal_tim_ex.o
#        E:\Robocon_Value\Chassis_TR\EWARM\Chassis\Obj\stm32f4xx_hal_uart.o
#        E:\Robocon_Value\Chassis_TR\EWARM\Chassis\Obj\stm32f4xx_it.o
#        E:\Robocon_Value\Chassis_TR\EWARM\Chassis\Obj\stmflash.o
#        E:\Robocon_Value\Chassis_TR\EWARM\Chassis\Obj\sys.o
#        E:\Robocon_Value\Chassis_TR\EWARM\Chassis\Obj\system_stm32f4xx.o
#        E:\Robocon_Value\Chassis_TR\EWARM\Chassis\Obj\touchdown.o
#        E:\Robocon_Value\Chassis_TR\EWARM\Chassis\Obj\usart.o
#        E:\Robocon_Value\Chassis_TR\EWARM\Chassis\Obj\utils.o
#        E:\Robocon_Value\Chassis_TR\EWARM\Chassis\Obj\vec.o
#        E:\Robocon_Value\Chassis_TR\EWARM\Chassis\Obj\vega.o
#        E:\Robocon_Value\Chassis_TR\EWARM\Chassis\Obj\vesc_can.o --redirect
#        _Printf=_PrintfFull --redirect _Scanf=_ScanfFull --no_out_extension -o
#        E:\Robocon_Value\Chassis_TR\EWARM\Chassis\Exe\Chassis.out --map
#        E:\Robocon_Value\Chassis_TR\EWARM\Chassis\List\Chassis.map --config
#        E:\Robocon_Value\Chassis_TR\EWARM/stm32f407xx_flash.icf --semihosting
#        --entry __iar_program_start --vfe --text_out locale)
#
###############################################################################

*******************************************************************************
*** RUNTIME MODEL ATTRIBUTES
***

CppFlavor       = *
__Heap_Handler  = DLMalloc
__SystemLibrary = DLib
__dlib_version  = 6


*******************************************************************************
*** HEAP SELECTION
***

The advanced heap was selected because the application calls memory
allocation functions outside of system library functions, and there
are calls to deallocation functions in the application.


*******************************************************************************
*** PLACEMENT SUMMARY
***

"A0":  place at 0x800'0000 { ro section .intvec };
"P1":  place in [from 0x800'0000 to 0x80f'ffff] { ro };
define block CSTACK with size = 4608, alignment = 8 { };
define block HEAP with size = 4K, alignment = 8 { };
"P2":  place in [from 0x2000'0000 to 0x2001'ffff] {
          rw, block CSTACK, block HEAP };
initialize by copy { rw };

  Section            Kind         Address    Size  Object
  -------            ----         -------    ----  ------
"A0":                                       0x188
  .intvec            ro code   0x800'0000   0x188  startup_stm32f407xx.o [1]
                             - 0x800'0188   0x188

"P1":                                      0xb0ca
  .text              ro code   0x800'0188   0xf80  dlmalloc.o [2]
  .text              ro code   0x800'1108     0x6  abort.o [2]
  .text              ro code   0x800'110e    0x7a  lz77_init_single.o [4]
  .text              ro code   0x800'1188    0x2c  xgetmemchunk.o [2]
  .text              ro code   0x800'11b4    0x14  exit.o [5]
  .text              ro code   0x800'11c8   0xf7a  xprintffull.o [2]
  .text              ro code   0x800'2142    0x3a  zero_init3.o [4]
  .text              ro code   0x800'217c    0xb4  xlocale_c.o [2]
  .text              ro code   0x800'2230    0x16  strchr.o [4]
  .text              ro code   0x800'2246    0x1e  xencoding_8859_1.o [2]
  .text              ro code   0x800'2264    0x40  xfail_s.o [2]
  .text              ro code   0x800'22a4    0x36  strlen.o [4]
  .text              ro code   0x800'22da    0x1a  xsnprout.o [2]
  .text              ro code   0x800'22f4    0x58  memchr.o [4]
  .text              ro code   0x800'234c     0xa  xmbcurmax.o [2]
  .text              ro code   0x800'2358    0xa6  ABImemcpy.o [4]
  .text              ro code   0x800'2400   0x230  I64DivMod.o [4]
  .text              ro code   0x800'2630   0x1a2  DblMul.o [3]
  .text              ro code   0x800'27d4    0x70  frexp.o [3]
  .text              ro code   0x800'2844    0x2e  DblCmpLe.o [3]
  .text              ro code   0x800'2874    0x2e  DblCmpGe.o [3]
  .text              ro code   0x800'28a4   0x13a  ldexp.o [3]
  .text              ro code   0x800'29e0    0x3a  DblToS32.o [3]
  .text              ro code   0x800'2a1c    0x22  S32ToDbl.o [3]
  .text              ro code   0x800'2a40    0xe2  DblSub.o [3]
  .text              ro code   0x800'2b24   0x246  DblDiv.o [3]
  .text              ro code   0x800'2d6c    0x28  DblToU32.o [3]
  .text              ro code   0x800'2d94    0x1a  U32ToDbl.o [3]
  .text              ro code   0x800'2db0     0x2  I64DivZer.o [4]
  .text              ro code   0x800'2db4   0x17a  DblAdd.o [3]
  .text              ro code   0x800'2f30   0xa38  stm32f4xx_hal_uart.o [1]
  .text              ro code   0x800'3968   0x67c  usart.o [1]
  .text              ro code   0x800'3fe4     0xc  stm32f4xx_hal.o [1]
  .text              ro code   0x800'3ff0   0x550  stm32f4xx_hal_dma.o [1]
  .text              ro code   0x800'4540     0x2  stm32f4xx_hal_uart.o [1]
  .text              ro code   0x800'4542     0x2  stm32f4xx_hal_uart.o [1]
  .text              ro code   0x800'4544     0x2  stm32f4xx_hal_uart.o [1]
  .text              ro code   0x800'4546     0x2  stm32f4xx_hal_uart.o [1]
  .text              ro code   0x800'4548     0x2  stm32f4xx_hal_uart.o [1]
  .text              ro code   0x800'454c   0x224  stm32f4xx_hal_rcc.o [1]
  .text              ro code   0x800'4770   0x27e  main.o [1]
  .text              ro code   0x800'49f0     0x6  ABImemclr4.o [4]
  .text              ro code   0x800'49f8   0x29c  stm32f4xx_hal_gpio.o [1]
  .text              ro code   0x800'4c94   0x158  stm32f4xx_hal_cortex.o [1]
  .text              ro code   0x800'4dec    0x4c  stm32f4xx_hal.o [1]
  .text              ro code   0x800'4e38    0x34  stm32f4xx_hal.o [1]
  .text              ro code   0x800'4e6c   0x168  gpio.o [1]
  .text              ro code   0x800'4fd4    0xc8  dma.o [1]
  .text              ro code   0x800'509c   0x160  adc.o [1]
  .text              ro code   0x800'51fc    0xd4  can.o [1]
  .text              ro code   0x800'52d0    0x5c  simplelib.o [1]
  .text              ro code   0x800'532c    0x30  configure.o [1]
  .text              ro code   0x800'535c   0x3d8  chassis.o [1]
  .text              ro code   0x800'5734    0xa8  motor_driver.o [1]
  .text              ro code   0x800'57dc   0x2a8  laser.o [1]
  .text              ro code   0x800'5a84   0x120  lcd.o [1]
  .text              ro code   0x800'5ba4    0xe0  sensor_gpio.o [1]
  .text              ro code   0x800'5c84   0x2ac  kickball.o [1]
  .text              ro code   0x800'5f30   0x144  touchdown.o [1]
  .text              ro code   0x800'6074   0x380  stm32f4xx_hal_rcc.o [1]
  .text              ro code   0x800'63f4   0x444  cmd.o [1]
  .text              ro code   0x800'6838    0x32  ABImemset48.o [4]
  .text              ro code   0x800'686c    0x40  stm32f4xx_hal_msp.o [1]
  .text              ro code   0x800'68ac   0x56e  stm32f4xx_hal_adc.o [1]
  .text              ro code   0x800'6e1c   0x7dc  stm32f4xx_hal_can.o [1]
  .text              ro code   0x800'75f8   0x9dc  cmd_func.o [1]
  .text              ro code   0x800'7fd4   0x24a  can_utils.o [1]
  .text              ro code   0x800'8220    0x3c  can_func.o [1]
  .text              ro code   0x800'825c    0x48  FltToDbl.o [3]
  .text              ro code   0x800'82a4    0x2a  math_wrappers64.o [3]
  .text              ro code   0x800'82d0    0x68  DblToFlt.o [3]
  .text              ro code   0x800'8338   0x124  utils.o [1]
  .text              ro code   0x800'845c    0x46  vec.o [1]
  .text              ro code   0x800'84a4   0x260  chassis_handle.o [1]
  .text              ro code   0x800'8704   0x134  vesc_can.o [1]
  .text              ro code   0x800'8838    0x6a  robomaster.o [1]
  .text              ro code   0x800'88a2    0x5a  karman.o [1]
  .text              ro code   0x800'88fc    0x4c  strcpy.o [4]
  .text              ro code   0x800'8948   0x224  hash.o [1]
  .text              ro code   0x800'8b6c    0x66  ABImemset.o [4]
  .text              ro code   0x800'8bd4    0x4c  strtok.o [2]
  .text              ro code   0x800'8c20    0x3c  vsnprint.o [2]
  .text              ro code   0x800'8c5c    0x4a  strcmp.o [4]
  .text              ro code   0x800'8ca6     0x2  stm32f4xx_hal_adc.o [1]
  .text              ro code   0x800'8ca8     0x2  stm32f4xx_hal_adc.o [1]
  .text              ro code   0x800'8caa     0x2  stm32f4xx_hal_adc.o [1]
  .text              ro code   0x800'8cac     0x2  stm32f4xx_hal_can.o [1]
  .text              ro code   0x800'8cae     0x2  stm32f4xx_hal_can.o [1]
  .text              ro code   0x800'8cb0     0x2  stm32f4xx_hal_can.o [1]
  .text              ro code   0x800'8cb2     0x2  stm32f4xx_hal_can.o [1]
  .text              ro code   0x800'8cb4     0x2  stm32f4xx_hal_can.o [1]
  .text              ro code   0x800'8cb6     0x2  stm32f4xx_hal_can.o [1]
  .text              ro code   0x800'8cb8     0x2  stm32f4xx_hal_can.o [1]
  .text              ro code   0x800'8cba     0x2  stm32f4xx_hal_can.o [1]
  .text              ro code   0x800'8cbc     0x2  stm32f4xx_hal_can.o [1]
  .text              ro code   0x800'8cbe     0x2  stm32f4xx_hal_can.o [1]
  .text              ro code   0x800'8cc0     0x2  stm32f4xx_hal_can.o [1]
  .text              ro code   0x800'8cc4   0x150  vega.o [1]
  .text              ro code   0x800'8e14    0x9c  point_parser.o [1]
  .text              ro code   0x800'8eb0   0x174  iar_Stoulx.o [2]
  .text              ro code   0x800'9024    0x20  DblCmpEq.o [3]
  .rodata            const     0x800'9044    0x2c  cmd_func.o [1]
  .text              ro code   0x800'9070   0x580  strto64.o [3]
  .text              ro code   0x800'95f0   0x140  atan2_64.o [3]
  .text              ro code   0x800'9730   0x448  cos_sin64.o [3]
  .text              ro code   0x800'9b78   0x102  sqrt.o [3]
  .text              ro code   0x800'9c7c    0x24  ABIassert.o [5]
  .text              ro code   0x800'9ca0    0x22  strspn.o [2]
  .text              ro code   0x800'9cc2    0x22  strcspn.o [2]
  .text              ro code   0x800'9ce4    0x14  isspace.o [2]
  .text              ro code   0x800'9cf8    0x14  tolower.o [2]
  .text              ro code   0x800'9d0c   0x122  iar_Stopfx.o [2]
  .text              ro code   0x800'9e30   0x1c4  iar_Stoflt.o [2]
  .text              ro code   0x800'9ff4   0x21c  iar_Stoxflt.o [2]
  .text              ro code   0x800'a210   0x208  iar_Atan64.o [3]
  .text              ro code   0x800'a418    0x14  isalpha.o [2]
  .text              ro code   0x800'a42c   0x124  stm32f4xx_it.o [1]
  .text              ro code   0x800'a550    0x18  stm32f4xx_hal.o [1]
  .text              ro code   0x800'a568    0x60  system_stm32f4xx.o [1]
  .rodata            const     0x800'a5c8    0x30  hash.o [1]
  .rodata            const     0x800'a5f8    0x28  cmd_func.o [1]
  .rodata            const     0x800'a620    0x28  vega.o [1]
  .text              ro code   0x800'a648    0x28  data_init.o [4]
  .rodata            const     0x800'a670    0x24  cmd_func.o [1]
  .rodata            const     0x800'a694    0x24  cmd_func.o [1]
  .rodata            const     0x800'a6b8    0x24  cmd_func.o [1]
  .rodata            const     0x800'a6dc    0x24  cmd_func.o [1]
  .rodata            const     0x800'a700    0x24  cmd_func.o [1]
  .rodata            const     0x800'a724    0x24  cmd_func.o [1]
  .text              ro code   0x800'a748    0x22  fpinit_M.o [3]
  .iar.init_table    const     0x800'a76c    0x20  - Linker created -
  .rodata            const     0x800'a78c    0x20  can_utils.o [1]
  .rodata            const     0x800'a7ac    0x20  cmd_func.o [1]
  .rodata            const     0x800'a7cc    0x20  cmd_func.o [1]
  .rodata            const     0x800'a7ec    0x20  cmd_func.o [1]
  .rodata            const     0x800'a80c    0x20  cmd_func.o [1]
  .rodata            const     0x800'a82c    0x20  cmd_func.o [1]
  .rodata            const     0x800'a84c    0x20  cmd_func.o [1]
  .rodata            const     0x800'a86c    0x20  cmd_func.o [1]
  .rodata            const     0x800'a88c    0x20  hash.o [1]
  .rodata            const     0x800'a8ac    0x20  kickball.o [1]
  .rodata            const     0x800'a8cc    0x20  sensor_gpio.o [1]
  .rodata            const     0x800'a8ec    0x20  sensor_gpio.o [1]
  .rodata            const     0x800'a90c    0x20  sensor_gpio.o [1]
  .rodata            const     0x800'a92c    0x20  vega.o [1]
  .rodata            const     0x800'a94c    0x20  vega.o [1]
  .text              ro code   0x800'a96c    0x1e  cmain.o [4]
  .text              ro code   0x800'a98a     0x4  low_level_init.o [2]
  .text              ro code   0x800'a98e     0x4  exit.o [2]
  .text              ro code   0x800'a994     0xa  cexit.o [4]
  .rodata            const     0x800'a9a0    0x1c  cmd_func.o [1]
  .rodata            const     0x800'a9bc    0x1c  cmd_func.o [1]
  .rodata            const     0x800'a9d8    0x1c  cmd_func.o [1]
  .rodata            const     0x800'a9f4    0x1c  cmd_func.o [1]
  .rodata            const     0x800'aa10    0x1c  cmd_func.o [1]
  .rodata            const     0x800'aa2c    0x1c  cmd_func.o [1]
  .rodata            const     0x800'aa48    0x1c  cmd_func.o [1]
  .rodata            const     0x800'aa64    0x1c  cmd_func.o [1]
  .rodata            const     0x800'aa80    0x1c  cmd_func.o [1]
  .rodata            const     0x800'aa9c    0x1c  cmd_func.o [1]
  .rodata            const     0x800'aab8    0x1c  cmd_func.o [1]
  .rodata            const     0x800'aad4    0x1c  lcd.o [1]
  .rodata            const     0x800'aaf0    0x1c  sensor_gpio.o [1]
  .rodata            const     0x800'ab0c    0x1c  vega.o [1]
  .rodata            const     0x800'ab28    0x18  chassis_handle.o [1]
  .rodata            const     0x800'ab40    0x18  chassis_handle.o [1]
  .rodata            const     0x800'ab58    0x18  chassis_handle.o [1]
  .rodata            const     0x800'ab70    0x18  cmd_func.o [1]
  .rodata            const     0x800'ab88    0x18  cmd_func.o [1]
  .rodata            const     0x800'aba0    0x18  cmd_func.o [1]
  .rodata            const     0x800'abb8    0x18  cmd_func.o [1]
  .rodata            const     0x800'abd0    0x18  cmd_func.o [1]
  .rodata            const     0x800'abe8    0x18  cmd_func.o [1]
  .rodata            const     0x800'ac00    0x18  cmd_func.o [1]
  .rodata            const     0x800'ac18    0x18  cmd_func.o [1]
  .rodata            const     0x800'ac30    0x18  cmd_func.o [1]
  .rodata            const     0x800'ac48    0x18  cmd_func.o [1]
  .rodata            const     0x800'ac60    0x18  cmd_func.o [1]
  .rodata            const     0x800'ac78    0x18  laser.o [1]
  .rodata            const     0x800'ac90    0x18  simplelib.o [1]
  .rodata            const     0x800'aca8    0x18  vega.o [1]
  .rodata            const     0x800'acc0    0x14  cmd_func.o [1]
  .rodata            const     0x800'acd4    0x14  cmd_func.o [1]
  .rodata            const     0x800'ace8    0x14  cmd_func.o [1]
  .rodata            const     0x800'acfc    0x14  cmd_func.o [1]
  .rodata            const     0x800'ad10    0x14  cmd_func.o [1]
  .rodata            const     0x800'ad24    0x14  cmd_func.o [1]
  .rodata            const     0x800'ad38    0x14  cmd_func.o [1]
  .rodata            const     0x800'ad4c    0x14  cmd_func.o [1]
  .rodata            const     0x800'ad60    0x14  cmd_func.o [1]
  .rodata            const     0x800'ad74    0x14  cmd_func.o [1]
  .rodata            const     0x800'ad88    0x14  main.o [1]
  .rodata            const     0x800'ad9c    0x10  chassis_handle.o [1]
  .rodata            const     0x800'adac    0x10  cmd.o [1]
  .rodata            const     0x800'adbc    0x10  cmd.o [1]
  .rodata            const     0x800'adcc    0x10  cmd_func.o [1]
  .rodata            const     0x800'addc    0x10  cmd_func.o [1]
  .rodata            const     0x800'adec    0x10  cmd_func.o [1]
  .rodata            const     0x800'adfc    0x10  cmd_func.o [1]
  .rodata            const     0x800'ae0c    0x10  cmd_func.o [1]
  .rodata            const     0x800'ae1c    0x10  cmd_func.o [1]
  .rodata            const     0x800'ae2c    0x10  cmd_func.o [1]
  .rodata            const     0x800'ae3c    0x10  cmd_func.o [1]
  .rodata            const     0x800'ae4c    0x10  cmd_func.o [1]
  .rodata            const     0x800'ae5c    0x10  cmd_func.o [1]
  .rodata            const     0x800'ae6c    0x10  cmd_func.o [1]
  .rodata            const     0x800'ae7c    0x10  cmd_func.o [1]
  .rodata            const     0x800'ae8c    0x10  cmd_func.o [1]
  .rodata            const     0x800'ae9c    0x10  cmd_func.o [1]
  .rodata            const     0x800'aeac    0x10  cmd_func.o [1]
  .rodata            const     0x800'aebc    0x10  cmd_func.o [1]
  .rodata            const     0x800'aecc    0x10  cmd_func.o [1]
  .rodata            const     0x800'aedc    0x10  laser.o [1]
  .rodata            const     0x800'aeec    0x10  laser.o [1]
  .rodata            const     0x800'aefc    0x10  laser.o [1]
  .rodata            const     0x800'af0c    0x10  laser.o [1]
  .rodata            const     0x800'af1c    0x10  laser.o [1]
  .rodata            const     0x800'af2c    0x10  system_stm32f4xx.o [1]
  .text              ro code   0x800'af3c    0x10  startup_stm32f407xx.o [1]
  .rodata            const     0x800'af4c     0xc  can_func.o [1]
  .rodata            const     0x800'af58     0xc  cmd.o [1]
  .rodata            const     0x800'af64     0xc  cmd_func.o [1]
  .rodata            const     0x800'af70     0xc  cmd_func.o [1]
  .rodata            const     0x800'af7c     0xc  cmd_func.o [1]
  .rodata            const     0x800'af88     0xc  cmd_func.o [1]
  .rodata            const     0x800'af94     0xc  hash.o [1]
  .rodata            const     0x800'afa0     0xc  point_parser.o [1]
  .text              ro code   0x800'afac     0xc  cstartup_M.o [4]
  .rodata            const     0x800'afb8     0x8  cmd.o [1]
  .rodata            const     0x800'afc0     0x8  cmd.o [1]
  .rodata            const     0x800'afc8     0x8  cmd.o [1]
  .rodata            const     0x800'afd0     0x8  cmd_func.o [1]
  .rodata            const     0x800'afd8     0x8  cmd_func.o [1]
  .rodata            const     0x800'afe0     0x8  cmd_func.o [1]
  .rodata            const     0x800'afe8     0x8  hash.o [1]
  .rodata            const     0x800'aff0     0x8  stm32f4xx_hal_dma.o [1]
  .rodata            const     0x800'aff8     0x8  system_stm32f4xx.o [1]
  .rodata            const     0x800'b000     0x8  vega.o [1]
  .rodata            const     0x800'b008     0x8  vega.o [1]
  .rodata            const     0x800'b010     0x6  xlocale_c.o [2]
  .text              ro code   0x800'b016     0x4  startup_stm32f407xx.o [1]
  .text              ro code   0x800'b01a     0x4  startup_stm32f407xx.o [1]
  .text              ro code   0x800'b01e     0x4  startup_stm32f407xx.o [1]
  .text              ro code   0x800'b022     0x4  startup_stm32f407xx.o [1]
  .text              ro code   0x800'b026     0x4  startup_stm32f407xx.o [1]
  .text              ro code   0x800'b02a     0x4  startup_stm32f407xx.o [1]
  .text              ro code   0x800'b02e     0x4  startup_stm32f407xx.o [1]
  .text              ro code   0x800'b032     0x4  startup_stm32f407xx.o [1]
  .text              ro code   0x800'b036     0x4  startup_stm32f407xx.o [1]
  .text              ro code   0x800'b03a     0x4  startup_stm32f407xx.o [1]
  .text              ro code   0x800'b03e     0x4  startup_stm32f407xx.o [1]
  .text              ro code   0x800'b042     0x4  startup_stm32f407xx.o [1]
  .text              ro code   0x800'b046     0x4  startup_stm32f407xx.o [1]
  .text              ro code   0x800'b04a     0x4  startup_stm32f407xx.o [1]
  .text              ro code   0x800'b04e     0x4  startup_stm32f407xx.o [1]
  .text              ro code   0x800'b052     0x4  startup_stm32f407xx.o [1]
  .text              ro code   0x800'b056     0x4  startup_stm32f407xx.o [1]
  .text              ro code   0x800'b05a     0x4  startup_stm32f407xx.o [1]
  .text              ro code   0x800'b05e     0x4  startup_stm32f407xx.o [1]
  .text              ro code   0x800'b062     0x4  startup_stm32f407xx.o [1]
  .text              ro code   0x800'b066     0x4  startup_stm32f407xx.o [1]
  .text              ro code   0x800'b06a     0x4  startup_stm32f407xx.o [1]
  .text              ro code   0x800'b06e     0x4  startup_stm32f407xx.o [1]
  .text              ro code   0x800'b072     0x4  startup_stm32f407xx.o [1]
  .text              ro code   0x800'b076     0x4  startup_stm32f407xx.o [1]
  .text              ro code   0x800'b07a     0x4  startup_stm32f407xx.o [1]
  .text              ro code   0x800'b07e     0x4  startup_stm32f407xx.o [1]
  .text              ro code   0x800'b082     0x4  startup_stm32f407xx.o [1]
  .text              ro code   0x800'b086     0x4  startup_stm32f407xx.o [1]
  .text              ro code   0x800'b08a     0x4  startup_stm32f407xx.o [1]
  .text              ro code   0x800'b08e     0x4  startup_stm32f407xx.o [1]
  .text              ro code   0x800'b092     0x4  startup_stm32f407xx.o [1]
  .text              ro code   0x800'b096     0x4  startup_stm32f407xx.o [1]
  .text              ro code   0x800'b09a     0x4  startup_stm32f407xx.o [1]
  .text              ro code   0x800'b09e     0x4  startup_stm32f407xx.o [1]
  .text              ro code   0x800'b0a2     0x4  startup_stm32f407xx.o [1]
  .text              ro code   0x800'b0a6     0x4  startup_stm32f407xx.o [1]
  .text              ro code   0x800'b0aa     0x4  startup_stm32f407xx.o [1]
  .text              ro code   0x800'b0ae     0x4  startup_stm32f407xx.o [1]
  .text              ro code   0x800'b0b2     0x4  startup_stm32f407xx.o [1]
  .text              ro code   0x800'b0b6     0x4  startup_stm32f407xx.o [1]
  .text              ro code   0x800'b0ba     0x4  startup_stm32f407xx.o [1]
  .text              ro code   0x800'b0be     0x4  startup_stm32f407xx.o [1]
  .text              ro code   0x800'b0c2     0x4  startup_stm32f407xx.o [1]
  .text              ro code   0x800'b0c6     0x4  startup_stm32f407xx.o [1]
  .text              ro code   0x800'b0ca     0x4  startup_stm32f407xx.o [1]
  .text              ro code   0x800'b0ce     0x4  startup_stm32f407xx.o [1]
  .text              ro code   0x800'b0d2     0x4  startup_stm32f407xx.o [1]
  .text              ro code   0x800'b0d6     0x4  startup_stm32f407xx.o [1]
  .text              ro code   0x800'b0da     0x4  startup_stm32f407xx.o [1]
  .text              ro code   0x800'b0de     0x4  startup_stm32f407xx.o [1]
  .text              ro code   0x800'b0e2     0x4  startup_stm32f407xx.o [1]
  .text              ro code   0x800'b0e6     0x4  startup_stm32f407xx.o [1]
  .text              ro code   0x800'b0ea     0x4  startup_stm32f407xx.o [1]
  .text              ro code   0x800'b0ee     0x4  startup_stm32f407xx.o [1]
  .text              ro code   0x800'b0f2     0x4  startup_stm32f407xx.o [1]
  .text              ro code   0x800'b0f6     0x4  startup_stm32f407xx.o [1]
  .text              ro code   0x800'b0fa     0x4  startup_stm32f407xx.o [1]
  .text              ro code   0x800'b0fe     0x4  startup_stm32f407xx.o [1]
  .text              ro code   0x800'b102     0x4  startup_stm32f407xx.o [1]
  .text              ro code   0x800'b106     0x4  startup_stm32f407xx.o [1]
  .text              ro code   0x800'b10a     0x4  startup_stm32f407xx.o [1]
  .text              ro code   0x800'b10e     0x4  startup_stm32f407xx.o [1]
  .text              ro code   0x800'b112     0x4  startup_stm32f407xx.o [1]
  .text              ro code   0x800'b116     0x4  startup_stm32f407xx.o [1]
  .text              ro code   0x800'b11a     0x4  startup_stm32f407xx.o [1]
  .text              ro code   0x800'b11e     0x4  startup_stm32f407xx.o [1]
  .rodata            const     0x800'b122     0x0  zero_init3.o [4]
  .rodata            const     0x800'b122     0x0  lz77_init_single.o [4]
  Initializer bytes  const     0x800'b122   0x130  <for P2-1>
                             - 0x800'b252  0xb0ca

"P2", part 1 of 3:                          0x2e1
  P2-1                        0x2000'0000   0x2e1  <Init block>
    .data            inited   0x2000'0000     0xc  can_utils.o [1]
    .data            inited   0x2000'000c    0x20  chassis.o [1]
    .data            inited   0x2000'002c     0x4  cmd.o [1]
    .data            inited   0x2000'0030    0x18  karman.o [1]
    .data            inited   0x2000'0048    0x18  karman.o [1]
    .data            inited   0x2000'0060    0x18  karman.o [1]
    .data            inited   0x2000'0078    0x18  karman.o [1]
    .data            inited   0x2000'0090    0x18  karman.o [1]
    .data            inited   0x2000'00a8    0x18  karman.o [1]
    .data            inited   0x2000'00c0     0x4  kickball.o [1]
    .data            inited   0x2000'00c4     0x4  kickball.o [1]
    .data            inited   0x2000'00c8     0x4  kickball.o [1]
    .data            inited   0x2000'00cc     0x4  kickball.o [1]
    .data            inited   0x2000'00d0     0x4  kickball.o [1]
    .data            inited   0x2000'00d4    0x14  kickball.o [1]
    .data            inited   0x2000'00e8     0x4  kickball.o [1]
    .data            inited   0x2000'00ec   0x150  point_parser.o [1]
    .data            inited   0x2000'023c     0x4  sensor_gpio.o [1]
    .data            inited   0x2000'0240     0x4  stm32f4xx_hal.o [1]
    .data            inited   0x2000'0244     0x4  system_stm32f4xx.o [1]
    .data            inited   0x2000'0248     0x4  touchdown.o [1]
    .data            inited   0x2000'024c     0x4  touchdown.o [1]
    .data            inited   0x2000'0250     0x4  touchdown.o [1]
    .data            inited   0x2000'0254     0xc  vega.o [1]
    .data            inited   0x2000'0260    0x38  xlocale_c.o [2]
    .data            inited   0x2000'0298    0x48  xlocale_c.o [2]
    .data            inited   0x2000'02e0     0x1  stm32f4xx_hal.o [1]
                            - 0x2000'02e1   0x2e1

"P2", part 2 of 3:                         0xca60
  .bss               zero     0x2000'02e4   0xfa0  point.o [1]
  .bss               zero     0x2000'1284   0xfa0  point.o [1]
  .bss               zero     0x2000'2224   0xfa0  point.o [1]
  .bss               zero     0x2000'31c4   0xfa0  point.o [1]
  .bss               zero     0x2000'4164   0xfa0  point.o [1]
  .bss               zero     0x2000'5104   0xfa0  point.o [1]
  .bss               zero     0x2000'60a4   0xfa0  point.o [1]
  .bss               zero     0x2000'7044   0xfa0  point.o [1]
  .bss               zero     0x2000'7fe4   0xfa0  point.o [1]
  .bss               zero     0x2000'8f84   0xfa0  point.o [1]
  .bss               zero     0x2000'9f24   0xfa0  point.o [1]
  .bss               zero     0x2000'aec4   0xfa0  point.o [1]
  .bss               zero     0x2000'be64   0x1d8  dlmalloc.o [2]
  .bss               zero     0x2000'c03c   0x190  lcd.o [1]
  .bss               zero     0x2000'c1cc    0x78  laser.o [1]
  .bss               zero     0x2000'c244    0x68  cmd.o [1]
  .bss               zero     0x2000'c2ac    0x64  cmd.o [1]
  .bss               zero     0x2000'c310    0x64  cmd.o [1]
  .bss               zero     0x2000'c374    0x64  cmd.o [1]
  .bss               zero     0x2000'c3d8    0x64  cmd.o [1]
  .bss               zero     0x2000'c43c    0x60  adc.o [1]
  .bss               zero     0x2000'c49c    0x60  usart.o [1]
  .bss               zero     0x2000'c4fc    0x60  usart.o [1]
  .bss               zero     0x2000'c55c    0x60  usart.o [1]
  .bss               zero     0x2000'c5bc    0x60  usart.o [1]
  .bss               zero     0x2000'c61c    0x60  usart.o [1]
  .bss               zero     0x2000'c67c    0x60  usart.o [1]
  .bss               zero     0x2000'c6dc    0x60  usart.o [1]
  .bss               zero     0x2000'c73c    0x60  usart.o [1]
  .bss               zero     0x2000'c79c    0x58  chassis.o [1]
  .bss               zero     0x2000'c7f4    0x48  adc.o [1]
  .bss               zero     0x2000'c83c    0x48  laser.o [1]
  .bss               zero     0x2000'c884    0x48  laser.o [1]
  .bss               zero     0x2000'c8cc    0x48  laser.o [1]
  .bss               zero     0x2000'c914    0x40  chassis_handle.o [1]
  .bss               zero     0x2000'c954    0x40  cmd.o [1]
  .bss               zero     0x2000'c994    0x40  usart.o [1]
  .bss               zero     0x2000'c9d4    0x40  usart.o [1]
  .bss               zero     0x2000'ca14    0x40  usart.o [1]
  .bss               zero     0x2000'ca54    0x40  usart.o [1]
  .bss               zero     0x2000'ca94    0x40  usart.o [1]
  .bss               zero     0x2000'cad4    0x40  usart.o [1]
  .bss               zero     0x2000'cb14    0x30  cmd.o [1]
  .bss               zero     0x2000'cb44    0x28  can.o [1]
  .bss               zero     0x2000'cb6c    0x28  can_utils.o [1]
  .bss               zero     0x2000'cb94    0x28  main.o [1]
  .bss               zero     0x2000'cbbc    0x24  main.o [1]
  .bss               zero     0x2000'cbe0    0x20  chassis.o [1]
  .bss               zero     0x2000'cc00    0x1c  can_utils.o [1]
  .bss               zero     0x2000'cc1c    0x18  can_utils.o [1]
  .bss               zero     0x2000'cc34    0x18  cmd.o [1]
  .bss               zero     0x2000'cc4c    0x18  motor_driver.o [1]
  .bss               zero     0x2000'cc64    0x18  dlmalloc.o [2]
  .bss               zero     0x2000'cc7c    0x10  configure.o [1]
  .bss               zero     0x2000'cc8c    0x10  configure.o [1]
  .bss               zero     0x2000'cca0     0x8  can_utils.o [1]
  .bss               zero     0x2000'cca8     0x8  can_utils.o [1]
  .bss               zero     0x2000'ccb0     0x8  main.o [1]
  .bss               zero     0x2000'ccb8     0x8  touchdown.o [1]
  .bss               zero     0x2000'ccc0     0x4  can_utils.o [1]
  .bss               zero     0x2000'ccc4     0x4  can_utils.o [1]
  .bss               zero     0x2000'ccc8     0x4  can_utils.o [1]
  .bss               zero     0x2000'cccc     0x4  can_utils.o [1]
  .bss               zero     0x2000'ccd0     0x4  cmd.o [1]
  .bss               zero     0x2000'ccd4     0x4  cmd.o [1]
  .bss               zero     0x2000'ccd8     0x4  cmd.o [1]
  .bss               zero     0x2000'ccdc     0x4  flags.o [1]
  .bss               zero     0x2000'cce0     0x4  flags.o [1]
  .bss               zero     0x2000'cce4     0x4  kickball.o [1]
  .bss               zero     0x2000'cce8     0x4  kickball.o [1]
  .bss               zero     0x2000'ccec     0x4  kickball.o [1]
  .bss               zero     0x2000'ccf0     0x4  kickball.o [1]
  .bss               zero     0x2000'ccf4     0x4  kickball.o [1]
  .bss               zero     0x2000'ccf8     0x4  kickball.o [1]
  .bss               zero     0x2000'ccfc     0x4  lcd.o [1]
  .bss               zero     0x2000'cd00     0x4  lcd.o [1]
  .bss               zero     0x2000'cd04     0x4  main.o [1]
  .bss               zero     0x2000'cd08     0x4  main.o [1]
  .bss               zero     0x2000'cd0c     0x4  motor_driver.o [1]
  .bss               zero     0x2000'cd10     0x4  motor_driver.o [1]
  .bss               zero     0x2000'cd14     0x4  sensor_gpio.o [1]
  .bss               zero     0x2000'cd18     0x4  sensor_gpio.o [1]
  .bss               zero     0x2000'cd1c     0x4  sensor_gpio.o [1]
  .bss               zero     0x2000'cd20     0x4  stm32f4xx_hal.o [1]
  .bss               zero     0x2000'cd24     0x4  touchdown.o [1]
  .bss               zero     0x2000'cd28     0x4  touchdown.o [1]
  .bss               zero     0x2000'cd2c     0x4  touchdown.o [1]
  .bss               zero     0x2000'cd30     0x4  touchdown.o [1]
  .bss               zero     0x2000'cd34     0x4  strtok.o [2]
  .bss               zero     0x2000'cd38     0x4  xfail_s.o [2]
  .bss               zero     0x2000'cd3c     0x4  xgetmemchunk.o [2]
  .bss               zero     0x2000'cd40     0x1  kickball.o [1]
  .bss               zero     0x2000'cd41     0x1  touchdown.o [1]
                            - 0x2000'cd42  0xca5e

"P2", part 3 of 3:                         0x2200
  CSTACK                      0x2000'cd48  0x1200  <Block>
    CSTACK           uninit   0x2000'cd48  0x1200  <Block tail>
  HEAP                        0x2000'df48  0x1000  <Block>
    HEAP             uninit   0x2000'df48  0x1000  <Block tail>
                            - 0x2000'ef48  0x2200

Unused ranges:

         From           To      Size
         ----           --      ----
   0x800'b252   0x80f'ffff  0xf'4dae
  0x2000'02e1  0x2000'02e3       0x3
  0x2000'cd44  0x2000'cd47       0x4
  0x2000'ef48  0x2001'ffff  0x1'10b8


*******************************************************************************
*** INIT TABLE
***

          Address      Size
          -------      ----
Zero (__iar_zero_init3)
    1 destination range, total size 0xca5e:
          0x2000'02e4  0xca5e

Copy/lz77 (__iar_lz77_init_single3)
    1 source range, total size 0x130 (41% of destination):
           0x800'b122   0x130
    1 destination range, total size 0x2e1:
          0x2000'0000   0x2e1



*******************************************************************************
*** MODULE SUMMARY
***

    Module                  ro code  ro data  rw data
    ------                  -------  -------  -------
command line/config:
    -------------------------------------------------
    Total:

E:\Robocon_Value\Chassis_TR\EWARM\Chassis\Obj: [1]
    adc.o                       352               168
    can.o                       212                40
    can_func.o                   60       12
    can_utils.o                 586       36      136
    chassis.o                   984       14      152
    chassis_handle.o            608       88       64
    cmd.o                     1 092       69      656
    cmd_func.o                2 524    1 640
    configure.o                  48                32
    dma.o                       200
    flags.o                                         8
    gpio.o                      360
    hash.o                      548      100
    karman.o                     90       60      144
    kickball.o                  684       50       69
    laser.o                     680      104      336
    lcd.o                       288       28      408
    main.o                      638       20       92
    motor_driver.o              168                32
    point.o                                    48 000
    point_parser.o              156      150      336
    robomaster.o                106
    sensor_gpio.o               224      126       16
    simplelib.o                  92       24
    startup_stm32f407xx.o       676
    stm32f4xx_hal.o             164        3        9
    stm32f4xx_hal_adc.o       1 396
    stm32f4xx_hal_can.o       2 034
    stm32f4xx_hal_cortex.o      344
    stm32f4xx_hal_dma.o       1 360        8
    stm32f4xx_hal_gpio.o        668
    stm32f4xx_hal_msp.o          64
    stm32f4xx_hal_rcc.o       1 444
    stm32f4xx_hal_uart.o      2 626
    stm32f4xx_it.o              292
    system_stm32f4xx.o           96       25        4
    touchdown.o                 324        5       37
    usart.o                   1 660             1 152
    utils.o                     292
    vec.o                        70
    vega.o                      336      177       12
    vesc_can.o                  308
    -------------------------------------------------
    Total:                   24 854    2 739   51 903

dl7M_tlf.a: [2]
    abort.o                       6
    dlmalloc.o                3 968               496
    exit.o                        4
    iar_Stoflt.o                452
    iar_Stopfx.o                290
    iar_Stoulx.o                372
    iar_Stoxflt.o               540
    isalpha.o                    20
    isspace.o                    20
    low_level_init.o              4
    strcspn.o                    34
    strspn.o                     34
    strtok.o                     76                 4
    tolower.o                    20
    vsnprint.o                   60
    xencoding_8859_1.o           30
    xfail_s.o                    64                 4
    xgetmemchunk.o               44                 4
    xlocale_c.o                 180       59      128
    xmbcurmax.o                  10
    xprintffull.o             3 962
    xsnprout.o                   26
    -------------------------------------------------
    Total:                   10 216       59      636

m7M_tls.a: [3]
    DblAdd.o                    378
    DblCmpEq.o                   32
    DblCmpGe.o                   46
    DblCmpLe.o                   46
    DblDiv.o                    582
    DblMul.o                    418
    DblSub.o                    226
    DblToFlt.o                  104
    DblToS32.o                   58
    DblToU32.o                   40
    FltToDbl.o                   72
    S32ToDbl.o                   34
    U32ToDbl.o                   26
    atan2_64.o                  320
    cos_sin64.o               1 096
    fpinit_M.o                   34
    frexp.o                     112
    iar_Atan64.o                520
    ldexp.o                     314
    math_wrappers64.o            42
    sqrt.o                      258
    strto64.o                 1 408
    -------------------------------------------------
    Total:                    6 166

rt7M_tl.a: [4]
    ABImemclr4.o                  6
    ABImemcpy.o                 166
    ABImemset.o                 102
    ABImemset48.o                50
    I64DivMod.o                 560
    I64DivZer.o                   2
    cexit.o                      10
    cmain.o                      30
    cstartup_M.o                 12
    data_init.o                  40
    lz77_init_single.o          122
    memchr.o                     88
    strchr.o                     22
    strcmp.o                     74
    strcpy.o                     76
    strlen.o                     54
    zero_init3.o                 58
    -------------------------------------------------
    Total:                    1 472

shb_l.a: [5]
    ABIassert.o                  36
    exit.o                       20
    -------------------------------------------------
    Total:                       56

    Gaps                         52        4        4
    Linker created                        32    8 704
-----------------------------------------------------
    Grand Total:             42 816    2 834   61 247


*******************************************************************************
*** ENTRY LIST
***

Entry                       Address   Size  Type      Object
-----                       -------   ----  ----      ------
.iar.init_table$$Base    0x800'a76c          --   Gb  - Linker created -
.iar.init_table$$Limit   0x800'a78c          --   Gb  - Linker created -
?main                    0x800'a96d         Code  Gb  cmain.o [4]
ADC_DMAConvCplt          0x800'6d75   0x7a  Code  Lc  stm32f4xx_hal_adc.o [1]
ADC_DMAError             0x800'6e01   0x1a  Code  Lc  stm32f4xx_hal_adc.o [1]
ADC_DMAHalfConvCplt      0x800'6df1    0xe  Code  Lc  stm32f4xx_hal_adc.o [1]
ADC_Init                 0x800'6bf3  0x15a  Code  Lc  stm32f4xx_hal_adc.o [1]
AHBPrescTable            0x800'af2c   0x10  Data  Gb  system_stm32f4xx.o [1]
APBPrescTable            0x800'aff8    0x8  Data  Gb  system_stm32f4xx.o [1]
Angle_Limit_PI           0x800'83cd   0x54  Code  Gb  utils.o [1]
Angle_Subtract           0x800'8421   0x20  Code  Gb  utils.o [1]
BusFault_Handler         0x800'a433    0x2  Code  Gb  stm32f4xx_it.o [1]
CAN1_RX0_IRQHandler      0x800'a47b    0xa  Code  Gb  stm32f4xx_it.o [1]
CAN_config               0x800'80f3   0x52  Code  Lc  can_utils.o [1]
CMD_USART               0x2000'c954   0x40  Data  Gb  cmd.o [1]
CSTACK$$Base            0x2000'cd48          --   Gb  - Linker created -
CSTACK$$Limit           0x2000'df48          --   Gb  - Linker created -
CacheMore                0x800'21bd   0x24  Code  Lc  xlocale_c.o [2]
DMA1_Stream0_IRQHandler
                         0x800'a449    0xa  Code  Gb  stm32f4xx_it.o [1]
DMA1_Stream1_IRQHandler
                         0x800'a453    0xa  Code  Gb  stm32f4xx_it.o [1]
DMA1_Stream3_IRQHandler
                         0x800'a45d    0xa  Code  Gb  stm32f4xx_it.o [1]
DMA1_Stream5_IRQHandler
                         0x800'a467    0xa  Code  Gb  stm32f4xx_it.o [1]
DMA1_Stream6_IRQHandler
                         0x800'a471    0xa  Code  Gb  stm32f4xx_it.o [1]
DMA1_Stream7_IRQHandler
                         0x800'a4d3    0xa  Code  Gb  stm32f4xx_it.o [1]
DMA2_Stream0_IRQHandler
                         0x800'a4f5    0xa  Code  Gb  stm32f4xx_it.o [1]
DMA2_Stream2_IRQHandler
                         0x800'a4ff    0xa  Code  Gb  stm32f4xx_it.o [1]
DMA2_Stream7_IRQHandler
                         0x800'a509    0xa  Code  Gb  stm32f4xx_it.o [1]
DMAUSART_RX_BUF         0x2000'c310   0x64  Data  Gb  cmd.o [1]
DMAUSART_RX_BUF_vega    0x2000'c374   0x64  Data  Gb  cmd.o [1]
DMA_CalcBaseAndBitshift
                         0x800'4465   0x30  Code  Lc  stm32f4xx_hal_dma.o [1]
DMA_CalcBaseAndBitshift::flagBitshiftOffset
                         0x800'aff0    0x8  Data  Lc  stm32f4xx_hal_dma.o [1]
DMA_CheckFifoParam       0x800'44a5   0x9c  Code  Lc  stm32f4xx_hal_dma.o [1]
DMA_RxOK_Flag           0x2000'cce0    0x4  Data  Gb  flags.o [1]
DMA_RxOK_Flag_vega      0x2000'ccd8    0x4  Data  Gb  cmd.o [1]
DMA_SetConfig            0x800'4437   0x2e  Code  Lc  stm32f4xx_hal_dma.o [1]
DMAaRxBuffer            0x2000'c2ac   0x64  Data  Gb  cmd.o [1]
DMAaRxBuffer_vega       0x2000'c3d8   0x64  Data  Gb  cmd.o [1]
DebugMon_Handler         0x800'a439    0x2  Code  Gb  stm32f4xx_it.o [1]
Dtentox                  0x800'9215  0x192  Code  Lc  strto64.o [3]
Error_Handler            0x800'49ed    0x2  Code  Gb  main.o [1]
HAL_ADC_ConfigChannel    0x800'6a77  0x17c  Code  Gb  stm32f4xx_hal_adc.o [1]
HAL_ADC_Init             0x800'68ad   0x66  Code  Gb  stm32f4xx_hal_adc.o [1]
HAL_ADC_MspInit          0x800'513b   0xa2  Code  Gb  adc.o [1]
HAL_ADC_Start_DMA        0x800'6913  0x164  Code  Gb  stm32f4xx_hal_adc.o [1]
HAL_CAN_ActivateNotification
                         0x800'73a1   0x34  Code  Gb  stm32f4xx_hal_can.o [1]
HAL_CAN_AddTxMessage     0x800'7111  0x138  Code  Gb  stm32f4xx_hal_can.o [1]
HAL_CAN_ConfigFilter     0x800'6f89  0x128  Code  Gb  stm32f4xx_hal_can.o [1]
HAL_CAN_GetRxMessage     0x800'7249  0x158  Code  Gb  stm32f4xx_hal_can.o [1]
HAL_CAN_IRQHandler       0x800'73d5  0x224  Code  Gb  stm32f4xx_hal_can.o [1]
HAL_CAN_Init             0x800'6e1d  0x16c  Code  Gb  stm32f4xx_hal_can.o [1]
HAL_CAN_MspInit          0x800'5243   0x78  Code  Gb  can.o [1]
HAL_CAN_RxFifo0FullCallback
                         0x800'80f1    0x2  Code  Gb  can_utils.o [1]
HAL_CAN_RxFifo0MsgPendingCallback
                         0x800'804f   0x3a  Code  Gb  can_utils.o [1]
HAL_CAN_Start            0x800'70b1   0x5c  Code  Gb  stm32f4xx_hal_can.o [1]
HAL_DMA_Abort            0x800'416b   0x9c  Code  Gb  stm32f4xx_hal_dma.o [1]
HAL_DMA_Abort_IT         0x800'4207   0x28  Code  Gb  stm32f4xx_hal_dma.o [1]
HAL_DMA_IRQHandler       0x800'422f  0x208  Code  Gb  stm32f4xx_hal_dma.o [1]
HAL_DMA_Init             0x800'3ff1   0xe2  Code  Gb  stm32f4xx_hal_dma.o [1]
HAL_DMA_Start_IT         0x800'40d3   0x98  Code  Gb  stm32f4xx_hal_dma.o [1]
HAL_GPIO_Init            0x800'49f9  0x210  Code  Gb  stm32f4xx_hal_gpio.o [1]
HAL_GPIO_ReadPin         0x800'4c09   0x16  Code  Gb  stm32f4xx_hal_gpio.o [1]
HAL_GPIO_TogglePin       0x800'4c39   0x22  Code  Gb  stm32f4xx_hal_gpio.o [1]
HAL_GPIO_WritePin        0x800'4c1f   0x1a  Code  Gb  stm32f4xx_hal_gpio.o [1]
HAL_GetTick              0x800'3fe5    0xc  Code  Wk  stm32f4xx_hal.o [1]
HAL_IncTick              0x800'a551   0x18  Code  Wk  stm32f4xx_hal.o [1]
HAL_Init                 0x800'4e39   0x30  Code  Gb  stm32f4xx_hal.o [1]
HAL_InitTick             0x800'4ded   0x4c  Code  Wk  stm32f4xx_hal.o [1]
HAL_MspInit              0x800'686d   0x40  Code  Gb  stm32f4xx_hal_msp.o [1]
HAL_NVIC_EnableIRQ       0x800'4db3    0xe  Code  Gb  stm32f4xx_hal_cortex.o [1]
HAL_NVIC_SetPriority     0x800'4d89   0x2a  Code  Gb  stm32f4xx_hal_cortex.o [1]
HAL_NVIC_SetPriorityGrouping
                         0x800'4d7d    0xc  Code  Gb  stm32f4xx_hal_cortex.o [1]
HAL_RCC_ClockConfig      0x800'454d  0x13e  Code  Gb  stm32f4xx_hal_rcc.o [1]
HAL_RCC_GetHCLKFreq      0x800'468b    0x6  Code  Gb  stm32f4xx_hal_rcc.o [1]
HAL_RCC_GetPCLK1Freq     0x800'4691   0x16  Code  Gb  stm32f4xx_hal_rcc.o [1]
HAL_RCC_GetPCLK2Freq     0x800'46a7   0x16  Code  Gb  stm32f4xx_hal_rcc.o [1]
HAL_RCC_OscConfig        0x800'6075  0x380  Code  Wk  stm32f4xx_hal_rcc.o [1]
HAL_SYSTICK_Config       0x800'4dc1    0xc  Code  Gb  stm32f4xx_hal_cortex.o [1]
HAL_UART_DMAStop         0x800'31d3   0x72  Code  Gb  stm32f4xx_hal_uart.o [1]
HAL_UART_IDLECallback    0x800'64ad   0xf8  Code  Gb  cmd.o [1]
HAL_UART_IRQHandler      0x800'3245  0x14a  Code  Gb  stm32f4xx_hal_uart.o [1]
HAL_UART_Init            0x800'2f31   0x76  Code  Gb  stm32f4xx_hal_uart.o [1]
HAL_UART_MspInit         0x800'3ab9  0x4a0  Code  Gb  usart.o [1]
HAL_UART_Receive_DMA     0x800'311d   0xb6  Code  Gb  stm32f4xx_hal_uart.o [1]
HAL_UART_Transmit        0x800'2fa7   0xe0  Code  Gb  stm32f4xx_hal_uart.o [1]
HAL_UART_Transmit_DMA    0x800'3087   0x96  Code  Gb  stm32f4xx_hal_uart.o [1]
HCAN                    0x2000'cb6c   0x28  Data  Gb  can_utils.o [1]
HEAP$$Base              0x2000'df48          --   Gb  - Linker created -
HEAP$$Limit             0x2000'ef48          --   Gb  - Linker created -
HardFault_Handler        0x800'a42f    0x2  Code  Gb  stm32f4xx_it.o [1]
HashTable_create         0x800'8983   0x5c  Code  Gb  hash.o [1]
HashTable_get            0x800'8a79   0x60  Code  Gb  hash.o [1]
HashTable_insert         0x800'89df   0x9a  Code  Gb  hash.o [1]
HashTable_map            0x800'8ad9   0x74  Code  Gb  hash.o [1]
KalMan                   0x800'88a3   0x5a  Code  Gb  karman.o [1]
LoadInt                  0x800'138b   0x7a  Code  Lc  xprintffull.o [2]
MX_ADC1_Init             0x800'509d   0x9e  Code  Gb  adc.o [1]
MX_CAN1_Init             0x800'51fd   0x46  Code  Gb  can.o [1]
MX_DMA_Init              0x800'4fd5   0xc8  Code  Gb  dma.o [1]
MX_GPIO_Init             0x800'4e6d  0x168  Code  Gb  gpio.o [1]
MX_UART4_Init            0x800'3969   0x38  Code  Gb  usart.o [1]
MX_UART5_Init            0x800'39a1   0x38  Code  Gb  usart.o [1]
MX_USART1_UART_Init      0x800'39d9   0x38  Code  Gb  usart.o [1]
MX_USART2_UART_Init      0x800'3a11   0x38  Code  Gb  usart.o [1]
MX_USART3_UART_Init      0x800'3a49   0x38  Code  Gb  usart.o [1]
MX_USART6_UART_Init      0x800'3a81   0x38  Code  Gb  usart.o [1]
MemManage_Handler        0x800'a431    0x2  Code  Gb  stm32f4xx_it.o [1]
NMI_Handler              0x800'a42d    0x2  Code  Gb  stm32f4xx_it.o [1]
NVIC_EncodePriority      0x800'4d0d   0x40  Code  Lc  stm32f4xx_hal_cortex.o [1]
PID_Release              0x800'8339   0x94  Code  Gb  utils.o [1]
PendSV_Handler           0x800'a43b    0x2  Code  Gb  stm32f4xx_it.o [1]
Region$$Table$$Base      0x800'a76c          --   Gb  - Linker created -
Region$$Table$$Limit     0x800'a78c          --   Gb  - Linker created -
RxHeader                0x2000'cc00   0x1c  Data  Gb  can_utils.o [1]
SVC_Handler              0x800'a437    0x2  Code  Gb  stm32f4xx_it.o [1]
SysTick_Config           0x800'4d4d   0x30  Code  Lc  stm32f4xx_hal_cortex.o [1]
SysTick_Handler          0x800'a43d    0xc  Code  Gb  stm32f4xx_it.o [1]
SystemClock_Config       0x800'4839   0xa2  Code  Gb  main.o [1]
SystemCoreClock         0x2000'0244    0x4  Data  Gb  system_stm32f4xx.o [1]
SystemInit               0x800'a569   0x40  Code  Gb  system_stm32f4xx.o [1]
TxHeader                0x2000'cc1c   0x18  Data  Gb  can_utils.o [1]
TxMailbox               0x2000'ccc4    0x4  Data  Gb  can_utils.o [1]
UART5_IRQHandler         0x800'a4dd   0x18  Code  Gb  stm32f4xx_it.o [1]
UART_DMAAbortOnError     0x800'3525   0x16  Code  Lc  stm32f4xx_hal_uart.o [1]
UART_DMAError            0x800'3429   0x58  Code  Lc  stm32f4xx_hal_uart.o [1]
UART_DMAReceiveCplt      0x800'33d5   0x44  Code  Lc  stm32f4xx_hal_uart.o [1]
UART_DMARxHalfCplt       0x800'3419    0xe  Code  Lc  stm32f4xx_hal_uart.o [1]
UART_DMATransmitCplt     0x800'3391   0x34  Code  Lc  stm32f4xx_hal_uart.o [1]
UART_DMATxHalfCplt       0x800'33c5    0xe  Code  Lc  stm32f4xx_hal_uart.o [1]
UART_EndRxTransfer       0x800'3503   0x20  Code  Lc  stm32f4xx_hal_uart.o [1]
UART_EndTransmit_IT      0x800'35ab   0x20  Code  Lc  stm32f4xx_hal_uart.o [1]
UART_EndTxTransfer       0x800'34ef   0x14  Code  Lc  stm32f4xx_hal_uart.o [1]
UART_Receive_IT          0x800'35cb   0xae  Code  Lc  stm32f4xx_hal_uart.o [1]
UART_SetConfig           0x800'3679  0x2e2  Code  Lc  stm32f4xx_hal_uart.o [1]
UART_Transmit_IT         0x800'353d   0x6e  Code  Lc  stm32f4xx_hal_uart.o [1]
UART_WaitOnFlagUntilTimeout
                         0x800'3481   0x6e  Code  Lc  stm32f4xx_hal_uart.o [1]
USART1_IRQHandler        0x800'a485   0x1a  Code  Gb  stm32f4xx_it.o [1]
USART2_IRQHandler        0x800'a49f   0x1a  Code  Gb  stm32f4xx_it.o [1]
USART3_IRQHandler        0x800'a4b9   0x1a  Code  Gb  stm32f4xx_it.o [1]
UsageFault_Handler       0x800'a435    0x2  Code  Gb  stm32f4xx_it.o [1]
_Encoding_8859_1_Mbrlen
                         0x800'2259    0x2  Code  Gb  xencoding_8859_1.o [2]
_Encoding_8859_1_Wctomb
                         0x800'2247   0x12  Code  Gb  xencoding_8859_1.o [2]
_GenldFull               0x800'1e1d  0x274  Code  Lc  xprintffull.o [2]
_LdtobFull               0x800'19f1  0x400  Code  Lc  xprintffull.o [2]
_LitobFull               0x800'1899  0x112  Code  Lc  xprintffull.o [2]
_LocaleC_isalpha         0x800'2183    0xc  Code  Gb  xlocale_c.o [2]
_LocaleC_islower         0x800'217d    0x4  Code  Gb  xlocale_c.o [2]
_LocaleC_isspace         0x800'2199   0x14  Code  Gb  xlocale_c.o [2]
_LocaleC_isupper         0x800'2181    0x2  Code  Gb  xlocale_c.o [2]
_LocaleC_tolower         0x800'21ad    0xc  Code  Gb  xlocale_c.o [2]
_Locale_lconv           0x2000'0260   0x38  Data  Lc  xlocale_c.o [2]
_PrintfFull              0x800'11c9  0x1aa  Code  Gb  xprintffull.o [2]
_PutcharsFull            0x800'2091   0x2e  Code  Lc  xprintffull.o [2]
_PutfldFull              0x800'1405  0x2d8  Code  Lc  xprintffull.o [2]
_PutstrFull              0x800'17d3   0xc6  Code  Lc  xprintffull.o [2]
_PuttxtFull              0x800'16dd   0xf6  Code  Lc  xprintffull.o [2]
_SNProut                 0x800'22db   0x1a  Code  Gb  xsnprout.o [2]
_Strtok_ssave           0x2000'cd34    0x4  Data  Lc  strtok.o [2]
__NVIC_EnableIRQ         0x800'4cc3   0x1e  Code  Lc  stm32f4xx_hal_cortex.o [1]
__NVIC_GetPriorityGrouping
                         0x800'4cb7    0xc  Code  Lc  stm32f4xx_hal_cortex.o [1]
__NVIC_SetPriority       0x800'4ce1   0x2c  Code  Lc  stm32f4xx_hal_cortex.o [1]
__NVIC_SetPriorityGrouping
                         0x800'4c95   0x22  Code  Lc  stm32f4xx_hal_cortex.o [1]
__aeabi_assert           0x800'9c7d   0x24  Code  Gb  ABIassert.o [5]
__aeabi_cdcmpeq          0x800'9025         Code  Gb  DblCmpEq.o [3]
__aeabi_cdcmple          0x800'2845         Code  Gb  DblCmpLe.o [3]
__aeabi_cdrcmple         0x800'2875         Code  Gb  DblCmpGe.o [3]
__aeabi_d2f              0x800'82d1         Code  Gb  DblToFlt.o [3]
__aeabi_d2iz             0x800'29e1         Code  Gb  DblToS32.o [3]
__aeabi_d2uiz            0x800'2d6d         Code  Gb  DblToU32.o [3]
__aeabi_dadd             0x800'2db5         Code  Gb  DblAdd.o [3]
__aeabi_ddiv             0x800'2b25         Code  Gb  DblDiv.o [3]
__aeabi_dmul             0x800'2631         Code  Gb  DblMul.o [3]
__aeabi_dsub             0x800'2a41         Code  Gb  DblSub.o [3]
__aeabi_f2d              0x800'825d         Code  Gb  FltToDbl.o [3]
__aeabi_i2d              0x800'2a1d         Code  Gb  S32ToDbl.o [3]
__aeabi_ldiv0            0x800'2db1         Code  Gb  I64DivZer.o [4]
__aeabi_memclr4          0x800'49f1         Code  Gb  ABImemclr4.o [4]
__aeabi_memcpy           0x800'2359         Code  Gb  ABImemcpy.o [4]
__aeabi_memcpy4          0x800'2379         Code  Gb  ABImemcpy.o [4]
__aeabi_memcpy8          0x800'2379         Code  Gb  ABImemcpy.o [4]
__aeabi_memset           0x800'8b6d         Code  Gb  ABImemset.o [4]
__aeabi_ui2d             0x800'2d95         Code  Gb  U32ToDbl.o [3]
__aeabi_uldivmod         0x800'2401         Code  Gb  I64DivMod.o [4]
__cmain                  0x800'a96d         Code  Gb  cmain.o [4]
__data_GetMemChunk       0x800'1189   0x2c  Code  Gb  xgetmemchunk.o [2]
__data_GetMemChunk::start
                        0x2000'cd3c    0x4  Data  Lc  xgetmemchunk.o [2]
__exit                   0x800'11b5   0x14  Code  Gb  exit.o [5]
__iar_Atan64             0x800'a211  0x170  Code  Gb  iar_Atan64.o [3]
__iar_Fail_s             0x800'2265   0x1c  Code  Gb  xfail_s.o [2]
__iar_Mbcurmax           0x800'234d    0xa  Code  Gb  xmbcurmax.o [2]
__iar_Memchr             0x800'22f5         Code  Gb  memchr.o [4]
__iar_Memset             0x800'8b6d         Code  Gb  ABImemset.o [4]
__iar_Memset4_word       0x800'6839         Code  Gb  ABImemset48.o [4]
__iar_Memset8_word       0x800'6839         Code  Gb  ABImemset48.o [4]
__iar_Memset_word        0x800'8b75         Code  Gb  ABImemset.o [4]
__iar_Sin64              0x800'9731  0x3b2  Code  Lc  cos_sin64.o [3]
__iar_Sto64              0x800'93b9  0x19e  Code  Gb  strto64.o [3]
__iar_Stoflt             0x800'9e31  0x1c4  Code  Gb  iar_Stoflt.o [2]
__iar_Stopfx             0x800'9d0d  0x122  Code  Gb  iar_Stopfx.o [2]
__iar_Stoulx             0x800'8eb1  0x112  Code  Gb  iar_Stoulx.o [2]
__iar_Stoxflt            0x800'9ff5  0x1e6  Code  Gb  iar_Stoxflt.o [2]
__iar_Stoxflt::digits    0x800'a1e0   0x18  Data  Lc  iar_Stoxflt.o [2]
__iar_Stoxflt::vals      0x800'a1f8   0x18  Data  Lc  iar_Stoxflt.o [2]
__iar_Strchr             0x800'2231         Code  Gb  strchr.o [4]
__iar_atan2_64           0x800'95f1  0x140  Code  Gb  atan2_64.o [3]
__iar_cos64              0x800'9b75    0x4  Code  Gb  cos_sin64.o [3]
__iar_cos_medium         0x800'9b75    0x4  Code  Gb  cos_sin64.o [3]
__iar_cos_medium64       0x800'9b75    0x4  Code  Gb  cos_sin64.o [3]
__iar_cos_mediuml        0x800'9b75    0x4  Code  Gb  cos_sin64.o [3]
__iar_dadd               0x800'2a51         Code  Gb  DblSub.o [3]
__iar_data_init3         0x800'a649   0x28  Code  Gb  data_init.o [4]
__iar_dlmalloc           0x800'0e4d  0x2b6  Code  Gb  dlmalloc.o [2]
__iar_dsub               0x800'2dc5         Code  Gb  DblAdd.o [3]
__iar_dsubStart          0x800'2dd7         Code  Gb  DblAdd.o [3]
__iar_frexp              0x800'27e1         Code  Gb  frexp.o [3]
__iar_frexpl             0x800'27e1         Code  Gb  frexp.o [3]
__iar_globLocale        0x2000'0298   0x48  Data  Lc  xlocale_c.o [2]
__iar_global_Locale      0x800'21b9    0x4  Code  Gb  xlocale_c.o [2]
__iar_init_vfp           0x800'a749         Code  Gb  fpinit_M.o [3]
__iar_ldexp64            0x800'28a5         Code  Gb  ldexp.o [3]
__iar_lz77_init_single3
                         0x800'110f   0x7a  Code  Gb  lz77_init_single.o [4]
__iar_program_start      0x800'afad         Code  Gb  cstartup_M.o [4]
__iar_scalbln64          0x800'28a5         Code  Gb  ldexp.o [3]
__iar_scalbn64           0x800'28a5         Code  Gb  ldexp.o [3]
__iar_softfp___iar_frexp64
                         0x800'27d5         Code  Gb  frexp.o [3]
__iar_softfp_frexp       0x800'27d5         Code  Gb  frexp.o [3]
__iar_softfp_frexpl      0x800'27d5         Code  Gb  frexp.o [3]
__iar_sqrt64             0x800'9b89         Code  Gb  sqrt.o [3]
__iar_vfp___iar_sqrt64   0x800'9b79         Code  Gb  sqrt.o [3]
__iar_vfp_atan2          0x800'82b3   0x10  Code  Gb  math_wrappers64.o [3]
__iar_vfp_atof           0x800'82ab    0x8  Code  Gb  math_wrappers64.o [3]
__iar_vfp_cos            0x800'82c3    0xc  Code  Gb  math_wrappers64.o [3]
__iar_vfp_sqrt           0x800'9b79         Code  Gb  sqrt.o [3]
__iar_vfp_sqrtl          0x800'9b79         Code  Gb  sqrt.o [3]
__iar_zero_init3         0x800'2143   0x3a  Code  Gb  zero_init3.o [4]
__low_level_init         0x800'a98b    0x4  Code  Gb  low_level_init.o [2]
__vector_table           0x800'0000         Data  Gb  startup_stm32f407xx.o [1]
_call_main               0x800'a979         Code  Gb  cmain.o [4]
_cmd_help                0x800'6715   0x18  Code  Lc  cmd.o [1]
_exit                    0x800'a995         Code  Gb  cexit.o [4]
_gLocale_mblen           0x800'221d    0x4  Code  Gb  xlocale_c.o [2]
_gLocale_mblenInt        0x800'21e1   0x2c  Code  Gb  xlocale_c.o [2]
_gLocale_wctomb          0x800'2221    0x4  Code  Gb  xlocale_c.o [2]
_gLocale_wctombInt       0x800'2219    0x4  Code  Gb  xlocale_c.o [2]
_gm_                    0x2000'be64  0x1d8  Data  Lc  dlmalloc.o [2]
_main                    0x800'a987         Code  Gb  cmain.o [4]
a                        0x800'a3d8   0x40  Data  Lc  iar_Atan64.o [3]
abort                    0x800'1109    0x6  Code  Gb  abort.o [2]
add_segment              0x800'0551  0x1f2  Code  Lc  dlmalloc.o [2]
angle_pid               0x2000'000c   0x20  Data  Gb  chassis.o [1]
atan2                    0x800'95f1  0x140  Code  Gb  atan2_64.o [3]
atan2l                   0x800'95f1  0x140  Code  Gb  atan2_64.o [3]
atof                     0x800'959d    0x8  Code  Gb  strto64.o [3]
atoi                     0x800'8fc9    0x2  Code  Gb  iar_Stoulx.o [2]
buffer_append_int32      0x800'8705   0x32  Code  Gb  vesc_can.o [1]
buffer_count            0x2000'ccd4    0x4  Data  Gb  cmd.o [1]
can_callback_add         0x800'8009   0x1e  Code  Gb  can_utils.o [1]
can_callback_table      0x2000'cccc    0x4  Data  Lc  can_utils.o [1]
can_exc_callback         0x800'8027   0x28  Code  Gb  can_utils.o [1]
can_exc_callback_flag   0x2000'ccdc    0x4  Data  Gb  flags.o [1]
can_ext_send_msg         0x800'80cd   0x24  Code  Gb  can_utils.o [1]
can_func_init            0x800'8221   0x22  Code  Gb  can_func.o [1]
can_id_init              0x800'532d   0x30  Code  Gb  configure.o [1]
can_init                 0x800'7fd5   0x34  Code  Gb  can_utils.o [1]
can_rx_callback_flag    0x2000'ccc0    0x4  Data  Gb  can_utils.o [1]
can_rx_data             0x2000'cca0    0x8  Data  Gb  can_utils.o [1]
can_send_msg             0x800'8089   0x44  Code  Gb  can_utils.o [1]
can_std_mask_filter_conf
                         0x800'817d   0x8a  Code  Gb  can_utils.o [1]
can_suc_rx               0x800'8245    0xc  Code  Gb  can_func.o [1]
chassis                 0x2000'c79c   0x58  Data  Gb  chassis.o [1]
chassis_canset_motorspeed
                         0x800'53b5   0x8a  Code  Gb  chassis.o [1]
chassis_exe              0x800'56e5   0x26  Code  Gb  chassis.o [1]
chassis_handle          0x2000'c914   0x40  Data  Gb  chassis_handle.o [1]
chassis_init             0x800'53a5   0x10  Code  Gb  chassis.o [1]
chassis_init_pos         0x800'535d   0x46  Code  Gb  chassis.o [1]
chassis_move             0x800'5445  0x196  Code  Gb  chassis.o [1]
chassis_pos_update       0x800'55fd   0xe6  Code  Gb  chassis.o [1]
chassis_status          0x2000'cbe0   0x20  Data  Gb  chassis.o [1]
clock                   0x2000'ccb0    0x8  Data  Gb  main.o [1]
clock_exe                0x800'4771   0x3c  Code  Gb  main.o [1]
cmd_add                  0x800'6639   0x54  Code  Gb  cmd.o [1]
cmd_argv                0x2000'cb14   0x30  Data  Gb  cmd.o [1]
cmd_chassis_move         0x800'7be7   0x78  Code  Gb  cmd_func.o [1]
cmd_chassis_print_pos    0x800'7c5f   0x2e  Code  Gb  cmd_func.o [1]
cmd_exec                 0x800'65ed   0x2c  Code  Gb  cmd.o [1]
cmd_func_init            0x800'7cb1  0x132  Code  Gb  cmd_func.o [1]
cmd_gpio_all             0x800'7925   0x40  Code  Gb  cmd_func.o [1]
cmd_gpio_cylinder        0x800'78d5   0x24  Code  Gb  cmd_func.o [1]
cmd_gpio_infrared        0x800'790f   0x16  Code  Gb  cmd_func.o [1]
cmd_gpio_magnet          0x800'78b1   0x24  Code  Gb  cmd_func.o [1]
cmd_gpio_microswitch     0x800'78f9   0x16  Code  Gb  cmd_func.o [1]
cmd_hello                0x800'75f9   0x10  Code  Gb  cmd_func.o [1]
cmd_help_func            0x800'661d   0x1c  Code  Gb  cmd.o [1]
cmd_init                 0x800'6441   0x2e  Code  Gb  cmd.o [1]
cmd_kickball_auto        0x800'7965   0x78  Code  Gb  cmd_func.o [1]
cmd_kickball_kick        0x800'7ac3   0x18  Code  Gb  cmd_func.o [1]
cmd_kickball_m2006       0x800'79dd   0x30  Code  Gb  cmd_func.o [1]
cmd_kickball_prepare     0x800'7a7b   0x18  Code  Gb  cmd_func.o [1]
cmd_kickball_pull_magnet
                         0x800'7a93   0x18  Code  Gb  cmd_func.o [1]
cmd_kickball_stop_magnet
                         0x800'7aab   0x18  Code  Gb  cmd_func.o [1]
cmd_kickball_vesc        0x800'7a0d   0x6e  Code  Gb  cmd_func.o [1]
cmd_laser_print_diatance
                         0x800'7763    0xc  Code  Gb  cmd_func.o [1]
cmd_laser_print_pos      0x800'776f    0xc  Code  Gb  cmd_func.o [1]
cmd_m2006                0x800'7787   0x54  Code  Gb  cmd_func.o [1]
cmd_parse                0x800'65a5   0x48  Code  Gb  cmd.o [1]
cmd_point_print_path     0x800'777b    0xc  Code  Gb  cmd_func.o [1]
cmd_table               0x2000'ccd0    0x4  Data  Lc  cmd.o [1]
cmd_touchdown_auto       0x800'7adb   0x50  Code  Gb  cmd_func.o [1]
cmd_touchdown_close      0x800'7b79   0x4a  Code  Gb  cmd_func.o [1]
cmd_touchdown_open       0x800'7b2b   0x4e  Code  Gb  cmd_func.o [1]
cmd_touchdown_try        0x800'7bc3   0x24  Code  Gb  cmd_func.o [1]
cmd_touchdown_try_finish
                         0x800'7c8d   0x24  Code  Gb  cmd_func.o [1]
cmd_vega_calibrate       0x800'7757    0xc  Code  Gb  cmd_func.o [1]
cmd_vega_correct_pos     0x800'769b   0xbc  Code  Gb  cmd_func.o [1]
cmd_vega_print_pos       0x800'7609    0xc  Code  Gb  cmd_func.o [1]
cmd_vega_reset           0x800'768f    0xc  Code  Gb  cmd_func.o [1]
cmd_vega_set_position    0x800'7615   0x7a  Code  Gb  cmd_func.o [1]
cmd_vesc                 0x800'77db   0xd6  Code  Gb  cmd_func.o [1]
cmpAtom                  0x800'8949    0xe  Code  Lc  hash.o [1]
comm_can_set_current     0x800'87a1   0x50  Code  Gb  vesc_can.o [1]
comm_can_set_duty        0x800'8755   0x4c  Code  Gb  vesc_can.o [1]
comm_can_set_rpm         0x800'87f1   0x3e  Code  Gb  vesc_can.o [1]
comm_can_transmit_eid    0x800'8737   0x1e  Code  Gb  vesc_can.o [1]
cos                      0x800'9b75    0x4  Code  Gb  cos_sin64.o [3]
cosl                     0x800'9b75    0x4  Code  Gb  cos_sin64.o [3]
cylinder_state          0x2000'cd1c    0x4  Data  Gb  sensor_gpio.o [1]
ddiv                     0x800'913d   0xc8  Code  Lc  strto64.o [3]
delim                   0x2000'002c    0x4  Data  Lc  cmd.o [1]
digits                   0x800'8fd4   0x28  Data  Lc  iar_Stoulx.o [2]
dmul                     0x800'9071   0xca  Code  Lc  strto64.o [3]
exit                     0x800'a98f    0x4  Code  Gb  exit.o [2]
flag                    0x2000'cbbc   0x24  Data  Gb  main.o [1]
freeKeyAtom              0x800'895b    0x2  Code  Lc  hash.o [1]
gpio_cylinder            0x800'5bdf   0x20  Code  Gb  sensor_gpio.o [1]
gpio_infrared            0x800'5bb1    0xe  Code  Gb  sensor_gpio.o [1]
gpio_magnet              0x800'5bbf   0x20  Code  Gb  sensor_gpio.o [1]
gpio_microswitch         0x800'5ba5    0xc  Code  Gb  sensor_gpio.o [1]
gpio_sensor_exe          0x800'5bff   0x58  Code  Gb  sensor_gpio.o [1]
hadc1                   0x2000'c7f4   0x48  Data  Gb  adc.o [1]
handle_button            0x800'84a5   0x9e  Code  Gb  chassis_handle.o [1]
handle_exe               0x800'858d  0x13e  Code  Gb  chassis_handle.o [1]
handle_rocker            0x800'8543   0x48  Code  Gb  chassis_handle.o [1]
hashAtom                 0x800'8957    0x4  Code  Lc  hash.o [1]
hashStr                  0x800'895d   0x26  Code  Gb  hash.o [1]
hash_id                  0x800'8209    0x4  Code  Lc  can_utils.o [1]
hcan1                   0x2000'cb44   0x28  Data  Gb  can.o [1]
hdma_adc1               0x2000'c43c   0x60  Data  Gb  adc.o [1]
hdma_uart5_rx           0x2000'c49c   0x60  Data  Gb  usart.o [1]
hdma_uart5_tx           0x2000'c4fc   0x60  Data  Gb  usart.o [1]
hdma_usart1_rx          0x2000'c55c   0x60  Data  Gb  usart.o [1]
hdma_usart1_tx          0x2000'c5bc   0x60  Data  Gb  usart.o [1]
hdma_usart2_rx          0x2000'c61c   0x60  Data  Gb  usart.o [1]
hdma_usart2_tx          0x2000'c67c   0x60  Data  Gb  usart.o [1]
hdma_usart3_rx          0x2000'c6dc   0x60  Data  Gb  usart.o [1]
hdma_usart3_tx          0x2000'c73c   0x60  Data  Gb  usart.o [1]
huart1                  0x2000'ca14   0x40  Data  Gb  usart.o [1]
huart2                  0x2000'ca54   0x40  Data  Gb  usart.o [1]
huart3                  0x2000'ca94   0x40  Data  Gb  usart.o [1]
huart4                  0x2000'c994   0x40  Data  Gb  usart.o [1]
huart5                  0x2000'c9d4   0x40  Data  Gb  usart.o [1]
huart6                  0x2000'cad4   0x40  Data  Gb  usart.o [1]
id_cmp                   0x800'820d   0x10  Code  Lc  can_utils.o [1]
inc                      0x800'48db   0xe6  Code  Gb  main.o [1]
infrared_state          0x2000'023c    0x4  Data  Gb  sensor_gpio.o [1]
init_mparams             0x800'01a3   0x32  Code  Lc  dlmalloc.o [2]
init_top                 0x800'01d5   0x36  Code  Lc  dlmalloc.o [2]
isalpha                  0x800'a419   0x14  Code  Gb  isalpha.o [2]
isspace                  0x800'9ce5   0x14  Code  Gb  isspace.o [2]
kal_adc_L               0x2000'0078   0x18  Data  Gb  karman.o [1]
kal_adc_R               0x2000'0090   0x18  Data  Gb  karman.o [1]
kal_adc_S               0x2000'00a8   0x18  Data  Gb  karman.o [1]
kal_distance_L          0x2000'0030   0x18  Data  Gb  karman.o [1]
kal_distance_R          0x2000'0048   0x18  Data  Gb  karman.o [1]
kal_distance_S          0x2000'0060   0x18  Data  Gb  karman.o [1]
kick_current            0x2000'cd10    0x4  Data  Gb  motor_driver.o [1]
kickball_M2006_set_current
                         0x800'5c85    0x8  Code  Gb  kickball.o [1]
kickball_VESC_set_loosen_duty
                         0x800'5c99   0x16  Code  Gb  kickball.o [1]
kickball_VESC_set_pull_current
                         0x800'5caf   0x16  Code  Gb  kickball.o [1]
kickball_VESC_set_rpm    0x800'5c8d    0xc  Code  Gb  kickball.o [1]
kickball_auto           0x2000'00e8    0x4  Data  Gb  kickball.o [1]
kickball_exe             0x800'5eb1   0x30  Code  Gb  kickball.o [1]
kickball_five_score     0x2000'00d4   0x14  Data  Gb  kickball.o [1]
kickball_get_microswitch_status
                         0x800'5ccb    0x6  Code  Gb  kickball.o [1]
kickball_kick_flag      0x2000'ccec    0x4  Data  Gb  kickball.o [1]
kickball_m2006_current  0x2000'00c0    0x4  Data  Gb  kickball.o [1]
kickball_num            0x2000'ccf8    0x4  Data  Gb  kickball.o [1]
kickball_prepare_flag   0x2000'cce4    0x4  Data  Gb  kickball.o [1]
kickball_pull_magnet_flag
                        0x2000'ccf0    0x4  Data  Gb  kickball.o [1]
kickball_ready_flag     0x2000'cce8    0x4  Data  Gb  kickball.o [1]
kickball_set_magnet_status
                         0x800'5cc5    0x6  Code  Gb  kickball.o [1]
kickball_set_status      0x800'5cd1   0x7c  Code  Gb  kickball.o [1]
kickball_state_machine   0x800'5d4d  0x164  Code  Gb  kickball.o [1]
kickball_status         0x2000'cd40    0x1  Data  Gb  kickball.o [1]
kickball_stop_magnet_flag
                        0x2000'ccf4    0x4  Data  Gb  kickball.o [1]
kickball_vesc_lossen_duty
                        0x2000'00c4    0x4  Data  Gb  kickball.o [1]
kickball_vesc_pull_current10
                        0x2000'00cc    0x4  Data  Gb  kickball.o [1]
kickball_vesc_pull_current20
                        0x2000'00d0    0x4  Data  Gb  kickball.o [1]
kickball_vesc_pull_current5
                        0x2000'00c8    0x4  Data  Gb  kickball.o [1]
laser_adc               0x2000'c1cc   0x78  Data  Gb  laser.o [1]
laser_adc_split          0x800'5813   0x36  Code  Gb  laser.o [1]
laser_calculate_angle    0x800'58cd    0x6  Code  Gb  laser.o [1]
laser_calculate_distance
                         0x800'5849   0x74  Code  Gb  laser.o [1]
laser_calculate_kb       0x800'57dd   0x36  Code  Gb  laser.o [1]
laser_calculate_x        0x800'58bd    0x6  Code  Gb  laser.o [1]
laser_calculate_y        0x800'58c5    0x6  Code  Gb  laser.o [1]
laser_exe                0x800'5945   0x64  Code  Gb  laser.o [1]
laser_init               0x800'58d5   0x70  Code  Gb  laser.o [1]
laser_left              0x2000'c83c   0x48  Data  Gb  laser.o [1]
laser_print_distance     0x800'59a9   0x3a  Code  Gb  laser.o [1]
laser_print_pos          0x800'59e3   0x38  Code  Gb  laser.o [1]
laser_right             0x2000'c8cc   0x48  Data  Gb  laser.o [1]
laser_side              0x2000'c884   0x48  Data  Gb  laser.o [1]
lcd_add                  0x800'5a85   0x38  Code  Gb  lcd.o [1]
lcd_exe                  0x800'5ae1   0x8a  Code  Gb  lcd.o [1]
lcd_exe::now_num        0x2000'cd00    0x4  Data  Lc  lcd.o [1]
lcd_init                 0x800'5abd   0x24  Code  Gb  lcd.o [1]
lcd_msg                 0x2000'c03c  0x190  Data  Gb  lcd.o [1]
lcd_msg_length          0x2000'ccfc    0x4  Data  Lc  lcd.o [1]
ldexp                    0x800'28a5         Code  Gb  ldexp.o [3]
ldexpl                   0x800'28a5         Code  Gb  ldexp.o [3]
localeconv               0x800'2225    0x4  Code  Gb  xlocale_c.o [2]
m2006_exe                0x800'5781   0x48  Code  Gb  motor_driver.o [1]
magnet_state            0x2000'cd18    0x4  Data  Gb  sensor_gpio.o [1]
main                     0x800'47ad   0x8c  Code  Gb  main.o [1]
memchr                   0x800'22f5         Code  Gb  memchr.o [4]
microswitch_state       0x2000'cd14    0x4  Data  Gb  sensor_gpio.o [1]
motor_init               0x800'5735    0x8  Code  Gb  motor_driver.o [1]
mparams                 0x2000'cc64   0x18  Data  Lc  dlmalloc.o [2]
ndigs                    0x800'8ffc   0x28  Data  Lc  iar_Stoulx.o [2]
pContainer              0x2000'00ec  0x150  Data  Gb  point_parser.o [1]
point_print_path         0x800'8e15   0x92  Code  Gb  point_parser.o [1]
points_pos1             0x2000'02e4  0xfa0  Data  Gb  point.o [1]
points_pos10            0x2000'8f84  0xfa0  Data  Gb  point.o [1]
points_pos11            0x2000'9f24  0xfa0  Data  Gb  point.o [1]
points_pos12            0x2000'aec4  0xfa0  Data  Gb  point.o [1]
points_pos2             0x2000'1284  0xfa0  Data  Gb  point.o [1]
points_pos3             0x2000'2224  0xfa0  Data  Gb  point.o [1]
points_pos4             0x2000'31c4  0xfa0  Data  Gb  point.o [1]
points_pos5             0x2000'4164  0xfa0  Data  Gb  point.o [1]
points_pos6             0x2000'5104  0xfa0  Data  Gb  point.o [1]
points_pos7             0x2000'60a4  0xfa0  Data  Gb  point.o [1]
points_pos8             0x2000'7044  0xfa0  Data  Gb  point.o [1]
points_pos9             0x2000'7fe4  0xfa0  Data  Gb  point.o [1]
posture                 0x2000'cc34   0x18  Data  Lc  cmd.o [1]
pows                     0x800'95a8   0x48  Data  Lc  strto64.o [3]
prepend_alloc            0x800'020b  0x346  Code  Lc  dlmalloc.o [2]
print_buffer            0x2000'c244   0x68  Data  Gb  cmd.o [1]
recive_id               0x2000'cc8c   0x10  Data  Gb  configure.o [1]
robomaster_set_current   0x800'8839   0x68  Code  Gb  robomaster.o [1]
rx_buffer               0x2000'cca8    0x8  Data  Lc  can_utils.o [1]
rx_id                   0x2000'ccc8    0x4  Data  Lc  can_utils.o [1]
scalbln                  0x800'28a5         Code  Gb  ldexp.o [3]
scalblnl                 0x800'28a5         Code  Gb  ldexp.o [3]
scalbn                   0x800'28a5         Code  Gb  ldexp.o [3]
scalbnl                  0x800'28a5         Code  Gb  ldexp.o [3]
scale                    0x800'19ab   0x46  Code  Lc  xprintffull.o [2]
sec_hand                0x2000'cd38    0x4  Data  Lc  xfail_s.o [2]
segment_holding          0x800'0189   0x1a  Code  Lc  dlmalloc.o [2]
send_id                 0x2000'cc7c   0x10  Data  Gb  configure.o [1]
simplelib_init           0x800'52d1   0x2a  Code  Gb  simplelib.o [1]
simplelib_run            0x800'52fb   0x24  Code  Gb  simplelib.o [1]
sqrt                     0x800'9b89         Code  Gb  sqrt.o [3]
sqrtl                    0x800'9b89         Code  Gb  sqrt.o [3]
std_id                  0x2000'0000    0xc  Data  Gb  can_utils.o [1]
str_cmp                  0x800'66f9   0x1c  Code  Lc  cmd.o [1]
strchr                   0x800'2231         Code  Gb  strchr.o [4]
strcmp                   0x800'8c5d         Code  Gb  strcmp.o [4]
strcpy                   0x800'88fd         Code  Gb  strcpy.o [4]
strcspn                  0x800'9cc3   0x22  Code  Gb  strcspn.o [2]
strlen                   0x800'22a5         Code  Gb  strlen.o [4]
strspn                   0x800'9ca1   0x22  Code  Gb  strspn.o [2]
strtok                   0x800'8bd5   0x4c  Code  Gb  strtok.o [2]
sys_alloc                0x800'0749  0x164  Code  Lc  dlmalloc.o [2]
test_flag0              0x2000'cd08    0x4  Data  Gb  main.o [1]
test_value              0x2000'cb94   0x28  Data  Gb  main.o [1]
time_1ms_cnt            0x2000'cd04    0x4  Data  Lc  main.o [1]
tmalloc_large            0x800'08b9  0x386  Code  Lc  dlmalloc.o [2]
tmalloc_small            0x800'0c3f  0x200  Code  Lc  dlmalloc.o [2]
tolower                  0x800'9cf9   0x14  Code  Gb  tolower.o [2]
touchdown_auto_flag     0x2000'0250    0x4  Data  Gb  touchdown.o [1]
touchdown_close_current
                        0x2000'024c    0x4  Data  Gb  touchdown.o [1]
touchdown_current       0x2000'cd0c    0x4  Data  Gb  motor_driver.o [1]
touchdown_cylinder_pull
                         0x800'5f39    0x8  Code  Gb  touchdown.o [1]
touchdown_cylinder_push
                         0x800'5f31    0x8  Code  Gb  touchdown.o [1]
touchdown_exe            0x800'602f   0x10  Code  Gb  touchdown.o [1]
touchdown_m2006_close    0x800'5f53   0x12  Code  Gb  touchdown.o [1]
touchdown_m2006_open     0x800'5f41   0x12  Code  Gb  touchdown.o [1]
touchdown_open_current  0x2000'0248    0x4  Data  Gb  touchdown.o [1]
touchdown_ready_flag    0x2000'cd24    0x4  Data  Gb  touchdown.o [1]
touchdown_state_machine
                         0x800'5f65   0xca  Code  Gb  touchdown.o [1]
touchdown_state_machine::time
                        0x2000'ccb8    0x8  Data  Lc  touchdown.o [1]
touchdown_state_machine::waitingtime
                        0x2000'cd30    0x4  Data  Lc  touchdown.o [1]
touchdown_status        0x2000'cd41    0x1  Data  Gb  touchdown.o [1]
touchdown_try_finish_flag
                        0x2000'cd2c    0x4  Data  Gb  touchdown.o [1]
touchdown_try_flag      0x2000'cd28    0x4  Data  Gb  touchdown.o [1]
uprintf                  0x800'668d   0x36  Code  Gb  cmd.o [1]
uprintf_to               0x800'66c3   0x34  Code  Gb  cmd.o [1]
usart_DMA_init           0x800'63f5   0x4c  Code  Gb  cmd.o [1]
usart_exc_DMA            0x800'646f   0x3e  Code  Gb  cmd.o [1]
usart_exc_DMA_vega       0x800'672d   0xb2  Code  Gb  cmd.o [1]
uwTick                  0x2000'cd20    0x4  Data  Gb  stm32f4xx_hal.o [1]
uwTickFreq              0x2000'02e0    0x1  Data  Gb  stm32f4xx_hal.o [1]
uwTickPrio              0x2000'0240    0x4  Data  Gb  stm32f4xx_hal.o [1]
vec_create               0x800'8489   0x1a  Code  Gb  vec.o [1]
vec_model                0x800'845d   0x2c  Code  Gb  vec.o [1]
vega_calibration         0x800'8cc5   0x1c  Code  Gb  vega.o [1]
vega_correct_pos         0x800'8d4b   0x60  Code  Gb  vega.o [1]
vega_in_coordinate      0x2000'0254    0xc  Data  Gb  vega.o [1]
vega_print_pos           0x800'8dab   0x3a  Code  Gb  vega.o [1]
vega_reset               0x800'8ce1   0x1c  Code  Gb  vega.o [1]
vega_set_position        0x800'8cfd   0x4e  Code  Gb  vega.o [1]
vesc                    0x2000'cc4c   0x18  Data  Gb  motor_driver.o [1]
vsec_exe                 0x800'573d   0x42  Code  Gb  motor_driver.o [1]
vsnprintf                0x800'8c21   0x3c  Code  Gb  vsnprint.o [2]


[1] = E:\Robocon_Value\Chassis_TR\EWARM\Chassis\Obj
[2] = dl7M_tlf.a
[3] = m7M_tls.a
[4] = rt7M_tl.a
[5] = shb_l.a

  42 816 bytes of readonly  code memory
   2 834 bytes of readonly  data memory
  61 247 bytes of readwrite data memory

Errors: none
Warnings: none
