###############################################################################
#
# IAR ELF Linker V8.30.1.114/W32 for ARM                  16/Jan/2020  15:46:52
# Copyright 2007-2018 IAR Systems AB.
#
#    Output file  =  E:\Robocon_Value\Chassis_TR\EWARM\Chassis\Exe\Chassis.out
#    Map file     =  E:\Robocon_Value\Chassis_TR\EWARM\Chassis\List\Chassis.map
#    Command line =  
#        -f C:\Users\DELL\AppData\Local\Temp\EWAFDD.tmp
#        (E:\Robocon_Value\Chassis_TR\EWARM\Chassis\Obj\adc.o
#        E:\Robocon_Value\Chassis_TR\EWARM\Chassis\Obj\can.o
#        E:\Robocon_Value\Chassis_TR\EWARM\Chassis\Obj\can_func.o
#        E:\Robocon_Value\Chassis_TR\EWARM\Chassis\Obj\can_utils.o
#        E:\Robocon_Value\Chassis_TR\EWARM\Chassis\Obj\chassis.o
#        E:\Robocon_Value\Chassis_TR\EWARM\Chassis\Obj\chassis_handle.o
#        E:\Robocon_Value\Chassis_TR\EWARM\Chassis\Obj\cmd.o
#        E:\Robocon_Value\Chassis_TR\EWARM\Chassis\Obj\cmd_func.o
#        E:\Robocon_Value\Chassis_TR\EWARM\Chassis\Obj\configure.o
#        E:\Robocon_Value\Chassis_TR\EWARM\Chassis\Obj\dma.o
#        E:\Robocon_Value\Chassis_TR\EWARM\Chassis\Obj\flags.o
#        E:\Robocon_Value\Chassis_TR\EWARM\Chassis\Obj\flash.o
#        E:\Robocon_Value\Chassis_TR\EWARM\Chassis\Obj\gpio.o
#        E:\Robocon_Value\Chassis_TR\EWARM\Chassis\Obj\hash.o
#        E:\Robocon_Value\Chassis_TR\EWARM\Chassis\Obj\karman.o
#        E:\Robocon_Value\Chassis_TR\EWARM\Chassis\Obj\kickball.o
#        E:\Robocon_Value\Chassis_TR\EWARM\Chassis\Obj\laser.o
#        E:\Robocon_Value\Chassis_TR\EWARM\Chassis\Obj\lcd.o
#        E:\Robocon_Value\Chassis_TR\EWARM\Chassis\Obj\main.o
#        E:\Robocon_Value\Chassis_TR\EWARM\Chassis\Obj\motor_driver.o
#        E:\Robocon_Value\Chassis_TR\EWARM\Chassis\Obj\point.o
#        E:\Robocon_Value\Chassis_TR\EWARM\Chassis\Obj\point_parser.o
#        E:\Robocon_Value\Chassis_TR\EWARM\Chassis\Obj\robomaster.o
#        E:\Robocon_Value\Chassis_TR\EWARM\Chassis\Obj\sensor_gpio.o
#        E:\Robocon_Value\Chassis_TR\EWARM\Chassis\Obj\simplelib.o
#        E:\Robocon_Value\Chassis_TR\EWARM\Chassis\Obj\startup_stm32f407xx.o
#        E:\Robocon_Value\Chassis_TR\EWARM\Chassis\Obj\stm32f4xx_hal.o
#        E:\Robocon_Value\Chassis_TR\EWARM\Chassis\Obj\stm32f4xx_hal_adc.o
#        E:\Robocon_Value\Chassis_TR\EWARM\Chassis\Obj\stm32f4xx_hal_adc_ex.o
#        E:\Robocon_Value\Chassis_TR\EWARM\Chassis\Obj\stm32f4xx_hal_can.o
#        E:\Robocon_Value\Chassis_TR\EWARM\Chassis\Obj\stm32f4xx_hal_cortex.o
#        E:\Robocon_Value\Chassis_TR\EWARM\Chassis\Obj\stm32f4xx_hal_dma.o
#        E:\Robocon_Value\Chassis_TR\EWARM\Chassis\Obj\stm32f4xx_hal_dma_ex.o
#        E:\Robocon_Value\Chassis_TR\EWARM\Chassis\Obj\stm32f4xx_hal_exti.o
#        E:\Robocon_Value\Chassis_TR\EWARM\Chassis\Obj\stm32f4xx_hal_flash.o
#        E:\Robocon_Value\Chassis_TR\EWARM\Chassis\Obj\stm32f4xx_hal_flash_ex.o
#        E:\Robocon_Value\Chassis_TR\EWARM\Chassis\Obj\stm32f4xx_hal_flash_ramfunc.o
#        E:\Robocon_Value\Chassis_TR\EWARM\Chassis\Obj\stm32f4xx_hal_gpio.o
#        E:\Robocon_Value\Chassis_TR\EWARM\Chassis\Obj\stm32f4xx_hal_msp.o
#        E:\Robocon_Value\Chassis_TR\EWARM\Chassis\Obj\stm32f4xx_hal_pwr.o
#        E:\Robocon_Value\Chassis_TR\EWARM\Chassis\Obj\stm32f4xx_hal_pwr_ex.o
#        E:\Robocon_Value\Chassis_TR\EWARM\Chassis\Obj\stm32f4xx_hal_rcc.o
#        E:\Robocon_Value\Chassis_TR\EWARM\Chassis\Obj\stm32f4xx_hal_rcc_ex.o
#        E:\Robocon_Value\Chassis_TR\EWARM\Chassis\Obj\stm32f4xx_hal_tim.o
#        E:\Robocon_Value\Chassis_TR\EWARM\Chassis\Obj\stm32f4xx_hal_tim_ex.o
#        E:\Robocon_Value\Chassis_TR\EWARM\Chassis\Obj\stm32f4xx_hal_uart.o
#        E:\Robocon_Value\Chassis_TR\EWARM\Chassis\Obj\stm32f4xx_it.o
#        E:\Robocon_Value\Chassis_TR\EWARM\Chassis\Obj\stmflash.o
#        E:\Robocon_Value\Chassis_TR\EWARM\Chassis\Obj\sys.o
#        E:\Robocon_Value\Chassis_TR\EWARM\Chassis\Obj\system_stm32f4xx.o
#        E:\Robocon_Value\Chassis_TR\EWARM\Chassis\Obj\touchdown.o
#        E:\Robocon_Value\Chassis_TR\EWARM\Chassis\Obj\usart.o
#        E:\Robocon_Value\Chassis_TR\EWARM\Chassis\Obj\utils.o
#        E:\Robocon_Value\Chassis_TR\EWARM\Chassis\Obj\vec.o
#        E:\Robocon_Value\Chassis_TR\EWARM\Chassis\Obj\vega.o
#        E:\Robocon_Value\Chassis_TR\EWARM\Chassis\Obj\vesc_can.o --redirect
#        _Printf=_PrintfFull --redirect _Scanf=_ScanfFull --no_out_extension -o
#        E:\Robocon_Value\Chassis_TR\EWARM\Chassis\Exe\Chassis.out --map
#        E:\Robocon_Value\Chassis_TR\EWARM\Chassis\List\Chassis.map --config
#        E:\Robocon_Value\Chassis_TR\EWARM/stm32f407xx_flash.icf --semihosting
#        --entry __iar_program_start --vfe --text_out locale)
#
###############################################################################

*******************************************************************************
*** RUNTIME MODEL ATTRIBUTES
***

CppFlavor       = *
__Heap_Handler  = DLMalloc
__SystemLibrary = DLib
__dlib_version  = 6


*******************************************************************************
*** HEAP SELECTION
***

The advanced heap was selected because the application calls memory
allocation functions outside of system library functions, and there
are calls to deallocation functions in the application.


*******************************************************************************
*** PLACEMENT SUMMARY
***

"A0":  place at 0x800'0000 { ro section .intvec };
"P1":  place in [from 0x800'0000 to 0x80f'ffff] { ro };
define block CSTACK with size = 4608, alignment = 8 { };
define block HEAP with size = 4K, alignment = 8 { };
"P2":  place in [from 0x2000'0000 to 0x2001'ffff] {
          rw, block CSTACK, block HEAP };
initialize by copy { rw };

  Section            Kind         Address    Size  Object
  -------            ----         -------    ----  ------
"A0":                                       0x188
  .intvec            ro code   0x800'0000   0x188  startup_stm32f407xx.o [1]
                             - 0x800'0188   0x188

"P1":                                      0xc6ce
  .text              ro code   0x800'0188   0xf80  dlmalloc.o [2]
  .text              ro code   0x800'1108     0x6  abort.o [2]
  .text              ro code   0x800'110e    0x7a  lz77_init_single.o [4]
  .text              ro code   0x800'1188    0x2c  xgetmemchunk.o [2]
  .text              ro code   0x800'11b4    0x14  exit.o [5]
  .text              ro code   0x800'11c8   0xf7a  xprintffull.o [2]
  .text              ro code   0x800'2142    0x3a  zero_init3.o [4]
  .text              ro code   0x800'217c    0xb4  xlocale_c.o [2]
  .text              ro code   0x800'2230    0x16  strchr.o [4]
  .text              ro code   0x800'2246    0x1e  xencoding_8859_1.o [2]
  .text              ro code   0x800'2264    0x40  xfail_s.o [2]
  .text              ro code   0x800'22a4    0x36  strlen.o [4]
  .text              ro code   0x800'22da    0x1a  xsnprout.o [2]
  .text              ro code   0x800'22f4    0x58  memchr.o [4]
  .text              ro code   0x800'234c     0xa  xmbcurmax.o [2]
  .text              ro code   0x800'2358    0xa6  ABImemcpy.o [4]
  .text              ro code   0x800'2400   0x230  I64DivMod.o [4]
  .text              ro code   0x800'2630   0x1a2  DblMul.o [3]
  .text              ro code   0x800'27d4    0x70  frexp.o [3]
  .text              ro code   0x800'2844    0x2e  DblCmpLe.o [3]
  .text              ro code   0x800'2874    0x2e  DblCmpGe.o [3]
  .text              ro code   0x800'28a4   0x13a  ldexp.o [3]
  .text              ro code   0x800'29e0    0x3a  DblToS32.o [3]
  .text              ro code   0x800'2a1c    0x22  S32ToDbl.o [3]
  .text              ro code   0x800'2a40    0xe2  DblSub.o [3]
  .text              ro code   0x800'2b24   0x246  DblDiv.o [3]
  .text              ro code   0x800'2d6c    0x28  DblToU32.o [3]
  .text              ro code   0x800'2d94    0x1a  U32ToDbl.o [3]
  .text              ro code   0x800'2db0     0x2  I64DivZer.o [4]
  .text              ro code   0x800'2db4   0x17a  DblAdd.o [3]
  .text              ro code   0x800'2f30   0xa38  stm32f4xx_hal_uart.o [1]
  .text              ro code   0x800'3968   0x67c  usart.o [1]
  .text              ro code   0x800'3fe4     0xc  stm32f4xx_hal.o [1]
  .text              ro code   0x800'3ff0   0x550  stm32f4xx_hal_dma.o [1]
  .text              ro code   0x800'4540     0x2  stm32f4xx_hal_uart.o [1]
  .text              ro code   0x800'4542     0x2  stm32f4xx_hal_uart.o [1]
  .text              ro code   0x800'4544     0x2  stm32f4xx_hal_uart.o [1]
  .text              ro code   0x800'4546     0x2  stm32f4xx_hal_uart.o [1]
  .text              ro code   0x800'4548     0x2  stm32f4xx_hal_uart.o [1]
  .text              ro code   0x800'454c   0x224  stm32f4xx_hal_rcc.o [1]
  .text              ro code   0x800'4770   0x272  main.o [1]
  .text              ro code   0x800'49e4     0x6  ABImemclr4.o [4]
  .text              ro code   0x800'49ec   0x29c  stm32f4xx_hal_gpio.o [1]
  .text              ro code   0x800'4c88   0x158  stm32f4xx_hal_cortex.o [1]
  .text              ro code   0x800'4de0    0x4c  stm32f4xx_hal.o [1]
  .text              ro code   0x800'4e2c    0x34  stm32f4xx_hal.o [1]
  .text              ro code   0x800'4e60   0x168  gpio.o [1]
  .text              ro code   0x800'4fc8    0xc8  dma.o [1]
  .text              ro code   0x800'5090   0x160  adc.o [1]
  .text              ro code   0x800'51f0    0xd4  can.o [1]
  .text              ro code   0x800'52c4    0x5c  simplelib.o [1]
  .text              ro code   0x800'5320    0x30  configure.o [1]
  .text              ro code   0x800'5350   0x9e8  chassis.o [1]
  .text              ro code   0x800'5d38    0xa8  motor_driver.o [1]
  .text              ro code   0x800'5de0   0x2a8  laser.o [1]
  .text              ro code   0x800'6088   0x1c4  lcd.o [1]
  .text              ro code   0x800'624c    0xe0  sensor_gpio.o [1]
  .text              ro code   0x800'632c   0x2ac  kickball.o [1]
  .text              ro code   0x800'65d8   0x144  touchdown.o [1]
  .text              ro code   0x800'671c   0x380  stm32f4xx_hal_rcc.o [1]
  .text              ro code   0x800'6a9c   0x434  cmd.o [1]
  .text              ro code   0x800'6ed0    0x32  ABImemset48.o [4]
  .text              ro code   0x800'6f04    0x40  stm32f4xx_hal_msp.o [1]
  .text              ro code   0x800'6f44   0x56e  stm32f4xx_hal_adc.o [1]
  .text              ro code   0x800'74b4   0x7dc  stm32f4xx_hal_can.o [1]
  .text              ro code   0x800'7c90   0x9dc  cmd_func.o [1]
  .text              ro code   0x800'866c   0x24a  can_utils.o [1]
  .text              ro code   0x800'88b8    0x3c  can_func.o [1]
  .text              ro code   0x800'88f4    0x48  FltToDbl.o [3]
  .text              ro code   0x800'893c    0x68  DblToFlt.o [3]
  .text              ro code   0x800'89a4   0x1ac  utils.o [1]
  .text              ro code   0x800'8b50    0x1e  sqrtf.o [3]
  .text              ro code   0x800'8b70    0x36  math_wrappers64.o [3]
  .text              ro code   0x800'8ba8   0x178  vec.o [1]
  .text              ro code   0x800'8d20   0x2e4  chassis_handle.o [1]
  .text              ro code   0x800'9004   0x134  vesc_can.o [1]
  .text              ro code   0x800'9138    0x6a  robomaster.o [1]
  .text              ro code   0x800'91a2    0x5a  karman.o [1]
  .text              ro code   0x800'91fc    0x4c  strcpy.o [4]
  .text              ro code   0x800'9248   0x224  hash.o [1]
  .text              ro code   0x800'946c    0x66  ABImemset.o [4]
  .text              ro code   0x800'94d4    0x4c  strtok.o [2]
  .text              ro code   0x800'9520    0x3c  vsnprint.o [2]
  .text              ro code   0x800'955c    0x4a  strcmp.o [4]
  .text              ro code   0x800'95a6     0x2  stm32f4xx_hal_adc.o [1]
  .text              ro code   0x800'95a8     0x2  stm32f4xx_hal_adc.o [1]
  .text              ro code   0x800'95aa     0x2  stm32f4xx_hal_adc.o [1]
  .text              ro code   0x800'95ac     0x2  stm32f4xx_hal_can.o [1]
  .text              ro code   0x800'95ae     0x2  stm32f4xx_hal_can.o [1]
  .text              ro code   0x800'95b0     0x2  stm32f4xx_hal_can.o [1]
  .text              ro code   0x800'95b2     0x2  stm32f4xx_hal_can.o [1]
  .text              ro code   0x800'95b4     0x2  stm32f4xx_hal_can.o [1]
  .text              ro code   0x800'95b6     0x2  stm32f4xx_hal_can.o [1]
  .text              ro code   0x800'95b8     0x2  stm32f4xx_hal_can.o [1]
  .text              ro code   0x800'95ba     0x2  stm32f4xx_hal_can.o [1]
  .text              ro code   0x800'95bc     0x2  stm32f4xx_hal_can.o [1]
  .text              ro code   0x800'95be     0x2  stm32f4xx_hal_can.o [1]
  .text              ro code   0x800'95c0     0x2  stm32f4xx_hal_can.o [1]
  .text              ro code   0x800'95c4   0x150  vega.o [1]
  .text              ro code   0x800'9714    0x9c  point_parser.o [1]
  .text              ro code   0x800'97b0   0x174  iar_Stoulx.o [2]
  .text              ro code   0x800'9924    0x20  DblCmpEq.o [3]
  .text              ro code   0x800'9944    0x6a  atan2f.o [3]
  .text              ro code   0x800'99b0   0x580  strto64.o [3]
  .text              ro code   0x800'9f30   0x140  atan2_64.o [3]
  .text              ro code   0x800'a070   0x44c  cos_sin64.o [3]
  .text              ro code   0x800'a4bc   0x102  sqrt.o [3]
  .text              ro code   0x800'a5c0    0x24  ABIassert.o [5]
  .text              ro code   0x800'a5e4    0x22  strspn.o [2]
  .text              ro code   0x800'a606    0x22  strcspn.o [2]
  .text              ro code   0x800'a628    0x14  isspace.o [2]
  .text              ro code   0x800'a63c    0x14  tolower.o [2]
  .text              ro code   0x800'a650    0xa4  xatanf.o [3]
  .text              ro code   0x800'a6f4   0x122  iar_Stopfx.o [2]
  .text              ro code   0x800'a818   0x1c4  iar_Stoflt.o [2]
  .text              ro code   0x800'a9dc   0x21c  iar_Stoxflt.o [2]
  .text              ro code   0x800'abf8   0x208  iar_Atan64.o [3]
  .text              ro code   0x800'ae00    0x14  isalpha.o [2]
  .text              ro code   0x800'ae14   0x124  stm32f4xx_it.o [1]
  .text              ro code   0x800'af38    0x18  stm32f4xx_hal.o [1]
  .text              ro code   0x800'af50    0x60  system_stm32f4xx.o [1]
  .rodata            const     0x800'afb0    0x30  hash.o [1]
  .rodata            const     0x800'afe0    0x2c  cmd_func.o [1]
  .rodata            const     0x800'b00c    0x28  cmd_func.o [1]
  .rodata            const     0x800'b034    0x28  vega.o [1]
  .text              ro code   0x800'b05c    0x28  data_init.o [4]
  .rodata            const     0x800'b084    0x24  cmd_func.o [1]
  .rodata            const     0x800'b0a8    0x24  cmd_func.o [1]
  .rodata            const     0x800'b0cc    0x24  cmd_func.o [1]
  .rodata            const     0x800'b0f0    0x24  cmd_func.o [1]
  .rodata            const     0x800'b114    0x24  cmd_func.o [1]
  .rodata            const     0x800'b138    0x24  cmd_func.o [1]
  .text              ro code   0x800'b15c    0x22  fpinit_M.o [3]
  .iar.init_table    const     0x800'b180    0x20  - Linker created -
  .rodata            const     0x800'b1a0    0x20  can_utils.o [1]
  .rodata            const     0x800'b1c0    0x20  cmd_func.o [1]
  .rodata            const     0x800'b1e0    0x20  cmd_func.o [1]
  .rodata            const     0x800'b200    0x20  cmd_func.o [1]
  .rodata            const     0x800'b220    0x20  cmd_func.o [1]
  .rodata            const     0x800'b240    0x20  cmd_func.o [1]
  .rodata            const     0x800'b260    0x20  cmd_func.o [1]
  .rodata            const     0x800'b280    0x20  cmd_func.o [1]
  .rodata            const     0x800'b2a0    0x20  hash.o [1]
  .rodata            const     0x800'b2c0    0x20  kickball.o [1]
  .rodata            const     0x800'b2e0    0x20  sensor_gpio.o [1]
  .rodata            const     0x800'b300    0x20  sensor_gpio.o [1]
  .rodata            const     0x800'b320    0x20  sensor_gpio.o [1]
  .rodata            const     0x800'b340    0x20  vega.o [1]
  .rodata            const     0x800'b360    0x20  vega.o [1]
  .text              ro code   0x800'b380    0x1e  cmain.o [4]
  .text              ro code   0x800'b39e     0x4  low_level_init.o [2]
  .text              ro code   0x800'b3a2     0x4  exit.o [2]
  .text              ro code   0x800'b3a8     0xa  cexit.o [4]
  .rodata            const     0x800'b3b4    0x1c  chassis.o [1]
  .rodata            const     0x800'b3d0    0x1c  cmd_func.o [1]
  .rodata            const     0x800'b3ec    0x1c  cmd_func.o [1]
  .rodata            const     0x800'b408    0x1c  cmd_func.o [1]
  .rodata            const     0x800'b424    0x1c  cmd_func.o [1]
  .rodata            const     0x800'b440    0x1c  cmd_func.o [1]
  .rodata            const     0x800'b45c    0x1c  cmd_func.o [1]
  .rodata            const     0x800'b478    0x1c  cmd_func.o [1]
  .rodata            const     0x800'b494    0x1c  cmd_func.o [1]
  .rodata            const     0x800'b4b0    0x1c  cmd_func.o [1]
  .rodata            const     0x800'b4cc    0x1c  cmd_func.o [1]
  .rodata            const     0x800'b4e8    0x1c  cmd_func.o [1]
  .rodata            const     0x800'b504    0x1c  lcd.o [1]
  .rodata            const     0x800'b520    0x1c  sensor_gpio.o [1]
  .rodata            const     0x800'b53c    0x1c  vega.o [1]
  .rodata            const     0x800'b558    0x18  chassis.o [1]
  .rodata            const     0x800'b570    0x18  chassis_handle.o [1]
  .rodata            const     0x800'b588    0x18  chassis_handle.o [1]
  .rodata            const     0x800'b5a0    0x18  chassis_handle.o [1]
  .rodata            const     0x800'b5b8    0x18  cmd_func.o [1]
  .rodata            const     0x800'b5d0    0x18  cmd_func.o [1]
  .rodata            const     0x800'b5e8    0x18  cmd_func.o [1]
  .rodata            const     0x800'b600    0x18  cmd_func.o [1]
  .rodata            const     0x800'b618    0x18  cmd_func.o [1]
  .rodata            const     0x800'b630    0x18  cmd_func.o [1]
  .rodata            const     0x800'b648    0x18  cmd_func.o [1]
  .rodata            const     0x800'b660    0x18  cmd_func.o [1]
  .rodata            const     0x800'b678    0x18  cmd_func.o [1]
  .rodata            const     0x800'b690    0x18  cmd_func.o [1]
  .rodata            const     0x800'b6a8    0x18  cmd_func.o [1]
  .rodata            const     0x800'b6c0    0x18  laser.o [1]
  .rodata            const     0x800'b6d8    0x18  simplelib.o [1]
  .rodata            const     0x800'b6f0    0x18  vega.o [1]
  .rodata            const     0x800'b708    0x14  cmd_func.o [1]
  .rodata            const     0x800'b71c    0x14  cmd_func.o [1]
  .rodata            const     0x800'b730    0x14  cmd_func.o [1]
  .rodata            const     0x800'b744    0x14  cmd_func.o [1]
  .rodata            const     0x800'b758    0x14  cmd_func.o [1]
  .rodata            const     0x800'b76c    0x14  cmd_func.o [1]
  .rodata            const     0x800'b780    0x14  cmd_func.o [1]
  .rodata            const     0x800'b794    0x14  cmd_func.o [1]
  .rodata            const     0x800'b7a8    0x14  cmd_func.o [1]
  .rodata            const     0x800'b7bc    0x14  cmd_func.o [1]
  .rodata            const     0x800'b7d0    0x14  main.o [1]
  .rodata            const     0x800'b7e4    0x10  chassis.o [1]
  .rodata            const     0x800'b7f4    0x10  chassis_handle.o [1]
  .rodata            const     0x800'b804    0x10  cmd.o [1]
  .rodata            const     0x800'b814    0x10  cmd.o [1]
  .rodata            const     0x800'b824    0x10  cmd_func.o [1]
  .rodata            const     0x800'b834    0x10  cmd_func.o [1]
  .rodata            const     0x800'b844    0x10  cmd_func.o [1]
  .rodata            const     0x800'b854    0x10  cmd_func.o [1]
  .rodata            const     0x800'b864    0x10  cmd_func.o [1]
  .rodata            const     0x800'b874    0x10  cmd_func.o [1]
  .rodata            const     0x800'b884    0x10  cmd_func.o [1]
  .rodata            const     0x800'b894    0x10  cmd_func.o [1]
  .rodata            const     0x800'b8a4    0x10  cmd_func.o [1]
  .rodata            const     0x800'b8b4    0x10  cmd_func.o [1]
  .rodata            const     0x800'b8c4    0x10  cmd_func.o [1]
  .rodata            const     0x800'b8d4    0x10  cmd_func.o [1]
  .rodata            const     0x800'b8e4    0x10  cmd_func.o [1]
  .rodata            const     0x800'b8f4    0x10  cmd_func.o [1]
  .rodata            const     0x800'b904    0x10  cmd_func.o [1]
  .rodata            const     0x800'b914    0x10  cmd_func.o [1]
  .rodata            const     0x800'b924    0x10  cmd_func.o [1]
  .rodata            const     0x800'b934    0x10  laser.o [1]
  .rodata            const     0x800'b944    0x10  laser.o [1]
  .rodata            const     0x800'b954    0x10  laser.o [1]
  .rodata            const     0x800'b964    0x10  laser.o [1]
  .rodata            const     0x800'b974    0x10  laser.o [1]
  .rodata            const     0x800'b984    0x10  system_stm32f4xx.o [1]
  .text              ro code   0x800'b994    0x10  startup_stm32f407xx.o [1]
  .rodata            const     0x800'b9a4     0xc  can_func.o [1]
  .rodata            const     0x800'b9b0     0xc  cmd.o [1]
  .rodata            const     0x800'b9bc     0xc  cmd_func.o [1]
  .rodata            const     0x800'b9c8     0xc  cmd_func.o [1]
  .rodata            const     0x800'b9d4     0xc  cmd_func.o [1]
  .rodata            const     0x800'b9e0     0xc  cmd_func.o [1]
  .rodata            const     0x800'b9ec     0xc  hash.o [1]
  .rodata            const     0x800'b9f8     0xc  point_parser.o [1]
  .text              ro code   0x800'ba04     0xc  cstartup_M.o [4]
  .rodata            const     0x800'ba10     0x8  cmd.o [1]
  .rodata            const     0x800'ba18     0x8  cmd.o [1]
  .rodata            const     0x800'ba20     0x8  cmd.o [1]
  .rodata            const     0x800'ba28     0x8  cmd_func.o [1]
  .rodata            const     0x800'ba30     0x8  cmd_func.o [1]
  .rodata            const     0x800'ba38     0x8  cmd_func.o [1]
  .rodata            const     0x800'ba40     0x8  hash.o [1]
  .rodata            const     0x800'ba48     0x8  lcd.o [1]
  .rodata            const     0x800'ba50     0x8  lcd.o [1]
  .rodata            const     0x800'ba58     0x8  lcd.o [1]
  .rodata            const     0x800'ba60     0x8  stm32f4xx_hal_dma.o [1]
  .rodata            const     0x800'ba68     0x8  system_stm32f4xx.o [1]
  .rodata            const     0x800'ba70     0x8  vega.o [1]
  .rodata            const     0x800'ba78     0x8  vega.o [1]
  .rodata            const     0x800'ba80     0x6  xlocale_c.o [2]
  .text              ro code   0x800'ba86     0x4  startup_stm32f407xx.o [1]
  .text              ro code   0x800'ba8a     0x4  startup_stm32f407xx.o [1]
  .text              ro code   0x800'ba8e     0x4  startup_stm32f407xx.o [1]
  .text              ro code   0x800'ba92     0x4  startup_stm32f407xx.o [1]
  .text              ro code   0x800'ba96     0x4  startup_stm32f407xx.o [1]
  .text              ro code   0x800'ba9a     0x4  startup_stm32f407xx.o [1]
  .text              ro code   0x800'ba9e     0x4  startup_stm32f407xx.o [1]
  .text              ro code   0x800'baa2     0x4  startup_stm32f407xx.o [1]
  .text              ro code   0x800'baa6     0x4  startup_stm32f407xx.o [1]
  .text              ro code   0x800'baaa     0x4  startup_stm32f407xx.o [1]
  .text              ro code   0x800'baae     0x4  startup_stm32f407xx.o [1]
  .text              ro code   0x800'bab2     0x4  startup_stm32f407xx.o [1]
  .text              ro code   0x800'bab6     0x4  startup_stm32f407xx.o [1]
  .text              ro code   0x800'baba     0x4  startup_stm32f407xx.o [1]
  .text              ro code   0x800'babe     0x4  startup_stm32f407xx.o [1]
  .text              ro code   0x800'bac2     0x4  startup_stm32f407xx.o [1]
  .text              ro code   0x800'bac6     0x4  startup_stm32f407xx.o [1]
  .text              ro code   0x800'baca     0x4  startup_stm32f407xx.o [1]
  .text              ro code   0x800'bace     0x4  startup_stm32f407xx.o [1]
  .text              ro code   0x800'bad2     0x4  startup_stm32f407xx.o [1]
  .text              ro code   0x800'bad6     0x4  startup_stm32f407xx.o [1]
  .text              ro code   0x800'bada     0x4  startup_stm32f407xx.o [1]
  .text              ro code   0x800'bade     0x4  startup_stm32f407xx.o [1]
  .text              ro code   0x800'bae2     0x4  startup_stm32f407xx.o [1]
  .text              ro code   0x800'bae6     0x4  startup_stm32f407xx.o [1]
  .text              ro code   0x800'baea     0x4  startup_stm32f407xx.o [1]
  .text              ro code   0x800'baee     0x4  startup_stm32f407xx.o [1]
  .text              ro code   0x800'baf2     0x4  startup_stm32f407xx.o [1]
  .text              ro code   0x800'baf6     0x4  startup_stm32f407xx.o [1]
  .text              ro code   0x800'bafa     0x4  startup_stm32f407xx.o [1]
  .text              ro code   0x800'bafe     0x4  startup_stm32f407xx.o [1]
  .text              ro code   0x800'bb02     0x4  startup_stm32f407xx.o [1]
  .text              ro code   0x800'bb06     0x4  startup_stm32f407xx.o [1]
  .text              ro code   0x800'bb0a     0x4  startup_stm32f407xx.o [1]
  .text              ro code   0x800'bb0e     0x4  startup_stm32f407xx.o [1]
  .text              ro code   0x800'bb12     0x4  startup_stm32f407xx.o [1]
  .text              ro code   0x800'bb16     0x4  startup_stm32f407xx.o [1]
  .text              ro code   0x800'bb1a     0x4  startup_stm32f407xx.o [1]
  .text              ro code   0x800'bb1e     0x4  startup_stm32f407xx.o [1]
  .text              ro code   0x800'bb22     0x4  startup_stm32f407xx.o [1]
  .text              ro code   0x800'bb26     0x4  startup_stm32f407xx.o [1]
  .text              ro code   0x800'bb2a     0x4  startup_stm32f407xx.o [1]
  .text              ro code   0x800'bb2e     0x4  startup_stm32f407xx.o [1]
  .text              ro code   0x800'bb32     0x4  startup_stm32f407xx.o [1]
  .text              ro code   0x800'bb36     0x4  startup_stm32f407xx.o [1]
  .text              ro code   0x800'bb3a     0x4  startup_stm32f407xx.o [1]
  .text              ro code   0x800'bb3e     0x4  startup_stm32f407xx.o [1]
  .text              ro code   0x800'bb42     0x4  startup_stm32f407xx.o [1]
  .text              ro code   0x800'bb46     0x4  startup_stm32f407xx.o [1]
  .text              ro code   0x800'bb4a     0x4  startup_stm32f407xx.o [1]
  .text              ro code   0x800'bb4e     0x4  startup_stm32f407xx.o [1]
  .text              ro code   0x800'bb52     0x4  startup_stm32f407xx.o [1]
  .text              ro code   0x800'bb56     0x4  startup_stm32f407xx.o [1]
  .text              ro code   0x800'bb5a     0x4  startup_stm32f407xx.o [1]
  .text              ro code   0x800'bb5e     0x4  startup_stm32f407xx.o [1]
  .text              ro code   0x800'bb62     0x4  startup_stm32f407xx.o [1]
  .text              ro code   0x800'bb66     0x4  startup_stm32f407xx.o [1]
  .text              ro code   0x800'bb6a     0x4  startup_stm32f407xx.o [1]
  .text              ro code   0x800'bb6e     0x4  startup_stm32f407xx.o [1]
  .text              ro code   0x800'bb72     0x4  startup_stm32f407xx.o [1]
  .text              ro code   0x800'bb76     0x4  startup_stm32f407xx.o [1]
  .text              ro code   0x800'bb7a     0x4  startup_stm32f407xx.o [1]
  .text              ro code   0x800'bb7e     0x4  startup_stm32f407xx.o [1]
  .text              ro code   0x800'bb82     0x4  startup_stm32f407xx.o [1]
  .text              ro code   0x800'bb86     0x4  startup_stm32f407xx.o [1]
  .text              ro code   0x800'bb8a     0x4  startup_stm32f407xx.o [1]
  .text              ro code   0x800'bb8e     0x4  startup_stm32f407xx.o [1]
  .rodata            const     0x800'bb92     0x0  zero_init3.o [4]
  .rodata            const     0x800'bb92     0x0  lz77_init_single.o [4]
  Initializer bytes  const     0x800'bb92   0xcc4  <for P2-1>
                             - 0x800'c856  0xc6ce

"P2", part 1 of 3:                         0x2245
  P2-1                        0x2000'0000  0x2245  <Init block>
    .data            inited   0x2000'0000     0xc  can_utils.o [1]
    .data            inited   0x2000'000c    0x20  chassis.o [1]
    .data            inited   0x2000'002c    0x20  chassis.o [1]
    .data            inited   0x2000'004c     0x4  chassis.o [1]
    .data            inited   0x2000'0050     0x4  cmd.o [1]
    .data            inited   0x2000'0054    0x18  karman.o [1]
    .data            inited   0x2000'006c    0x18  karman.o [1]
    .data            inited   0x2000'0084    0x18  karman.o [1]
    .data            inited   0x2000'009c    0x18  karman.o [1]
    .data            inited   0x2000'00b4    0x18  karman.o [1]
    .data            inited   0x2000'00cc    0x18  karman.o [1]
    .data            inited   0x2000'00e4     0x4  kickball.o [1]
    .data            inited   0x2000'00e8     0x4  kickball.o [1]
    .data            inited   0x2000'00ec     0x4  kickball.o [1]
    .data            inited   0x2000'00f0     0x4  kickball.o [1]
    .data            inited   0x2000'00f4     0x4  kickball.o [1]
    .data            inited   0x2000'00f8    0x14  kickball.o [1]
    .data            inited   0x2000'010c     0x4  kickball.o [1]
    .data            inited   0x2000'0110   0xfa0  point.o [1]
    .data            inited   0x2000'10b0   0xfa0  point.o [1]
    .data            inited   0x2000'2050   0x150  point_parser.o [1]
    .data            inited   0x2000'21a0     0x4  sensor_gpio.o [1]
    .data            inited   0x2000'21a4     0x4  stm32f4xx_hal.o [1]
    .data            inited   0x2000'21a8     0x4  system_stm32f4xx.o [1]
    .data            inited   0x2000'21ac     0x4  touchdown.o [1]
    .data            inited   0x2000'21b0     0x4  touchdown.o [1]
    .data            inited   0x2000'21b4     0x4  touchdown.o [1]
    .data            inited   0x2000'21b8     0xc  vega.o [1]
    .data            inited   0x2000'21c4    0x38  xlocale_c.o [2]
    .data            inited   0x2000'21fc    0x48  xlocale_c.o [2]
    .data            inited   0x2000'2244     0x1  stm32f4xx_hal.o [1]
                            - 0x2000'2245  0x2245

"P2", part 2 of 3:                         0xbad4
  .bss               zero     0x2000'2248   0xfa0  point.o [1]
  .bss               zero     0x2000'31e8   0xfa0  point.o [1]
  .bss               zero     0x2000'4188   0xfa0  point.o [1]
  .bss               zero     0x2000'5128   0xfa0  point.o [1]
  .bss               zero     0x2000'60c8   0xfa0  point.o [1]
  .bss               zero     0x2000'7068   0xfa0  point.o [1]
  .bss               zero     0x2000'8008   0xfa0  point.o [1]
  .bss               zero     0x2000'8fa8   0xfa0  point.o [1]
  .bss               zero     0x2000'9f48   0xfa0  point.o [1]
  .bss               zero     0x2000'aee8   0xfa0  point.o [1]
  .bss               zero     0x2000'be88   0xfa0  point.o [1]
  .bss               zero     0x2000'ce28   0x1d8  dlmalloc.o [2]
  .bss               zero     0x2000'd000   0x190  lcd.o [1]
  .bss               zero     0x2000'd190    0x78  laser.o [1]
  .bss               zero     0x2000'd208    0x68  cmd.o [1]
  .bss               zero     0x2000'd270    0x64  cmd.o [1]
  .bss               zero     0x2000'd2d4    0x64  cmd.o [1]
  .bss               zero     0x2000'd338    0x64  cmd.o [1]
  .bss               zero     0x2000'd39c    0x64  cmd.o [1]
  .bss               zero     0x2000'd400    0x60  adc.o [1]
  .bss               zero     0x2000'd460    0x60  usart.o [1]
  .bss               zero     0x2000'd4c0    0x60  usart.o [1]
  .bss               zero     0x2000'd520    0x60  usart.o [1]
  .bss               zero     0x2000'd580    0x60  usart.o [1]
  .bss               zero     0x2000'd5e0    0x60  usart.o [1]
  .bss               zero     0x2000'd640    0x60  usart.o [1]
  .bss               zero     0x2000'd6a0    0x60  usart.o [1]
  .bss               zero     0x2000'd700    0x60  usart.o [1]
  .bss               zero     0x2000'd760    0x58  chassis.o [1]
  .bss               zero     0x2000'd7b8    0x48  adc.o [1]
  .bss               zero     0x2000'd800    0x48  laser.o [1]
  .bss               zero     0x2000'd848    0x48  laser.o [1]
  .bss               zero     0x2000'd890    0x48  laser.o [1]
  .bss               zero     0x2000'd8d8    0x40  chassis_handle.o [1]
  .bss               zero     0x2000'd918    0x40  cmd.o [1]
  .bss               zero     0x2000'd958    0x40  usart.o [1]
  .bss               zero     0x2000'd998    0x40  usart.o [1]
  .bss               zero     0x2000'd9d8    0x40  usart.o [1]
  .bss               zero     0x2000'da18    0x40  usart.o [1]
  .bss               zero     0x2000'da58    0x40  usart.o [1]
  .bss               zero     0x2000'da98    0x40  usart.o [1]
  .bss               zero     0x2000'dad8    0x30  cmd.o [1]
  .bss               zero     0x2000'db08    0x28  can.o [1]
  .bss               zero     0x2000'db30    0x28  can_utils.o [1]
  .bss               zero     0x2000'db58    0x28  main.o [1]
  .bss               zero     0x2000'db80    0x24  main.o [1]
  .bss               zero     0x2000'dba4    0x20  chassis.o [1]
  .bss               zero     0x2000'dbc4    0x1c  can_utils.o [1]
  .bss               zero     0x2000'dbe0    0x18  can_utils.o [1]
  .bss               zero     0x2000'dbf8    0x18  cmd.o [1]
  .bss               zero     0x2000'dc10    0x18  motor_driver.o [1]
  .bss               zero     0x2000'dc28    0x18  dlmalloc.o [2]
  .bss               zero     0x2000'dc40    0x10  configure.o [1]
  .bss               zero     0x2000'dc50    0x10  configure.o [1]
  .bss               zero     0x2000'dc60     0x8  can_utils.o [1]
  .bss               zero     0x2000'dc68     0x8  can_utils.o [1]
  .bss               zero     0x2000'dc70     0x8  chassis.o [1]
  .bss               zero     0x2000'dc78     0x8  chassis.o [1]
  .bss               zero     0x2000'dc80     0x8  chassis.o [1]
  .bss               zero     0x2000'dc88     0x8  main.o [1]
  .bss               zero     0x2000'dc90     0x8  touchdown.o [1]
  .bss               zero     0x2000'dc98     0x4  can_utils.o [1]
  .bss               zero     0x2000'dc9c     0x4  can_utils.o [1]
  .bss               zero     0x2000'dca0     0x4  can_utils.o [1]
  .bss               zero     0x2000'dca4     0x4  can_utils.o [1]
  .bss               zero     0x2000'dca8     0x4  cmd.o [1]
  .bss               zero     0x2000'dcac     0x4  cmd.o [1]
  .bss               zero     0x2000'dcb0     0x4  cmd.o [1]
  .bss               zero     0x2000'dcb4     0x4  flags.o [1]
  .bss               zero     0x2000'dcb8     0x4  flags.o [1]
  .bss               zero     0x2000'dcbc     0x4  kickball.o [1]
  .bss               zero     0x2000'dcc0     0x4  kickball.o [1]
  .bss               zero     0x2000'dcc4     0x4  kickball.o [1]
  .bss               zero     0x2000'dcc8     0x4  kickball.o [1]
  .bss               zero     0x2000'dccc     0x4  kickball.o [1]
  .bss               zero     0x2000'dcd0     0x4  kickball.o [1]
  .bss               zero     0x2000'dcd4     0x4  lcd.o [1]
  .bss               zero     0x2000'dcd8     0x4  lcd.o [1]
  .bss               zero     0x2000'dcdc     0x4  main.o [1]
  .bss               zero     0x2000'dce0     0x4  main.o [1]
  .bss               zero     0x2000'dce4     0x4  motor_driver.o [1]
  .bss               zero     0x2000'dce8     0x4  motor_driver.o [1]
  .bss               zero     0x2000'dcec     0x4  sensor_gpio.o [1]
  .bss               zero     0x2000'dcf0     0x4  sensor_gpio.o [1]
  .bss               zero     0x2000'dcf4     0x4  sensor_gpio.o [1]
  .bss               zero     0x2000'dcf8     0x4  stm32f4xx_hal.o [1]
  .bss               zero     0x2000'dcfc     0x4  touchdown.o [1]
  .bss               zero     0x2000'dd00     0x4  touchdown.o [1]
  .bss               zero     0x2000'dd04     0x4  touchdown.o [1]
  .bss               zero     0x2000'dd08     0x4  touchdown.o [1]
  .bss               zero     0x2000'dd0c     0x4  strtok.o [2]
  .bss               zero     0x2000'dd10     0x4  xfail_s.o [2]
  .bss               zero     0x2000'dd14     0x4  xgetmemchunk.o [2]
  .bss               zero     0x2000'dd18     0x1  kickball.o [1]
  .bss               zero     0x2000'dd19     0x1  touchdown.o [1]
                            - 0x2000'dd1a  0xbad2

"P2", part 3 of 3:                         0x2200
  CSTACK                      0x2000'dd20  0x1200  <Block>
    CSTACK           uninit   0x2000'dd20  0x1200  <Block tail>
  HEAP                        0x2000'ef20  0x1000  <Block>
    HEAP             uninit   0x2000'ef20  0x1000  <Block tail>
                            - 0x2000'ff20  0x2200

Unused ranges:

         From           To      Size
         ----           --      ----
   0x800'c856   0x80f'ffff  0xf'37aa
  0x2000'2245  0x2000'2247       0x3
  0x2000'dd1c  0x2000'dd1f       0x4
  0x2000'ff20  0x2001'ffff  0x1'00e0


*******************************************************************************
*** INIT TABLE
***

          Address      Size
          -------      ----
Zero (__iar_zero_init3)
    1 destination range, total size 0xbad2:
          0x2000'2248  0xbad2

Copy/lz77 (__iar_lz77_init_single3)
    1 source range, total size 0xcc4 (37% of destination):
           0x800'bb92   0xcc4
    1 destination range, total size 0x2245:
          0x2000'0000  0x2245



*******************************************************************************
*** MODULE SUMMARY
***

    Module                  ro code  ro data  rw data
    ------                  -------  -------  -------
command line/config:
    -------------------------------------------------
    Total:

E:\Robocon_Value\Chassis_TR\EWARM\Chassis\Obj: [1]
    adc.o                       352               168
    can.o                       212                40
    can_func.o                   60       12
    can_utils.o                 586       36      136
    chassis.o                 2 536       93      212
    chassis_handle.o            740       88       64
    cmd.o                     1 076       70      656
    cmd_func.o                2 524    1 640
    configure.o                  48                32
    dma.o                       200
    flags.o                                         8
    gpio.o                      360
    hash.o                      548      100
    karman.o                     90       53      144
    kickball.o                  684       49       69
    laser.o                     680      104      336
    lcd.o                       452       52      408
    main.o                      626       20       92
    motor_driver.o              168                32
    point.o                            2 980   52 000
    point_parser.o              156      137      336
    robomaster.o                106
    sensor_gpio.o               224      126       16
    simplelib.o                  92       24
    startup_stm32f407xx.o       676
    stm32f4xx_hal.o             164        2        9
    stm32f4xx_hal_adc.o       1 396
    stm32f4xx_hal_can.o       2 034
    stm32f4xx_hal_cortex.o      344
    stm32f4xx_hal_dma.o       1 360        8
    stm32f4xx_hal_gpio.o        668
    stm32f4xx_hal_msp.o          64
    stm32f4xx_hal_rcc.o       1 444
    stm32f4xx_hal_uart.o      2 626
    stm32f4xx_it.o              292
    system_stm32f4xx.o           96       26        4
    touchdown.o                 324        4       37
    usart.o                   1 660             1 152
    utils.o                     428
    vec.o                       376
    vega.o                      336      176       12
    vesc_can.o                  308
    -------------------------------------------------
    Total:                   27 116    5 800   55 963

dl7M_tlf.a: [2]
    abort.o                       6
    dlmalloc.o                3 968               496
    exit.o                        4
    iar_Stoflt.o                452
    iar_Stopfx.o                290
    iar_Stoulx.o                372
    iar_Stoxflt.o               540
    isalpha.o                    20
    isspace.o                    20
    low_level_init.o              4
    strcspn.o                    34
    strspn.o                     34
    strtok.o                     76                 4
    tolower.o                    20
    vsnprint.o                   60
    xencoding_8859_1.o           30
    xfail_s.o                    64                 4
    xgetmemchunk.o               44                 4
    xlocale_c.o                 180       54      128
    xmbcurmax.o                  10
    xprintffull.o             3 962
    xsnprout.o                   26
    -------------------------------------------------
    Total:                   10 216       54      636

m7M_tls.a: [3]
    DblAdd.o                    378
    DblCmpEq.o                   32
    DblCmpGe.o                   46
    DblCmpLe.o                   46
    DblDiv.o                    582
    DblMul.o                    418
    DblSub.o                    226
    DblToFlt.o                  104
    DblToS32.o                   58
    DblToU32.o                   40
    FltToDbl.o                   72
    S32ToDbl.o                   34
    U32ToDbl.o                   26
    atan2_64.o                  320
    atan2f.o                    106
    cos_sin64.o               1 100
    fpinit_M.o                   34
    frexp.o                     112
    iar_Atan64.o                520
    ldexp.o                     314
    math_wrappers64.o            54
    sqrt.o                      258
    sqrtf.o                      30
    strto64.o                 1 408
    xatanf.o                    164
    -------------------------------------------------
    Total:                    6 482

rt7M_tl.a: [4]
    ABImemclr4.o                  6
    ABImemcpy.o                 166
    ABImemset.o                 102
    ABImemset48.o                50
    I64DivMod.o                 560
    I64DivZer.o                   2
    cexit.o                      10
    cmain.o                      30
    cstartup_M.o                 12
    data_init.o                  40
    lz77_init_single.o          122
    memchr.o                     88
    strchr.o                     22
    strcmp.o                     74
    strcpy.o                     76
    strlen.o                     54
    zero_init3.o                 58
    -------------------------------------------------
    Total:                    1 472

shb_l.a: [5]
    ABIassert.o                  36
    exit.o                       20
    -------------------------------------------------
    Total:                       56

    Gaps                         54        4
    Linker created                        32    8 704
-----------------------------------------------------
    Grand Total:             45 396    5 890   65 303


*******************************************************************************
*** ENTRY LIST
***

Entry                       Address   Size  Type      Object
-----                       -------   ----  ----      ------
.iar.init_table$$Base    0x800'b180          --   Gb  - Linker created -
.iar.init_table$$Limit   0x800'b1a0          --   Gb  - Linker created -
?main                    0x800'b381         Code  Gb  cmain.o [4]
ADC_DMAConvCplt          0x800'740d   0x7a  Code  Lc  stm32f4xx_hal_adc.o [1]
ADC_DMAError             0x800'7499   0x1a  Code  Lc  stm32f4xx_hal_adc.o [1]
ADC_DMAHalfConvCplt      0x800'7489    0xe  Code  Lc  stm32f4xx_hal_adc.o [1]
ADC_Init                 0x800'728b  0x15a  Code  Lc  stm32f4xx_hal_adc.o [1]
AHBPrescTable            0x800'b984   0x10  Data  Gb  system_stm32f4xx.o [1]
APBPrescTable            0x800'ba68    0x8  Data  Gb  system_stm32f4xx.o [1]
Angle_Between_Points     0x800'8aad   0x7a  Code  Gb  utils.o [1]
Angle_Limit_PI           0x800'8a39   0x54  Code  Gb  utils.o [1]
Angle_Subtract           0x800'8a8d   0x20  Code  Gb  utils.o [1]
Arrive_distance         0x2000'004c    0x4  Data  Gb  chassis.o [1]
BusFault_Handler         0x800'ae1b    0x2  Code  Gb  stm32f4xx_it.o [1]
CAN1_RX0_IRQHandler      0x800'ae63    0xa  Code  Gb  stm32f4xx_it.o [1]
CAN_config               0x800'878b   0x52  Code  Lc  can_utils.o [1]
CMD_USART               0x2000'd918   0x40  Data  Gb  cmd.o [1]
CSTACK$$Base            0x2000'dd20          --   Gb  - Linker created -
CSTACK$$Limit           0x2000'ef20          --   Gb  - Linker created -
CacheMore                0x800'21bd   0x24  Code  Lc  xlocale_c.o [2]
DMA1_Stream0_IRQHandler
                         0x800'ae31    0xa  Code  Gb  stm32f4xx_it.o [1]
DMA1_Stream1_IRQHandler
                         0x800'ae3b    0xa  Code  Gb  stm32f4xx_it.o [1]
DMA1_Stream3_IRQHandler
                         0x800'ae45    0xa  Code  Gb  stm32f4xx_it.o [1]
DMA1_Stream5_IRQHandler
                         0x800'ae4f    0xa  Code  Gb  stm32f4xx_it.o [1]
DMA1_Stream6_IRQHandler
                         0x800'ae59    0xa  Code  Gb  stm32f4xx_it.o [1]
DMA1_Stream7_IRQHandler
                         0x800'aebb    0xa  Code  Gb  stm32f4xx_it.o [1]
DMA2_Stream0_IRQHandler
                         0x800'aedd    0xa  Code  Gb  stm32f4xx_it.o [1]
DMA2_Stream2_IRQHandler
                         0x800'aee7    0xa  Code  Gb  stm32f4xx_it.o [1]
DMA2_Stream7_IRQHandler
                         0x800'aef1    0xa  Code  Gb  stm32f4xx_it.o [1]
DMAUSART_RX_BUF         0x2000'd2d4   0x64  Data  Gb  cmd.o [1]
DMAUSART_RX_BUF_vega    0x2000'd338   0x64  Data  Gb  cmd.o [1]
DMA_CalcBaseAndBitshift
                         0x800'4465   0x30  Code  Lc  stm32f4xx_hal_dma.o [1]
DMA_CalcBaseAndBitshift::flagBitshiftOffset
                         0x800'ba60    0x8  Data  Lc  stm32f4xx_hal_dma.o [1]
DMA_CheckFifoParam       0x800'44a5   0x9c  Code  Lc  stm32f4xx_hal_dma.o [1]
DMA_RxOK_Flag           0x2000'dcb8    0x4  Data  Gb  flags.o [1]
DMA_RxOK_Flag_vega      0x2000'dcb0    0x4  Data  Gb  cmd.o [1]
DMA_SetConfig            0x800'4437   0x2e  Code  Lc  stm32f4xx_hal_dma.o [1]
DMAaRxBuffer            0x2000'd270   0x64  Data  Gb  cmd.o [1]
DMAaRxBuffer_vega       0x2000'd39c   0x64  Data  Gb  cmd.o [1]
DebugMon_Handler         0x800'ae21    0x2  Code  Gb  stm32f4xx_it.o [1]
Dtentox                  0x800'9b55  0x192  Code  Lc  strto64.o [3]
Error_Handler            0x800'49e1    0x2  Code  Gb  main.o [1]
HAL_ADC_ConfigChannel    0x800'710f  0x17c  Code  Gb  stm32f4xx_hal_adc.o [1]
HAL_ADC_Init             0x800'6f45   0x66  Code  Gb  stm32f4xx_hal_adc.o [1]
HAL_ADC_MspInit          0x800'512f   0xa2  Code  Gb  adc.o [1]
HAL_ADC_Start_DMA        0x800'6fab  0x164  Code  Gb  stm32f4xx_hal_adc.o [1]
HAL_CAN_ActivateNotification
                         0x800'7a39   0x34  Code  Gb  stm32f4xx_hal_can.o [1]
HAL_CAN_AddTxMessage     0x800'77a9  0x138  Code  Gb  stm32f4xx_hal_can.o [1]
HAL_CAN_ConfigFilter     0x800'7621  0x128  Code  Gb  stm32f4xx_hal_can.o [1]
HAL_CAN_GetRxMessage     0x800'78e1  0x158  Code  Gb  stm32f4xx_hal_can.o [1]
HAL_CAN_IRQHandler       0x800'7a6d  0x224  Code  Gb  stm32f4xx_hal_can.o [1]
HAL_CAN_Init             0x800'74b5  0x16c  Code  Gb  stm32f4xx_hal_can.o [1]
HAL_CAN_MspInit          0x800'5237   0x78  Code  Gb  can.o [1]
HAL_CAN_RxFifo0FullCallback
                         0x800'8789    0x2  Code  Gb  can_utils.o [1]
HAL_CAN_RxFifo0MsgPendingCallback
                         0x800'86e7   0x3a  Code  Gb  can_utils.o [1]
HAL_CAN_Start            0x800'7749   0x5c  Code  Gb  stm32f4xx_hal_can.o [1]
HAL_DMA_Abort            0x800'416b   0x9c  Code  Gb  stm32f4xx_hal_dma.o [1]
HAL_DMA_Abort_IT         0x800'4207   0x28  Code  Gb  stm32f4xx_hal_dma.o [1]
HAL_DMA_IRQHandler       0x800'422f  0x208  Code  Gb  stm32f4xx_hal_dma.o [1]
HAL_DMA_Init             0x800'3ff1   0xe2  Code  Gb  stm32f4xx_hal_dma.o [1]
HAL_DMA_Start_IT         0x800'40d3   0x98  Code  Gb  stm32f4xx_hal_dma.o [1]
HAL_GPIO_Init            0x800'49ed  0x210  Code  Gb  stm32f4xx_hal_gpio.o [1]
HAL_GPIO_ReadPin         0x800'4bfd   0x16  Code  Gb  stm32f4xx_hal_gpio.o [1]
HAL_GPIO_TogglePin       0x800'4c2d   0x22  Code  Gb  stm32f4xx_hal_gpio.o [1]
HAL_GPIO_WritePin        0x800'4c13   0x1a  Code  Gb  stm32f4xx_hal_gpio.o [1]
HAL_GetTick              0x800'3fe5    0xc  Code  Wk  stm32f4xx_hal.o [1]
HAL_IncTick              0x800'af39   0x18  Code  Wk  stm32f4xx_hal.o [1]
HAL_Init                 0x800'4e2d   0x30  Code  Gb  stm32f4xx_hal.o [1]
HAL_InitTick             0x800'4de1   0x4c  Code  Wk  stm32f4xx_hal.o [1]
HAL_MspInit              0x800'6f05   0x40  Code  Gb  stm32f4xx_hal_msp.o [1]
HAL_NVIC_EnableIRQ       0x800'4da7    0xe  Code  Gb  stm32f4xx_hal_cortex.o [1]
HAL_NVIC_SetPriority     0x800'4d7d   0x2a  Code  Gb  stm32f4xx_hal_cortex.o [1]
HAL_NVIC_SetPriorityGrouping
                         0x800'4d71    0xc  Code  Gb  stm32f4xx_hal_cortex.o [1]
HAL_RCC_ClockConfig      0x800'454d  0x13e  Code  Gb  stm32f4xx_hal_rcc.o [1]
HAL_RCC_GetHCLKFreq      0x800'468b    0x6  Code  Gb  stm32f4xx_hal_rcc.o [1]
HAL_RCC_GetPCLK1Freq     0x800'4691   0x16  Code  Gb  stm32f4xx_hal_rcc.o [1]
HAL_RCC_GetPCLK2Freq     0x800'46a7   0x16  Code  Gb  stm32f4xx_hal_rcc.o [1]
HAL_RCC_OscConfig        0x800'671d  0x380  Code  Wk  stm32f4xx_hal_rcc.o [1]
HAL_SYSTICK_Config       0x800'4db5    0xc  Code  Gb  stm32f4xx_hal_cortex.o [1]
HAL_UART_DMAStop         0x800'31d3   0x72  Code  Gb  stm32f4xx_hal_uart.o [1]
HAL_UART_IDLECallback    0x800'6b55   0xf6  Code  Gb  cmd.o [1]
HAL_UART_IRQHandler      0x800'3245  0x14a  Code  Gb  stm32f4xx_hal_uart.o [1]
HAL_UART_Init            0x800'2f31   0x76  Code  Gb  stm32f4xx_hal_uart.o [1]
HAL_UART_MspInit         0x800'3ab9  0x4a0  Code  Gb  usart.o [1]
HAL_UART_Receive_DMA     0x800'311d   0xb6  Code  Gb  stm32f4xx_hal_uart.o [1]
HAL_UART_Transmit        0x800'2fa7   0xe0  Code  Gb  stm32f4xx_hal_uart.o [1]
HAL_UART_Transmit_DMA    0x800'3087   0x96  Code  Gb  stm32f4xx_hal_uart.o [1]
HCAN                    0x2000'db30   0x28  Data  Gb  can_utils.o [1]
HEAP$$Base              0x2000'ef20          --   Gb  - Linker created -
HEAP$$Limit             0x2000'ff20          --   Gb  - Linker created -
HardFault_Handler        0x800'ae17    0x2  Code  Gb  stm32f4xx_it.o [1]
HashTable_create         0x800'9283   0x5c  Code  Gb  hash.o [1]
HashTable_get            0x800'9379   0x60  Code  Gb  hash.o [1]
HashTable_insert         0x800'92df   0x9a  Code  Gb  hash.o [1]
HashTable_map            0x800'93d9   0x74  Code  Gb  hash.o [1]
KalMan                   0x800'91a3   0x5a  Code  Gb  karman.o [1]
LoadInt                  0x800'138b   0x7a  Code  Lc  xprintffull.o [2]
MX_ADC1_Init             0x800'5091   0x9e  Code  Gb  adc.o [1]
MX_CAN1_Init             0x800'51f1   0x46  Code  Gb  can.o [1]
MX_DMA_Init              0x800'4fc9   0xc8  Code  Gb  dma.o [1]
MX_GPIO_Init             0x800'4e61  0x168  Code  Gb  gpio.o [1]
MX_UART4_Init            0x800'3969   0x38  Code  Gb  usart.o [1]
MX_UART5_Init            0x800'39a1   0x38  Code  Gb  usart.o [1]
MX_USART1_UART_Init      0x800'39d9   0x38  Code  Gb  usart.o [1]
MX_USART2_UART_Init      0x800'3a11   0x38  Code  Gb  usart.o [1]
MX_USART3_UART_Init      0x800'3a49   0x38  Code  Gb  usart.o [1]
MX_USART6_UART_Init      0x800'3a81   0x38  Code  Gb  usart.o [1]
MemManage_Handler        0x800'ae19    0x2  Code  Gb  stm32f4xx_it.o [1]
NMI_Handler              0x800'ae15    0x2  Code  Gb  stm32f4xx_it.o [1]
NVIC_EncodePriority      0x800'4d01   0x40  Code  Lc  stm32f4xx_hal_cortex.o [1]
PID_Release              0x800'89a5   0x94  Code  Gb  utils.o [1]
PendSV_Handler           0x800'ae23    0x2  Code  Gb  stm32f4xx_it.o [1]
Region$$Table$$Base      0x800'b180          --   Gb  - Linker created -
Region$$Table$$Limit     0x800'b1a0          --   Gb  - Linker created -
RxHeader                0x2000'dbc4   0x1c  Data  Gb  can_utils.o [1]
SVC_Handler              0x800'ae1f    0x2  Code  Gb  stm32f4xx_it.o [1]
SysTick_Config           0x800'4d41   0x30  Code  Lc  stm32f4xx_hal_cortex.o [1]
SysTick_Handler          0x800'ae25    0xc  Code  Gb  stm32f4xx_it.o [1]
SystemClock_Config       0x800'4839   0xa2  Code  Gb  main.o [1]
SystemCoreClock         0x2000'21a8    0x4  Data  Gb  system_stm32f4xx.o [1]
SystemInit               0x800'af51   0x40  Code  Gb  system_stm32f4xx.o [1]
TxHeader                0x2000'dbe0   0x18  Data  Gb  can_utils.o [1]
TxMailbox               0x2000'dc9c    0x4  Data  Gb  can_utils.o [1]
UART5_IRQHandler         0x800'aec5   0x18  Code  Gb  stm32f4xx_it.o [1]
UART_DMAAbortOnError     0x800'3525   0x16  Code  Lc  stm32f4xx_hal_uart.o [1]
UART_DMAError            0x800'3429   0x58  Code  Lc  stm32f4xx_hal_uart.o [1]
UART_DMAReceiveCplt      0x800'33d5   0x44  Code  Lc  stm32f4xx_hal_uart.o [1]
UART_DMARxHalfCplt       0x800'3419    0xe  Code  Lc  stm32f4xx_hal_uart.o [1]
UART_DMATransmitCplt     0x800'3391   0x34  Code  Lc  stm32f4xx_hal_uart.o [1]
UART_DMATxHalfCplt       0x800'33c5    0xe  Code  Lc  stm32f4xx_hal_uart.o [1]
UART_EndRxTransfer       0x800'3503   0x20  Code  Lc  stm32f4xx_hal_uart.o [1]
UART_EndTransmit_IT      0x800'35ab   0x20  Code  Lc  stm32f4xx_hal_uart.o [1]
UART_EndTxTransfer       0x800'34ef   0x14  Code  Lc  stm32f4xx_hal_uart.o [1]
UART_Receive_IT          0x800'35cb   0xae  Code  Lc  stm32f4xx_hal_uart.o [1]
UART_SetConfig           0x800'3679  0x2e2  Code  Lc  stm32f4xx_hal_uart.o [1]
UART_Transmit_IT         0x800'353d   0x6e  Code  Lc  stm32f4xx_hal_uart.o [1]
UART_WaitOnFlagUntilTimeout
                         0x800'3481   0x6e  Code  Lc  stm32f4xx_hal_uart.o [1]
USART1_IRQHandler        0x800'ae6d   0x1a  Code  Gb  stm32f4xx_it.o [1]
USART2_IRQHandler        0x800'ae87   0x1a  Code  Gb  stm32f4xx_it.o [1]
USART3_IRQHandler        0x800'aea1   0x1a  Code  Gb  stm32f4xx_it.o [1]
UsageFault_Handler       0x800'ae1d    0x2  Code  Gb  stm32f4xx_it.o [1]
_Encoding_8859_1_Mbrlen
                         0x800'2259    0x2  Code  Gb  xencoding_8859_1.o [2]
_Encoding_8859_1_Wctomb
                         0x800'2247   0x12  Code  Gb  xencoding_8859_1.o [2]
_GenldFull               0x800'1e1d  0x274  Code  Lc  xprintffull.o [2]
_LdtobFull               0x800'19f1  0x400  Code  Lc  xprintffull.o [2]
_LitobFull               0x800'1899  0x112  Code  Lc  xprintffull.o [2]
_LocaleC_isalpha         0x800'2183    0xc  Code  Gb  xlocale_c.o [2]
_LocaleC_islower         0x800'217d    0x4  Code  Gb  xlocale_c.o [2]
_LocaleC_isspace         0x800'2199   0x14  Code  Gb  xlocale_c.o [2]
_LocaleC_isupper         0x800'2181    0x2  Code  Gb  xlocale_c.o [2]
_LocaleC_tolower         0x800'21ad    0xc  Code  Gb  xlocale_c.o [2]
_Locale_lconv           0x2000'21c4   0x38  Data  Lc  xlocale_c.o [2]
_PrintfFull              0x800'11c9  0x1aa  Code  Gb  xprintffull.o [2]
_PutcharsFull            0x800'2091   0x2e  Code  Lc  xprintffull.o [2]
_PutfldFull              0x800'1405  0x2d8  Code  Lc  xprintffull.o [2]
_PutstrFull              0x800'17d3   0xc6  Code  Lc  xprintffull.o [2]
_PuttxtFull              0x800'16dd   0xf6  Code  Lc  xprintffull.o [2]
_SNProut                 0x800'22db   0x1a  Code  Gb  xsnprout.o [2]
_Strtok_ssave           0x2000'dd0c    0x4  Data  Lc  strtok.o [2]
__NVIC_EnableIRQ         0x800'4cb7   0x1e  Code  Lc  stm32f4xx_hal_cortex.o [1]
__NVIC_GetPriorityGrouping
                         0x800'4cab    0xc  Code  Lc  stm32f4xx_hal_cortex.o [1]
__NVIC_SetPriority       0x800'4cd5   0x2c  Code  Lc  stm32f4xx_hal_cortex.o [1]
__NVIC_SetPriorityGrouping
                         0x800'4c89   0x22  Code  Lc  stm32f4xx_hal_cortex.o [1]
__aeabi_assert           0x800'a5c1   0x24  Code  Gb  ABIassert.o [5]
__aeabi_cdcmpeq          0x800'9925         Code  Gb  DblCmpEq.o [3]
__aeabi_cdcmple          0x800'2845         Code  Gb  DblCmpLe.o [3]
__aeabi_cdrcmple         0x800'2875         Code  Gb  DblCmpGe.o [3]
__aeabi_d2f              0x800'893d         Code  Gb  DblToFlt.o [3]
__aeabi_d2iz             0x800'29e1         Code  Gb  DblToS32.o [3]
__aeabi_d2uiz            0x800'2d6d         Code  Gb  DblToU32.o [3]
__aeabi_dadd             0x800'2db5         Code  Gb  DblAdd.o [3]
__aeabi_ddiv             0x800'2b25         Code  Gb  DblDiv.o [3]
__aeabi_dmul             0x800'2631         Code  Gb  DblMul.o [3]
__aeabi_dsub             0x800'2a41         Code  Gb  DblSub.o [3]
__aeabi_f2d              0x800'88f5         Code  Gb  FltToDbl.o [3]
__aeabi_i2d              0x800'2a1d         Code  Gb  S32ToDbl.o [3]
__aeabi_ldiv0            0x800'2db1         Code  Gb  I64DivZer.o [4]
__aeabi_memclr4          0x800'49e5         Code  Gb  ABImemclr4.o [4]
__aeabi_memcpy           0x800'2359         Code  Gb  ABImemcpy.o [4]
__aeabi_memcpy4          0x800'2379         Code  Gb  ABImemcpy.o [4]
__aeabi_memcpy8          0x800'2379         Code  Gb  ABImemcpy.o [4]
__aeabi_memset           0x800'946d         Code  Gb  ABImemset.o [4]
__aeabi_ui2d             0x800'2d95         Code  Gb  U32ToDbl.o [3]
__aeabi_uldivmod         0x800'2401         Code  Gb  I64DivMod.o [4]
__cmain                  0x800'b381         Code  Gb  cmain.o [4]
__data_GetMemChunk       0x800'1189   0x2c  Code  Gb  xgetmemchunk.o [2]
__data_GetMemChunk::start
                        0x2000'dd14    0x4  Data  Lc  xgetmemchunk.o [2]
__exit                   0x800'11b5   0x14  Code  Gb  exit.o [5]
__iar_Atan64             0x800'abf9  0x170  Code  Gb  iar_Atan64.o [3]
__iar_Fail_s             0x800'2265   0x1c  Code  Gb  xfail_s.o [2]
__iar_Mbcurmax           0x800'234d    0xa  Code  Gb  xmbcurmax.o [2]
__iar_Memchr             0x800'22f5         Code  Gb  memchr.o [4]
__iar_Memset             0x800'946d         Code  Gb  ABImemset.o [4]
__iar_Memset4_word       0x800'6ed1         Code  Gb  ABImemset48.o [4]
__iar_Memset8_word       0x800'6ed1         Code  Gb  ABImemset48.o [4]
__iar_Memset_word        0x800'9475         Code  Gb  ABImemset.o [4]
__iar_Sin64              0x800'a071  0x3b2  Code  Lc  cos_sin64.o [3]
__iar_Sto64              0x800'9cf9  0x19e  Code  Gb  strto64.o [3]
__iar_Stoflt             0x800'a819  0x1c4  Code  Gb  iar_Stoflt.o [2]
__iar_Stopfx             0x800'a6f5  0x122  Code  Gb  iar_Stopfx.o [2]
__iar_Stoulx             0x800'97b1  0x112  Code  Gb  iar_Stoulx.o [2]
__iar_Stoxflt            0x800'a9dd  0x1e6  Code  Gb  iar_Stoxflt.o [2]
__iar_Stoxflt::digits    0x800'abc8   0x18  Data  Lc  iar_Stoxflt.o [2]
__iar_Stoxflt::vals      0x800'abe0   0x18  Data  Lc  iar_Stoxflt.o [2]
__iar_Strchr             0x800'2231         Code  Gb  strchr.o [4]
__iar_atan2_32           0x800'9945         Code  Gb  atan2f.o [3]
__iar_atan2_64           0x800'9f31  0x140  Code  Gb  atan2_64.o [3]
__iar_cos64              0x800'a4b5    0x4  Code  Gb  cos_sin64.o [3]
__iar_cos_medium         0x800'a4b5    0x4  Code  Gb  cos_sin64.o [3]
__iar_cos_medium64       0x800'a4b5    0x4  Code  Gb  cos_sin64.o [3]
__iar_cos_mediuml        0x800'a4b5    0x4  Code  Gb  cos_sin64.o [3]
__iar_dadd               0x800'2a51         Code  Gb  DblSub.o [3]
__iar_data_init3         0x800'b05d   0x28  Code  Gb  data_init.o [4]
__iar_dlmalloc           0x800'0e4d  0x2b6  Code  Gb  dlmalloc.o [2]
__iar_dsub               0x800'2dc5         Code  Gb  DblAdd.o [3]
__iar_dsubStart          0x800'2dd7         Code  Gb  DblAdd.o [3]
__iar_frexp              0x800'27e1         Code  Gb  frexp.o [3]
__iar_frexpl             0x800'27e1         Code  Gb  frexp.o [3]
__iar_globLocale        0x2000'21fc   0x48  Data  Lc  xlocale_c.o [2]
__iar_global_Locale      0x800'21b9    0x4  Code  Gb  xlocale_c.o [2]
__iar_init_vfp           0x800'b15d         Code  Gb  fpinit_M.o [3]
__iar_ldexp64            0x800'28a5         Code  Gb  ldexp.o [3]
__iar_lz77_init_single3
                         0x800'110f   0x7a  Code  Gb  lz77_init_single.o [4]
__iar_program_start      0x800'ba05         Code  Gb  cstartup_M.o [4]
__iar_scalbln64          0x800'28a5         Code  Gb  ldexp.o [3]
__iar_scalbn64           0x800'28a5         Code  Gb  ldexp.o [3]
__iar_sin64              0x800'a4b9    0x4  Code  Gb  cos_sin64.o [3]
__iar_sin_medium         0x800'a4b9    0x4  Code  Gb  cos_sin64.o [3]
__iar_sin_medium64       0x800'a4b9    0x4  Code  Gb  cos_sin64.o [3]
__iar_sin_mediuml        0x800'a4b9    0x4  Code  Gb  cos_sin64.o [3]
__iar_softfp___iar_frexp64
                         0x800'27d5         Code  Gb  frexp.o [3]
__iar_softfp_frexp       0x800'27d5         Code  Gb  frexp.o [3]
__iar_softfp_frexpl      0x800'27d5         Code  Gb  frexp.o [3]
__iar_sqrt32             0x800'8b51         Code  Gb  sqrtf.o [3]
__iar_sqrt64             0x800'a4cd         Code  Gb  sqrt.o [3]
__iar_vfp___iar_sqrt64   0x800'a4bd         Code  Gb  sqrt.o [3]
__iar_vfp_atan2          0x800'8b7f   0x10  Code  Gb  math_wrappers64.o [3]
__iar_vfp_atof           0x800'8b77    0x8  Code  Gb  math_wrappers64.o [3]
__iar_vfp_cos            0x800'8b8f    0xc  Code  Gb  math_wrappers64.o [3]
__iar_vfp_sin            0x800'8b9b    0xc  Code  Gb  math_wrappers64.o [3]
__iar_vfp_sqrt           0x800'a4bd         Code  Gb  sqrt.o [3]
__iar_vfp_sqrtl          0x800'a4bd         Code  Gb  sqrt.o [3]
__iar_xatanf             0x800'a651         Code  Gb  xatanf.o [3]
__iar_zero_init3         0x800'2143   0x3a  Code  Gb  zero_init3.o [4]
__low_level_init         0x800'b39f    0x4  Code  Gb  low_level_init.o [2]
__vector_table           0x800'0000         Data  Gb  startup_stm32f407xx.o [1]
_call_main               0x800'b38d         Code  Gb  cmain.o [4]
_cmd_help                0x800'6db9   0x18  Code  Lc  cmd.o [1]
_exit                    0x800'b3a9         Code  Gb  cexit.o [4]
_gLocale_mblen           0x800'221d    0x4  Code  Gb  xlocale_c.o [2]
_gLocale_mblenInt        0x800'21e1   0x2c  Code  Gb  xlocale_c.o [2]
_gLocale_wctomb          0x800'2221    0x4  Code  Gb  xlocale_c.o [2]
_gLocale_wctombInt       0x800'2219    0x4  Code  Gb  xlocale_c.o [2]
_gm_                    0x2000'ce28  0x1d8  Data  Lc  dlmalloc.o [2]
_main                    0x800'b39b         Code  Gb  cmain.o [4]
a                        0x800'adc0   0x40  Data  Lc  iar_Atan64.o [3]
abort                    0x800'1109    0x6  Code  Gb  abort.o [2]
add_segment              0x800'0551  0x1f2  Code  Lc  dlmalloc.o [2]
angle_pid               0x2000'002c   0x20  Data  Gb  chassis.o [1]
atan2                    0x800'9f31  0x140  Code  Gb  atan2_64.o [3]
atan2f                   0x800'9945         Code  Gb  atan2f.o [3]
atan2l                   0x800'9f31  0x140  Code  Gb  atan2_64.o [3]
atof                     0x800'9edd    0x8  Code  Gb  strto64.o [3]
atoi                     0x800'98c9    0x2  Code  Gb  iar_Stoulx.o [2]
buffer_append_int32      0x800'9005   0x32  Code  Gb  vesc_can.o [1]
buffer_count            0x2000'dcac    0x4  Data  Gb  cmd.o [1]
can_callback_add         0x800'86a1   0x1e  Code  Gb  can_utils.o [1]
can_callback_table      0x2000'dca4    0x4  Data  Lc  can_utils.o [1]
can_exc_callback         0x800'86bf   0x28  Code  Gb  can_utils.o [1]
can_exc_callback_flag   0x2000'dcb4    0x4  Data  Gb  flags.o [1]
can_ext_send_msg         0x800'8765   0x24  Code  Gb  can_utils.o [1]
can_func_init            0x800'88b9   0x22  Code  Gb  can_func.o [1]
can_id_init              0x800'5321   0x30  Code  Gb  configure.o [1]
can_init                 0x800'866d   0x34  Code  Gb  can_utils.o [1]
can_rx_callback_flag    0x2000'dc98    0x4  Data  Gb  can_utils.o [1]
can_rx_data             0x2000'dc60    0x8  Data  Gb  can_utils.o [1]
can_send_msg             0x800'8721   0x44  Code  Gb  can_utils.o [1]
can_std_mask_filter_conf
                         0x800'8815   0x8a  Code  Gb  can_utils.o [1]
can_suc_rx               0x800'88dd    0xc  Code  Gb  can_func.o [1]
chassis                 0x2000'd760   0x58  Data  Gb  chassis.o [1]
chassis_calculate_linespeed
                         0x800'547f   0x78  Code  Gb  chassis.o [1]
chassis_calculate_traceangle
                         0x800'5453   0x2c  Code  Gb  chassis.o [1]
chassis_canset_motorspeed
                         0x800'54f7   0x8c  Code  Gb  chassis.o [1]
chassis_exe              0x800'5caf   0x30  Code  Gb  chassis.o [1]
chassis_finish_onetrace
                         0x800'5ba1   0x22  Code  Gb  chassis.o [1]
chassis_handle          0x2000'd8d8   0x40  Data  Gb  chassis_handle.o [1]
chassis_init             0x800'53c1   0x2a  Code  Gb  chassis.o [1]
chassis_init_pos         0x800'537b   0x46  Code  Gb  chassis.o [1]
chassis_init_status      0x800'5351   0x2a  Code  Gb  chassis.o [1]
chassis_move             0x800'5585  0x196  Code  Gb  chassis.o [1]
chassis_move_trace       0x800'58a5  0x2ca  Code  Gb  chassis.o [1]
chassis_move_trace::distance_vec
                        0x2000'dc80    0x8  Data  Lc  chassis.o [1]
chassis_move_trace::now_speed_vec
                        0x2000'dc70    0x8  Data  Lc  chassis.o [1]
chassis_move_trace::target_speed_vec
                        0x2000'dc78    0x8  Data  Lc  chassis.o [1]
chassis_move_traces      0x800'5b6f   0x32  Code  Gb  chassis.o [1]
chassis_move_vector      0x800'571d  0x16c  Code  Gb  chassis.o [1]
chassis_pos_update       0x800'5bc9   0xe6  Code  Gb  chassis.o [1]
chassis_status          0x2000'dba4   0x20  Data  Gb  chassis.o [1]
chassis_swap_xy          0x800'53eb   0x68  Code  Gb  chassis.o [1]
clock                   0x2000'dc88    0x8  Data  Gb  main.o [1]
clock_exe                0x800'4771   0x3c  Code  Gb  main.o [1]
cmd_add                  0x800'6cdd   0x54  Code  Gb  cmd.o [1]
cmd_argv                0x2000'dad8   0x30  Data  Gb  cmd.o [1]
cmd_chassis_move         0x800'827f   0x78  Code  Gb  cmd_func.o [1]
cmd_chassis_print_pos    0x800'82f7   0x2e  Code  Gb  cmd_func.o [1]
cmd_exec                 0x800'6c93   0x2c  Code  Gb  cmd.o [1]
cmd_func_init            0x800'8349  0x132  Code  Gb  cmd_func.o [1]
cmd_gpio_all             0x800'7fbd   0x40  Code  Gb  cmd_func.o [1]
cmd_gpio_cylinder        0x800'7f6d   0x24  Code  Gb  cmd_func.o [1]
cmd_gpio_infrared        0x800'7fa7   0x16  Code  Gb  cmd_func.o [1]
cmd_gpio_magnet          0x800'7f49   0x24  Code  Gb  cmd_func.o [1]
cmd_gpio_microswitch     0x800'7f91   0x16  Code  Gb  cmd_func.o [1]
cmd_hello                0x800'7c91   0x10  Code  Gb  cmd_func.o [1]
cmd_help_func            0x800'6cc1   0x1c  Code  Gb  cmd.o [1]
cmd_init                 0x800'6ae9   0x2e  Code  Gb  cmd.o [1]
cmd_kickball_auto        0x800'7ffd   0x78  Code  Gb  cmd_func.o [1]
cmd_kickball_kick        0x800'815b   0x18  Code  Gb  cmd_func.o [1]
cmd_kickball_m2006       0x800'8075   0x30  Code  Gb  cmd_func.o [1]
cmd_kickball_prepare     0x800'8113   0x18  Code  Gb  cmd_func.o [1]
cmd_kickball_pull_magnet
                         0x800'812b   0x18  Code  Gb  cmd_func.o [1]
cmd_kickball_stop_magnet
                         0x800'8143   0x18  Code  Gb  cmd_func.o [1]
cmd_kickball_vesc        0x800'80a5   0x6e  Code  Gb  cmd_func.o [1]
cmd_laser_print_diatance
                         0x800'7dfb    0xc  Code  Gb  cmd_func.o [1]
cmd_laser_print_pos      0x800'7e07    0xc  Code  Gb  cmd_func.o [1]
cmd_m2006                0x800'7e1f   0x54  Code  Gb  cmd_func.o [1]
cmd_parse                0x800'6c4b   0x48  Code  Gb  cmd.o [1]
cmd_point_print_path     0x800'7e13    0xc  Code  Gb  cmd_func.o [1]
cmd_table               0x2000'dca8    0x4  Data  Lc  cmd.o [1]
cmd_touchdown_auto       0x800'8173   0x50  Code  Gb  cmd_func.o [1]
cmd_touchdown_close      0x800'8211   0x4a  Code  Gb  cmd_func.o [1]
cmd_touchdown_open       0x800'81c3   0x4e  Code  Gb  cmd_func.o [1]
cmd_touchdown_try        0x800'825b   0x24  Code  Gb  cmd_func.o [1]
cmd_touchdown_try_finish
                         0x800'8325   0x24  Code  Gb  cmd_func.o [1]
cmd_vega_calibrate       0x800'7def    0xc  Code  Gb  cmd_func.o [1]
cmd_vega_correct_pos     0x800'7d33   0xbc  Code  Gb  cmd_func.o [1]
cmd_vega_print_pos       0x800'7ca1    0xc  Code  Gb  cmd_func.o [1]
cmd_vega_reset           0x800'7d27    0xc  Code  Gb  cmd_func.o [1]
cmd_vega_set_position    0x800'7cad   0x7a  Code  Gb  cmd_func.o [1]
cmd_vesc                 0x800'7e73   0xd6  Code  Gb  cmd_func.o [1]
cmpAtom                  0x800'9249    0xe  Code  Lc  hash.o [1]
comm_can_set_current     0x800'90a1   0x50  Code  Gb  vesc_can.o [1]
comm_can_set_duty        0x800'9055   0x4c  Code  Gb  vesc_can.o [1]
comm_can_set_rpm         0x800'90f1   0x3e  Code  Gb  vesc_can.o [1]
comm_can_transmit_eid    0x800'9037   0x1e  Code  Gb  vesc_can.o [1]
cos                      0x800'a4b5    0x4  Code  Gb  cos_sin64.o [3]
cosl                     0x800'a4b5    0x4  Code  Gb  cos_sin64.o [3]
cylinder_state          0x2000'dcf4    0x4  Data  Gb  sensor_gpio.o [1]
ddiv                     0x800'9a7d   0xc8  Code  Lc  strto64.o [3]
delim                   0x2000'0050    0x4  Data  Lc  cmd.o [1]
digits                   0x800'98d4   0x28  Data  Lc  iar_Stoulx.o [2]
dmul                     0x800'99b1   0xca  Code  Lc  strto64.o [3]
exit                     0x800'b3a3    0x4  Code  Gb  exit.o [2]
flag                    0x2000'db80   0x24  Data  Gb  main.o [1]
freeKeyAtom              0x800'925b    0x2  Code  Lc  hash.o [1]
gpio_cylinder            0x800'6287   0x20  Code  Gb  sensor_gpio.o [1]
gpio_infrared            0x800'6259    0xe  Code  Gb  sensor_gpio.o [1]
gpio_magnet              0x800'6267   0x20  Code  Gb  sensor_gpio.o [1]
gpio_microswitch         0x800'624d    0xc  Code  Gb  sensor_gpio.o [1]
gpio_sensor_exe          0x800'62a7   0x58  Code  Gb  sensor_gpio.o [1]
hadc1                   0x2000'd7b8   0x48  Data  Gb  adc.o [1]
handle_button            0x800'8d21   0xaa  Code  Gb  chassis_handle.o [1]
handle_exe               0x800'8e15  0x1aa  Code  Gb  chassis_handle.o [1]
handle_rocker            0x800'8dcb   0x48  Code  Gb  chassis_handle.o [1]
hashAtom                 0x800'9257    0x4  Code  Lc  hash.o [1]
hashStr                  0x800'925d   0x26  Code  Gb  hash.o [1]
hash_id                  0x800'88a1    0x4  Code  Lc  can_utils.o [1]
hcan1                   0x2000'db08   0x28  Data  Gb  can.o [1]
hdma_adc1               0x2000'd400   0x60  Data  Gb  adc.o [1]
hdma_uart5_rx           0x2000'd460   0x60  Data  Gb  usart.o [1]
hdma_uart5_tx           0x2000'd4c0   0x60  Data  Gb  usart.o [1]
hdma_usart1_rx          0x2000'd520   0x60  Data  Gb  usart.o [1]
hdma_usart1_tx          0x2000'd580   0x60  Data  Gb  usart.o [1]
hdma_usart2_rx          0x2000'd5e0   0x60  Data  Gb  usart.o [1]
hdma_usart2_tx          0x2000'd640   0x60  Data  Gb  usart.o [1]
hdma_usart3_rx          0x2000'd6a0   0x60  Data  Gb  usart.o [1]
hdma_usart3_tx          0x2000'd700   0x60  Data  Gb  usart.o [1]
huart1                  0x2000'd9d8   0x40  Data  Gb  usart.o [1]
huart2                  0x2000'da18   0x40  Data  Gb  usart.o [1]
huart3                  0x2000'da58   0x40  Data  Gb  usart.o [1]
huart4                  0x2000'd958   0x40  Data  Gb  usart.o [1]
huart5                  0x2000'd998   0x40  Data  Gb  usart.o [1]
huart6                  0x2000'da98   0x40  Data  Gb  usart.o [1]
id_cmp                   0x800'88a5   0x10  Code  Lc  can_utils.o [1]
inc                      0x800'48db   0xd8  Code  Gb  main.o [1]
infrared_state          0x2000'21a0    0x4  Data  Gb  sensor_gpio.o [1]
init_mparams             0x800'01a3   0x32  Code  Lc  dlmalloc.o [2]
init_top                 0x800'01d5   0x36  Code  Lc  dlmalloc.o [2]
isalpha                  0x800'ae01   0x14  Code  Gb  isalpha.o [2]
isspace                  0x800'a629   0x14  Code  Gb  isspace.o [2]
kal_adc_L               0x2000'009c   0x18  Data  Gb  karman.o [1]
kal_adc_R               0x2000'00b4   0x18  Data  Gb  karman.o [1]
kal_adc_S               0x2000'00cc   0x18  Data  Gb  karman.o [1]
kal_distance_L          0x2000'0054   0x18  Data  Gb  karman.o [1]
kal_distance_R          0x2000'006c   0x18  Data  Gb  karman.o [1]
kal_distance_S          0x2000'0084   0x18  Data  Gb  karman.o [1]
kick_current            0x2000'dce8    0x4  Data  Gb  motor_driver.o [1]
kickball_M2006_set_current
                         0x800'632d    0x8  Code  Gb  kickball.o [1]
kickball_VESC_set_loosen_duty
                         0x800'6341   0x16  Code  Gb  kickball.o [1]
kickball_VESC_set_pull_current
                         0x800'6357   0x16  Code  Gb  kickball.o [1]
kickball_VESC_set_rpm    0x800'6335    0xc  Code  Gb  kickball.o [1]
kickball_auto           0x2000'010c    0x4  Data  Gb  kickball.o [1]
kickball_exe             0x800'6559   0x30  Code  Gb  kickball.o [1]
kickball_five_score     0x2000'00f8   0x14  Data  Gb  kickball.o [1]
kickball_get_microswitch_status
                         0x800'6373    0x6  Code  Gb  kickball.o [1]
kickball_kick_flag      0x2000'dcc4    0x4  Data  Gb  kickball.o [1]
kickball_m2006_current  0x2000'00e4    0x4  Data  Gb  kickball.o [1]
kickball_num            0x2000'dcd0    0x4  Data  Gb  kickball.o [1]
kickball_prepare_flag   0x2000'dcbc    0x4  Data  Gb  kickball.o [1]
kickball_pull_magnet_flag
                        0x2000'dcc8    0x4  Data  Gb  kickball.o [1]
kickball_ready_flag     0x2000'dcc0    0x4  Data  Gb  kickball.o [1]
kickball_set_magnet_status
                         0x800'636d    0x6  Code  Gb  kickball.o [1]
kickball_set_status      0x800'6379   0x7c  Code  Gb  kickball.o [1]
kickball_state_machine   0x800'63f5  0x164  Code  Gb  kickball.o [1]
kickball_status         0x2000'dd18    0x1  Data  Gb  kickball.o [1]
kickball_stop_magnet_flag
                        0x2000'dccc    0x4  Data  Gb  kickball.o [1]
kickball_vesc_lossen_duty
                        0x2000'00e8    0x4  Data  Gb  kickball.o [1]
kickball_vesc_pull_current10
                        0x2000'00f0    0x4  Data  Gb  kickball.o [1]
kickball_vesc_pull_current20
                        0x2000'00f4    0x4  Data  Gb  kickball.o [1]
kickball_vesc_pull_current5
                        0x2000'00ec    0x4  Data  Gb  kickball.o [1]
laser_adc               0x2000'd190   0x78  Data  Gb  laser.o [1]
laser_adc_split          0x800'5e17   0x36  Code  Gb  laser.o [1]
laser_calculate_angle    0x800'5ed1    0x6  Code  Gb  laser.o [1]
laser_calculate_distance
                         0x800'5e4d   0x74  Code  Gb  laser.o [1]
laser_calculate_kb       0x800'5de1   0x36  Code  Gb  laser.o [1]
laser_calculate_x        0x800'5ec1    0x6  Code  Gb  laser.o [1]
laser_calculate_y        0x800'5ec9    0x6  Code  Gb  laser.o [1]
laser_exe                0x800'5f49   0x64  Code  Gb  laser.o [1]
laser_init               0x800'5ed9   0x70  Code  Gb  laser.o [1]
laser_left              0x2000'd800   0x48  Data  Gb  laser.o [1]
laser_print_distance     0x800'5fad   0x3a  Code  Gb  laser.o [1]
laser_print_pos          0x800'5fe7   0x38  Code  Gb  laser.o [1]
laser_right             0x2000'd890   0x48  Data  Gb  laser.o [1]
laser_side              0x2000'd848   0x48  Data  Gb  laser.o [1]
lcd_add                  0x800'6089   0x38  Code  Gb  lcd.o [1]
lcd_bite                 0x800'617b   0x20  Code  Gb  lcd.o [1]
lcd_exe                  0x800'60e5   0x14  Code  Gb  lcd.o [1]
lcd_init                 0x800'60c1   0x24  Code  Gb  lcd.o [1]
lcd_msg                 0x2000'd000  0x190  Data  Gb  lcd.o [1]
lcd_msg_length          0x2000'dcd4    0x4  Data  Lc  lcd.o [1]
lcd_send_flag            0x800'619b   0x6c  Code  Gb  lcd.o [1]
lcd_send_var             0x800'60f9   0x82  Code  Gb  lcd.o [1]
lcd_send_var::now_num   0x2000'dcd8    0x4  Data  Lc  lcd.o [1]
ldexp                    0x800'28a5         Code  Gb  ldexp.o [3]
ldexpl                   0x800'28a5         Code  Gb  ldexp.o [3]
localeconv               0x800'2225    0x4  Code  Gb  xlocale_c.o [2]
m2006_exe                0x800'5d85   0x48  Code  Gb  motor_driver.o [1]
magnet_state            0x2000'dcf0    0x4  Data  Gb  sensor_gpio.o [1]
main                     0x800'47ad   0x8c  Code  Gb  main.o [1]
memchr                   0x800'22f5         Code  Gb  memchr.o [4]
microswitch_state       0x2000'dcec    0x4  Data  Gb  sensor_gpio.o [1]
motor_init               0x800'5d39    0x8  Code  Gb  motor_driver.o [1]
mparams                 0x2000'dc28   0x18  Data  Lc  dlmalloc.o [2]
ndigs                    0x800'98fc   0x28  Data  Lc  iar_Stoulx.o [2]
pContainer              0x2000'2050  0x150  Data  Gb  point_parser.o [1]
point_print_path         0x800'9715   0x92  Code  Gb  point_parser.o [1]
points_pos0             0x2000'0110  0xfa0  Data  Gb  point.o [1]
points_pos1             0x2000'10b0  0xfa0  Data  Gb  point.o [1]
points_pos10            0x2000'9f48  0xfa0  Data  Gb  point.o [1]
points_pos11            0x2000'aee8  0xfa0  Data  Gb  point.o [1]
points_pos12            0x2000'be88  0xfa0  Data  Gb  point.o [1]
points_pos2             0x2000'2248  0xfa0  Data  Gb  point.o [1]
points_pos3             0x2000'31e8  0xfa0  Data  Gb  point.o [1]
points_pos4             0x2000'4188  0xfa0  Data  Gb  point.o [1]
points_pos5             0x2000'5128  0xfa0  Data  Gb  point.o [1]
points_pos6             0x2000'60c8  0xfa0  Data  Gb  point.o [1]
points_pos7             0x2000'7068  0xfa0  Data  Gb  point.o [1]
points_pos8             0x2000'8008  0xfa0  Data  Gb  point.o [1]
points_pos9             0x2000'8fa8  0xfa0  Data  Gb  point.o [1]
posture                 0x2000'dbf8   0x18  Data  Lc  cmd.o [1]
pows                     0x800'9ee8   0x48  Data  Lc  strto64.o [3]
prepend_alloc            0x800'020b  0x346  Code  Lc  dlmalloc.o [2]
print_buffer            0x2000'd208   0x68  Data  Gb  cmd.o [1]
recive_id               0x2000'dc50   0x10  Data  Gb  configure.o [1]
robomaster_set_current   0x800'9139   0x68  Code  Gb  robomaster.o [1]
rx_buffer               0x2000'dc68    0x8  Data  Lc  can_utils.o [1]
rx_id                   0x2000'dca0    0x4  Data  Lc  can_utils.o [1]
scalbln                  0x800'28a5         Code  Gb  ldexp.o [3]
scalblnl                 0x800'28a5         Code  Gb  ldexp.o [3]
scalbn                   0x800'28a5         Code  Gb  ldexp.o [3]
scalbnl                  0x800'28a5         Code  Gb  ldexp.o [3]
scale                    0x800'19ab   0x46  Code  Lc  xprintffull.o [2]
sec_hand                0x2000'dd10    0x4  Data  Lc  xfail_s.o [2]
segment_holding          0x800'0189   0x1a  Code  Lc  dlmalloc.o [2]
send_id                 0x2000'dc40   0x10  Data  Gb  configure.o [1]
simplelib_init           0x800'52c5   0x2a  Code  Gb  simplelib.o [1]
simplelib_run            0x800'52ef   0x24  Code  Gb  simplelib.o [1]
sin                      0x800'a4b9    0x4  Code  Gb  cos_sin64.o [3]
sinl                     0x800'a4b9    0x4  Code  Gb  cos_sin64.o [3]
sqrt                     0x800'a4cd         Code  Gb  sqrt.o [3]
sqrtf                    0x800'8b51         Code  Gb  sqrtf.o [3]
sqrtl                    0x800'a4cd         Code  Gb  sqrt.o [3]
std_id                  0x2000'0000    0xc  Data  Gb  can_utils.o [1]
str_cmp                  0x800'6d9d   0x1c  Code  Lc  cmd.o [1]
strchr                   0x800'2231         Code  Gb  strchr.o [4]
strcmp                   0x800'955d         Code  Gb  strcmp.o [4]
strcpy                   0x800'91fd         Code  Gb  strcpy.o [4]
strcspn                  0x800'a607   0x22  Code  Gb  strcspn.o [2]
strlen                   0x800'22a5         Code  Gb  strlen.o [4]
strspn                   0x800'a5e5   0x22  Code  Gb  strspn.o [2]
strtok                   0x800'94d5   0x4c  Code  Gb  strtok.o [2]
sys_alloc                0x800'0749  0x164  Code  Lc  dlmalloc.o [2]
test_flag0              0x2000'dce0    0x4  Data  Gb  main.o [1]
test_value              0x2000'db58   0x28  Data  Gb  main.o [1]
time_1ms_cnt            0x2000'dcdc    0x4  Data  Lc  main.o [1]
tmalloc_large            0x800'08b9  0x386  Code  Lc  dlmalloc.o [2]
tmalloc_small            0x800'0c3f  0x200  Code  Lc  dlmalloc.o [2]
tolower                  0x800'a63d   0x14  Code  Gb  tolower.o [2]
touchdown_auto_flag     0x2000'21b4    0x4  Data  Gb  touchdown.o [1]
touchdown_close_current
                        0x2000'21b0    0x4  Data  Gb  touchdown.o [1]
touchdown_current       0x2000'dce4    0x4  Data  Gb  motor_driver.o [1]
touchdown_cylinder_pull
                         0x800'65e1    0x8  Code  Gb  touchdown.o [1]
touchdown_cylinder_push
                         0x800'65d9    0x8  Code  Gb  touchdown.o [1]
touchdown_exe            0x800'66d7   0x10  Code  Gb  touchdown.o [1]
touchdown_m2006_close    0x800'65fb   0x12  Code  Gb  touchdown.o [1]
touchdown_m2006_open     0x800'65e9   0x12  Code  Gb  touchdown.o [1]
touchdown_open_current  0x2000'21ac    0x4  Data  Gb  touchdown.o [1]
touchdown_ready_flag    0x2000'dcfc    0x4  Data  Gb  touchdown.o [1]
touchdown_state_machine
                         0x800'660d   0xca  Code  Gb  touchdown.o [1]
touchdown_state_machine::time
                        0x2000'dc90    0x8  Data  Lc  touchdown.o [1]
touchdown_state_machine::waitingtime
                        0x2000'dd08    0x4  Data  Lc  touchdown.o [1]
touchdown_status        0x2000'dd19    0x1  Data  Gb  touchdown.o [1]
touchdown_try_finish_flag
                        0x2000'dd04    0x4  Data  Gb  touchdown.o [1]
touchdown_try_flag      0x2000'dd00    0x4  Data  Gb  touchdown.o [1]
uprintf                  0x800'6d31   0x36  Code  Gb  cmd.o [1]
uprintf_to               0x800'6d67   0x34  Code  Gb  cmd.o [1]
usart_DMA_init           0x800'6a9d   0x4c  Code  Gb  cmd.o [1]
usart_exc_DMA            0x800'6b17   0x3e  Code  Gb  cmd.o [1]
usart_exc_DMA_vega       0x800'6dd1   0xa6  Code  Gb  cmd.o [1]
uwTick                  0x2000'dcf8    0x4  Data  Gb  stm32f4xx_hal.o [1]
uwTickFreq              0x2000'2244    0x1  Data  Gb  stm32f4xx_hal.o [1]
uwTickPrio              0x2000'21a4    0x4  Data  Gb  stm32f4xx_hal.o [1]
vec_add                  0x800'8ba9   0x22  Code  Gb  vec.o [1]
vec_create               0x800'8c0f   0x1a  Code  Gb  vec.o [1]
vec_is_zero              0x800'8ccd   0x46  Code  Gb  vec.o [1]
vec_model                0x800'8be3   0x2c  Code  Gb  vec.o [1]
vec_mul                  0x800'8bcb   0x18  Code  Gb  vec.o [1]
vec_mul_i                0x800'8c29   0x5c  Code  Gb  vec.o [1]
vec_normal               0x800'8c85   0x48  Code  Gb  vec.o [1]
vega_calibration         0x800'95c5   0x1c  Code  Gb  vega.o [1]
vega_correct_pos         0x800'964b   0x60  Code  Gb  vega.o [1]
vega_in_coordinate      0x2000'21b8    0xc  Data  Gb  vega.o [1]
vega_print_pos           0x800'96ab   0x3a  Code  Gb  vega.o [1]
vega_reset               0x800'95e1   0x1c  Code  Gb  vega.o [1]
vega_set_position        0x800'95fd   0x4e  Code  Gb  vega.o [1]
vesc                    0x2000'dc10   0x18  Data  Gb  motor_driver.o [1]
vsec_exe                 0x800'5d41   0x42  Code  Gb  motor_driver.o [1]
vsnprintf                0x800'9521   0x3c  Code  Gb  vsnprint.o [2]
y_pid                   0x2000'000c   0x20  Data  Gb  chassis.o [1]


[1] = E:\Robocon_Value\Chassis_TR\EWARM\Chassis\Obj
[2] = dl7M_tlf.a
[3] = m7M_tls.a
[4] = rt7M_tl.a
[5] = shb_l.a

  45 396 bytes of readonly  code memory
   5 890 bytes of readonly  data memory
  65 303 bytes of readwrite data memory

Errors: none
Warnings: none
