###############################################################################
#
# IAR ELF Linker V8.30.1.114/W32 for ARM                  09/Dec/2019  22:43:58
# Copyright 2007-2018 IAR Systems AB.
#
#    Output file  =  E:\Robocon_Value\Chassis\EWARM\Chassis\Exe\Chassis.out
#    Map file     =  E:\Robocon_Value\Chassis\EWARM\Chassis\List\Chassis.map
#    Command line =  
#        -f C:\Users\DELL\AppData\Local\Temp\EWAFF2.tmp
#        (E:\Robocon_Value\Chassis\EWARM\Chassis\Obj\adc.o
#        E:\Robocon_Value\Chassis\EWARM\Chassis\Obj\can.o
#        E:\Robocon_Value\Chassis\EWARM\Chassis\Obj\can_func.o
#        E:\Robocon_Value\Chassis\EWARM\Chassis\Obj\can_utils.o
#        E:\Robocon_Value\Chassis\EWARM\Chassis\Obj\chassis.o
#        E:\Robocon_Value\Chassis\EWARM\Chassis\Obj\chassis_handle.o
#        E:\Robocon_Value\Chassis\EWARM\Chassis\Obj\cmd.o
#        E:\Robocon_Value\Chassis\EWARM\Chassis\Obj\cmd_func.o
#        E:\Robocon_Value\Chassis\EWARM\Chassis\Obj\configure.o
#        E:\Robocon_Value\Chassis\EWARM\Chassis\Obj\dma.o
#        E:\Robocon_Value\Chassis\EWARM\Chassis\Obj\flags.o
#        E:\Robocon_Value\Chassis\EWARM\Chassis\Obj\flash.o
#        E:\Robocon_Value\Chassis\EWARM\Chassis\Obj\gpio.o
#        E:\Robocon_Value\Chassis\EWARM\Chassis\Obj\hash.o
#        E:\Robocon_Value\Chassis\EWARM\Chassis\Obj\karman.o
#        E:\Robocon_Value\Chassis\EWARM\Chassis\Obj\laser.o
#        E:\Robocon_Value\Chassis\EWARM\Chassis\Obj\main.o
#        E:\Robocon_Value\Chassis\EWARM\Chassis\Obj\point.o
#        E:\Robocon_Value\Chassis\EWARM\Chassis\Obj\point_parser.o
#        E:\Robocon_Value\Chassis\EWARM\Chassis\Obj\robomaster.o
#        E:\Robocon_Value\Chassis\EWARM\Chassis\Obj\simplelib.o
#        E:\Robocon_Value\Chassis\EWARM\Chassis\Obj\startup_stm32f407xx.o
#        E:\Robocon_Value\Chassis\EWARM\Chassis\Obj\stm32f4xx_hal.o
#        E:\Robocon_Value\Chassis\EWARM\Chassis\Obj\stm32f4xx_hal_adc.o
#        E:\Robocon_Value\Chassis\EWARM\Chassis\Obj\stm32f4xx_hal_adc_ex.o
#        E:\Robocon_Value\Chassis\EWARM\Chassis\Obj\stm32f4xx_hal_can.o
#        E:\Robocon_Value\Chassis\EWARM\Chassis\Obj\stm32f4xx_hal_cortex.o
#        E:\Robocon_Value\Chassis\EWARM\Chassis\Obj\stm32f4xx_hal_dma.o
#        E:\Robocon_Value\Chassis\EWARM\Chassis\Obj\stm32f4xx_hal_dma_ex.o
#        E:\Robocon_Value\Chassis\EWARM\Chassis\Obj\stm32f4xx_hal_exti.o
#        E:\Robocon_Value\Chassis\EWARM\Chassis\Obj\stm32f4xx_hal_flash.o
#        E:\Robocon_Value\Chassis\EWARM\Chassis\Obj\stm32f4xx_hal_flash_ex.o
#        E:\Robocon_Value\Chassis\EWARM\Chassis\Obj\stm32f4xx_hal_flash_ramfunc.o
#        E:\Robocon_Value\Chassis\EWARM\Chassis\Obj\stm32f4xx_hal_gpio.o
#        E:\Robocon_Value\Chassis\EWARM\Chassis\Obj\stm32f4xx_hal_msp.o
#        E:\Robocon_Value\Chassis\EWARM\Chassis\Obj\stm32f4xx_hal_pwr.o
#        E:\Robocon_Value\Chassis\EWARM\Chassis\Obj\stm32f4xx_hal_pwr_ex.o
#        E:\Robocon_Value\Chassis\EWARM\Chassis\Obj\stm32f4xx_hal_rcc.o
#        E:\Robocon_Value\Chassis\EWARM\Chassis\Obj\stm32f4xx_hal_rcc_ex.o
#        E:\Robocon_Value\Chassis\EWARM\Chassis\Obj\stm32f4xx_hal_tim.o
#        E:\Robocon_Value\Chassis\EWARM\Chassis\Obj\stm32f4xx_hal_tim_ex.o
#        E:\Robocon_Value\Chassis\EWARM\Chassis\Obj\stm32f4xx_hal_uart.o
#        E:\Robocon_Value\Chassis\EWARM\Chassis\Obj\stm32f4xx_it.o
#        E:\Robocon_Value\Chassis\EWARM\Chassis\Obj\stmflash.o
#        E:\Robocon_Value\Chassis\EWARM\Chassis\Obj\sys.o
#        E:\Robocon_Value\Chassis\EWARM\Chassis\Obj\system_stm32f4xx.o
#        E:\Robocon_Value\Chassis\EWARM\Chassis\Obj\usart.o
#        E:\Robocon_Value\Chassis\EWARM\Chassis\Obj\utils.o
#        E:\Robocon_Value\Chassis\EWARM\Chassis\Obj\vec.o
#        E:\Robocon_Value\Chassis\EWARM\Chassis\Obj\vega.o --redirect
#        _Printf=_PrintfFull --redirect _Scanf=_ScanfFull --no_out_extension -o
#        E:\Robocon_Value\Chassis\EWARM\Chassis\Exe\Chassis.out --map
#        E:\Robocon_Value\Chassis\EWARM\Chassis\List\Chassis.map --config
#        E:\Robocon_Value\Chassis\EWARM/stm32f407xx_flash.icf --semihosting
#        --entry __iar_program_start --vfe --text_out locale)
#
###############################################################################

*******************************************************************************
*** RUNTIME MODEL ATTRIBUTES
***

CppFlavor       = *
__Heap_Handler  = DLMalloc
__SystemLibrary = DLib
__dlib_version  = 6


*******************************************************************************
*** HEAP SELECTION
***

The advanced heap was selected because the application calls memory
allocation functions outside of system library functions, and there
are calls to deallocation functions in the application.


*******************************************************************************
*** PLACEMENT SUMMARY
***

"A0":  place at 0x800'0000 { ro section .intvec };
"P1":  place in [from 0x800'0000 to 0x80f'ffff] { ro };
define block CSTACK with size = 4608, alignment = 8 { };
define block HEAP with size = 2K, alignment = 8 { };
"P2":  place in [from 0x2000'0000 to 0x2001'ffff] {
          rw, block CSTACK, block HEAP };
initialize by copy { rw };

  Section            Kind         Address    Size  Object
  -------            ----         -------    ----  ------
"A0":                                       0x188
  .intvec            ro code   0x800'0000   0x188  startup_stm32f407xx.o [1]
                             - 0x800'0188   0x188

"P1":                                      0x8373
  .text              ro code   0x800'0188   0xf80  dlmalloc.o [2]
  .text              ro code   0x800'1108     0x6  abort.o [2]
  .text              ro code   0x800'110e    0x7a  lz77_init_single.o [4]
  .text              ro code   0x800'1188    0x2c  xgetmemchunk.o [2]
  .text              ro code   0x800'11b4    0x14  exit.o [5]
  .text              ro code   0x800'11c8   0xf7a  xprintffull.o [2]
  .text              ro code   0x800'2142    0x3a  zero_init3.o [4]
  .text              ro code   0x800'217c    0xa8  xlocale_c.o [2]
  .text              ro code   0x800'2224    0x16  strchr.o [4]
  .text              ro code   0x800'223a    0x1e  xencoding_8859_1.o [2]
  .text              ro code   0x800'2258    0x40  xfail_s.o [2]
  .text              ro code   0x800'2298    0x36  strlen.o [4]
  .text              ro code   0x800'22ce    0x1a  xsnprout.o [2]
  .text              ro code   0x800'22e8    0x58  memchr.o [4]
  .text              ro code   0x800'2340     0xa  xmbcurmax.o [2]
  .text              ro code   0x800'234c    0xa6  ABImemcpy.o [4]
  .text              ro code   0x800'23f4   0x230  I64DivMod.o [4]
  .text              ro code   0x800'2624   0x1a2  DblMul.o [3]
  .text              ro code   0x800'27c8    0x70  frexp.o [3]
  .text              ro code   0x800'2838    0x2e  DblCmpLe.o [3]
  .text              ro code   0x800'2868    0x2e  DblCmpGe.o [3]
  .text              ro code   0x800'2898   0x13a  ldexp.o [3]
  .text              ro code   0x800'29d4    0x3a  DblToS32.o [3]
  .text              ro code   0x800'2a10    0x22  S32ToDbl.o [3]
  .text              ro code   0x800'2a34    0xe2  DblSub.o [3]
  .text              ro code   0x800'2b18   0x246  DblDiv.o [3]
  .text              ro code   0x800'2d60    0x28  DblToU32.o [3]
  .text              ro code   0x800'2d88    0x1a  U32ToDbl.o [3]
  .text              ro code   0x800'2da4     0x2  I64DivZer.o [4]
  .text              ro code   0x800'2da8   0x17a  DblAdd.o [3]
  .text              ro code   0x800'2f24   0xa38  stm32f4xx_hal_uart.o [1]
  .text              ro code   0x800'395c   0x67c  usart.o [1]
  .text              ro code   0x800'3fd8     0xc  stm32f4xx_hal.o [1]
  .text              ro code   0x800'3fe4   0x550  stm32f4xx_hal_dma.o [1]
  .text              ro code   0x800'4534     0x2  stm32f4xx_hal_uart.o [1]
  .text              ro code   0x800'4536     0x2  stm32f4xx_hal_uart.o [1]
  .text              ro code   0x800'4538     0x2  stm32f4xx_hal_uart.o [1]
  .text              ro code   0x800'453a     0x2  stm32f4xx_hal_uart.o [1]
  .text              ro code   0x800'453c     0x2  stm32f4xx_hal_uart.o [1]
  .text              ro code   0x800'4540   0x224  stm32f4xx_hal_rcc.o [1]
  .text              ro code   0x800'4764   0x1b2  main.o [1]
  .text              ro code   0x800'4918     0x6  ABImemclr4.o [4]
  .text              ro code   0x800'4920   0x284  stm32f4xx_hal_gpio.o [1]
  .text              ro code   0x800'4ba4   0x158  stm32f4xx_hal_cortex.o [1]
  .text              ro code   0x800'4cfc    0x4c  stm32f4xx_hal.o [1]
  .text              ro code   0x800'4d48    0x34  stm32f4xx_hal.o [1]
  .text              ro code   0x800'4d7c   0x14c  gpio.o [1]
  .text              ro code   0x800'4ec8    0xc8  dma.o [1]
  .text              ro code   0x800'4f90   0x130  adc.o [1]
  .text              ro code   0x800'50c0    0xd4  can.o [1]
  .text              ro code   0x800'5194    0x5c  simplelib.o [1]
  .text              ro code   0x800'51f0    0x34  configure.o [1]
  .text              ro code   0x800'5224    0x9c  chassis.o [1]
  .text              ro code   0x800'52c0   0x1a4  laser.o [1]
  .text              ro code   0x800'5464   0x380  stm32f4xx_hal_rcc.o [1]
  .text              ro code   0x800'57e4   0x444  cmd.o [1]
  .text              ro code   0x800'5c28    0x32  ABImemset48.o [4]
  .text              ro code   0x800'5c5c    0x40  stm32f4xx_hal_msp.o [1]
  .text              ro code   0x800'5c9c   0x56e  stm32f4xx_hal_adc.o [1]
  .text              ro code   0x800'620c   0x6a4  stm32f4xx_hal_can.o [1]
  .text              ro code   0x800'68b0   0x188  cmd_func.o [1]
  .text              ro code   0x800'6a38   0x1d2  can_utils.o [1]
  .text              ro code   0x800'6c0c    0x20  can_func.o [1]
  .text              ro code   0x800'6c2c    0x9c  point_parser.o [1]
  .text              ro code   0x800'6cc8    0x48  FltToDbl.o [3]
  .text              ro code   0x800'6d10   0x224  hash.o [1]
  .text              ro code   0x800'6f34    0x66  ABImemset.o [4]
  .text              ro code   0x800'6f9c    0x4c  strcpy.o [4]
  .text              ro code   0x800'6fe8    0x4c  strtok.o [2]
  .text              ro code   0x800'7034    0x3c  vsnprint.o [2]
  .text              ro code   0x800'7070    0x4a  strcmp.o [4]
  .text              ro code   0x800'70ba     0x2  stm32f4xx_hal_adc.o [1]
  .text              ro code   0x800'70bc     0x2  stm32f4xx_hal_adc.o [1]
  .text              ro code   0x800'70be     0x2  stm32f4xx_hal_adc.o [1]
  .text              ro code   0x800'70c0     0x2  stm32f4xx_hal_can.o [1]
  .text              ro code   0x800'70c2     0x2  stm32f4xx_hal_can.o [1]
  .text              ro code   0x800'70c4     0x2  stm32f4xx_hal_can.o [1]
  .text              ro code   0x800'70c6     0x2  stm32f4xx_hal_can.o [1]
  .text              ro code   0x800'70c8     0x2  stm32f4xx_hal_can.o [1]
  .text              ro code   0x800'70ca     0x2  stm32f4xx_hal_can.o [1]
  .text              ro code   0x800'70cc     0x2  stm32f4xx_hal_can.o [1]
  .text              ro code   0x800'70ce     0x2  stm32f4xx_hal_can.o [1]
  .text              ro code   0x800'70d0     0x2  stm32f4xx_hal_can.o [1]
  .text              ro code   0x800'70d2     0x2  stm32f4xx_hal_can.o [1]
  .text              ro code   0x800'70d4     0x2  stm32f4xx_hal_can.o [1]
  .text              ro code   0x800'70d8    0xec  vega.o [1]
  .text              ro code   0x800'71c4     0xe  math_wrappers64.o [3]
  .text              ro code   0x800'71d4    0x68  DblToFlt.o [3]
  .text              ro code   0x800'723c    0x24  ABIassert.o [5]
  .text              ro code   0x800'7260    0x22  strspn.o [2]
  .text              ro code   0x800'7282    0x22  strcspn.o [2]
  .rodata            const     0x800'72a4    0x3c  cmd_func.o [1]
  .text              ro code   0x800'72e0   0x580  strto64.o [3]
  .text              ro code   0x800'7860   0x122  iar_Stopfx.o [2]
  .text              ro code   0x800'7984   0x1c4  iar_Stoflt.o [2]
  .text              ro code   0x800'7b48   0x21c  iar_Stoxflt.o [2]
  .text              ro code   0x800'7d64    0x14  isspace.o [2]
  .text              ro code   0x800'7d78    0x14  isalpha.o [2]
  .text              ro code   0x800'7d8c   0x124  stm32f4xx_it.o [1]
  .text              ro code   0x800'7eb0    0x18  stm32f4xx_hal.o [1]
  .text              ro code   0x800'7ec8    0x60  system_stm32f4xx.o [1]
  .rodata            const     0x800'7f28    0x30  hash.o [1]
  .rodata            const     0x800'7f58    0x28  vega.o [1]
  .text              ro code   0x800'7f80    0x28  data_init.o [4]
  .text              ro code   0x800'7fa8    0x22  fpinit_M.o [3]
  .iar.init_table    const     0x800'7fcc    0x20  - Linker created -
  .rodata            const     0x800'7fec    0x20  hash.o [1]
  .rodata            const     0x800'800c    0x20  vega.o [1]
  .rodata            const     0x800'802c    0x20  vega.o [1]
  .text              ro code   0x800'804c    0x1e  cmain.o [4]
  .text              ro code   0x800'806a     0x4  low_level_init.o [2]
  .text              ro code   0x800'806e     0x4  exit.o [2]
  .text              ro code   0x800'8074     0xa  cexit.o [4]
  .rodata            const     0x800'8080    0x1c  vega.o [1]
  .rodata            const     0x800'809c    0x18  cmd_func.o [1]
  .rodata            const     0x800'80b4    0x18  cmd_func.o [1]
  .rodata            const     0x800'80cc    0x18  cmd_func.o [1]
  .rodata            const     0x800'80e4    0x18  cmd_func.o [1]
  .rodata            const     0x800'80fc    0x18  laser.o [1]
  .rodata            const     0x800'8114    0x18  laser.o [1]
  .rodata            const     0x800'812c    0x18  simplelib.o [1]
  .rodata            const     0x800'8144    0x18  vega.o [1]
  .rodata            const     0x800'815c    0x14  cmd_func.o [1]
  .rodata            const     0x800'8170    0x14  cmd_func.o [1]
  .rodata            const     0x800'8184    0x14  main.o [1]
  .rodata            const     0x800'8198    0x10  cmd.o [1]
  .rodata            const     0x800'81a8    0x10  cmd.o [1]
  .rodata            const     0x800'81b8    0x10  cmd_func.o [1]
  .rodata            const     0x800'81c8    0x10  cmd_func.o [1]
  .rodata            const     0x800'81d8    0x10  cmd_func.o [1]
  .rodata            const     0x800'81e8    0x10  cmd_func.o [1]
  .rodata            const     0x800'81f8    0x10  laser.o [1]
  .rodata            const     0x800'8208    0x10  laser.o [1]
  .rodata            const     0x800'8218    0x10  laser.o [1]
  .rodata            const     0x800'8228    0x10  laser.o [1]
  .rodata            const     0x800'8238    0x10  laser.o [1]
  .rodata            const     0x800'8248    0x10  system_stm32f4xx.o [1]
  .text              ro code   0x800'8258    0x10  startup_stm32f407xx.o [1]
  .rodata            const     0x800'8268     0xc  can_func.o [1]
  .rodata            const     0x800'8274     0xc  cmd.o [1]
  .rodata            const     0x800'8280     0xc  cmd_func.o [1]
  .rodata            const     0x800'828c     0xc  cmd_func.o [1]
  .rodata            const     0x800'8298     0xc  cmd_func.o [1]
  .rodata            const     0x800'82a4     0xc  hash.o [1]
  .rodata            const     0x800'82b0     0xc  laser.o [1]
  .rodata            const     0x800'82bc     0xc  point_parser.o [1]
  .text              ro code   0x800'82c8     0xc  cstartup_M.o [4]
  .rodata            const     0x800'82d4     0x8  cmd.o [1]
  .rodata            const     0x800'82dc     0x8  cmd.o [1]
  .rodata            const     0x800'82e4     0x8  cmd.o [1]
  .rodata            const     0x800'82ec     0x8  cmd_func.o [1]
  .rodata            const     0x800'82f4     0x8  hash.o [1]
  .rodata            const     0x800'82fc     0x8  laser.o [1]
  .rodata            const     0x800'8304     0x8  laser.o [1]
  .rodata            const     0x800'830c     0x8  stm32f4xx_hal_dma.o [1]
  .rodata            const     0x800'8314     0x8  system_stm32f4xx.o [1]
  .rodata            const     0x800'831c     0x8  vega.o [1]
  .rodata            const     0x800'8324     0x8  vega.o [1]
  .rodata            const     0x800'832c     0x6  xlocale_c.o [2]
  .text              ro code   0x800'8332     0x4  startup_stm32f407xx.o [1]
  .text              ro code   0x800'8336     0x4  startup_stm32f407xx.o [1]
  .text              ro code   0x800'833a     0x4  startup_stm32f407xx.o [1]
  .text              ro code   0x800'833e     0x4  startup_stm32f407xx.o [1]
  .text              ro code   0x800'8342     0x4  startup_stm32f407xx.o [1]
  .text              ro code   0x800'8346     0x4  startup_stm32f407xx.o [1]
  .text              ro code   0x800'834a     0x4  startup_stm32f407xx.o [1]
  .text              ro code   0x800'834e     0x4  startup_stm32f407xx.o [1]
  .text              ro code   0x800'8352     0x4  startup_stm32f407xx.o [1]
  .text              ro code   0x800'8356     0x4  startup_stm32f407xx.o [1]
  .text              ro code   0x800'835a     0x4  startup_stm32f407xx.o [1]
  .text              ro code   0x800'835e     0x4  startup_stm32f407xx.o [1]
  .text              ro code   0x800'8362     0x4  startup_stm32f407xx.o [1]
  .text              ro code   0x800'8366     0x4  startup_stm32f407xx.o [1]
  .text              ro code   0x800'836a     0x4  startup_stm32f407xx.o [1]
  .text              ro code   0x800'836e     0x4  startup_stm32f407xx.o [1]
  .text              ro code   0x800'8372     0x4  startup_stm32f407xx.o [1]
  .text              ro code   0x800'8376     0x4  startup_stm32f407xx.o [1]
  .text              ro code   0x800'837a     0x4  startup_stm32f407xx.o [1]
  .text              ro code   0x800'837e     0x4  startup_stm32f407xx.o [1]
  .text              ro code   0x800'8382     0x4  startup_stm32f407xx.o [1]
  .text              ro code   0x800'8386     0x4  startup_stm32f407xx.o [1]
  .text              ro code   0x800'838a     0x4  startup_stm32f407xx.o [1]
  .text              ro code   0x800'838e     0x4  startup_stm32f407xx.o [1]
  .text              ro code   0x800'8392     0x4  startup_stm32f407xx.o [1]
  .text              ro code   0x800'8396     0x4  startup_stm32f407xx.o [1]
  .text              ro code   0x800'839a     0x4  startup_stm32f407xx.o [1]
  .text              ro code   0x800'839e     0x4  startup_stm32f407xx.o [1]
  .text              ro code   0x800'83a2     0x4  startup_stm32f407xx.o [1]
  .text              ro code   0x800'83a6     0x4  startup_stm32f407xx.o [1]
  .text              ro code   0x800'83aa     0x4  startup_stm32f407xx.o [1]
  .text              ro code   0x800'83ae     0x4  startup_stm32f407xx.o [1]
  .text              ro code   0x800'83b2     0x4  startup_stm32f407xx.o [1]
  .text              ro code   0x800'83b6     0x4  startup_stm32f407xx.o [1]
  .text              ro code   0x800'83ba     0x4  startup_stm32f407xx.o [1]
  .text              ro code   0x800'83be     0x4  startup_stm32f407xx.o [1]
  .text              ro code   0x800'83c2     0x4  startup_stm32f407xx.o [1]
  .text              ro code   0x800'83c6     0x4  startup_stm32f407xx.o [1]
  .text              ro code   0x800'83ca     0x4  startup_stm32f407xx.o [1]
  .text              ro code   0x800'83ce     0x4  startup_stm32f407xx.o [1]
  .text              ro code   0x800'83d2     0x4  startup_stm32f407xx.o [1]
  .text              ro code   0x800'83d6     0x4  startup_stm32f407xx.o [1]
  .text              ro code   0x800'83da     0x4  startup_stm32f407xx.o [1]
  .text              ro code   0x800'83de     0x4  startup_stm32f407xx.o [1]
  .text              ro code   0x800'83e2     0x4  startup_stm32f407xx.o [1]
  .text              ro code   0x800'83e6     0x4  startup_stm32f407xx.o [1]
  .text              ro code   0x800'83ea     0x4  startup_stm32f407xx.o [1]
  .text              ro code   0x800'83ee     0x4  startup_stm32f407xx.o [1]
  .text              ro code   0x800'83f2     0x4  startup_stm32f407xx.o [1]
  .text              ro code   0x800'83f6     0x4  startup_stm32f407xx.o [1]
  .text              ro code   0x800'83fa     0x4  startup_stm32f407xx.o [1]
  .text              ro code   0x800'83fe     0x4  startup_stm32f407xx.o [1]
  .text              ro code   0x800'8402     0x4  startup_stm32f407xx.o [1]
  .text              ro code   0x800'8406     0x4  startup_stm32f407xx.o [1]
  .text              ro code   0x800'840a     0x4  startup_stm32f407xx.o [1]
  .text              ro code   0x800'840e     0x4  startup_stm32f407xx.o [1]
  .text              ro code   0x800'8412     0x4  startup_stm32f407xx.o [1]
  .text              ro code   0x800'8416     0x4  startup_stm32f407xx.o [1]
  .text              ro code   0x800'841a     0x4  startup_stm32f407xx.o [1]
  .text              ro code   0x800'841e     0x4  startup_stm32f407xx.o [1]
  .text              ro code   0x800'8422     0x4  startup_stm32f407xx.o [1]
  .text              ro code   0x800'8426     0x4  startup_stm32f407xx.o [1]
  .text              ro code   0x800'842a     0x4  startup_stm32f407xx.o [1]
  .text              ro code   0x800'842e     0x4  startup_stm32f407xx.o [1]
  .text              ro code   0x800'8432     0x4  startup_stm32f407xx.o [1]
  .text              ro code   0x800'8436     0x4  startup_stm32f407xx.o [1]
  .text              ro code   0x800'843a     0x4  startup_stm32f407xx.o [1]
  .rodata            const     0x800'843e     0x0  zero_init3.o [4]
  .rodata            const     0x800'843e     0x0  lz77_init_single.o [4]
  Initializer bytes  const     0x800'843e    0xbd  <for P2-1>
                             - 0x800'84fb  0x8373

"P2", part 1 of 3:                          0x1ed
  P2-1                        0x2000'0000   0x1ed  <Init block>
    .data            inited   0x2000'0000     0x4  can_utils.o [1]
    .data            inited   0x2000'0004     0x4  cmd.o [1]
    .data            inited   0x2000'0008   0x150  point_parser.o [1]
    .data            inited   0x2000'0158     0x4  stm32f4xx_hal.o [1]
    .data            inited   0x2000'015c     0x4  system_stm32f4xx.o [1]
    .data            inited   0x2000'0160     0xc  vega.o [1]
    .data            inited   0x2000'016c    0x38  xlocale_c.o [2]
    .data            inited   0x2000'01a4    0x48  xlocale_c.o [2]
    .data            inited   0x2000'01ec     0x1  stm32f4xx_hal.o [1]
                            - 0x2000'01ed   0x1ed

"P2", part 2 of 3:                         0x1bfc
  .bss               zero     0x2000'01f0   0xfa0  point.o [1]
  .bss               zero     0x2000'1190   0x1d8  dlmalloc.o [2]
  .bss               zero     0x2000'1368    0x78  laser.o [1]
  .bss               zero     0x2000'13e0    0x68  cmd.o [1]
  .bss               zero     0x2000'1448    0x64  cmd.o [1]
  .bss               zero     0x2000'14ac    0x64  cmd.o [1]
  .bss               zero     0x2000'1510    0x64  cmd.o [1]
  .bss               zero     0x2000'1574    0x64  cmd.o [1]
  .bss               zero     0x2000'15d8    0x60  adc.o [1]
  .bss               zero     0x2000'1638    0x60  usart.o [1]
  .bss               zero     0x2000'1698    0x60  usart.o [1]
  .bss               zero     0x2000'16f8    0x60  usart.o [1]
  .bss               zero     0x2000'1758    0x60  usart.o [1]
  .bss               zero     0x2000'17b8    0x60  usart.o [1]
  .bss               zero     0x2000'1818    0x60  usart.o [1]
  .bss               zero     0x2000'1878    0x60  usart.o [1]
  .bss               zero     0x2000'18d8    0x60  usart.o [1]
  .bss               zero     0x2000'1938    0x58  chassis.o [1]
  .bss               zero     0x2000'1990    0x48  adc.o [1]
  .bss               zero     0x2000'19d8    0x48  laser.o [1]
  .bss               zero     0x2000'1a20    0x48  laser.o [1]
  .bss               zero     0x2000'1a68    0x48  laser.o [1]
  .bss               zero     0x2000'1ab0    0x40  cmd.o [1]
  .bss               zero     0x2000'1af0    0x40  usart.o [1]
  .bss               zero     0x2000'1b30    0x40  usart.o [1]
  .bss               zero     0x2000'1b70    0x40  usart.o [1]
  .bss               zero     0x2000'1bb0    0x40  usart.o [1]
  .bss               zero     0x2000'1bf0    0x40  usart.o [1]
  .bss               zero     0x2000'1c30    0x40  usart.o [1]
  .bss               zero     0x2000'1c70    0x30  cmd.o [1]
  .bss               zero     0x2000'1ca0    0x28  can.o [1]
  .bss               zero     0x2000'1cc8    0x28  can_utils.o [1]
  .bss               zero     0x2000'1cf0    0x20  chassis.o [1]
  .bss               zero     0x2000'1d10    0x1c  can_utils.o [1]
  .bss               zero     0x2000'1d2c    0x18  can_utils.o [1]
  .bss               zero     0x2000'1d44    0x18  cmd.o [1]
  .bss               zero     0x2000'1d5c    0x18  dlmalloc.o [2]
  .bss               zero     0x2000'1d74    0x14  main.o [1]
  .bss               zero     0x2000'1d88    0x10  configure.o [1]
  .bss               zero     0x2000'1d98    0x10  configure.o [1]
  .bss               zero     0x2000'1da8     0x8  can_utils.o [1]
  .bss               zero     0x2000'1db0     0x8  can_utils.o [1]
  .bss               zero     0x2000'1db8     0x4  can_utils.o [1]
  .bss               zero     0x2000'1dbc     0x4  can_utils.o [1]
  .bss               zero     0x2000'1dc0     0x4  can_utils.o [1]
  .bss               zero     0x2000'1dc4     0x4  cmd.o [1]
  .bss               zero     0x2000'1dc8     0x4  cmd.o [1]
  .bss               zero     0x2000'1dcc     0x4  cmd.o [1]
  .bss               zero     0x2000'1dd0     0x4  flags.o [1]
  .bss               zero     0x2000'1dd4     0x4  flags.o [1]
  .bss               zero     0x2000'1dd8     0x4  main.o [1]
  .bss               zero     0x2000'1ddc     0x4  stm32f4xx_hal.o [1]
  .bss               zero     0x2000'1de0     0x4  strtok.o [2]
  .bss               zero     0x2000'1de4     0x4  xfail_s.o [2]
  .bss               zero     0x2000'1de8     0x4  xgetmemchunk.o [2]
                            - 0x2000'1dec  0x1bfc

"P2", part 3 of 3:                         0x1a00
  CSTACK                      0x2000'1df0  0x1200  <Block>
    CSTACK           uninit   0x2000'1df0  0x1200  <Block tail>
  HEAP                        0x2000'2ff0   0x800  <Block>
    HEAP             uninit   0x2000'2ff0   0x800  <Block tail>
                            - 0x2000'37f0  0x1a00

Unused ranges:

         From           To      Size
         ----           --      ----
   0x800'84fb   0x80f'ffff  0xf'7b05
  0x2000'01ed  0x2000'01ef       0x3
  0x2000'1dec  0x2000'1def       0x4
  0x2000'37f0  0x2001'ffff  0x1'c810


*******************************************************************************
*** INIT TABLE
***

          Address      Size
          -------      ----
Zero (__iar_zero_init3)
    1 destination range, total size 0x1bfc:
          0x2000'01f0  0x1bfc

Copy/lz77 (__iar_lz77_init_single3)
    1 source range, total size 0xbd (38% of destination):
           0x800'843e    0xbd
    1 destination range, total size 0x1ed:
          0x2000'0000   0x1ed



*******************************************************************************
*** MODULE SUMMARY
***

    Module                  ro code  ro data  rw data
    ------                  -------  -------  -------
command line/config:
    -------------------------------------------------
    Total:

E:\Robocon_Value\Chassis\EWARM\Chassis\Obj: [1]
    adc.o                       304               168
    can.o                       212                40
    can_func.o                   32       12
    can_utils.o                 466        1      124
    chassis.o                   156               120
    cmd.o                     1 092       70      656
    cmd_func.o                  392      304
    configure.o                  52                32
    dma.o                       200
    flags.o                                         8
    gpio.o                      332
    hash.o                      548      100
    laser.o                     420      156      336
    main.o                      434       20       24
    point.o                                     4 000
    point_parser.o              156      140      336
    simplelib.o                  92       24
    startup_stm32f407xx.o       676
    stm32f4xx_hal.o             164        3        9
    stm32f4xx_hal_adc.o       1 396
    stm32f4xx_hal_can.o       1 722
    stm32f4xx_hal_cortex.o      344
    stm32f4xx_hal_dma.o       1 360        8
    stm32f4xx_hal_gpio.o        644
    stm32f4xx_hal_msp.o          64
    stm32f4xx_hal_rcc.o       1 444
    stm32f4xx_hal_uart.o      2 626
    stm32f4xx_it.o              292
    system_stm32f4xx.o           96       25        4
    usart.o                   1 660             1 152
    vega.o                      236      177       12
    -------------------------------------------------
    Total:                   17 612    1 040    7 021

dl7M_tlf.a: [2]
    abort.o                       6
    dlmalloc.o                3 968               496
    exit.o                        4
    iar_Stoflt.o                452
    iar_Stopfx.o                290
    iar_Stoxflt.o               540
    isalpha.o                    20
    isspace.o                    20
    low_level_init.o              4
    strcspn.o                    34
    strspn.o                     34
    strtok.o                     76                 4
    vsnprint.o                   60
    xencoding_8859_1.o           30
    xfail_s.o                    64                 4
    xgetmemchunk.o               44                 4
    xlocale_c.o                 168       55      128
    xmbcurmax.o                  10
    xprintffull.o             3 962
    xsnprout.o                   26
    -------------------------------------------------
    Total:                    9 812       55      636

m7M_tls.a: [3]
    DblAdd.o                    378
    DblCmpGe.o                   46
    DblCmpLe.o                   46
    DblDiv.o                    582
    DblMul.o                    418
    DblSub.o                    226
    DblToFlt.o                  104
    DblToS32.o                   58
    DblToU32.o                   40
    FltToDbl.o                   72
    S32ToDbl.o                   34
    U32ToDbl.o                   26
    fpinit_M.o                   34
    frexp.o                     112
    ldexp.o                     314
    math_wrappers64.o            14
    strto64.o                 1 408
    -------------------------------------------------
    Total:                    3 912

rt7M_tl.a: [4]
    ABImemclr4.o                  6
    ABImemcpy.o                 166
    ABImemset.o                 102
    ABImemset48.o                50
    I64DivMod.o                 560
    I64DivZer.o                   2
    cexit.o                      10
    cmain.o                      30
    cstartup_M.o                 12
    data_init.o                  40
    lz77_init_single.o          122
    memchr.o                     88
    strchr.o                     22
    strcmp.o                     74
    strcpy.o                     76
    strlen.o                     54
    zero_init3.o                 58
    -------------------------------------------------
    Total:                    1 472

shb_l.a: [5]
    ABIassert.o                  36
    exit.o                       20
    -------------------------------------------------
    Total:                       56

    Gaps                         48        4
    Linker created                        32    6 656
-----------------------------------------------------
    Grand Total:             32 912    1 131   14 313


*******************************************************************************
*** ENTRY LIST
***

Entry                       Address   Size  Type      Object
-----                       -------   ----  ----      ------
.iar.init_table$$Base    0x800'7fcc          --   Gb  - Linker created -
.iar.init_table$$Limit   0x800'7fec          --   Gb  - Linker created -
?main                    0x800'804d         Code  Gb  cmain.o [4]
ADC_DMAConvCplt          0x800'6165   0x7a  Code  Lc  stm32f4xx_hal_adc.o [1]
ADC_DMAError             0x800'61f1   0x1a  Code  Lc  stm32f4xx_hal_adc.o [1]
ADC_DMAHalfConvCplt      0x800'61e1    0xe  Code  Lc  stm32f4xx_hal_adc.o [1]
ADC_Init                 0x800'5fe3  0x15a  Code  Lc  stm32f4xx_hal_adc.o [1]
AHBPrescTable            0x800'8248   0x10  Data  Gb  system_stm32f4xx.o [1]
APBPrescTable            0x800'8314    0x8  Data  Gb  system_stm32f4xx.o [1]
BusFault_Handler         0x800'7d93    0x2  Code  Gb  stm32f4xx_it.o [1]
CAN1_RX0_IRQHandler      0x800'7ddb    0xa  Code  Gb  stm32f4xx_it.o [1]
CAN_config               0x800'6aef   0x52  Code  Lc  can_utils.o [1]
CMD_USART               0x2000'1ab0   0x40  Data  Gb  cmd.o [1]
CSTACK$$Base            0x2000'1df0          --   Gb  - Linker created -
CSTACK$$Limit           0x2000'2ff0          --   Gb  - Linker created -
CacheMore                0x800'21b1   0x24  Code  Lc  xlocale_c.o [2]
DMA1_Stream0_IRQHandler
                         0x800'7da9    0xa  Code  Gb  stm32f4xx_it.o [1]
DMA1_Stream1_IRQHandler
                         0x800'7db3    0xa  Code  Gb  stm32f4xx_it.o [1]
DMA1_Stream3_IRQHandler
                         0x800'7dbd    0xa  Code  Gb  stm32f4xx_it.o [1]
DMA1_Stream5_IRQHandler
                         0x800'7dc7    0xa  Code  Gb  stm32f4xx_it.o [1]
DMA1_Stream6_IRQHandler
                         0x800'7dd1    0xa  Code  Gb  stm32f4xx_it.o [1]
DMA1_Stream7_IRQHandler
                         0x800'7e33    0xa  Code  Gb  stm32f4xx_it.o [1]
DMA2_Stream0_IRQHandler
                         0x800'7e55    0xa  Code  Gb  stm32f4xx_it.o [1]
DMA2_Stream2_IRQHandler
                         0x800'7e5f    0xa  Code  Gb  stm32f4xx_it.o [1]
DMA2_Stream7_IRQHandler
                         0x800'7e69    0xa  Code  Gb  stm32f4xx_it.o [1]
DMAUSART_RX_BUF         0x2000'14ac   0x64  Data  Gb  cmd.o [1]
DMAUSART_RX_BUF_vega    0x2000'1510   0x64  Data  Gb  cmd.o [1]
DMA_CalcBaseAndBitshift
                         0x800'4459   0x30  Code  Lc  stm32f4xx_hal_dma.o [1]
DMA_CalcBaseAndBitshift::flagBitshiftOffset
                         0x800'830c    0x8  Data  Lc  stm32f4xx_hal_dma.o [1]
DMA_CheckFifoParam       0x800'4499   0x9c  Code  Lc  stm32f4xx_hal_dma.o [1]
DMA_RxOK_Flag           0x2000'1dd4    0x4  Data  Gb  flags.o [1]
DMA_RxOK_Flag_vega      0x2000'1dcc    0x4  Data  Gb  cmd.o [1]
DMA_SetConfig            0x800'442b   0x2e  Code  Lc  stm32f4xx_hal_dma.o [1]
DMAaRxBuffer            0x2000'1448   0x64  Data  Gb  cmd.o [1]
DMAaRxBuffer_vega       0x2000'1574   0x64  Data  Gb  cmd.o [1]
DebugMon_Handler         0x800'7d99    0x2  Code  Gb  stm32f4xx_it.o [1]
Dtentox                  0x800'7485  0x192  Code  Lc  strto64.o [3]
Error_Handler            0x800'4915    0x2  Code  Gb  main.o [1]
HAL_ADC_ConfigChannel    0x800'5e67  0x17c  Code  Gb  stm32f4xx_hal_adc.o [1]
HAL_ADC_Init             0x800'5c9d   0x66  Code  Gb  stm32f4xx_hal_adc.o [1]
HAL_ADC_MspInit          0x800'4fff   0xa2  Code  Gb  adc.o [1]
HAL_ADC_Start_DMA        0x800'5d03  0x164  Code  Gb  stm32f4xx_hal_adc.o [1]
HAL_CAN_ActivateNotification
                         0x800'6659   0x34  Code  Gb  stm32f4xx_hal_can.o [1]
HAL_CAN_ConfigFilter     0x800'6379  0x128  Code  Gb  stm32f4xx_hal_can.o [1]
HAL_CAN_GetRxMessage     0x800'6501  0x158  Code  Gb  stm32f4xx_hal_can.o [1]
HAL_CAN_IRQHandler       0x800'668d  0x224  Code  Gb  stm32f4xx_hal_can.o [1]
HAL_CAN_Init             0x800'620d  0x16c  Code  Gb  stm32f4xx_hal_can.o [1]
HAL_CAN_MspInit          0x800'5107   0x78  Code  Gb  can.o [1]
HAL_CAN_RxFifo0FullCallback
                         0x800'6aed    0x2  Code  Gb  can_utils.o [1]
HAL_CAN_RxFifo0MsgPendingCallback
                         0x800'6ab3   0x3a  Code  Gb  can_utils.o [1]
HAL_CAN_Start            0x800'64a1   0x5c  Code  Gb  stm32f4xx_hal_can.o [1]
HAL_DMA_Abort            0x800'415f   0x9c  Code  Gb  stm32f4xx_hal_dma.o [1]
HAL_DMA_Abort_IT         0x800'41fb   0x28  Code  Gb  stm32f4xx_hal_dma.o [1]
HAL_DMA_IRQHandler       0x800'4223  0x208  Code  Gb  stm32f4xx_hal_dma.o [1]
HAL_DMA_Init             0x800'3fe5   0xe2  Code  Gb  stm32f4xx_hal_dma.o [1]
HAL_DMA_Start_IT         0x800'40c7   0x98  Code  Gb  stm32f4xx_hal_dma.o [1]
HAL_GPIO_Init            0x800'4921  0x210  Code  Gb  stm32f4xx_hal_gpio.o [1]
HAL_GPIO_TogglePin       0x800'4b4b   0x22  Code  Gb  stm32f4xx_hal_gpio.o [1]
HAL_GPIO_WritePin        0x800'4b31   0x1a  Code  Gb  stm32f4xx_hal_gpio.o [1]
HAL_GetTick              0x800'3fd9    0xc  Code  Wk  stm32f4xx_hal.o [1]
HAL_IncTick              0x800'7eb1   0x18  Code  Wk  stm32f4xx_hal.o [1]
HAL_Init                 0x800'4d49   0x30  Code  Gb  stm32f4xx_hal.o [1]
HAL_InitTick             0x800'4cfd   0x4c  Code  Wk  stm32f4xx_hal.o [1]
HAL_MspInit              0x800'5c5d   0x40  Code  Gb  stm32f4xx_hal_msp.o [1]
HAL_NVIC_EnableIRQ       0x800'4cc3    0xe  Code  Gb  stm32f4xx_hal_cortex.o [1]
HAL_NVIC_SetPriority     0x800'4c99   0x2a  Code  Gb  stm32f4xx_hal_cortex.o [1]
HAL_NVIC_SetPriorityGrouping
                         0x800'4c8d    0xc  Code  Gb  stm32f4xx_hal_cortex.o [1]
HAL_RCC_ClockConfig      0x800'4541  0x13e  Code  Gb  stm32f4xx_hal_rcc.o [1]
HAL_RCC_GetHCLKFreq      0x800'467f    0x6  Code  Gb  stm32f4xx_hal_rcc.o [1]
HAL_RCC_GetPCLK1Freq     0x800'4685   0x16  Code  Gb  stm32f4xx_hal_rcc.o [1]
HAL_RCC_GetPCLK2Freq     0x800'469b   0x16  Code  Gb  stm32f4xx_hal_rcc.o [1]
HAL_RCC_OscConfig        0x800'5465  0x380  Code  Wk  stm32f4xx_hal_rcc.o [1]
HAL_SYSTICK_Config       0x800'4cd1    0xc  Code  Gb  stm32f4xx_hal_cortex.o [1]
HAL_UART_DMAStop         0x800'31c7   0x72  Code  Gb  stm32f4xx_hal_uart.o [1]
HAL_UART_IDLECallback    0x800'589d   0xf8  Code  Gb  cmd.o [1]
HAL_UART_IRQHandler      0x800'3239  0x14a  Code  Gb  stm32f4xx_hal_uart.o [1]
HAL_UART_Init            0x800'2f25   0x76  Code  Gb  stm32f4xx_hal_uart.o [1]
HAL_UART_MspInit         0x800'3aad  0x4a0  Code  Gb  usart.o [1]
HAL_UART_Receive_DMA     0x800'3111   0xb6  Code  Gb  stm32f4xx_hal_uart.o [1]
HAL_UART_Transmit        0x800'2f9b   0xe0  Code  Gb  stm32f4xx_hal_uart.o [1]
HAL_UART_Transmit_DMA    0x800'307b   0x96  Code  Gb  stm32f4xx_hal_uart.o [1]
HCAN                    0x2000'1cc8   0x28  Data  Gb  can_utils.o [1]
HEAP$$Base              0x2000'2ff0          --   Gb  - Linker created -
HEAP$$Limit             0x2000'37f0          --   Gb  - Linker created -
HardFault_Handler        0x800'7d8f    0x2  Code  Gb  stm32f4xx_it.o [1]
HashTable_create         0x800'6d4b   0x5c  Code  Gb  hash.o [1]
HashTable_get            0x800'6e41   0x60  Code  Gb  hash.o [1]
HashTable_insert         0x800'6da7   0x9a  Code  Gb  hash.o [1]
HashTable_map            0x800'6ea1   0x74  Code  Gb  hash.o [1]
LoadInt                  0x800'138b   0x7a  Code  Lc  xprintffull.o [2]
MX_ADC1_Init             0x800'4f91   0x6e  Code  Gb  adc.o [1]
MX_CAN1_Init             0x800'50c1   0x46  Code  Gb  can.o [1]
MX_DMA_Init              0x800'4ec9   0xc8  Code  Gb  dma.o [1]
MX_GPIO_Init             0x800'4d7d  0x14c  Code  Gb  gpio.o [1]
MX_UART4_Init            0x800'395d   0x38  Code  Gb  usart.o [1]
MX_UART5_Init            0x800'3995   0x38  Code  Gb  usart.o [1]
MX_USART1_UART_Init      0x800'39cd   0x38  Code  Gb  usart.o [1]
MX_USART2_UART_Init      0x800'3a05   0x38  Code  Gb  usart.o [1]
MX_USART3_UART_Init      0x800'3a3d   0x38  Code  Gb  usart.o [1]
MX_USART6_UART_Init      0x800'3a75   0x38  Code  Gb  usart.o [1]
MemManage_Handler        0x800'7d91    0x2  Code  Gb  stm32f4xx_it.o [1]
NMI_Handler              0x800'7d8d    0x2  Code  Gb  stm32f4xx_it.o [1]
NVIC_EncodePriority      0x800'4c1d   0x40  Code  Lc  stm32f4xx_hal_cortex.o [1]
PendSV_Handler           0x800'7d9b    0x2  Code  Gb  stm32f4xx_it.o [1]
Region$$Table$$Base      0x800'7fcc          --   Gb  - Linker created -
Region$$Table$$Limit     0x800'7fec          --   Gb  - Linker created -
RxHeader                0x2000'1d10   0x1c  Data  Gb  can_utils.o [1]
SVC_Handler              0x800'7d97    0x2  Code  Gb  stm32f4xx_it.o [1]
SysTick_Config           0x800'4c5d   0x30  Code  Lc  stm32f4xx_hal_cortex.o [1]
SysTick_Handler          0x800'7d9d    0xc  Code  Gb  stm32f4xx_it.o [1]
SystemClock_Config       0x800'47b7   0xa2  Code  Gb  main.o [1]
SystemCoreClock         0x2000'015c    0x4  Data  Gb  system_stm32f4xx.o [1]
SystemInit               0x800'7ec9   0x40  Code  Gb  system_stm32f4xx.o [1]
TxHeader                0x2000'1d2c   0x18  Data  Gb  can_utils.o [1]
UART5_IRQHandler         0x800'7e3d   0x18  Code  Gb  stm32f4xx_it.o [1]
UART_DMAAbortOnError     0x800'3519   0x16  Code  Lc  stm32f4xx_hal_uart.o [1]
UART_DMAError            0x800'341d   0x58  Code  Lc  stm32f4xx_hal_uart.o [1]
UART_DMAReceiveCplt      0x800'33c9   0x44  Code  Lc  stm32f4xx_hal_uart.o [1]
UART_DMARxHalfCplt       0x800'340d    0xe  Code  Lc  stm32f4xx_hal_uart.o [1]
UART_DMATransmitCplt     0x800'3385   0x34  Code  Lc  stm32f4xx_hal_uart.o [1]
UART_DMATxHalfCplt       0x800'33b9    0xe  Code  Lc  stm32f4xx_hal_uart.o [1]
UART_EndRxTransfer       0x800'34f7   0x20  Code  Lc  stm32f4xx_hal_uart.o [1]
UART_EndTransmit_IT      0x800'359f   0x20  Code  Lc  stm32f4xx_hal_uart.o [1]
UART_EndTxTransfer       0x800'34e3   0x14  Code  Lc  stm32f4xx_hal_uart.o [1]
UART_Receive_IT          0x800'35bf   0xae  Code  Lc  stm32f4xx_hal_uart.o [1]
UART_SetConfig           0x800'366d  0x2e2  Code  Lc  stm32f4xx_hal_uart.o [1]
UART_Transmit_IT         0x800'3531   0x6e  Code  Lc  stm32f4xx_hal_uart.o [1]
UART_WaitOnFlagUntilTimeout
                         0x800'3475   0x6e  Code  Lc  stm32f4xx_hal_uart.o [1]
USART1_IRQHandler        0x800'7de5   0x1a  Code  Gb  stm32f4xx_it.o [1]
USART2_IRQHandler        0x800'7dff   0x1a  Code  Gb  stm32f4xx_it.o [1]
USART3_IRQHandler        0x800'7e19   0x1a  Code  Gb  stm32f4xx_it.o [1]
UsageFault_Handler       0x800'7d95    0x2  Code  Gb  stm32f4xx_it.o [1]
_Encoding_8859_1_Mbrlen
                         0x800'224d    0x2  Code  Gb  xencoding_8859_1.o [2]
_Encoding_8859_1_Wctomb
                         0x800'223b   0x12  Code  Gb  xencoding_8859_1.o [2]
_GenldFull               0x800'1e1d  0x274  Code  Lc  xprintffull.o [2]
_LdtobFull               0x800'19f1  0x400  Code  Lc  xprintffull.o [2]
_LitobFull               0x800'1899  0x112  Code  Lc  xprintffull.o [2]
_LocaleC_isalpha         0x800'2183    0xc  Code  Gb  xlocale_c.o [2]
_LocaleC_islower         0x800'217d    0x4  Code  Gb  xlocale_c.o [2]
_LocaleC_isspace         0x800'2199   0x14  Code  Gb  xlocale_c.o [2]
_LocaleC_isupper         0x800'2181    0x2  Code  Gb  xlocale_c.o [2]
_Locale_lconv           0x2000'016c   0x38  Data  Lc  xlocale_c.o [2]
_PrintfFull              0x800'11c9  0x1aa  Code  Gb  xprintffull.o [2]
_PutcharsFull            0x800'2091   0x2e  Code  Lc  xprintffull.o [2]
_PutfldFull              0x800'1405  0x2d8  Code  Lc  xprintffull.o [2]
_PutstrFull              0x800'17d3   0xc6  Code  Lc  xprintffull.o [2]
_PuttxtFull              0x800'16dd   0xf6  Code  Lc  xprintffull.o [2]
_SNProut                 0x800'22cf   0x1a  Code  Gb  xsnprout.o [2]
_Strtok_ssave           0x2000'1de0    0x4  Data  Lc  strtok.o [2]
__NVIC_EnableIRQ         0x800'4bd3   0x1e  Code  Lc  stm32f4xx_hal_cortex.o [1]
__NVIC_GetPriorityGrouping
                         0x800'4bc7    0xc  Code  Lc  stm32f4xx_hal_cortex.o [1]
__NVIC_SetPriority       0x800'4bf1   0x2c  Code  Lc  stm32f4xx_hal_cortex.o [1]
__NVIC_SetPriorityGrouping
                         0x800'4ba5   0x22  Code  Lc  stm32f4xx_hal_cortex.o [1]
__aeabi_assert           0x800'723d   0x24  Code  Gb  ABIassert.o [5]
__aeabi_cdcmple          0x800'2839         Code  Gb  DblCmpLe.o [3]
__aeabi_cdrcmple         0x800'2869         Code  Gb  DblCmpGe.o [3]
__aeabi_d2f              0x800'71d5         Code  Gb  DblToFlt.o [3]
__aeabi_d2iz             0x800'29d5         Code  Gb  DblToS32.o [3]
__aeabi_d2uiz            0x800'2d61         Code  Gb  DblToU32.o [3]
__aeabi_dadd             0x800'2da9         Code  Gb  DblAdd.o [3]
__aeabi_ddiv             0x800'2b19         Code  Gb  DblDiv.o [3]
__aeabi_dmul             0x800'2625         Code  Gb  DblMul.o [3]
__aeabi_dsub             0x800'2a35         Code  Gb  DblSub.o [3]
__aeabi_f2d              0x800'6cc9         Code  Gb  FltToDbl.o [3]
__aeabi_i2d              0x800'2a11         Code  Gb  S32ToDbl.o [3]
__aeabi_ldiv0            0x800'2da5         Code  Gb  I64DivZer.o [4]
__aeabi_memclr4          0x800'4919         Code  Gb  ABImemclr4.o [4]
__aeabi_memcpy           0x800'234d         Code  Gb  ABImemcpy.o [4]
__aeabi_memcpy4          0x800'236d         Code  Gb  ABImemcpy.o [4]
__aeabi_memcpy8          0x800'236d         Code  Gb  ABImemcpy.o [4]
__aeabi_memset           0x800'6f35         Code  Gb  ABImemset.o [4]
__aeabi_ui2d             0x800'2d89         Code  Gb  U32ToDbl.o [3]
__aeabi_uldivmod         0x800'23f5         Code  Gb  I64DivMod.o [4]
__cmain                  0x800'804d         Code  Gb  cmain.o [4]
__data_GetMemChunk       0x800'1189   0x2c  Code  Gb  xgetmemchunk.o [2]
__data_GetMemChunk::start
                        0x2000'1de8    0x4  Data  Lc  xgetmemchunk.o [2]
__exit                   0x800'11b5   0x14  Code  Gb  exit.o [5]
__iar_Fail_s             0x800'2259   0x1c  Code  Gb  xfail_s.o [2]
__iar_Mbcurmax           0x800'2341    0xa  Code  Gb  xmbcurmax.o [2]
__iar_Memchr             0x800'22e9         Code  Gb  memchr.o [4]
__iar_Memset             0x800'6f35         Code  Gb  ABImemset.o [4]
__iar_Memset4_word       0x800'5c29         Code  Gb  ABImemset48.o [4]
__iar_Memset8_word       0x800'5c29         Code  Gb  ABImemset48.o [4]
__iar_Memset_word        0x800'6f3d         Code  Gb  ABImemset.o [4]
__iar_Sto64              0x800'7629  0x19e  Code  Gb  strto64.o [3]
__iar_Stoflt             0x800'7985  0x1c4  Code  Gb  iar_Stoflt.o [2]
__iar_Stopfx             0x800'7861  0x122  Code  Gb  iar_Stopfx.o [2]
__iar_Stoxflt            0x800'7b49  0x1e6  Code  Gb  iar_Stoxflt.o [2]
__iar_Stoxflt::digits    0x800'7d34   0x18  Data  Lc  iar_Stoxflt.o [2]
__iar_Stoxflt::vals      0x800'7d4c   0x18  Data  Lc  iar_Stoxflt.o [2]
__iar_Strchr             0x800'2225         Code  Gb  strchr.o [4]
__iar_dadd               0x800'2a45         Code  Gb  DblSub.o [3]
__iar_data_init3         0x800'7f81   0x28  Code  Gb  data_init.o [4]
__iar_dlmalloc           0x800'0e4d  0x2b6  Code  Gb  dlmalloc.o [2]
__iar_dsub               0x800'2db9         Code  Gb  DblAdd.o [3]
__iar_dsubStart          0x800'2dcb         Code  Gb  DblAdd.o [3]
__iar_frexp              0x800'27d5         Code  Gb  frexp.o [3]
__iar_frexpl             0x800'27d5         Code  Gb  frexp.o [3]
__iar_globLocale        0x2000'01a4   0x48  Data  Lc  xlocale_c.o [2]
__iar_global_Locale      0x800'21ad    0x4  Code  Gb  xlocale_c.o [2]
__iar_init_vfp           0x800'7fa9         Code  Gb  fpinit_M.o [3]
__iar_ldexp64            0x800'2899         Code  Gb  ldexp.o [3]
__iar_lz77_init_single3
                         0x800'110f   0x7a  Code  Gb  lz77_init_single.o [4]
__iar_program_start      0x800'82c9         Code  Gb  cstartup_M.o [4]
__iar_scalbln64          0x800'2899         Code  Gb  ldexp.o [3]
__iar_scalbn64           0x800'2899         Code  Gb  ldexp.o [3]
__iar_softfp___iar_frexp64
                         0x800'27c9         Code  Gb  frexp.o [3]
__iar_softfp_frexp       0x800'27c9         Code  Gb  frexp.o [3]
__iar_softfp_frexpl      0x800'27c9         Code  Gb  frexp.o [3]
__iar_vfp_atof           0x800'71cb    0x8  Code  Gb  math_wrappers64.o [3]
__iar_zero_init3         0x800'2143   0x3a  Code  Gb  zero_init3.o [4]
__low_level_init         0x800'806b    0x4  Code  Gb  low_level_init.o [2]
__vector_table           0x800'0000         Data  Gb  startup_stm32f407xx.o [1]
_call_main               0x800'8059         Code  Gb  cmain.o [4]
_cmd_help                0x800'5b05   0x18  Code  Lc  cmd.o [1]
_exit                    0x800'8075         Code  Gb  cexit.o [4]
_gLocale_mblen           0x800'2211    0x4  Code  Gb  xlocale_c.o [2]
_gLocale_mblenInt        0x800'21d5   0x2c  Code  Gb  xlocale_c.o [2]
_gLocale_wctomb          0x800'2215    0x4  Code  Gb  xlocale_c.o [2]
_gLocale_wctombInt       0x800'220d    0x4  Code  Gb  xlocale_c.o [2]
_gm_                    0x2000'1190  0x1d8  Data  Lc  dlmalloc.o [2]
_main                    0x800'8067         Code  Gb  cmain.o [4]
abort                    0x800'1109    0x6  Code  Gb  abort.o [2]
add_segment              0x800'0551  0x1f2  Code  Lc  dlmalloc.o [2]
atof                     0x800'780d    0x8  Code  Gb  strto64.o [3]
buffer_count            0x2000'1dc8    0x4  Data  Gb  cmd.o [1]
can_callback_add         0x800'6a6d   0x1e  Code  Gb  can_utils.o [1]
can_callback_table      0x2000'1dc0    0x4  Data  Lc  can_utils.o [1]
can_exc_callback         0x800'6a8b   0x28  Code  Gb  can_utils.o [1]
can_exc_callback_flag   0x2000'1dd0    0x4  Data  Gb  flags.o [1]
can_func_init            0x800'6c0d    0xe  Code  Gb  can_func.o [1]
can_id_init              0x800'51f1   0x34  Code  Gb  configure.o [1]
can_init                 0x800'6a39   0x34  Code  Gb  can_utils.o [1]
can_rx_callback_flag    0x2000'1db8    0x4  Data  Gb  can_utils.o [1]
can_rx_data             0x2000'1da8    0x8  Data  Gb  can_utils.o [1]
can_std_mask_filter_conf
                         0x800'6b69   0x8a  Code  Gb  can_utils.o [1]
can_suc_rx               0x800'6c1d    0xc  Code  Gb  can_func.o [1]
chassis                 0x2000'1938   0x58  Data  Gb  chassis.o [1]
chassis_init             0x800'5295   0x1c  Code  Gb  chassis.o [1]
chassis_init_pos         0x800'524f   0x46  Code  Gb  chassis.o [1]
chassis_init_status      0x800'5225   0x2a  Code  Gb  chassis.o [1]
chassis_status          0x2000'1cf0   0x20  Data  Gb  chassis.o [1]
cmd_add                  0x800'5a29   0x54  Code  Gb  cmd.o [1]
cmd_argv                0x2000'1c70   0x30  Data  Gb  cmd.o [1]
cmd_exec                 0x800'59dd   0x2c  Code  Gb  cmd.o [1]
cmd_func_init            0x800'6981   0x56  Code  Gb  cmd_func.o [1]
cmd_hello                0x800'68b1    0xe  Code  Gb  cmd_func.o [1]
cmd_help_func            0x800'5a0d   0x1c  Code  Gb  cmd.o [1]
cmd_init                 0x800'5831   0x2e  Code  Gb  cmd.o [1]
cmd_laser_print_diatance
                         0x800'695d    0xc  Code  Gb  cmd_func.o [1]
cmd_laser_print_pos      0x800'6969    0xc  Code  Gb  cmd_func.o [1]
cmd_parse                0x800'5995   0x48  Code  Gb  cmd.o [1]
cmd_point_print_path     0x800'6975    0xc  Code  Gb  cmd_func.o [1]
cmd_table               0x2000'1dc4    0x4  Data  Lc  cmd.o [1]
cmd_vega_calibrate       0x800'6951    0xc  Code  Gb  cmd_func.o [1]
cmd_vega_print_pos       0x800'68bf    0xc  Code  Gb  cmd_func.o [1]
cmd_vega_reset           0x800'6945    0xc  Code  Gb  cmd_func.o [1]
cmd_vega_set_position    0x800'68cb   0x7a  Code  Gb  cmd_func.o [1]
cmpAtom                  0x800'6d11    0xe  Code  Lc  hash.o [1]
ddiv                     0x800'73ad   0xc8  Code  Lc  strto64.o [3]
delim                   0x2000'0004    0x4  Data  Lc  cmd.o [1]
dmul                     0x800'72e1   0xca  Code  Lc  strto64.o [3]
exit                     0x800'806f    0x4  Code  Gb  exit.o [2]
flag                    0x2000'1d74   0x14  Data  Gb  main.o [1]
freeKeyAtom              0x800'6d23    0x2  Code  Lc  hash.o [1]
hadc1                   0x2000'1990   0x48  Data  Gb  adc.o [1]
hashAtom                 0x800'6d1f    0x4  Code  Lc  hash.o [1]
hashStr                  0x800'6d25   0x26  Code  Gb  hash.o [1]
hash_id                  0x800'6bf5    0x4  Code  Lc  can_utils.o [1]
hcan1                   0x2000'1ca0   0x28  Data  Gb  can.o [1]
hdma_adc1               0x2000'15d8   0x60  Data  Gb  adc.o [1]
hdma_uart5_rx           0x2000'1638   0x60  Data  Gb  usart.o [1]
hdma_uart5_tx           0x2000'1698   0x60  Data  Gb  usart.o [1]
hdma_usart1_rx          0x2000'16f8   0x60  Data  Gb  usart.o [1]
hdma_usart1_tx          0x2000'1758   0x60  Data  Gb  usart.o [1]
hdma_usart2_rx          0x2000'17b8   0x60  Data  Gb  usart.o [1]
hdma_usart2_tx          0x2000'1818   0x60  Data  Gb  usart.o [1]
hdma_usart3_rx          0x2000'1878   0x60  Data  Gb  usart.o [1]
hdma_usart3_tx          0x2000'18d8   0x60  Data  Gb  usart.o [1]
huart1                  0x2000'1b70   0x40  Data  Gb  usart.o [1]
huart2                  0x2000'1bb0   0x40  Data  Gb  usart.o [1]
huart3                  0x2000'1bf0   0x40  Data  Gb  usart.o [1]
huart4                  0x2000'1af0   0x40  Data  Gb  usart.o [1]
huart5                  0x2000'1b30   0x40  Data  Gb  usart.o [1]
huart6                  0x2000'1c30   0x40  Data  Gb  usart.o [1]
id_cmp                   0x800'6bf9   0x10  Code  Lc  can_utils.o [1]
inc                      0x800'4859   0x96  Code  Gb  main.o [1]
inc::time_1ms_cnt       0x2000'1dd8    0x4  Data  Lc  main.o [1]
init_mparams             0x800'01a3   0x32  Code  Lc  dlmalloc.o [2]
init_top                 0x800'01d5   0x36  Code  Lc  dlmalloc.o [2]
isalpha                  0x800'7d79   0x14  Code  Gb  isalpha.o [2]
isspace                  0x800'7d65   0x14  Code  Gb  isspace.o [2]
laser_adc               0x2000'1368   0x78  Data  Gb  laser.o [1]
laser_calculate_kb       0x800'52c1   0x54  Code  Gb  laser.o [1]
laser_init               0x800'5315   0x84  Code  Gb  laser.o [1]
laser_left              0x2000'19d8   0x48  Data  Gb  laser.o [1]
laser_print_distance     0x800'5399   0x3a  Code  Gb  laser.o [1]
laser_print_pos          0x800'53d3   0x38  Code  Gb  laser.o [1]
laser_right             0x2000'1a68   0x48  Data  Gb  laser.o [1]
laser_side              0x2000'1a20   0x48  Data  Gb  laser.o [1]
ldexp                    0x800'2899         Code  Gb  ldexp.o [3]
ldexpl                   0x800'2899         Code  Gb  ldexp.o [3]
localeconv               0x800'2219    0x4  Code  Gb  xlocale_c.o [2]
main                     0x800'4765   0x52  Code  Gb  main.o [1]
memchr                   0x800'22e9         Code  Gb  memchr.o [4]
mparams                 0x2000'1d5c   0x18  Data  Lc  dlmalloc.o [2]
pContainer              0x2000'0008  0x150  Data  Gb  point_parser.o [1]
point_print_path         0x800'6c2d   0x92  Code  Gb  point_parser.o [1]
points_pos0             0x2000'01f0  0xfa0  Data  Gb  point.o [1]
posture                 0x2000'1d44   0x18  Data  Lc  cmd.o [1]
pows                     0x800'7818   0x48  Data  Lc  strto64.o [3]
prepend_alloc            0x800'020b  0x346  Code  Lc  dlmalloc.o [2]
print_buffer            0x2000'13e0   0x68  Data  Gb  cmd.o [1]
recive_id               0x2000'1d98   0x10  Data  Gb  configure.o [1]
rx_buffer               0x2000'1db0    0x8  Data  Lc  can_utils.o [1]
rx_id                   0x2000'1dbc    0x4  Data  Lc  can_utils.o [1]
scalbln                  0x800'2899         Code  Gb  ldexp.o [3]
scalblnl                 0x800'2899         Code  Gb  ldexp.o [3]
scalbn                   0x800'2899         Code  Gb  ldexp.o [3]
scalbnl                  0x800'2899         Code  Gb  ldexp.o [3]
scale                    0x800'19ab   0x46  Code  Lc  xprintffull.o [2]
sec_hand                0x2000'1de4    0x4  Data  Lc  xfail_s.o [2]
segment_holding          0x800'0189   0x1a  Code  Lc  dlmalloc.o [2]
send_id                 0x2000'1d88   0x10  Data  Gb  configure.o [1]
simplelib_init           0x800'5195   0x2a  Code  Gb  simplelib.o [1]
simplelib_run            0x800'51bf   0x24  Code  Gb  simplelib.o [1]
std_id                  0x2000'0000    0x4  Data  Gb  can_utils.o [1]
str_cmp                  0x800'5ae9   0x1c  Code  Lc  cmd.o [1]
strchr                   0x800'2225         Code  Gb  strchr.o [4]
strcmp                   0x800'7071         Code  Gb  strcmp.o [4]
strcpy                   0x800'6f9d         Code  Gb  strcpy.o [4]
strcspn                  0x800'7283   0x22  Code  Gb  strcspn.o [2]
strlen                   0x800'2299         Code  Gb  strlen.o [4]
strspn                   0x800'7261   0x22  Code  Gb  strspn.o [2]
strtok                   0x800'6fe9   0x4c  Code  Gb  strtok.o [2]
sys_alloc                0x800'0749  0x164  Code  Lc  dlmalloc.o [2]
tmalloc_large            0x800'08b9  0x386  Code  Lc  dlmalloc.o [2]
tmalloc_small            0x800'0c3f  0x200  Code  Lc  dlmalloc.o [2]
uprintf                  0x800'5a7d   0x36  Code  Gb  cmd.o [1]
uprintf_to               0x800'5ab3   0x34  Code  Gb  cmd.o [1]
usart_DMA_init           0x800'57e5   0x4c  Code  Gb  cmd.o [1]
usart_exc_DMA            0x800'585f   0x3e  Code  Gb  cmd.o [1]
usart_exc_DMA_vega       0x800'5b1d   0xb2  Code  Gb  cmd.o [1]
uwTick                  0x2000'1ddc    0x4  Data  Gb  stm32f4xx_hal.o [1]
uwTickFreq              0x2000'01ec    0x1  Data  Gb  stm32f4xx_hal.o [1]
uwTickPrio              0x2000'0158    0x4  Data  Gb  stm32f4xx_hal.o [1]
vega_calibration         0x800'70d9   0x1c  Code  Gb  vega.o [1]
vega_position           0x2000'0160    0xc  Data  Gb  vega.o [1]
vega_print_pos           0x800'715f   0x3a  Code  Gb  vega.o [1]
vega_reset               0x800'70f5   0x1c  Code  Gb  vega.o [1]
vega_set_position        0x800'7111   0x4e  Code  Gb  vega.o [1]
vsnprintf                0x800'7035   0x3c  Code  Gb  vsnprint.o [2]


[1] = E:\Robocon_Value\Chassis\EWARM\Chassis\Obj
[2] = dl7M_tlf.a
[3] = m7M_tls.a
[4] = rt7M_tl.a
[5] = shb_l.a

  32 912 bytes of readonly  code memory
   1 131 bytes of readonly  data memory
  14 313 bytes of readwrite data memory

Errors: none
Warnings: none
