###############################################################################
#
# IAR ELF Linker V8.30.1.114/W32 for ARM                  16/Jan/2020  15:31:20
# Copyright 2007-2018 IAR Systems AB.
#
#    Output file  =  E:\Robocon_Value\Chassis_TR\EWARM\Chassis\Exe\Chassis.out
#    Map file     =  E:\Robocon_Value\Chassis_TR\EWARM\Chassis\List\Chassis.map
#    Command line =  
#        -f C:\Users\DELL\AppData\Local\Temp\EW76AE.tmp
#        (E:\Robocon_Value\Chassis_TR\EWARM\Chassis\Obj\adc.o
#        E:\Robocon_Value\Chassis_TR\EWARM\Chassis\Obj\can.o
#        E:\Robocon_Value\Chassis_TR\EWARM\Chassis\Obj\can_func.o
#        E:\Robocon_Value\Chassis_TR\EWARM\Chassis\Obj\can_utils.o
#        E:\Robocon_Value\Chassis_TR\EWARM\Chassis\Obj\chassis.o
#        E:\Robocon_Value\Chassis_TR\EWARM\Chassis\Obj\chassis_handle.o
#        E:\Robocon_Value\Chassis_TR\EWARM\Chassis\Obj\cmd.o
#        E:\Robocon_Value\Chassis_TR\EWARM\Chassis\Obj\cmd_func.o
#        E:\Robocon_Value\Chassis_TR\EWARM\Chassis\Obj\configure.o
#        E:\Robocon_Value\Chassis_TR\EWARM\Chassis\Obj\dma.o
#        E:\Robocon_Value\Chassis_TR\EWARM\Chassis\Obj\flags.o
#        E:\Robocon_Value\Chassis_TR\EWARM\Chassis\Obj\flash.o
#        E:\Robocon_Value\Chassis_TR\EWARM\Chassis\Obj\gpio.o
#        E:\Robocon_Value\Chassis_TR\EWARM\Chassis\Obj\hash.o
#        E:\Robocon_Value\Chassis_TR\EWARM\Chassis\Obj\karman.o
#        E:\Robocon_Value\Chassis_TR\EWARM\Chassis\Obj\kickball.o
#        E:\Robocon_Value\Chassis_TR\EWARM\Chassis\Obj\laser.o
#        E:\Robocon_Value\Chassis_TR\EWARM\Chassis\Obj\lcd.o
#        E:\Robocon_Value\Chassis_TR\EWARM\Chassis\Obj\main.o
#        E:\Robocon_Value\Chassis_TR\EWARM\Chassis\Obj\motor_driver.o
#        E:\Robocon_Value\Chassis_TR\EWARM\Chassis\Obj\point.o
#        E:\Robocon_Value\Chassis_TR\EWARM\Chassis\Obj\point_parser.o
#        E:\Robocon_Value\Chassis_TR\EWARM\Chassis\Obj\robomaster.o
#        E:\Robocon_Value\Chassis_TR\EWARM\Chassis\Obj\sensor_gpio.o
#        E:\Robocon_Value\Chassis_TR\EWARM\Chassis\Obj\simplelib.o
#        E:\Robocon_Value\Chassis_TR\EWARM\Chassis\Obj\startup_stm32f407xx.o
#        E:\Robocon_Value\Chassis_TR\EWARM\Chassis\Obj\stm32f4xx_hal.o
#        E:\Robocon_Value\Chassis_TR\EWARM\Chassis\Obj\stm32f4xx_hal_adc.o
#        E:\Robocon_Value\Chassis_TR\EWARM\Chassis\Obj\stm32f4xx_hal_adc_ex.o
#        E:\Robocon_Value\Chassis_TR\EWARM\Chassis\Obj\stm32f4xx_hal_can.o
#        E:\Robocon_Value\Chassis_TR\EWARM\Chassis\Obj\stm32f4xx_hal_cortex.o
#        E:\Robocon_Value\Chassis_TR\EWARM\Chassis\Obj\stm32f4xx_hal_dma.o
#        E:\Robocon_Value\Chassis_TR\EWARM\Chassis\Obj\stm32f4xx_hal_dma_ex.o
#        E:\Robocon_Value\Chassis_TR\EWARM\Chassis\Obj\stm32f4xx_hal_exti.o
#        E:\Robocon_Value\Chassis_TR\EWARM\Chassis\Obj\stm32f4xx_hal_flash.o
#        E:\Robocon_Value\Chassis_TR\EWARM\Chassis\Obj\stm32f4xx_hal_flash_ex.o
#        E:\Robocon_Value\Chassis_TR\EWARM\Chassis\Obj\stm32f4xx_hal_flash_ramfunc.o
#        E:\Robocon_Value\Chassis_TR\EWARM\Chassis\Obj\stm32f4xx_hal_gpio.o
#        E:\Robocon_Value\Chassis_TR\EWARM\Chassis\Obj\stm32f4xx_hal_msp.o
#        E:\Robocon_Value\Chassis_TR\EWARM\Chassis\Obj\stm32f4xx_hal_pwr.o
#        E:\Robocon_Value\Chassis_TR\EWARM\Chassis\Obj\stm32f4xx_hal_pwr_ex.o
#        E:\Robocon_Value\Chassis_TR\EWARM\Chassis\Obj\stm32f4xx_hal_rcc.o
#        E:\Robocon_Value\Chassis_TR\EWARM\Chassis\Obj\stm32f4xx_hal_rcc_ex.o
#        E:\Robocon_Value\Chassis_TR\EWARM\Chassis\Obj\stm32f4xx_hal_tim.o
#        E:\Robocon_Value\Chassis_TR\EWARM\Chassis\Obj\stm32f4xx_hal_tim_ex.o
#        E:\Robocon_Value\Chassis_TR\EWARM\Chassis\Obj\stm32f4xx_hal_uart.o
#        E:\Robocon_Value\Chassis_TR\EWARM\Chassis\Obj\stm32f4xx_it.o
#        E:\Robocon_Value\Chassis_TR\EWARM\Chassis\Obj\stmflash.o
#        E:\Robocon_Value\Chassis_TR\EWARM\Chassis\Obj\sys.o
#        E:\Robocon_Value\Chassis_TR\EWARM\Chassis\Obj\system_stm32f4xx.o
#        E:\Robocon_Value\Chassis_TR\EWARM\Chassis\Obj\touchdown.o
#        E:\Robocon_Value\Chassis_TR\EWARM\Chassis\Obj\usart.o
#        E:\Robocon_Value\Chassis_TR\EWARM\Chassis\Obj\utils.o
#        E:\Robocon_Value\Chassis_TR\EWARM\Chassis\Obj\vec.o
#        E:\Robocon_Value\Chassis_TR\EWARM\Chassis\Obj\vega.o
#        E:\Robocon_Value\Chassis_TR\EWARM\Chassis\Obj\vesc_can.o --redirect
#        _Printf=_PrintfFull --redirect _Scanf=_ScanfFull --no_out_extension -o
#        E:\Robocon_Value\Chassis_TR\EWARM\Chassis\Exe\Chassis.out --map
#        E:\Robocon_Value\Chassis_TR\EWARM\Chassis\List\Chassis.map --config
#        E:\Robocon_Value\Chassis_TR\EWARM/stm32f407xx_flash.icf --semihosting
#        --entry __iar_program_start --vfe --text_out locale)
#
###############################################################################

*******************************************************************************
*** RUNTIME MODEL ATTRIBUTES
***

CppFlavor       = *
__Heap_Handler  = DLMalloc
__SystemLibrary = DLib
__dlib_version  = 6


*******************************************************************************
*** HEAP SELECTION
***

The advanced heap was selected because the application calls memory
allocation functions outside of system library functions, and there
are calls to deallocation functions in the application.


*******************************************************************************
*** PLACEMENT SUMMARY
***

"A0":  place at 0x800'0000 { ro section .intvec };
"P1":  place in [from 0x800'0000 to 0x80f'ffff] { ro };
define block CSTACK with size = 4608, alignment = 8 { };
define block HEAP with size = 4K, alignment = 8 { };
"P2":  place in [from 0x2000'0000 to 0x2001'ffff] {
          rw, block CSTACK, block HEAP };
initialize by copy { rw };

  Section            Kind         Address    Size  Object
  -------            ----         -------    ----  ------
"A0":                                       0x188
  .intvec            ro code   0x800'0000   0x188  startup_stm32f407xx.o [1]
                             - 0x800'0188   0x188

"P1":                                      0xb178
  .text              ro code   0x800'0188   0xf80  dlmalloc.o [2]
  .text              ro code   0x800'1108     0x6  abort.o [2]
  .text              ro code   0x800'110e    0x7a  lz77_init_single.o [4]
  .text              ro code   0x800'1188    0x2c  xgetmemchunk.o [2]
  .text              ro code   0x800'11b4    0x14  exit.o [5]
  .text              ro code   0x800'11c8   0xf7a  xprintffull.o [2]
  .text              ro code   0x800'2142    0x3a  zero_init3.o [4]
  .text              ro code   0x800'217c    0xb4  xlocale_c.o [2]
  .text              ro code   0x800'2230    0x16  strchr.o [4]
  .text              ro code   0x800'2246    0x1e  xencoding_8859_1.o [2]
  .text              ro code   0x800'2264    0x40  xfail_s.o [2]
  .text              ro code   0x800'22a4    0x36  strlen.o [4]
  .text              ro code   0x800'22da    0x1a  xsnprout.o [2]
  .text              ro code   0x800'22f4    0x58  memchr.o [4]
  .text              ro code   0x800'234c     0xa  xmbcurmax.o [2]
  .text              ro code   0x800'2358    0xa6  ABImemcpy.o [4]
  .text              ro code   0x800'2400   0x230  I64DivMod.o [4]
  .text              ro code   0x800'2630   0x1a2  DblMul.o [3]
  .text              ro code   0x800'27d4    0x70  frexp.o [3]
  .text              ro code   0x800'2844    0x2e  DblCmpLe.o [3]
  .text              ro code   0x800'2874    0x2e  DblCmpGe.o [3]
  .text              ro code   0x800'28a4   0x13a  ldexp.o [3]
  .text              ro code   0x800'29e0    0x3a  DblToS32.o [3]
  .text              ro code   0x800'2a1c    0x22  S32ToDbl.o [3]
  .text              ro code   0x800'2a40    0xe2  DblSub.o [3]
  .text              ro code   0x800'2b24   0x246  DblDiv.o [3]
  .text              ro code   0x800'2d6c    0x28  DblToU32.o [3]
  .text              ro code   0x800'2d94    0x1a  U32ToDbl.o [3]
  .text              ro code   0x800'2db0     0x2  I64DivZer.o [4]
  .text              ro code   0x800'2db4   0x17a  DblAdd.o [3]
  .text              ro code   0x800'2f30   0xa38  stm32f4xx_hal_uart.o [1]
  .text              ro code   0x800'3968   0x67c  usart.o [1]
  .text              ro code   0x800'3fe4     0xc  stm32f4xx_hal.o [1]
  .text              ro code   0x800'3ff0   0x550  stm32f4xx_hal_dma.o [1]
  .text              ro code   0x800'4540     0x2  stm32f4xx_hal_uart.o [1]
  .text              ro code   0x800'4542     0x2  stm32f4xx_hal_uart.o [1]
  .text              ro code   0x800'4544     0x2  stm32f4xx_hal_uart.o [1]
  .text              ro code   0x800'4546     0x2  stm32f4xx_hal_uart.o [1]
  .text              ro code   0x800'4548     0x2  stm32f4xx_hal_uart.o [1]
  .text              ro code   0x800'454c   0x224  stm32f4xx_hal_rcc.o [1]
  .text              ro code   0x800'4770   0x272  main.o [1]
  .text              ro code   0x800'49e4     0x6  ABImemclr4.o [4]
  .text              ro code   0x800'49ec   0x29c  stm32f4xx_hal_gpio.o [1]
  .text              ro code   0x800'4c88   0x158  stm32f4xx_hal_cortex.o [1]
  .text              ro code   0x800'4de0    0x4c  stm32f4xx_hal.o [1]
  .text              ro code   0x800'4e2c    0x34  stm32f4xx_hal.o [1]
  .text              ro code   0x800'4e60   0x168  gpio.o [1]
  .text              ro code   0x800'4fc8    0xc8  dma.o [1]
  .text              ro code   0x800'5090   0x160  adc.o [1]
  .text              ro code   0x800'51f0    0xd4  can.o [1]
  .text              ro code   0x800'52c4    0x5c  simplelib.o [1]
  .text              ro code   0x800'5320    0x30  configure.o [1]
  .text              ro code   0x800'5350   0x3d8  chassis.o [1]
  .text              ro code   0x800'5728    0xa8  motor_driver.o [1]
  .text              ro code   0x800'57d0   0x2a8  laser.o [1]
  .text              ro code   0x800'5a78   0x1c4  lcd.o [1]
  .text              ro code   0x800'5c3c    0xe0  sensor_gpio.o [1]
  .text              ro code   0x800'5d1c   0x2ac  kickball.o [1]
  .text              ro code   0x800'5fc8   0x144  touchdown.o [1]
  .text              ro code   0x800'610c   0x380  stm32f4xx_hal_rcc.o [1]
  .text              ro code   0x800'648c   0x444  cmd.o [1]
  .text              ro code   0x800'68d0    0x32  ABImemset48.o [4]
  .text              ro code   0x800'6904    0x40  stm32f4xx_hal_msp.o [1]
  .text              ro code   0x800'6944   0x56e  stm32f4xx_hal_adc.o [1]
  .text              ro code   0x800'6eb4   0x7dc  stm32f4xx_hal_can.o [1]
  .text              ro code   0x800'7690   0x9dc  cmd_func.o [1]
  .text              ro code   0x800'806c   0x24a  can_utils.o [1]
  .text              ro code   0x800'82b8    0x3c  can_func.o [1]
  .text              ro code   0x800'82f4    0x48  FltToDbl.o [3]
  .text              ro code   0x800'833c    0x2a  math_wrappers64.o [3]
  .text              ro code   0x800'8368    0x68  DblToFlt.o [3]
  .text              ro code   0x800'83d0   0x124  utils.o [1]
  .text              ro code   0x800'84f4    0x46  vec.o [1]
  .text              ro code   0x800'853c   0x260  chassis_handle.o [1]
  .text              ro code   0x800'879c   0x134  vesc_can.o [1]
  .text              ro code   0x800'88d0    0x6a  robomaster.o [1]
  .text              ro code   0x800'893a    0x5a  karman.o [1]
  .text              ro code   0x800'8994    0x4c  strcpy.o [4]
  .text              ro code   0x800'89e0   0x224  hash.o [1]
  .text              ro code   0x800'8c04    0x66  ABImemset.o [4]
  .text              ro code   0x800'8c6c    0x4c  strtok.o [2]
  .text              ro code   0x800'8cb8    0x3c  vsnprint.o [2]
  .text              ro code   0x800'8cf4    0x4a  strcmp.o [4]
  .text              ro code   0x800'8d3e     0x2  stm32f4xx_hal_adc.o [1]
  .text              ro code   0x800'8d40     0x2  stm32f4xx_hal_adc.o [1]
  .text              ro code   0x800'8d42     0x2  stm32f4xx_hal_adc.o [1]
  .text              ro code   0x800'8d44     0x2  stm32f4xx_hal_can.o [1]
  .text              ro code   0x800'8d46     0x2  stm32f4xx_hal_can.o [1]
  .text              ro code   0x800'8d48     0x2  stm32f4xx_hal_can.o [1]
  .text              ro code   0x800'8d4a     0x2  stm32f4xx_hal_can.o [1]
  .text              ro code   0x800'8d4c     0x2  stm32f4xx_hal_can.o [1]
  .text              ro code   0x800'8d4e     0x2  stm32f4xx_hal_can.o [1]
  .text              ro code   0x800'8d50     0x2  stm32f4xx_hal_can.o [1]
  .text              ro code   0x800'8d52     0x2  stm32f4xx_hal_can.o [1]
  .text              ro code   0x800'8d54     0x2  stm32f4xx_hal_can.o [1]
  .text              ro code   0x800'8d56     0x2  stm32f4xx_hal_can.o [1]
  .text              ro code   0x800'8d58     0x2  stm32f4xx_hal_can.o [1]
  .text              ro code   0x800'8d5c   0x150  vega.o [1]
  .text              ro code   0x800'8eac    0x9c  point_parser.o [1]
  .text              ro code   0x800'8f48   0x174  iar_Stoulx.o [2]
  .text              ro code   0x800'90bc    0x20  DblCmpEq.o [3]
  .rodata            const     0x800'90dc    0x2c  cmd_func.o [1]
  .text              ro code   0x800'9108   0x580  strto64.o [3]
  .text              ro code   0x800'9688   0x140  atan2_64.o [3]
  .text              ro code   0x800'97c8   0x448  cos_sin64.o [3]
  .text              ro code   0x800'9c10   0x102  sqrt.o [3]
  .text              ro code   0x800'9d14    0x24  ABIassert.o [5]
  .text              ro code   0x800'9d38    0x22  strspn.o [2]
  .text              ro code   0x800'9d5a    0x22  strcspn.o [2]
  .text              ro code   0x800'9d7c    0x14  isspace.o [2]
  .text              ro code   0x800'9d90    0x14  tolower.o [2]
  .text              ro code   0x800'9da4   0x122  iar_Stopfx.o [2]
  .text              ro code   0x800'9ec8   0x1c4  iar_Stoflt.o [2]
  .text              ro code   0x800'a08c   0x21c  iar_Stoxflt.o [2]
  .text              ro code   0x800'a2a8   0x208  iar_Atan64.o [3]
  .text              ro code   0x800'a4b0    0x14  isalpha.o [2]
  .text              ro code   0x800'a4c4   0x124  stm32f4xx_it.o [1]
  .text              ro code   0x800'a5e8    0x18  stm32f4xx_hal.o [1]
  .text              ro code   0x800'a600    0x60  system_stm32f4xx.o [1]
  .rodata            const     0x800'a660    0x30  hash.o [1]
  .rodata            const     0x800'a690    0x28  cmd_func.o [1]
  .rodata            const     0x800'a6b8    0x28  vega.o [1]
  .text              ro code   0x800'a6e0    0x28  data_init.o [4]
  .rodata            const     0x800'a708    0x24  cmd_func.o [1]
  .rodata            const     0x800'a72c    0x24  cmd_func.o [1]
  .rodata            const     0x800'a750    0x24  cmd_func.o [1]
  .rodata            const     0x800'a774    0x24  cmd_func.o [1]
  .rodata            const     0x800'a798    0x24  cmd_func.o [1]
  .rodata            const     0x800'a7bc    0x24  cmd_func.o [1]
  .text              ro code   0x800'a7e0    0x22  fpinit_M.o [3]
  .iar.init_table    const     0x800'a804    0x20  - Linker created -
  .rodata            const     0x800'a824    0x20  can_utils.o [1]
  .rodata            const     0x800'a844    0x20  cmd_func.o [1]
  .rodata            const     0x800'a864    0x20  cmd_func.o [1]
  .rodata            const     0x800'a884    0x20  cmd_func.o [1]
  .rodata            const     0x800'a8a4    0x20  cmd_func.o [1]
  .rodata            const     0x800'a8c4    0x20  cmd_func.o [1]
  .rodata            const     0x800'a8e4    0x20  cmd_func.o [1]
  .rodata            const     0x800'a904    0x20  cmd_func.o [1]
  .rodata            const     0x800'a924    0x20  hash.o [1]
  .rodata            const     0x800'a944    0x20  kickball.o [1]
  .rodata            const     0x800'a964    0x20  sensor_gpio.o [1]
  .rodata            const     0x800'a984    0x20  sensor_gpio.o [1]
  .rodata            const     0x800'a9a4    0x20  sensor_gpio.o [1]
  .rodata            const     0x800'a9c4    0x20  vega.o [1]
  .rodata            const     0x800'a9e4    0x20  vega.o [1]
  .text              ro code   0x800'aa04    0x1e  cmain.o [4]
  .text              ro code   0x800'aa22     0x4  low_level_init.o [2]
  .text              ro code   0x800'aa26     0x4  exit.o [2]
  .text              ro code   0x800'aa2c     0xa  cexit.o [4]
  .rodata            const     0x800'aa38    0x1c  cmd_func.o [1]
  .rodata            const     0x800'aa54    0x1c  cmd_func.o [1]
  .rodata            const     0x800'aa70    0x1c  cmd_func.o [1]
  .rodata            const     0x800'aa8c    0x1c  cmd_func.o [1]
  .rodata            const     0x800'aaa8    0x1c  cmd_func.o [1]
  .rodata            const     0x800'aac4    0x1c  cmd_func.o [1]
  .rodata            const     0x800'aae0    0x1c  cmd_func.o [1]
  .rodata            const     0x800'aafc    0x1c  cmd_func.o [1]
  .rodata            const     0x800'ab18    0x1c  cmd_func.o [1]
  .rodata            const     0x800'ab34    0x1c  cmd_func.o [1]
  .rodata            const     0x800'ab50    0x1c  cmd_func.o [1]
  .rodata            const     0x800'ab6c    0x1c  lcd.o [1]
  .rodata            const     0x800'ab88    0x1c  sensor_gpio.o [1]
  .rodata            const     0x800'aba4    0x1c  vega.o [1]
  .rodata            const     0x800'abc0    0x18  chassis_handle.o [1]
  .rodata            const     0x800'abd8    0x18  chassis_handle.o [1]
  .rodata            const     0x800'abf0    0x18  chassis_handle.o [1]
  .rodata            const     0x800'ac08    0x18  cmd_func.o [1]
  .rodata            const     0x800'ac20    0x18  cmd_func.o [1]
  .rodata            const     0x800'ac38    0x18  cmd_func.o [1]
  .rodata            const     0x800'ac50    0x18  cmd_func.o [1]
  .rodata            const     0x800'ac68    0x18  cmd_func.o [1]
  .rodata            const     0x800'ac80    0x18  cmd_func.o [1]
  .rodata            const     0x800'ac98    0x18  cmd_func.o [1]
  .rodata            const     0x800'acb0    0x18  cmd_func.o [1]
  .rodata            const     0x800'acc8    0x18  cmd_func.o [1]
  .rodata            const     0x800'ace0    0x18  cmd_func.o [1]
  .rodata            const     0x800'acf8    0x18  cmd_func.o [1]
  .rodata            const     0x800'ad10    0x18  laser.o [1]
  .rodata            const     0x800'ad28    0x18  simplelib.o [1]
  .rodata            const     0x800'ad40    0x18  vega.o [1]
  .rodata            const     0x800'ad58    0x14  cmd_func.o [1]
  .rodata            const     0x800'ad6c    0x14  cmd_func.o [1]
  .rodata            const     0x800'ad80    0x14  cmd_func.o [1]
  .rodata            const     0x800'ad94    0x14  cmd_func.o [1]
  .rodata            const     0x800'ada8    0x14  cmd_func.o [1]
  .rodata            const     0x800'adbc    0x14  cmd_func.o [1]
  .rodata            const     0x800'add0    0x14  cmd_func.o [1]
  .rodata            const     0x800'ade4    0x14  cmd_func.o [1]
  .rodata            const     0x800'adf8    0x14  cmd_func.o [1]
  .rodata            const     0x800'ae0c    0x14  cmd_func.o [1]
  .rodata            const     0x800'ae20    0x14  main.o [1]
  .rodata            const     0x800'ae34    0x10  chassis_handle.o [1]
  .rodata            const     0x800'ae44    0x10  cmd.o [1]
  .rodata            const     0x800'ae54    0x10  cmd.o [1]
  .rodata            const     0x800'ae64    0x10  cmd_func.o [1]
  .rodata            const     0x800'ae74    0x10  cmd_func.o [1]
  .rodata            const     0x800'ae84    0x10  cmd_func.o [1]
  .rodata            const     0x800'ae94    0x10  cmd_func.o [1]
  .rodata            const     0x800'aea4    0x10  cmd_func.o [1]
  .rodata            const     0x800'aeb4    0x10  cmd_func.o [1]
  .rodata            const     0x800'aec4    0x10  cmd_func.o [1]
  .rodata            const     0x800'aed4    0x10  cmd_func.o [1]
  .rodata            const     0x800'aee4    0x10  cmd_func.o [1]
  .rodata            const     0x800'aef4    0x10  cmd_func.o [1]
  .rodata            const     0x800'af04    0x10  cmd_func.o [1]
  .rodata            const     0x800'af14    0x10  cmd_func.o [1]
  .rodata            const     0x800'af24    0x10  cmd_func.o [1]
  .rodata            const     0x800'af34    0x10  cmd_func.o [1]
  .rodata            const     0x800'af44    0x10  cmd_func.o [1]
  .rodata            const     0x800'af54    0x10  cmd_func.o [1]
  .rodata            const     0x800'af64    0x10  cmd_func.o [1]
  .rodata            const     0x800'af74    0x10  laser.o [1]
  .rodata            const     0x800'af84    0x10  laser.o [1]
  .rodata            const     0x800'af94    0x10  laser.o [1]
  .rodata            const     0x800'afa4    0x10  laser.o [1]
  .rodata            const     0x800'afb4    0x10  laser.o [1]
  .rodata            const     0x800'afc4    0x10  system_stm32f4xx.o [1]
  .text              ro code   0x800'afd4    0x10  startup_stm32f407xx.o [1]
  .rodata            const     0x800'afe4     0xc  can_func.o [1]
  .rodata            const     0x800'aff0     0xc  cmd.o [1]
  .rodata            const     0x800'affc     0xc  cmd_func.o [1]
  .rodata            const     0x800'b008     0xc  cmd_func.o [1]
  .rodata            const     0x800'b014     0xc  cmd_func.o [1]
  .rodata            const     0x800'b020     0xc  cmd_func.o [1]
  .rodata            const     0x800'b02c     0xc  hash.o [1]
  .rodata            const     0x800'b038     0xc  point_parser.o [1]
  .text              ro code   0x800'b044     0xc  cstartup_M.o [4]
  .rodata            const     0x800'b050     0x8  cmd.o [1]
  .rodata            const     0x800'b058     0x8  cmd.o [1]
  .rodata            const     0x800'b060     0x8  cmd.o [1]
  .rodata            const     0x800'b068     0x8  cmd_func.o [1]
  .rodata            const     0x800'b070     0x8  cmd_func.o [1]
  .rodata            const     0x800'b078     0x8  cmd_func.o [1]
  .rodata            const     0x800'b080     0x8  hash.o [1]
  .rodata            const     0x800'b088     0x8  lcd.o [1]
  .rodata            const     0x800'b090     0x8  lcd.o [1]
  .rodata            const     0x800'b098     0x8  lcd.o [1]
  .rodata            const     0x800'b0a0     0x8  stm32f4xx_hal_dma.o [1]
  .rodata            const     0x800'b0a8     0x8  system_stm32f4xx.o [1]
  .rodata            const     0x800'b0b0     0x8  vega.o [1]
  .rodata            const     0x800'b0b8     0x8  vega.o [1]
  .rodata            const     0x800'b0c0     0x6  xlocale_c.o [2]
  .text              ro code   0x800'b0c6     0x4  startup_stm32f407xx.o [1]
  .text              ro code   0x800'b0ca     0x4  startup_stm32f407xx.o [1]
  .text              ro code   0x800'b0ce     0x4  startup_stm32f407xx.o [1]
  .text              ro code   0x800'b0d2     0x4  startup_stm32f407xx.o [1]
  .text              ro code   0x800'b0d6     0x4  startup_stm32f407xx.o [1]
  .text              ro code   0x800'b0da     0x4  startup_stm32f407xx.o [1]
  .text              ro code   0x800'b0de     0x4  startup_stm32f407xx.o [1]
  .text              ro code   0x800'b0e2     0x4  startup_stm32f407xx.o [1]
  .text              ro code   0x800'b0e6     0x4  startup_stm32f407xx.o [1]
  .text              ro code   0x800'b0ea     0x4  startup_stm32f407xx.o [1]
  .text              ro code   0x800'b0ee     0x4  startup_stm32f407xx.o [1]
  .text              ro code   0x800'b0f2     0x4  startup_stm32f407xx.o [1]
  .text              ro code   0x800'b0f6     0x4  startup_stm32f407xx.o [1]
  .text              ro code   0x800'b0fa     0x4  startup_stm32f407xx.o [1]
  .text              ro code   0x800'b0fe     0x4  startup_stm32f407xx.o [1]
  .text              ro code   0x800'b102     0x4  startup_stm32f407xx.o [1]
  .text              ro code   0x800'b106     0x4  startup_stm32f407xx.o [1]
  .text              ro code   0x800'b10a     0x4  startup_stm32f407xx.o [1]
  .text              ro code   0x800'b10e     0x4  startup_stm32f407xx.o [1]
  .text              ro code   0x800'b112     0x4  startup_stm32f407xx.o [1]
  .text              ro code   0x800'b116     0x4  startup_stm32f407xx.o [1]
  .text              ro code   0x800'b11a     0x4  startup_stm32f407xx.o [1]
  .text              ro code   0x800'b11e     0x4  startup_stm32f407xx.o [1]
  .text              ro code   0x800'b122     0x4  startup_stm32f407xx.o [1]
  .text              ro code   0x800'b126     0x4  startup_stm32f407xx.o [1]
  .text              ro code   0x800'b12a     0x4  startup_stm32f407xx.o [1]
  .text              ro code   0x800'b12e     0x4  startup_stm32f407xx.o [1]
  .text              ro code   0x800'b132     0x4  startup_stm32f407xx.o [1]
  .text              ro code   0x800'b136     0x4  startup_stm32f407xx.o [1]
  .text              ro code   0x800'b13a     0x4  startup_stm32f407xx.o [1]
  .text              ro code   0x800'b13e     0x4  startup_stm32f407xx.o [1]
  .text              ro code   0x800'b142     0x4  startup_stm32f407xx.o [1]
  .text              ro code   0x800'b146     0x4  startup_stm32f407xx.o [1]
  .text              ro code   0x800'b14a     0x4  startup_stm32f407xx.o [1]
  .text              ro code   0x800'b14e     0x4  startup_stm32f407xx.o [1]
  .text              ro code   0x800'b152     0x4  startup_stm32f407xx.o [1]
  .text              ro code   0x800'b156     0x4  startup_stm32f407xx.o [1]
  .text              ro code   0x800'b15a     0x4  startup_stm32f407xx.o [1]
  .text              ro code   0x800'b15e     0x4  startup_stm32f407xx.o [1]
  .text              ro code   0x800'b162     0x4  startup_stm32f407xx.o [1]
  .text              ro code   0x800'b166     0x4  startup_stm32f407xx.o [1]
  .text              ro code   0x800'b16a     0x4  startup_stm32f407xx.o [1]
  .text              ro code   0x800'b16e     0x4  startup_stm32f407xx.o [1]
  .text              ro code   0x800'b172     0x4  startup_stm32f407xx.o [1]
  .text              ro code   0x800'b176     0x4  startup_stm32f407xx.o [1]
  .text              ro code   0x800'b17a     0x4  startup_stm32f407xx.o [1]
  .text              ro code   0x800'b17e     0x4  startup_stm32f407xx.o [1]
  .text              ro code   0x800'b182     0x4  startup_stm32f407xx.o [1]
  .text              ro code   0x800'b186     0x4  startup_stm32f407xx.o [1]
  .text              ro code   0x800'b18a     0x4  startup_stm32f407xx.o [1]
  .text              ro code   0x800'b18e     0x4  startup_stm32f407xx.o [1]
  .text              ro code   0x800'b192     0x4  startup_stm32f407xx.o [1]
  .text              ro code   0x800'b196     0x4  startup_stm32f407xx.o [1]
  .text              ro code   0x800'b19a     0x4  startup_stm32f407xx.o [1]
  .text              ro code   0x800'b19e     0x4  startup_stm32f407xx.o [1]
  .text              ro code   0x800'b1a2     0x4  startup_stm32f407xx.o [1]
  .text              ro code   0x800'b1a6     0x4  startup_stm32f407xx.o [1]
  .text              ro code   0x800'b1aa     0x4  startup_stm32f407xx.o [1]
  .text              ro code   0x800'b1ae     0x4  startup_stm32f407xx.o [1]
  .text              ro code   0x800'b1b2     0x4  startup_stm32f407xx.o [1]
  .text              ro code   0x800'b1b6     0x4  startup_stm32f407xx.o [1]
  .text              ro code   0x800'b1ba     0x4  startup_stm32f407xx.o [1]
  .text              ro code   0x800'b1be     0x4  startup_stm32f407xx.o [1]
  .text              ro code   0x800'b1c2     0x4  startup_stm32f407xx.o [1]
  .text              ro code   0x800'b1c6     0x4  startup_stm32f407xx.o [1]
  .text              ro code   0x800'b1ca     0x4  startup_stm32f407xx.o [1]
  .text              ro code   0x800'b1ce     0x4  startup_stm32f407xx.o [1]
  .rodata            const     0x800'b1d2     0x0  zero_init3.o [4]
  .rodata            const     0x800'b1d2     0x0  lz77_init_single.o [4]
  Initializer bytes  const     0x800'b1d2   0x12e  <for P2-1>
                             - 0x800'b300  0xb178

"P2", part 1 of 3:                          0x2e1
  P2-1                        0x2000'0000   0x2e1  <Init block>
    .data            inited   0x2000'0000     0xc  can_utils.o [1]
    .data            inited   0x2000'000c    0x20  chassis.o [1]
    .data            inited   0x2000'002c     0x4  cmd.o [1]
    .data            inited   0x2000'0030    0x18  karman.o [1]
    .data            inited   0x2000'0048    0x18  karman.o [1]
    .data            inited   0x2000'0060    0x18  karman.o [1]
    .data            inited   0x2000'0078    0x18  karman.o [1]
    .data            inited   0x2000'0090    0x18  karman.o [1]
    .data            inited   0x2000'00a8    0x18  karman.o [1]
    .data            inited   0x2000'00c0     0x4  kickball.o [1]
    .data            inited   0x2000'00c4     0x4  kickball.o [1]
    .data            inited   0x2000'00c8     0x4  kickball.o [1]
    .data            inited   0x2000'00cc     0x4  kickball.o [1]
    .data            inited   0x2000'00d0     0x4  kickball.o [1]
    .data            inited   0x2000'00d4    0x14  kickball.o [1]
    .data            inited   0x2000'00e8     0x4  kickball.o [1]
    .data            inited   0x2000'00ec   0x150  point_parser.o [1]
    .data            inited   0x2000'023c     0x4  sensor_gpio.o [1]
    .data            inited   0x2000'0240     0x4  stm32f4xx_hal.o [1]
    .data            inited   0x2000'0244     0x4  system_stm32f4xx.o [1]
    .data            inited   0x2000'0248     0x4  touchdown.o [1]
    .data            inited   0x2000'024c     0x4  touchdown.o [1]
    .data            inited   0x2000'0250     0x4  touchdown.o [1]
    .data            inited   0x2000'0254     0xc  vega.o [1]
    .data            inited   0x2000'0260    0x38  xlocale_c.o [2]
    .data            inited   0x2000'0298    0x48  xlocale_c.o [2]
    .data            inited   0x2000'02e0     0x1  stm32f4xx_hal.o [1]
                            - 0x2000'02e1   0x2e1

"P2", part 2 of 3:                         0xca60
  .bss               zero     0x2000'02e4   0xfa0  point.o [1]
  .bss               zero     0x2000'1284   0xfa0  point.o [1]
  .bss               zero     0x2000'2224   0xfa0  point.o [1]
  .bss               zero     0x2000'31c4   0xfa0  point.o [1]
  .bss               zero     0x2000'4164   0xfa0  point.o [1]
  .bss               zero     0x2000'5104   0xfa0  point.o [1]
  .bss               zero     0x2000'60a4   0xfa0  point.o [1]
  .bss               zero     0x2000'7044   0xfa0  point.o [1]
  .bss               zero     0x2000'7fe4   0xfa0  point.o [1]
  .bss               zero     0x2000'8f84   0xfa0  point.o [1]
  .bss               zero     0x2000'9f24   0xfa0  point.o [1]
  .bss               zero     0x2000'aec4   0xfa0  point.o [1]
  .bss               zero     0x2000'be64   0x1d8  dlmalloc.o [2]
  .bss               zero     0x2000'c03c   0x190  lcd.o [1]
  .bss               zero     0x2000'c1cc    0x78  laser.o [1]
  .bss               zero     0x2000'c244    0x68  cmd.o [1]
  .bss               zero     0x2000'c2ac    0x64  cmd.o [1]
  .bss               zero     0x2000'c310    0x64  cmd.o [1]
  .bss               zero     0x2000'c374    0x64  cmd.o [1]
  .bss               zero     0x2000'c3d8    0x64  cmd.o [1]
  .bss               zero     0x2000'c43c    0x60  adc.o [1]
  .bss               zero     0x2000'c49c    0x60  usart.o [1]
  .bss               zero     0x2000'c4fc    0x60  usart.o [1]
  .bss               zero     0x2000'c55c    0x60  usart.o [1]
  .bss               zero     0x2000'c5bc    0x60  usart.o [1]
  .bss               zero     0x2000'c61c    0x60  usart.o [1]
  .bss               zero     0x2000'c67c    0x60  usart.o [1]
  .bss               zero     0x2000'c6dc    0x60  usart.o [1]
  .bss               zero     0x2000'c73c    0x60  usart.o [1]
  .bss               zero     0x2000'c79c    0x58  chassis.o [1]
  .bss               zero     0x2000'c7f4    0x48  adc.o [1]
  .bss               zero     0x2000'c83c    0x48  laser.o [1]
  .bss               zero     0x2000'c884    0x48  laser.o [1]
  .bss               zero     0x2000'c8cc    0x48  laser.o [1]
  .bss               zero     0x2000'c914    0x40  chassis_handle.o [1]
  .bss               zero     0x2000'c954    0x40  cmd.o [1]
  .bss               zero     0x2000'c994    0x40  usart.o [1]
  .bss               zero     0x2000'c9d4    0x40  usart.o [1]
  .bss               zero     0x2000'ca14    0x40  usart.o [1]
  .bss               zero     0x2000'ca54    0x40  usart.o [1]
  .bss               zero     0x2000'ca94    0x40  usart.o [1]
  .bss               zero     0x2000'cad4    0x40  usart.o [1]
  .bss               zero     0x2000'cb14    0x30  cmd.o [1]
  .bss               zero     0x2000'cb44    0x28  can.o [1]
  .bss               zero     0x2000'cb6c    0x28  can_utils.o [1]
  .bss               zero     0x2000'cb94    0x28  main.o [1]
  .bss               zero     0x2000'cbbc    0x24  main.o [1]
  .bss               zero     0x2000'cbe0    0x20  chassis.o [1]
  .bss               zero     0x2000'cc00    0x1c  can_utils.o [1]
  .bss               zero     0x2000'cc1c    0x18  can_utils.o [1]
  .bss               zero     0x2000'cc34    0x18  cmd.o [1]
  .bss               zero     0x2000'cc4c    0x18  motor_driver.o [1]
  .bss               zero     0x2000'cc64    0x18  dlmalloc.o [2]
  .bss               zero     0x2000'cc7c    0x10  configure.o [1]
  .bss               zero     0x2000'cc8c    0x10  configure.o [1]
  .bss               zero     0x2000'cca0     0x8  can_utils.o [1]
  .bss               zero     0x2000'cca8     0x8  can_utils.o [1]
  .bss               zero     0x2000'ccb0     0x8  main.o [1]
  .bss               zero     0x2000'ccb8     0x8  touchdown.o [1]
  .bss               zero     0x2000'ccc0     0x4  can_utils.o [1]
  .bss               zero     0x2000'ccc4     0x4  can_utils.o [1]
  .bss               zero     0x2000'ccc8     0x4  can_utils.o [1]
  .bss               zero     0x2000'cccc     0x4  can_utils.o [1]
  .bss               zero     0x2000'ccd0     0x4  cmd.o [1]
  .bss               zero     0x2000'ccd4     0x4  cmd.o [1]
  .bss               zero     0x2000'ccd8     0x4  cmd.o [1]
  .bss               zero     0x2000'ccdc     0x4  flags.o [1]
  .bss               zero     0x2000'cce0     0x4  flags.o [1]
  .bss               zero     0x2000'cce4     0x4  kickball.o [1]
  .bss               zero     0x2000'cce8     0x4  kickball.o [1]
  .bss               zero     0x2000'ccec     0x4  kickball.o [1]
  .bss               zero     0x2000'ccf0     0x4  kickball.o [1]
  .bss               zero     0x2000'ccf4     0x4  kickball.o [1]
  .bss               zero     0x2000'ccf8     0x4  kickball.o [1]
  .bss               zero     0x2000'ccfc     0x4  lcd.o [1]
  .bss               zero     0x2000'cd00     0x4  lcd.o [1]
  .bss               zero     0x2000'cd04     0x4  main.o [1]
  .bss               zero     0x2000'cd08     0x4  main.o [1]
  .bss               zero     0x2000'cd0c     0x4  motor_driver.o [1]
  .bss               zero     0x2000'cd10     0x4  motor_driver.o [1]
  .bss               zero     0x2000'cd14     0x4  sensor_gpio.o [1]
  .bss               zero     0x2000'cd18     0x4  sensor_gpio.o [1]
  .bss               zero     0x2000'cd1c     0x4  sensor_gpio.o [1]
  .bss               zero     0x2000'cd20     0x4  stm32f4xx_hal.o [1]
  .bss               zero     0x2000'cd24     0x4  touchdown.o [1]
  .bss               zero     0x2000'cd28     0x4  touchdown.o [1]
  .bss               zero     0x2000'cd2c     0x4  touchdown.o [1]
  .bss               zero     0x2000'cd30     0x4  touchdown.o [1]
  .bss               zero     0x2000'cd34     0x4  strtok.o [2]
  .bss               zero     0x2000'cd38     0x4  xfail_s.o [2]
  .bss               zero     0x2000'cd3c     0x4  xgetmemchunk.o [2]
  .bss               zero     0x2000'cd40     0x1  kickball.o [1]
  .bss               zero     0x2000'cd41     0x1  touchdown.o [1]
                            - 0x2000'cd42  0xca5e

"P2", part 3 of 3:                         0x2200
  CSTACK                      0x2000'cd48  0x1200  <Block>
    CSTACK           uninit   0x2000'cd48  0x1200  <Block tail>
  HEAP                        0x2000'df48  0x1000  <Block>
    HEAP             uninit   0x2000'df48  0x1000  <Block tail>
                            - 0x2000'ef48  0x2200

Unused ranges:

         From           To      Size
         ----           --      ----
   0x800'b300   0x80f'ffff  0xf'4d00
  0x2000'02e1  0x2000'02e3       0x3
  0x2000'cd44  0x2000'cd47       0x4
  0x2000'ef48  0x2001'ffff  0x1'10b8


*******************************************************************************
*** INIT TABLE
***

          Address      Size
          -------      ----
Zero (__iar_zero_init3)
    1 destination range, total size 0xca5e:
          0x2000'02e4  0xca5e

Copy/lz77 (__iar_lz77_init_single3)
    1 source range, total size 0x12e (40% of destination):
           0x800'b1d2   0x12e
    1 destination range, total size 0x2e1:
          0x2000'0000   0x2e1



*******************************************************************************
*** MODULE SUMMARY
***

    Module                  ro code  ro data  rw data
    ------                  -------  -------  -------
command line/config:
    -------------------------------------------------
    Total:

E:\Robocon_Value\Chassis_TR\EWARM\Chassis\Obj: [1]
    adc.o                       352               168
    can.o                       212                40
    can_func.o                   60       12
    can_utils.o                 586       36      136
    chassis.o                   984       14      152
    chassis_handle.o            608       88       64
    cmd.o                     1 092       69      656
    cmd_func.o                2 524    1 640
    configure.o                  48                32
    dma.o                       200
    flags.o                                         8
    gpio.o                      360
    hash.o                      548      100
    karman.o                     90       59      144
    kickball.o                  684       50       69
    laser.o                     680      104      336
    lcd.o                       452       52      408
    main.o                      626       20       92
    motor_driver.o              168                32
    point.o                                    48 000
    point_parser.o              156      150      336
    robomaster.o                106
    sensor_gpio.o               224      126       16
    simplelib.o                  92       24
    startup_stm32f407xx.o       676
    stm32f4xx_hal.o             164        2        9
    stm32f4xx_hal_adc.o       1 396
    stm32f4xx_hal_can.o       2 034
    stm32f4xx_hal_cortex.o      344
    stm32f4xx_hal_dma.o       1 360        8
    stm32f4xx_hal_gpio.o        668
    stm32f4xx_hal_msp.o          64
    stm32f4xx_hal_rcc.o       1 444
    stm32f4xx_hal_uart.o      2 626
    stm32f4xx_it.o              292
    system_stm32f4xx.o           96       26        4
    touchdown.o                 324        5       37
    usart.o                   1 660             1 152
    utils.o                     292
    vec.o                        70
    vega.o                      336      177       12
    vesc_can.o                  308
    -------------------------------------------------
    Total:                   25 006    2 762   51 903

dl7M_tlf.a: [2]
    abort.o                       6
    dlmalloc.o                3 968               496
    exit.o                        4
    iar_Stoflt.o                452
    iar_Stopfx.o                290
    iar_Stoulx.o                372
    iar_Stoxflt.o               540
    isalpha.o                    20
    isspace.o                    20
    low_level_init.o              4
    strcspn.o                    34
    strspn.o                     34
    strtok.o                     76                 4
    tolower.o                    20
    vsnprint.o                   60
    xencoding_8859_1.o           30
    xfail_s.o                    64                 4
    xgetmemchunk.o               44                 4
    xlocale_c.o                 180       58      128
    xmbcurmax.o                  10
    xprintffull.o             3 962
    xsnprout.o                   26
    -------------------------------------------------
    Total:                   10 216       58      636

m7M_tls.a: [3]
    DblAdd.o                    378
    DblCmpEq.o                   32
    DblCmpGe.o                   46
    DblCmpLe.o                   46
    DblDiv.o                    582
    DblMul.o                    418
    DblSub.o                    226
    DblToFlt.o                  104
    DblToS32.o                   58
    DblToU32.o                   40
    FltToDbl.o                   72
    S32ToDbl.o                   34
    U32ToDbl.o                   26
    atan2_64.o                  320
    cos_sin64.o               1 096
    fpinit_M.o                   34
    frexp.o                     112
    iar_Atan64.o                520
    ldexp.o                     314
    math_wrappers64.o            42
    sqrt.o                      258
    strto64.o                 1 408
    -------------------------------------------------
    Total:                    6 166

rt7M_tl.a: [4]
    ABImemclr4.o                  6
    ABImemcpy.o                 166
    ABImemset.o                 102
    ABImemset48.o                50
    I64DivMod.o                 560
    I64DivZer.o                   2
    cexit.o                      10
    cmain.o                      30
    cstartup_M.o                 12
    data_init.o                  40
    lz77_init_single.o          122
    memchr.o                     88
    strchr.o                     22
    strcmp.o                     74
    strcpy.o                     76
    strlen.o                     54
    zero_init3.o                 58
    -------------------------------------------------
    Total:                    1 472

shb_l.a: [5]
    ABIassert.o                  36
    exit.o                       20
    -------------------------------------------------
    Total:                       56

    Gaps                         52        4        4
    Linker created                        32    8 704
-----------------------------------------------------
    Grand Total:             42 968    2 856   61 247


*******************************************************************************
*** ENTRY LIST
***

Entry                       Address   Size  Type      Object
-----                       -------   ----  ----      ------
.iar.init_table$$Base    0x800'a804          --   Gb  - Linker created -
.iar.init_table$$Limit   0x800'a824          --   Gb  - Linker created -
?main                    0x800'aa05         Code  Gb  cmain.o [4]
ADC_DMAConvCplt          0x800'6e0d   0x7a  Code  Lc  stm32f4xx_hal_adc.o [1]
ADC_DMAError             0x800'6e99   0x1a  Code  Lc  stm32f4xx_hal_adc.o [1]
ADC_DMAHalfConvCplt      0x800'6e89    0xe  Code  Lc  stm32f4xx_hal_adc.o [1]
ADC_Init                 0x800'6c8b  0x15a  Code  Lc  stm32f4xx_hal_adc.o [1]
AHBPrescTable            0x800'afc4   0x10  Data  Gb  system_stm32f4xx.o [1]
APBPrescTable            0x800'b0a8    0x8  Data  Gb  system_stm32f4xx.o [1]
Angle_Limit_PI           0x800'8465   0x54  Code  Gb  utils.o [1]
Angle_Subtract           0x800'84b9   0x20  Code  Gb  utils.o [1]
BusFault_Handler         0x800'a4cb    0x2  Code  Gb  stm32f4xx_it.o [1]
CAN1_RX0_IRQHandler      0x800'a513    0xa  Code  Gb  stm32f4xx_it.o [1]
CAN_config               0x800'818b   0x52  Code  Lc  can_utils.o [1]
CMD_USART               0x2000'c954   0x40  Data  Gb  cmd.o [1]
CSTACK$$Base            0x2000'cd48          --   Gb  - Linker created -
CSTACK$$Limit           0x2000'df48          --   Gb  - Linker created -
CacheMore                0x800'21bd   0x24  Code  Lc  xlocale_c.o [2]
DMA1_Stream0_IRQHandler
                         0x800'a4e1    0xa  Code  Gb  stm32f4xx_it.o [1]
DMA1_Stream1_IRQHandler
                         0x800'a4eb    0xa  Code  Gb  stm32f4xx_it.o [1]
DMA1_Stream3_IRQHandler
                         0x800'a4f5    0xa  Code  Gb  stm32f4xx_it.o [1]
DMA1_Stream5_IRQHandler
                         0x800'a4ff    0xa  Code  Gb  stm32f4xx_it.o [1]
DMA1_Stream6_IRQHandler
                         0x800'a509    0xa  Code  Gb  stm32f4xx_it.o [1]
DMA1_Stream7_IRQHandler
                         0x800'a56b    0xa  Code  Gb  stm32f4xx_it.o [1]
DMA2_Stream0_IRQHandler
                         0x800'a58d    0xa  Code  Gb  stm32f4xx_it.o [1]
DMA2_Stream2_IRQHandler
                         0x800'a597    0xa  Code  Gb  stm32f4xx_it.o [1]
DMA2_Stream7_IRQHandler
                         0x800'a5a1    0xa  Code  Gb  stm32f4xx_it.o [1]
DMAUSART_RX_BUF         0x2000'c310   0x64  Data  Gb  cmd.o [1]
DMAUSART_RX_BUF_vega    0x2000'c374   0x64  Data  Gb  cmd.o [1]
DMA_CalcBaseAndBitshift
                         0x800'4465   0x30  Code  Lc  stm32f4xx_hal_dma.o [1]
DMA_CalcBaseAndBitshift::flagBitshiftOffset
                         0x800'b0a0    0x8  Data  Lc  stm32f4xx_hal_dma.o [1]
DMA_CheckFifoParam       0x800'44a5   0x9c  Code  Lc  stm32f4xx_hal_dma.o [1]
DMA_RxOK_Flag           0x2000'cce0    0x4  Data  Gb  flags.o [1]
DMA_RxOK_Flag_vega      0x2000'ccd8    0x4  Data  Gb  cmd.o [1]
DMA_SetConfig            0x800'4437   0x2e  Code  Lc  stm32f4xx_hal_dma.o [1]
DMAaRxBuffer            0x2000'c2ac   0x64  Data  Gb  cmd.o [1]
DMAaRxBuffer_vega       0x2000'c3d8   0x64  Data  Gb  cmd.o [1]
DebugMon_Handler         0x800'a4d1    0x2  Code  Gb  stm32f4xx_it.o [1]
Dtentox                  0x800'92ad  0x192  Code  Lc  strto64.o [3]
Error_Handler            0x800'49e1    0x2  Code  Gb  main.o [1]
HAL_ADC_ConfigChannel    0x800'6b0f  0x17c  Code  Gb  stm32f4xx_hal_adc.o [1]
HAL_ADC_Init             0x800'6945   0x66  Code  Gb  stm32f4xx_hal_adc.o [1]
HAL_ADC_MspInit          0x800'512f   0xa2  Code  Gb  adc.o [1]
HAL_ADC_Start_DMA        0x800'69ab  0x164  Code  Gb  stm32f4xx_hal_adc.o [1]
HAL_CAN_ActivateNotification
                         0x800'7439   0x34  Code  Gb  stm32f4xx_hal_can.o [1]
HAL_CAN_AddTxMessage     0x800'71a9  0x138  Code  Gb  stm32f4xx_hal_can.o [1]
HAL_CAN_ConfigFilter     0x800'7021  0x128  Code  Gb  stm32f4xx_hal_can.o [1]
HAL_CAN_GetRxMessage     0x800'72e1  0x158  Code  Gb  stm32f4xx_hal_can.o [1]
HAL_CAN_IRQHandler       0x800'746d  0x224  Code  Gb  stm32f4xx_hal_can.o [1]
HAL_CAN_Init             0x800'6eb5  0x16c  Code  Gb  stm32f4xx_hal_can.o [1]
HAL_CAN_MspInit          0x800'5237   0x78  Code  Gb  can.o [1]
HAL_CAN_RxFifo0FullCallback
                         0x800'8189    0x2  Code  Gb  can_utils.o [1]
HAL_CAN_RxFifo0MsgPendingCallback
                         0x800'80e7   0x3a  Code  Gb  can_utils.o [1]
HAL_CAN_Start            0x800'7149   0x5c  Code  Gb  stm32f4xx_hal_can.o [1]
HAL_DMA_Abort            0x800'416b   0x9c  Code  Gb  stm32f4xx_hal_dma.o [1]
HAL_DMA_Abort_IT         0x800'4207   0x28  Code  Gb  stm32f4xx_hal_dma.o [1]
HAL_DMA_IRQHandler       0x800'422f  0x208  Code  Gb  stm32f4xx_hal_dma.o [1]
HAL_DMA_Init             0x800'3ff1   0xe2  Code  Gb  stm32f4xx_hal_dma.o [1]
HAL_DMA_Start_IT         0x800'40d3   0x98  Code  Gb  stm32f4xx_hal_dma.o [1]
HAL_GPIO_Init            0x800'49ed  0x210  Code  Gb  stm32f4xx_hal_gpio.o [1]
HAL_GPIO_ReadPin         0x800'4bfd   0x16  Code  Gb  stm32f4xx_hal_gpio.o [1]
HAL_GPIO_TogglePin       0x800'4c2d   0x22  Code  Gb  stm32f4xx_hal_gpio.o [1]
HAL_GPIO_WritePin        0x800'4c13   0x1a  Code  Gb  stm32f4xx_hal_gpio.o [1]
HAL_GetTick              0x800'3fe5    0xc  Code  Wk  stm32f4xx_hal.o [1]
HAL_IncTick              0x800'a5e9   0x18  Code  Wk  stm32f4xx_hal.o [1]
HAL_Init                 0x800'4e2d   0x30  Code  Gb  stm32f4xx_hal.o [1]
HAL_InitTick             0x800'4de1   0x4c  Code  Wk  stm32f4xx_hal.o [1]
HAL_MspInit              0x800'6905   0x40  Code  Gb  stm32f4xx_hal_msp.o [1]
HAL_NVIC_EnableIRQ       0x800'4da7    0xe  Code  Gb  stm32f4xx_hal_cortex.o [1]
HAL_NVIC_SetPriority     0x800'4d7d   0x2a  Code  Gb  stm32f4xx_hal_cortex.o [1]
HAL_NVIC_SetPriorityGrouping
                         0x800'4d71    0xc  Code  Gb  stm32f4xx_hal_cortex.o [1]
HAL_RCC_ClockConfig      0x800'454d  0x13e  Code  Gb  stm32f4xx_hal_rcc.o [1]
HAL_RCC_GetHCLKFreq      0x800'468b    0x6  Code  Gb  stm32f4xx_hal_rcc.o [1]
HAL_RCC_GetPCLK1Freq     0x800'4691   0x16  Code  Gb  stm32f4xx_hal_rcc.o [1]
HAL_RCC_GetPCLK2Freq     0x800'46a7   0x16  Code  Gb  stm32f4xx_hal_rcc.o [1]
HAL_RCC_OscConfig        0x800'610d  0x380  Code  Wk  stm32f4xx_hal_rcc.o [1]
HAL_SYSTICK_Config       0x800'4db5    0xc  Code  Gb  stm32f4xx_hal_cortex.o [1]
HAL_UART_DMAStop         0x800'31d3   0x72  Code  Gb  stm32f4xx_hal_uart.o [1]
HAL_UART_IDLECallback    0x800'6545   0xf8  Code  Gb  cmd.o [1]
HAL_UART_IRQHandler      0x800'3245  0x14a  Code  Gb  stm32f4xx_hal_uart.o [1]
HAL_UART_Init            0x800'2f31   0x76  Code  Gb  stm32f4xx_hal_uart.o [1]
HAL_UART_MspInit         0x800'3ab9  0x4a0  Code  Gb  usart.o [1]
HAL_UART_Receive_DMA     0x800'311d   0xb6  Code  Gb  stm32f4xx_hal_uart.o [1]
HAL_UART_Transmit        0x800'2fa7   0xe0  Code  Gb  stm32f4xx_hal_uart.o [1]
HAL_UART_Transmit_DMA    0x800'3087   0x96  Code  Gb  stm32f4xx_hal_uart.o [1]
HCAN                    0x2000'cb6c   0x28  Data  Gb  can_utils.o [1]
HEAP$$Base              0x2000'df48          --   Gb  - Linker created -
HEAP$$Limit             0x2000'ef48          --   Gb  - Linker created -
HardFault_Handler        0x800'a4c7    0x2  Code  Gb  stm32f4xx_it.o [1]
HashTable_create         0x800'8a1b   0x5c  Code  Gb  hash.o [1]
HashTable_get            0x800'8b11   0x60  Code  Gb  hash.o [1]
HashTable_insert         0x800'8a77   0x9a  Code  Gb  hash.o [1]
HashTable_map            0x800'8b71   0x74  Code  Gb  hash.o [1]
KalMan                   0x800'893b   0x5a  Code  Gb  karman.o [1]
LoadInt                  0x800'138b   0x7a  Code  Lc  xprintffull.o [2]
MX_ADC1_Init             0x800'5091   0x9e  Code  Gb  adc.o [1]
MX_CAN1_Init             0x800'51f1   0x46  Code  Gb  can.o [1]
MX_DMA_Init              0x800'4fc9   0xc8  Code  Gb  dma.o [1]
MX_GPIO_Init             0x800'4e61  0x168  Code  Gb  gpio.o [1]
MX_UART4_Init            0x800'3969   0x38  Code  Gb  usart.o [1]
MX_UART5_Init            0x800'39a1   0x38  Code  Gb  usart.o [1]
MX_USART1_UART_Init      0x800'39d9   0x38  Code  Gb  usart.o [1]
MX_USART2_UART_Init      0x800'3a11   0x38  Code  Gb  usart.o [1]
MX_USART3_UART_Init      0x800'3a49   0x38  Code  Gb  usart.o [1]
MX_USART6_UART_Init      0x800'3a81   0x38  Code  Gb  usart.o [1]
MemManage_Handler        0x800'a4c9    0x2  Code  Gb  stm32f4xx_it.o [1]
NMI_Handler              0x800'a4c5    0x2  Code  Gb  stm32f4xx_it.o [1]
NVIC_EncodePriority      0x800'4d01   0x40  Code  Lc  stm32f4xx_hal_cortex.o [1]
PID_Release              0x800'83d1   0x94  Code  Gb  utils.o [1]
PendSV_Handler           0x800'a4d3    0x2  Code  Gb  stm32f4xx_it.o [1]
Region$$Table$$Base      0x800'a804          --   Gb  - Linker created -
Region$$Table$$Limit     0x800'a824          --   Gb  - Linker created -
RxHeader                0x2000'cc00   0x1c  Data  Gb  can_utils.o [1]
SVC_Handler              0x800'a4cf    0x2  Code  Gb  stm32f4xx_it.o [1]
SysTick_Config           0x800'4d41   0x30  Code  Lc  stm32f4xx_hal_cortex.o [1]
SysTick_Handler          0x800'a4d5    0xc  Code  Gb  stm32f4xx_it.o [1]
SystemClock_Config       0x800'4839   0xa2  Code  Gb  main.o [1]
SystemCoreClock         0x2000'0244    0x4  Data  Gb  system_stm32f4xx.o [1]
SystemInit               0x800'a601   0x40  Code  Gb  system_stm32f4xx.o [1]
TxHeader                0x2000'cc1c   0x18  Data  Gb  can_utils.o [1]
TxMailbox               0x2000'ccc4    0x4  Data  Gb  can_utils.o [1]
UART5_IRQHandler         0x800'a575   0x18  Code  Gb  stm32f4xx_it.o [1]
UART_DMAAbortOnError     0x800'3525   0x16  Code  Lc  stm32f4xx_hal_uart.o [1]
UART_DMAError            0x800'3429   0x58  Code  Lc  stm32f4xx_hal_uart.o [1]
UART_DMAReceiveCplt      0x800'33d5   0x44  Code  Lc  stm32f4xx_hal_uart.o [1]
UART_DMARxHalfCplt       0x800'3419    0xe  Code  Lc  stm32f4xx_hal_uart.o [1]
UART_DMATransmitCplt     0x800'3391   0x34  Code  Lc  stm32f4xx_hal_uart.o [1]
UART_DMATxHalfCplt       0x800'33c5    0xe  Code  Lc  stm32f4xx_hal_uart.o [1]
UART_EndRxTransfer       0x800'3503   0x20  Code  Lc  stm32f4xx_hal_uart.o [1]
UART_EndTransmit_IT      0x800'35ab   0x20  Code  Lc  stm32f4xx_hal_uart.o [1]
UART_EndTxTransfer       0x800'34ef   0x14  Code  Lc  stm32f4xx_hal_uart.o [1]
UART_Receive_IT          0x800'35cb   0xae  Code  Lc  stm32f4xx_hal_uart.o [1]
UART_SetConfig           0x800'3679  0x2e2  Code  Lc  stm32f4xx_hal_uart.o [1]
UART_Transmit_IT         0x800'353d   0x6e  Code  Lc  stm32f4xx_hal_uart.o [1]
UART_WaitOnFlagUntilTimeout
                         0x800'3481   0x6e  Code  Lc  stm32f4xx_hal_uart.o [1]
USART1_IRQHandler        0x800'a51d   0x1a  Code  Gb  stm32f4xx_it.o [1]
USART2_IRQHandler        0x800'a537   0x1a  Code  Gb  stm32f4xx_it.o [1]
USART3_IRQHandler        0x800'a551   0x1a  Code  Gb  stm32f4xx_it.o [1]
UsageFault_Handler       0x800'a4cd    0x2  Code  Gb  stm32f4xx_it.o [1]
_Encoding_8859_1_Mbrlen
                         0x800'2259    0x2  Code  Gb  xencoding_8859_1.o [2]
_Encoding_8859_1_Wctomb
                         0x800'2247   0x12  Code  Gb  xencoding_8859_1.o [2]
_GenldFull               0x800'1e1d  0x274  Code  Lc  xprintffull.o [2]
_LdtobFull               0x800'19f1  0x400  Code  Lc  xprintffull.o [2]
_LitobFull               0x800'1899  0x112  Code  Lc  xprintffull.o [2]
_LocaleC_isalpha         0x800'2183    0xc  Code  Gb  xlocale_c.o [2]
_LocaleC_islower         0x800'217d    0x4  Code  Gb  xlocale_c.o [2]
_LocaleC_isspace         0x800'2199   0x14  Code  Gb  xlocale_c.o [2]
_LocaleC_isupper         0x800'2181    0x2  Code  Gb  xlocale_c.o [2]
_LocaleC_tolower         0x800'21ad    0xc  Code  Gb  xlocale_c.o [2]
_Locale_lconv           0x2000'0260   0x38  Data  Lc  xlocale_c.o [2]
_PrintfFull              0x800'11c9  0x1aa  Code  Gb  xprintffull.o [2]
_PutcharsFull            0x800'2091   0x2e  Code  Lc  xprintffull.o [2]
_PutfldFull              0x800'1405  0x2d8  Code  Lc  xprintffull.o [2]
_PutstrFull              0x800'17d3   0xc6  Code  Lc  xprintffull.o [2]
_PuttxtFull              0x800'16dd   0xf6  Code  Lc  xprintffull.o [2]
_SNProut                 0x800'22db   0x1a  Code  Gb  xsnprout.o [2]
_Strtok_ssave           0x2000'cd34    0x4  Data  Lc  strtok.o [2]
__NVIC_EnableIRQ         0x800'4cb7   0x1e  Code  Lc  stm32f4xx_hal_cortex.o [1]
__NVIC_GetPriorityGrouping
                         0x800'4cab    0xc  Code  Lc  stm32f4xx_hal_cortex.o [1]
__NVIC_SetPriority       0x800'4cd5   0x2c  Code  Lc  stm32f4xx_hal_cortex.o [1]
__NVIC_SetPriorityGrouping
                         0x800'4c89   0x22  Code  Lc  stm32f4xx_hal_cortex.o [1]
__aeabi_assert           0x800'9d15   0x24  Code  Gb  ABIassert.o [5]
__aeabi_cdcmpeq          0x800'90bd         Code  Gb  DblCmpEq.o [3]
__aeabi_cdcmple          0x800'2845         Code  Gb  DblCmpLe.o [3]
__aeabi_cdrcmple         0x800'2875         Code  Gb  DblCmpGe.o [3]
__aeabi_d2f              0x800'8369         Code  Gb  DblToFlt.o [3]
__aeabi_d2iz             0x800'29e1         Code  Gb  DblToS32.o [3]
__aeabi_d2uiz            0x800'2d6d         Code  Gb  DblToU32.o [3]
__aeabi_dadd             0x800'2db5         Code  Gb  DblAdd.o [3]
__aeabi_ddiv             0x800'2b25         Code  Gb  DblDiv.o [3]
__aeabi_dmul             0x800'2631         Code  Gb  DblMul.o [3]
__aeabi_dsub             0x800'2a41         Code  Gb  DblSub.o [3]
__aeabi_f2d              0x800'82f5         Code  Gb  FltToDbl.o [3]
__aeabi_i2d              0x800'2a1d         Code  Gb  S32ToDbl.o [3]
__aeabi_ldiv0            0x800'2db1         Code  Gb  I64DivZer.o [4]
__aeabi_memclr4          0x800'49e5         Code  Gb  ABImemclr4.o [4]
__aeabi_memcpy           0x800'2359         Code  Gb  ABImemcpy.o [4]
__aeabi_memcpy4          0x800'2379         Code  Gb  ABImemcpy.o [4]
__aeabi_memcpy8          0x800'2379         Code  Gb  ABImemcpy.o [4]
__aeabi_memset           0x800'8c05         Code  Gb  ABImemset.o [4]
__aeabi_ui2d             0x800'2d95         Code  Gb  U32ToDbl.o [3]
__aeabi_uldivmod         0x800'2401         Code  Gb  I64DivMod.o [4]
__cmain                  0x800'aa05         Code  Gb  cmain.o [4]
__data_GetMemChunk       0x800'1189   0x2c  Code  Gb  xgetmemchunk.o [2]
__data_GetMemChunk::start
                        0x2000'cd3c    0x4  Data  Lc  xgetmemchunk.o [2]
__exit                   0x800'11b5   0x14  Code  Gb  exit.o [5]
__iar_Atan64             0x800'a2a9  0x170  Code  Gb  iar_Atan64.o [3]
__iar_Fail_s             0x800'2265   0x1c  Code  Gb  xfail_s.o [2]
__iar_Mbcurmax           0x800'234d    0xa  Code  Gb  xmbcurmax.o [2]
__iar_Memchr             0x800'22f5         Code  Gb  memchr.o [4]
__iar_Memset             0x800'8c05         Code  Gb  ABImemset.o [4]
__iar_Memset4_word       0x800'68d1         Code  Gb  ABImemset48.o [4]
__iar_Memset8_word       0x800'68d1         Code  Gb  ABImemset48.o [4]
__iar_Memset_word        0x800'8c0d         Code  Gb  ABImemset.o [4]
__iar_Sin64              0x800'97c9  0x3b2  Code  Lc  cos_sin64.o [3]
__iar_Sto64              0x800'9451  0x19e  Code  Gb  strto64.o [3]
__iar_Stoflt             0x800'9ec9  0x1c4  Code  Gb  iar_Stoflt.o [2]
__iar_Stopfx             0x800'9da5  0x122  Code  Gb  iar_Stopfx.o [2]
__iar_Stoulx             0x800'8f49  0x112  Code  Gb  iar_Stoulx.o [2]
__iar_Stoxflt            0x800'a08d  0x1e6  Code  Gb  iar_Stoxflt.o [2]
__iar_Stoxflt::digits    0x800'a278   0x18  Data  Lc  iar_Stoxflt.o [2]
__iar_Stoxflt::vals      0x800'a290   0x18  Data  Lc  iar_Stoxflt.o [2]
__iar_Strchr             0x800'2231         Code  Gb  strchr.o [4]
__iar_atan2_64           0x800'9689  0x140  Code  Gb  atan2_64.o [3]
__iar_cos64              0x800'9c0d    0x4  Code  Gb  cos_sin64.o [3]
__iar_cos_medium         0x800'9c0d    0x4  Code  Gb  cos_sin64.o [3]
__iar_cos_medium64       0x800'9c0d    0x4  Code  Gb  cos_sin64.o [3]
__iar_cos_mediuml        0x800'9c0d    0x4  Code  Gb  cos_sin64.o [3]
__iar_dadd               0x800'2a51         Code  Gb  DblSub.o [3]
__iar_data_init3         0x800'a6e1   0x28  Code  Gb  data_init.o [4]
__iar_dlmalloc           0x800'0e4d  0x2b6  Code  Gb  dlmalloc.o [2]
__iar_dsub               0x800'2dc5         Code  Gb  DblAdd.o [3]
__iar_dsubStart          0x800'2dd7         Code  Gb  DblAdd.o [3]
__iar_frexp              0x800'27e1         Code  Gb  frexp.o [3]
__iar_frexpl             0x800'27e1         Code  Gb  frexp.o [3]
__iar_globLocale        0x2000'0298   0x48  Data  Lc  xlocale_c.o [2]
__iar_global_Locale      0x800'21b9    0x4  Code  Gb  xlocale_c.o [2]
__iar_init_vfp           0x800'a7e1         Code  Gb  fpinit_M.o [3]
__iar_ldexp64            0x800'28a5         Code  Gb  ldexp.o [3]
__iar_lz77_init_single3
                         0x800'110f   0x7a  Code  Gb  lz77_init_single.o [4]
__iar_program_start      0x800'b045         Code  Gb  cstartup_M.o [4]
__iar_scalbln64          0x800'28a5         Code  Gb  ldexp.o [3]
__iar_scalbn64           0x800'28a5         Code  Gb  ldexp.o [3]
__iar_softfp___iar_frexp64
                         0x800'27d5         Code  Gb  frexp.o [3]
__iar_softfp_frexp       0x800'27d5         Code  Gb  frexp.o [3]
__iar_softfp_frexpl      0x800'27d5         Code  Gb  frexp.o [3]
__iar_sqrt64             0x800'9c21         Code  Gb  sqrt.o [3]
__iar_vfp___iar_sqrt64   0x800'9c11         Code  Gb  sqrt.o [3]
__iar_vfp_atan2          0x800'834b   0x10  Code  Gb  math_wrappers64.o [3]
__iar_vfp_atof           0x800'8343    0x8  Code  Gb  math_wrappers64.o [3]
__iar_vfp_cos            0x800'835b    0xc  Code  Gb  math_wrappers64.o [3]
__iar_vfp_sqrt           0x800'9c11         Code  Gb  sqrt.o [3]
__iar_vfp_sqrtl          0x800'9c11         Code  Gb  sqrt.o [3]
__iar_zero_init3         0x800'2143   0x3a  Code  Gb  zero_init3.o [4]
__low_level_init         0x800'aa23    0x4  Code  Gb  low_level_init.o [2]
__vector_table           0x800'0000         Data  Gb  startup_stm32f407xx.o [1]
_call_main               0x800'aa11         Code  Gb  cmain.o [4]
_cmd_help                0x800'67ad   0x18  Code  Lc  cmd.o [1]
_exit                    0x800'aa2d         Code  Gb  cexit.o [4]
_gLocale_mblen           0x800'221d    0x4  Code  Gb  xlocale_c.o [2]
_gLocale_mblenInt        0x800'21e1   0x2c  Code  Gb  xlocale_c.o [2]
_gLocale_wctomb          0x800'2221    0x4  Code  Gb  xlocale_c.o [2]
_gLocale_wctombInt       0x800'2219    0x4  Code  Gb  xlocale_c.o [2]
_gm_                    0x2000'be64  0x1d8  Data  Lc  dlmalloc.o [2]
_main                    0x800'aa1f         Code  Gb  cmain.o [4]
a                        0x800'a470   0x40  Data  Lc  iar_Atan64.o [3]
abort                    0x800'1109    0x6  Code  Gb  abort.o [2]
add_segment              0x800'0551  0x1f2  Code  Lc  dlmalloc.o [2]
angle_pid               0x2000'000c   0x20  Data  Gb  chassis.o [1]
atan2                    0x800'9689  0x140  Code  Gb  atan2_64.o [3]
atan2l                   0x800'9689  0x140  Code  Gb  atan2_64.o [3]
atof                     0x800'9635    0x8  Code  Gb  strto64.o [3]
atoi                     0x800'9061    0x2  Code  Gb  iar_Stoulx.o [2]
buffer_append_int32      0x800'879d   0x32  Code  Gb  vesc_can.o [1]
buffer_count            0x2000'ccd4    0x4  Data  Gb  cmd.o [1]
can_callback_add         0x800'80a1   0x1e  Code  Gb  can_utils.o [1]
can_callback_table      0x2000'cccc    0x4  Data  Lc  can_utils.o [1]
can_exc_callback         0x800'80bf   0x28  Code  Gb  can_utils.o [1]
can_exc_callback_flag   0x2000'ccdc    0x4  Data  Gb  flags.o [1]
can_ext_send_msg         0x800'8165   0x24  Code  Gb  can_utils.o [1]
can_func_init            0x800'82b9   0x22  Code  Gb  can_func.o [1]
can_id_init              0x800'5321   0x30  Code  Gb  configure.o [1]
can_init                 0x800'806d   0x34  Code  Gb  can_utils.o [1]
can_rx_callback_flag    0x2000'ccc0    0x4  Data  Gb  can_utils.o [1]
can_rx_data             0x2000'cca0    0x8  Data  Gb  can_utils.o [1]
can_send_msg             0x800'8121   0x44  Code  Gb  can_utils.o [1]
can_std_mask_filter_conf
                         0x800'8215   0x8a  Code  Gb  can_utils.o [1]
can_suc_rx               0x800'82dd    0xc  Code  Gb  can_func.o [1]
chassis                 0x2000'c79c   0x58  Data  Gb  chassis.o [1]
chassis_canset_motorspeed
                         0x800'53a9   0x8a  Code  Gb  chassis.o [1]
chassis_exe              0x800'56d9   0x26  Code  Gb  chassis.o [1]
chassis_handle          0x2000'c914   0x40  Data  Gb  chassis_handle.o [1]
chassis_init             0x800'5399   0x10  Code  Gb  chassis.o [1]
chassis_init_pos         0x800'5351   0x46  Code  Gb  chassis.o [1]
chassis_move             0x800'5439  0x196  Code  Gb  chassis.o [1]
chassis_pos_update       0x800'55f1   0xe6  Code  Gb  chassis.o [1]
chassis_status          0x2000'cbe0   0x20  Data  Gb  chassis.o [1]
clock                   0x2000'ccb0    0x8  Data  Gb  main.o [1]
clock_exe                0x800'4771   0x3c  Code  Gb  main.o [1]
cmd_add                  0x800'66d1   0x54  Code  Gb  cmd.o [1]
cmd_argv                0x2000'cb14   0x30  Data  Gb  cmd.o [1]
cmd_chassis_move         0x800'7c7f   0x78  Code  Gb  cmd_func.o [1]
cmd_chassis_print_pos    0x800'7cf7   0x2e  Code  Gb  cmd_func.o [1]
cmd_exec                 0x800'6685   0x2c  Code  Gb  cmd.o [1]
cmd_func_init            0x800'7d49  0x132  Code  Gb  cmd_func.o [1]
cmd_gpio_all             0x800'79bd   0x40  Code  Gb  cmd_func.o [1]
cmd_gpio_cylinder        0x800'796d   0x24  Code  Gb  cmd_func.o [1]
cmd_gpio_infrared        0x800'79a7   0x16  Code  Gb  cmd_func.o [1]
cmd_gpio_magnet          0x800'7949   0x24  Code  Gb  cmd_func.o [1]
cmd_gpio_microswitch     0x800'7991   0x16  Code  Gb  cmd_func.o [1]
cmd_hello                0x800'7691   0x10  Code  Gb  cmd_func.o [1]
cmd_help_func            0x800'66b5   0x1c  Code  Gb  cmd.o [1]
cmd_init                 0x800'64d9   0x2e  Code  Gb  cmd.o [1]
cmd_kickball_auto        0x800'79fd   0x78  Code  Gb  cmd_func.o [1]
cmd_kickball_kick        0x800'7b5b   0x18  Code  Gb  cmd_func.o [1]
cmd_kickball_m2006       0x800'7a75   0x30  Code  Gb  cmd_func.o [1]
cmd_kickball_prepare     0x800'7b13   0x18  Code  Gb  cmd_func.o [1]
cmd_kickball_pull_magnet
                         0x800'7b2b   0x18  Code  Gb  cmd_func.o [1]
cmd_kickball_stop_magnet
                         0x800'7b43   0x18  Code  Gb  cmd_func.o [1]
cmd_kickball_vesc        0x800'7aa5   0x6e  Code  Gb  cmd_func.o [1]
cmd_laser_print_diatance
                         0x800'77fb    0xc  Code  Gb  cmd_func.o [1]
cmd_laser_print_pos      0x800'7807    0xc  Code  Gb  cmd_func.o [1]
cmd_m2006                0x800'781f   0x54  Code  Gb  cmd_func.o [1]
cmd_parse                0x800'663d   0x48  Code  Gb  cmd.o [1]
cmd_point_print_path     0x800'7813    0xc  Code  Gb  cmd_func.o [1]
cmd_table               0x2000'ccd0    0x4  Data  Lc  cmd.o [1]
cmd_touchdown_auto       0x800'7b73   0x50  Code  Gb  cmd_func.o [1]
cmd_touchdown_close      0x800'7c11   0x4a  Code  Gb  cmd_func.o [1]
cmd_touchdown_open       0x800'7bc3   0x4e  Code  Gb  cmd_func.o [1]
cmd_touchdown_try        0x800'7c5b   0x24  Code  Gb  cmd_func.o [1]
cmd_touchdown_try_finish
                         0x800'7d25   0x24  Code  Gb  cmd_func.o [1]
cmd_vega_calibrate       0x800'77ef    0xc  Code  Gb  cmd_func.o [1]
cmd_vega_correct_pos     0x800'7733   0xbc  Code  Gb  cmd_func.o [1]
cmd_vega_print_pos       0x800'76a1    0xc  Code  Gb  cmd_func.o [1]
cmd_vega_reset           0x800'7727    0xc  Code  Gb  cmd_func.o [1]
cmd_vega_set_position    0x800'76ad   0x7a  Code  Gb  cmd_func.o [1]
cmd_vesc                 0x800'7873   0xd6  Code  Gb  cmd_func.o [1]
cmpAtom                  0x800'89e1    0xe  Code  Lc  hash.o [1]
comm_can_set_current     0x800'8839   0x50  Code  Gb  vesc_can.o [1]
comm_can_set_duty        0x800'87ed   0x4c  Code  Gb  vesc_can.o [1]
comm_can_set_rpm         0x800'8889   0x3e  Code  Gb  vesc_can.o [1]
comm_can_transmit_eid    0x800'87cf   0x1e  Code  Gb  vesc_can.o [1]
cos                      0x800'9c0d    0x4  Code  Gb  cos_sin64.o [3]
cosl                     0x800'9c0d    0x4  Code  Gb  cos_sin64.o [3]
cylinder_state          0x2000'cd1c    0x4  Data  Gb  sensor_gpio.o [1]
ddiv                     0x800'91d5   0xc8  Code  Lc  strto64.o [3]
delim                   0x2000'002c    0x4  Data  Lc  cmd.o [1]
digits                   0x800'906c   0x28  Data  Lc  iar_Stoulx.o [2]
dmul                     0x800'9109   0xca  Code  Lc  strto64.o [3]
exit                     0x800'aa27    0x4  Code  Gb  exit.o [2]
flag                    0x2000'cbbc   0x24  Data  Gb  main.o [1]
freeKeyAtom              0x800'89f3    0x2  Code  Lc  hash.o [1]
gpio_cylinder            0x800'5c77   0x20  Code  Gb  sensor_gpio.o [1]
gpio_infrared            0x800'5c49    0xe  Code  Gb  sensor_gpio.o [1]
gpio_magnet              0x800'5c57   0x20  Code  Gb  sensor_gpio.o [1]
gpio_microswitch         0x800'5c3d    0xc  Code  Gb  sensor_gpio.o [1]
gpio_sensor_exe          0x800'5c97   0x58  Code  Gb  sensor_gpio.o [1]
hadc1                   0x2000'c7f4   0x48  Data  Gb  adc.o [1]
handle_button            0x800'853d   0x9e  Code  Gb  chassis_handle.o [1]
handle_exe               0x800'8625  0x13e  Code  Gb  chassis_handle.o [1]
handle_rocker            0x800'85db   0x48  Code  Gb  chassis_handle.o [1]
hashAtom                 0x800'89ef    0x4  Code  Lc  hash.o [1]
hashStr                  0x800'89f5   0x26  Code  Gb  hash.o [1]
hash_id                  0x800'82a1    0x4  Code  Lc  can_utils.o [1]
hcan1                   0x2000'cb44   0x28  Data  Gb  can.o [1]
hdma_adc1               0x2000'c43c   0x60  Data  Gb  adc.o [1]
hdma_uart5_rx           0x2000'c49c   0x60  Data  Gb  usart.o [1]
hdma_uart5_tx           0x2000'c4fc   0x60  Data  Gb  usart.o [1]
hdma_usart1_rx          0x2000'c55c   0x60  Data  Gb  usart.o [1]
hdma_usart1_tx          0x2000'c5bc   0x60  Data  Gb  usart.o [1]
hdma_usart2_rx          0x2000'c61c   0x60  Data  Gb  usart.o [1]
hdma_usart2_tx          0x2000'c67c   0x60  Data  Gb  usart.o [1]
hdma_usart3_rx          0x2000'c6dc   0x60  Data  Gb  usart.o [1]
hdma_usart3_tx          0x2000'c73c   0x60  Data  Gb  usart.o [1]
huart1                  0x2000'ca14   0x40  Data  Gb  usart.o [1]
huart2                  0x2000'ca54   0x40  Data  Gb  usart.o [1]
huart3                  0x2000'ca94   0x40  Data  Gb  usart.o [1]
huart4                  0x2000'c994   0x40  Data  Gb  usart.o [1]
huart5                  0x2000'c9d4   0x40  Data  Gb  usart.o [1]
huart6                  0x2000'cad4   0x40  Data  Gb  usart.o [1]
id_cmp                   0x800'82a5   0x10  Code  Lc  can_utils.o [1]
inc                      0x800'48db   0xd8  Code  Gb  main.o [1]
infrared_state          0x2000'023c    0x4  Data  Gb  sensor_gpio.o [1]
init_mparams             0x800'01a3   0x32  Code  Lc  dlmalloc.o [2]
init_top                 0x800'01d5   0x36  Code  Lc  dlmalloc.o [2]
isalpha                  0x800'a4b1   0x14  Code  Gb  isalpha.o [2]
isspace                  0x800'9d7d   0x14  Code  Gb  isspace.o [2]
kal_adc_L               0x2000'0078   0x18  Data  Gb  karman.o [1]
kal_adc_R               0x2000'0090   0x18  Data  Gb  karman.o [1]
kal_adc_S               0x2000'00a8   0x18  Data  Gb  karman.o [1]
kal_distance_L          0x2000'0030   0x18  Data  Gb  karman.o [1]
kal_distance_R          0x2000'0048   0x18  Data  Gb  karman.o [1]
kal_distance_S          0x2000'0060   0x18  Data  Gb  karman.o [1]
kick_current            0x2000'cd10    0x4  Data  Gb  motor_driver.o [1]
kickball_M2006_set_current
                         0x800'5d1d    0x8  Code  Gb  kickball.o [1]
kickball_VESC_set_loosen_duty
                         0x800'5d31   0x16  Code  Gb  kickball.o [1]
kickball_VESC_set_pull_current
                         0x800'5d47   0x16  Code  Gb  kickball.o [1]
kickball_VESC_set_rpm    0x800'5d25    0xc  Code  Gb  kickball.o [1]
kickball_auto           0x2000'00e8    0x4  Data  Gb  kickball.o [1]
kickball_exe             0x800'5f49   0x30  Code  Gb  kickball.o [1]
kickball_five_score     0x2000'00d4   0x14  Data  Gb  kickball.o [1]
kickball_get_microswitch_status
                         0x800'5d63    0x6  Code  Gb  kickball.o [1]
kickball_kick_flag      0x2000'ccec    0x4  Data  Gb  kickball.o [1]
kickball_m2006_current  0x2000'00c0    0x4  Data  Gb  kickball.o [1]
kickball_num            0x2000'ccf8    0x4  Data  Gb  kickball.o [1]
kickball_prepare_flag   0x2000'cce4    0x4  Data  Gb  kickball.o [1]
kickball_pull_magnet_flag
                        0x2000'ccf0    0x4  Data  Gb  kickball.o [1]
kickball_ready_flag     0x2000'cce8    0x4  Data  Gb  kickball.o [1]
kickball_set_magnet_status
                         0x800'5d5d    0x6  Code  Gb  kickball.o [1]
kickball_set_status      0x800'5d69   0x7c  Code  Gb  kickball.o [1]
kickball_state_machine   0x800'5de5  0x164  Code  Gb  kickball.o [1]
kickball_status         0x2000'cd40    0x1  Data  Gb  kickball.o [1]
kickball_stop_magnet_flag
                        0x2000'ccf4    0x4  Data  Gb  kickball.o [1]
kickball_vesc_lossen_duty
                        0x2000'00c4    0x4  Data  Gb  kickball.o [1]
kickball_vesc_pull_current10
                        0x2000'00cc    0x4  Data  Gb  kickball.o [1]
kickball_vesc_pull_current20
                        0x2000'00d0    0x4  Data  Gb  kickball.o [1]
kickball_vesc_pull_current5
                        0x2000'00c8    0x4  Data  Gb  kickball.o [1]
laser_adc               0x2000'c1cc   0x78  Data  Gb  laser.o [1]
laser_adc_split          0x800'5807   0x36  Code  Gb  laser.o [1]
laser_calculate_angle    0x800'58c1    0x6  Code  Gb  laser.o [1]
laser_calculate_distance
                         0x800'583d   0x74  Code  Gb  laser.o [1]
laser_calculate_kb       0x800'57d1   0x36  Code  Gb  laser.o [1]
laser_calculate_x        0x800'58b1    0x6  Code  Gb  laser.o [1]
laser_calculate_y        0x800'58b9    0x6  Code  Gb  laser.o [1]
laser_exe                0x800'5939   0x64  Code  Gb  laser.o [1]
laser_init               0x800'58c9   0x70  Code  Gb  laser.o [1]
laser_left              0x2000'c83c   0x48  Data  Gb  laser.o [1]
laser_print_distance     0x800'599d   0x3a  Code  Gb  laser.o [1]
laser_print_pos          0x800'59d7   0x38  Code  Gb  laser.o [1]
laser_right             0x2000'c8cc   0x48  Data  Gb  laser.o [1]
laser_side              0x2000'c884   0x48  Data  Gb  laser.o [1]
lcd_add                  0x800'5a79   0x38  Code  Gb  lcd.o [1]
lcd_bite                 0x800'5b6b   0x20  Code  Gb  lcd.o [1]
lcd_exe                  0x800'5ad5   0x14  Code  Gb  lcd.o [1]
lcd_init                 0x800'5ab1   0x24  Code  Gb  lcd.o [1]
lcd_msg                 0x2000'c03c  0x190  Data  Gb  lcd.o [1]
lcd_msg_length          0x2000'ccfc    0x4  Data  Lc  lcd.o [1]
lcd_send_flag            0x800'5b8b   0x6c  Code  Gb  lcd.o [1]
lcd_send_var             0x800'5ae9   0x82  Code  Gb  lcd.o [1]
lcd_send_var::now_num   0x2000'cd00    0x4  Data  Lc  lcd.o [1]
ldexp                    0x800'28a5         Code  Gb  ldexp.o [3]
ldexpl                   0x800'28a5         Code  Gb  ldexp.o [3]
localeconv               0x800'2225    0x4  Code  Gb  xlocale_c.o [2]
m2006_exe                0x800'5775   0x48  Code  Gb  motor_driver.o [1]
magnet_state            0x2000'cd18    0x4  Data  Gb  sensor_gpio.o [1]
main                     0x800'47ad   0x8c  Code  Gb  main.o [1]
memchr                   0x800'22f5         Code  Gb  memchr.o [4]
microswitch_state       0x2000'cd14    0x4  Data  Gb  sensor_gpio.o [1]
motor_init               0x800'5729    0x8  Code  Gb  motor_driver.o [1]
mparams                 0x2000'cc64   0x18  Data  Lc  dlmalloc.o [2]
ndigs                    0x800'9094   0x28  Data  Lc  iar_Stoulx.o [2]
pContainer              0x2000'00ec  0x150  Data  Gb  point_parser.o [1]
point_print_path         0x800'8ead   0x92  Code  Gb  point_parser.o [1]
points_pos1             0x2000'02e4  0xfa0  Data  Gb  point.o [1]
points_pos10            0x2000'8f84  0xfa0  Data  Gb  point.o [1]
points_pos11            0x2000'9f24  0xfa0  Data  Gb  point.o [1]
points_pos12            0x2000'aec4  0xfa0  Data  Gb  point.o [1]
points_pos2             0x2000'1284  0xfa0  Data  Gb  point.o [1]
points_pos3             0x2000'2224  0xfa0  Data  Gb  point.o [1]
points_pos4             0x2000'31c4  0xfa0  Data  Gb  point.o [1]
points_pos5             0x2000'4164  0xfa0  Data  Gb  point.o [1]
points_pos6             0x2000'5104  0xfa0  Data  Gb  point.o [1]
points_pos7             0x2000'60a4  0xfa0  Data  Gb  point.o [1]
points_pos8             0x2000'7044  0xfa0  Data  Gb  point.o [1]
points_pos9             0x2000'7fe4  0xfa0  Data  Gb  point.o [1]
posture                 0x2000'cc34   0x18  Data  Lc  cmd.o [1]
pows                     0x800'9640   0x48  Data  Lc  strto64.o [3]
prepend_alloc            0x800'020b  0x346  Code  Lc  dlmalloc.o [2]
print_buffer            0x2000'c244   0x68  Data  Gb  cmd.o [1]
recive_id               0x2000'cc8c   0x10  Data  Gb  configure.o [1]
robomaster_set_current   0x800'88d1   0x68  Code  Gb  robomaster.o [1]
rx_buffer               0x2000'cca8    0x8  Data  Lc  can_utils.o [1]
rx_id                   0x2000'ccc8    0x4  Data  Lc  can_utils.o [1]
scalbln                  0x800'28a5         Code  Gb  ldexp.o [3]
scalblnl                 0x800'28a5         Code  Gb  ldexp.o [3]
scalbn                   0x800'28a5         Code  Gb  ldexp.o [3]
scalbnl                  0x800'28a5         Code  Gb  ldexp.o [3]
scale                    0x800'19ab   0x46  Code  Lc  xprintffull.o [2]
sec_hand                0x2000'cd38    0x4  Data  Lc  xfail_s.o [2]
segment_holding          0x800'0189   0x1a  Code  Lc  dlmalloc.o [2]
send_id                 0x2000'cc7c   0x10  Data  Gb  configure.o [1]
simplelib_init           0x800'52c5   0x2a  Code  Gb  simplelib.o [1]
simplelib_run            0x800'52ef   0x24  Code  Gb  simplelib.o [1]
sqrt                     0x800'9c21         Code  Gb  sqrt.o [3]
sqrtl                    0x800'9c21         Code  Gb  sqrt.o [3]
std_id                  0x2000'0000    0xc  Data  Gb  can_utils.o [1]
str_cmp                  0x800'6791   0x1c  Code  Lc  cmd.o [1]
strchr                   0x800'2231         Code  Gb  strchr.o [4]
strcmp                   0x800'8cf5         Code  Gb  strcmp.o [4]
strcpy                   0x800'8995         Code  Gb  strcpy.o [4]
strcspn                  0x800'9d5b   0x22  Code  Gb  strcspn.o [2]
strlen                   0x800'22a5         Code  Gb  strlen.o [4]
strspn                   0x800'9d39   0x22  Code  Gb  strspn.o [2]
strtok                   0x800'8c6d   0x4c  Code  Gb  strtok.o [2]
sys_alloc                0x800'0749  0x164  Code  Lc  dlmalloc.o [2]
test_flag0              0x2000'cd08    0x4  Data  Gb  main.o [1]
test_value              0x2000'cb94   0x28  Data  Gb  main.o [1]
time_1ms_cnt            0x2000'cd04    0x4  Data  Lc  main.o [1]
tmalloc_large            0x800'08b9  0x386  Code  Lc  dlmalloc.o [2]
tmalloc_small            0x800'0c3f  0x200  Code  Lc  dlmalloc.o [2]
tolower                  0x800'9d91   0x14  Code  Gb  tolower.o [2]
touchdown_auto_flag     0x2000'0250    0x4  Data  Gb  touchdown.o [1]
touchdown_close_current
                        0x2000'024c    0x4  Data  Gb  touchdown.o [1]
touchdown_current       0x2000'cd0c    0x4  Data  Gb  motor_driver.o [1]
touchdown_cylinder_pull
                         0x800'5fd1    0x8  Code  Gb  touchdown.o [1]
touchdown_cylinder_push
                         0x800'5fc9    0x8  Code  Gb  touchdown.o [1]
touchdown_exe            0x800'60c7   0x10  Code  Gb  touchdown.o [1]
touchdown_m2006_close    0x800'5feb   0x12  Code  Gb  touchdown.o [1]
touchdown_m2006_open     0x800'5fd9   0x12  Code  Gb  touchdown.o [1]
touchdown_open_current  0x2000'0248    0x4  Data  Gb  touchdown.o [1]
touchdown_ready_flag    0x2000'cd24    0x4  Data  Gb  touchdown.o [1]
touchdown_state_machine
                         0x800'5ffd   0xca  Code  Gb  touchdown.o [1]
touchdown_state_machine::time
                        0x2000'ccb8    0x8  Data  Lc  touchdown.o [1]
touchdown_state_machine::waitingtime
                        0x2000'cd30    0x4  Data  Lc  touchdown.o [1]
touchdown_status        0x2000'cd41    0x1  Data  Gb  touchdown.o [1]
touchdown_try_finish_flag
                        0x2000'cd2c    0x4  Data  Gb  touchdown.o [1]
touchdown_try_flag      0x2000'cd28    0x4  Data  Gb  touchdown.o [1]
uprintf                  0x800'6725   0x36  Code  Gb  cmd.o [1]
uprintf_to               0x800'675b   0x34  Code  Gb  cmd.o [1]
usart_DMA_init           0x800'648d   0x4c  Code  Gb  cmd.o [1]
usart_exc_DMA            0x800'6507   0x3e  Code  Gb  cmd.o [1]
usart_exc_DMA_vega       0x800'67c5   0xb2  Code  Gb  cmd.o [1]
uwTick                  0x2000'cd20    0x4  Data  Gb  stm32f4xx_hal.o [1]
uwTickFreq              0x2000'02e0    0x1  Data  Gb  stm32f4xx_hal.o [1]
uwTickPrio              0x2000'0240    0x4  Data  Gb  stm32f4xx_hal.o [1]
vec_create               0x800'8521   0x1a  Code  Gb  vec.o [1]
vec_model                0x800'84f5   0x2c  Code  Gb  vec.o [1]
vega_calibration         0x800'8d5d   0x1c  Code  Gb  vega.o [1]
vega_correct_pos         0x800'8de3   0x60  Code  Gb  vega.o [1]
vega_in_coordinate      0x2000'0254    0xc  Data  Gb  vega.o [1]
vega_print_pos           0x800'8e43   0x3a  Code  Gb  vega.o [1]
vega_reset               0x800'8d79   0x1c  Code  Gb  vega.o [1]
vega_set_position        0x800'8d95   0x4e  Code  Gb  vega.o [1]
vesc                    0x2000'cc4c   0x18  Data  Gb  motor_driver.o [1]
vsec_exe                 0x800'5731   0x42  Code  Gb  motor_driver.o [1]
vsnprintf                0x800'8cb9   0x3c  Code  Gb  vsnprint.o [2]


[1] = E:\Robocon_Value\Chassis_TR\EWARM\Chassis\Obj
[2] = dl7M_tlf.a
[3] = m7M_tls.a
[4] = rt7M_tl.a
[5] = shb_l.a

  42 968 bytes of readonly  code memory
   2 856 bytes of readonly  data memory
  61 247 bytes of readwrite data memory

Errors: none
Warnings: none
