###############################################################################
#
# IAR ELF Linker V8.30.1.114/W32 for ARM                  15/Dec/2019  22:41:43
# Copyright 2007-2018 IAR Systems AB.
#
#    Output file  =  E:\Robocon_Value\Chassis\EWARM\Chassis\Exe\Chassis.out
#    Map file     =  E:\Robocon_Value\Chassis\EWARM\Chassis\List\Chassis.map
#    Command line =  
#        -f C:\Users\DELL\AppData\Local\Temp\EW12C4.tmp
#        (E:\Robocon_Value\Chassis\EWARM\Chassis\Obj\adc.o
#        E:\Robocon_Value\Chassis\EWARM\Chassis\Obj\can.o
#        E:\Robocon_Value\Chassis\EWARM\Chassis\Obj\can_func.o
#        E:\Robocon_Value\Chassis\EWARM\Chassis\Obj\can_utils.o
#        E:\Robocon_Value\Chassis\EWARM\Chassis\Obj\chassis.o
#        E:\Robocon_Value\Chassis\EWARM\Chassis\Obj\chassis_handle.o
#        E:\Robocon_Value\Chassis\EWARM\Chassis\Obj\cmd.o
#        E:\Robocon_Value\Chassis\EWARM\Chassis\Obj\cmd_func.o
#        E:\Robocon_Value\Chassis\EWARM\Chassis\Obj\configure.o
#        E:\Robocon_Value\Chassis\EWARM\Chassis\Obj\dma.o
#        E:\Robocon_Value\Chassis\EWARM\Chassis\Obj\flags.o
#        E:\Robocon_Value\Chassis\EWARM\Chassis\Obj\flash.o
#        E:\Robocon_Value\Chassis\EWARM\Chassis\Obj\gpio.o
#        E:\Robocon_Value\Chassis\EWARM\Chassis\Obj\hash.o
#        E:\Robocon_Value\Chassis\EWARM\Chassis\Obj\karman.o
#        E:\Robocon_Value\Chassis\EWARM\Chassis\Obj\kickball.o
#        E:\Robocon_Value\Chassis\EWARM\Chassis\Obj\laser.o
#        E:\Robocon_Value\Chassis\EWARM\Chassis\Obj\lcd.o
#        E:\Robocon_Value\Chassis\EWARM\Chassis\Obj\main.o
#        E:\Robocon_Value\Chassis\EWARM\Chassis\Obj\point.o
#        E:\Robocon_Value\Chassis\EWARM\Chassis\Obj\point_parser.o
#        E:\Robocon_Value\Chassis\EWARM\Chassis\Obj\robomaster.o
#        E:\Robocon_Value\Chassis\EWARM\Chassis\Obj\sensor_gpio.o
#        E:\Robocon_Value\Chassis\EWARM\Chassis\Obj\simplelib.o
#        E:\Robocon_Value\Chassis\EWARM\Chassis\Obj\startup_stm32f407xx.o
#        E:\Robocon_Value\Chassis\EWARM\Chassis\Obj\stm32f4xx_hal.o
#        E:\Robocon_Value\Chassis\EWARM\Chassis\Obj\stm32f4xx_hal_adc.o
#        E:\Robocon_Value\Chassis\EWARM\Chassis\Obj\stm32f4xx_hal_adc_ex.o
#        E:\Robocon_Value\Chassis\EWARM\Chassis\Obj\stm32f4xx_hal_can.o
#        E:\Robocon_Value\Chassis\EWARM\Chassis\Obj\stm32f4xx_hal_cortex.o
#        E:\Robocon_Value\Chassis\EWARM\Chassis\Obj\stm32f4xx_hal_dma.o
#        E:\Robocon_Value\Chassis\EWARM\Chassis\Obj\stm32f4xx_hal_dma_ex.o
#        E:\Robocon_Value\Chassis\EWARM\Chassis\Obj\stm32f4xx_hal_exti.o
#        E:\Robocon_Value\Chassis\EWARM\Chassis\Obj\stm32f4xx_hal_flash.o
#        E:\Robocon_Value\Chassis\EWARM\Chassis\Obj\stm32f4xx_hal_flash_ex.o
#        E:\Robocon_Value\Chassis\EWARM\Chassis\Obj\stm32f4xx_hal_flash_ramfunc.o
#        E:\Robocon_Value\Chassis\EWARM\Chassis\Obj\stm32f4xx_hal_gpio.o
#        E:\Robocon_Value\Chassis\EWARM\Chassis\Obj\stm32f4xx_hal_msp.o
#        E:\Robocon_Value\Chassis\EWARM\Chassis\Obj\stm32f4xx_hal_pwr.o
#        E:\Robocon_Value\Chassis\EWARM\Chassis\Obj\stm32f4xx_hal_pwr_ex.o
#        E:\Robocon_Value\Chassis\EWARM\Chassis\Obj\stm32f4xx_hal_rcc.o
#        E:\Robocon_Value\Chassis\EWARM\Chassis\Obj\stm32f4xx_hal_rcc_ex.o
#        E:\Robocon_Value\Chassis\EWARM\Chassis\Obj\stm32f4xx_hal_tim.o
#        E:\Robocon_Value\Chassis\EWARM\Chassis\Obj\stm32f4xx_hal_tim_ex.o
#        E:\Robocon_Value\Chassis\EWARM\Chassis\Obj\stm32f4xx_hal_uart.o
#        E:\Robocon_Value\Chassis\EWARM\Chassis\Obj\stm32f4xx_it.o
#        E:\Robocon_Value\Chassis\EWARM\Chassis\Obj\stmflash.o
#        E:\Robocon_Value\Chassis\EWARM\Chassis\Obj\sys.o
#        E:\Robocon_Value\Chassis\EWARM\Chassis\Obj\system_stm32f4xx.o
#        E:\Robocon_Value\Chassis\EWARM\Chassis\Obj\touchdown.o
#        E:\Robocon_Value\Chassis\EWARM\Chassis\Obj\usart.o
#        E:\Robocon_Value\Chassis\EWARM\Chassis\Obj\utils.o
#        E:\Robocon_Value\Chassis\EWARM\Chassis\Obj\vec.o
#        E:\Robocon_Value\Chassis\EWARM\Chassis\Obj\vega.o
#        E:\Robocon_Value\Chassis\EWARM\Chassis\Obj\vesc_can.o --redirect
#        _Printf=_PrintfFull --redirect _Scanf=_ScanfFull --no_out_extension -o
#        E:\Robocon_Value\Chassis\EWARM\Chassis\Exe\Chassis.out --map
#        E:\Robocon_Value\Chassis\EWARM\Chassis\List\Chassis.map --config
#        E:\Robocon_Value\Chassis\EWARM/stm32f407xx_flash.icf --semihosting
#        --entry __iar_program_start --vfe --text_out locale)
#
###############################################################################

*******************************************************************************
*** RUNTIME MODEL ATTRIBUTES
***

CppFlavor       = *
__Heap_Handler  = DLMalloc
__SystemLibrary = DLib
__dlib_version  = 6


*******************************************************************************
*** HEAP SELECTION
***

The advanced heap was selected because the application calls memory
allocation functions outside of system library functions, and there
are calls to deallocation functions in the application.


*******************************************************************************
*** PLACEMENT SUMMARY
***

"A0":  place at 0x800'0000 { ro section .intvec };
"P1":  place in [from 0x800'0000 to 0x80f'ffff] { ro };
define block CSTACK with size = 4608, alignment = 8 { };
define block HEAP with size = 4K, alignment = 8 { };
"P2":  place in [from 0x2000'0000 to 0x2001'ffff] {
          rw, block CSTACK, block HEAP };
initialize by copy { rw };

  Section            Kind         Address    Size  Object
  -------            ----         -------    ----  ------
"A0":                                       0x188
  .intvec            ro code   0x800'0000   0x188  startup_stm32f407xx.o [1]
                             - 0x800'0188   0x188

"P1":                                      0x9690
  .text              ro code   0x800'0188   0xf80  dlmalloc.o [2]
  .text              ro code   0x800'1108     0x6  abort.o [2]
  .text              ro code   0x800'110e    0x7a  lz77_init_single.o [4]
  .text              ro code   0x800'1188    0x2c  xgetmemchunk.o [2]
  .text              ro code   0x800'11b4    0x14  exit.o [5]
  .text              ro code   0x800'11c8   0xf7a  xprintffull.o [2]
  .text              ro code   0x800'2142    0x3a  zero_init3.o [4]
  .text              ro code   0x800'217c    0xb4  xlocale_c.o [2]
  .text              ro code   0x800'2230    0x16  strchr.o [4]
  .text              ro code   0x800'2246    0x1e  xencoding_8859_1.o [2]
  .text              ro code   0x800'2264    0x40  xfail_s.o [2]
  .text              ro code   0x800'22a4    0x36  strlen.o [4]
  .text              ro code   0x800'22da    0x1a  xsnprout.o [2]
  .text              ro code   0x800'22f4    0x58  memchr.o [4]
  .text              ro code   0x800'234c     0xa  xmbcurmax.o [2]
  .text              ro code   0x800'2358    0xa6  ABImemcpy.o [4]
  .text              ro code   0x800'2400   0x230  I64DivMod.o [4]
  .text              ro code   0x800'2630   0x1a2  DblMul.o [3]
  .text              ro code   0x800'27d4    0x70  frexp.o [3]
  .text              ro code   0x800'2844    0x2e  DblCmpLe.o [3]
  .text              ro code   0x800'2874    0x2e  DblCmpGe.o [3]
  .text              ro code   0x800'28a4   0x13a  ldexp.o [3]
  .text              ro code   0x800'29e0    0x3a  DblToS32.o [3]
  .text              ro code   0x800'2a1c    0x22  S32ToDbl.o [3]
  .text              ro code   0x800'2a40    0xe2  DblSub.o [3]
  .text              ro code   0x800'2b24   0x246  DblDiv.o [3]
  .text              ro code   0x800'2d6c    0x28  DblToU32.o [3]
  .text              ro code   0x800'2d94    0x1a  U32ToDbl.o [3]
  .text              ro code   0x800'2db0     0x2  I64DivZer.o [4]
  .text              ro code   0x800'2db4   0x17a  DblAdd.o [3]
  .text              ro code   0x800'2f30   0xa38  stm32f4xx_hal_uart.o [1]
  .text              ro code   0x800'3968   0x67c  usart.o [1]
  .text              ro code   0x800'3fe4     0xc  stm32f4xx_hal.o [1]
  .text              ro code   0x800'3ff0   0x550  stm32f4xx_hal_dma.o [1]
  .text              ro code   0x800'4540     0x2  stm32f4xx_hal_uart.o [1]
  .text              ro code   0x800'4542     0x2  stm32f4xx_hal_uart.o [1]
  .text              ro code   0x800'4544     0x2  stm32f4xx_hal_uart.o [1]
  .text              ro code   0x800'4546     0x2  stm32f4xx_hal_uart.o [1]
  .text              ro code   0x800'4548     0x2  stm32f4xx_hal_uart.o [1]
  .text              ro code   0x800'454c   0x224  stm32f4xx_hal_rcc.o [1]
  .text              ro code   0x800'4770   0x232  main.o [1]
  .text              ro code   0x800'49a4     0x6  ABImemclr4.o [4]
  .text              ro code   0x800'49ac   0x29c  stm32f4xx_hal_gpio.o [1]
  .text              ro code   0x800'4c48   0x158  stm32f4xx_hal_cortex.o [1]
  .text              ro code   0x800'4da0    0x4c  stm32f4xx_hal.o [1]
  .text              ro code   0x800'4dec    0x34  stm32f4xx_hal.o [1]
  .text              ro code   0x800'4e20   0x168  gpio.o [1]
  .text              ro code   0x800'4f88    0xc8  dma.o [1]
  .text              ro code   0x800'5050   0x130  adc.o [1]
  .text              ro code   0x800'5180    0xd4  can.o [1]
  .text              ro code   0x800'5254    0x5c  simplelib.o [1]
  .text              ro code   0x800'52b0    0x34  configure.o [1]
  .text              ro code   0x800'52e4   0x1a4  laser.o [1]
  .text              ro code   0x800'5488   0x120  lcd.o [1]
  .text              ro code   0x800'55a8    0xe0  sensor_gpio.o [1]
  .text              ro code   0x800'5688    0xc4  robomaster.o [1]
  .text              ro code   0x800'574c   0x188  vesc_can.o [1]
  .text              ro code   0x800'58d4   0x258  kickball.o [1]
  .text              ro code   0x800'5b2c    0x80  touchdown.o [1]
  .text              ro code   0x800'5bac   0x380  stm32f4xx_hal_rcc.o [1]
  .text              ro code   0x800'5f2c   0x444  cmd.o [1]
  .text              ro code   0x800'6370    0x32  ABImemset48.o [4]
  .text              ro code   0x800'63a4    0x40  stm32f4xx_hal_msp.o [1]
  .text              ro code   0x800'63e4   0x56e  stm32f4xx_hal_adc.o [1]
  .text              ro code   0x800'6954   0x7dc  stm32f4xx_hal_can.o [1]
  .text              ro code   0x800'7130   0x5d8  cmd_func.o [1]
  .text              ro code   0x800'7708   0x232  can_utils.o [1]
  .text              ro code   0x800'793c    0x20  can_func.o [1]
  .text              ro code   0x800'795c    0x48  FltToDbl.o [3]
  .text              ro code   0x800'79a4    0x4c  strcpy.o [4]
  .text              ro code   0x800'79f0   0x224  hash.o [1]
  .text              ro code   0x800'7c14    0x66  ABImemset.o [4]
  .text              ro code   0x800'7c7c    0x4c  strtok.o [2]
  .text              ro code   0x800'7cc8    0x3c  vsnprint.o [2]
  .text              ro code   0x800'7d04    0x4a  strcmp.o [4]
  .text              ro code   0x800'7d4e     0x2  stm32f4xx_hal_adc.o [1]
  .text              ro code   0x800'7d50     0x2  stm32f4xx_hal_adc.o [1]
  .text              ro code   0x800'7d52     0x2  stm32f4xx_hal_adc.o [1]
  .text              ro code   0x800'7d54     0x2  stm32f4xx_hal_can.o [1]
  .text              ro code   0x800'7d56     0x2  stm32f4xx_hal_can.o [1]
  .text              ro code   0x800'7d58     0x2  stm32f4xx_hal_can.o [1]
  .text              ro code   0x800'7d5a     0x2  stm32f4xx_hal_can.o [1]
  .text              ro code   0x800'7d5c     0x2  stm32f4xx_hal_can.o [1]
  .text              ro code   0x800'7d5e     0x2  stm32f4xx_hal_can.o [1]
  .text              ro code   0x800'7d60     0x2  stm32f4xx_hal_can.o [1]
  .text              ro code   0x800'7d62     0x2  stm32f4xx_hal_can.o [1]
  .text              ro code   0x800'7d64     0x2  stm32f4xx_hal_can.o [1]
  .text              ro code   0x800'7d66     0x2  stm32f4xx_hal_can.o [1]
  .text              ro code   0x800'7d68     0x2  stm32f4xx_hal_can.o [1]
  .text              ro code   0x800'7d6c   0x150  vega.o [1]
  .text              ro code   0x800'7ebc     0xe  math_wrappers64.o [3]
  .text              ro code   0x800'7ecc    0x68  DblToFlt.o [3]
  .text              ro code   0x800'7f34    0x9c  point_parser.o [1]
  .text              ro code   0x800'7fd0   0x174  iar_Stoulx.o [2]
  .text              ro code   0x800'8144    0x24  ABIassert.o [5]
  .text              ro code   0x800'8168    0x22  strspn.o [2]
  .text              ro code   0x800'818a    0x22  strcspn.o [2]
  .rodata            const     0x800'81ac    0x2c  cmd_func.o [1]
  .text              ro code   0x800'81d8   0x580  strto64.o [3]
  .text              ro code   0x800'8758    0x14  isspace.o [2]
  .text              ro code   0x800'876c    0x14  tolower.o [2]
  .text              ro code   0x800'8780   0x122  iar_Stopfx.o [2]
  .text              ro code   0x800'88a4   0x1c4  iar_Stoflt.o [2]
  .text              ro code   0x800'8a68   0x21c  iar_Stoxflt.o [2]
  .text              ro code   0x800'8c84    0x14  isalpha.o [2]
  .text              ro code   0x800'8c98   0x124  stm32f4xx_it.o [1]
  .text              ro code   0x800'8dbc    0x18  stm32f4xx_hal.o [1]
  .text              ro code   0x800'8dd4    0x60  system_stm32f4xx.o [1]
  .rodata            const     0x800'8e34    0x30  hash.o [1]
  .rodata            const     0x800'8e64    0x2c  cmd_func.o [1]
  .rodata            const     0x800'8e90    0x2c  cmd_func.o [1]
  .rodata            const     0x800'8ebc    0x28  cmd_func.o [1]
  .rodata            const     0x800'8ee4    0x28  vega.o [1]
  .text              ro code   0x800'8f0c    0x28  data_init.o [4]
  .rodata            const     0x800'8f34    0x24  cmd_func.o [1]
  .rodata            const     0x800'8f58    0x24  cmd_func.o [1]
  .text              ro code   0x800'8f7c    0x22  fpinit_M.o [3]
  .iar.init_table    const     0x800'8fa0    0x20  - Linker created -
  .rodata            const     0x800'8fc0    0x20  can_utils.o [1]
  .rodata            const     0x800'8fe0    0x20  cmd_func.o [1]
  .rodata            const     0x800'9000    0x20  cmd_func.o [1]
  .rodata            const     0x800'9020    0x20  cmd_func.o [1]
  .rodata            const     0x800'9040    0x20  hash.o [1]
  .rodata            const     0x800'9060    0x20  kickball.o [1]
  .rodata            const     0x800'9080    0x20  sensor_gpio.o [1]
  .rodata            const     0x800'90a0    0x20  sensor_gpio.o [1]
  .rodata            const     0x800'90c0    0x20  sensor_gpio.o [1]
  .rodata            const     0x800'90e0    0x20  vega.o [1]
  .rodata            const     0x800'9100    0x20  vega.o [1]
  .text              ro code   0x800'9120    0x1e  cmain.o [4]
  .text              ro code   0x800'913e     0x4  low_level_init.o [2]
  .text              ro code   0x800'9142     0x4  exit.o [2]
  .text              ro code   0x800'9148     0xa  cexit.o [4]
  .rodata            const     0x800'9154    0x1c  cmd_func.o [1]
  .rodata            const     0x800'9170    0x1c  cmd_func.o [1]
  .rodata            const     0x800'918c    0x1c  cmd_func.o [1]
  .rodata            const     0x800'91a8    0x1c  cmd_func.o [1]
  .rodata            const     0x800'91c4    0x1c  lcd.o [1]
  .rodata            const     0x800'91e0    0x1c  sensor_gpio.o [1]
  .rodata            const     0x800'91fc    0x1c  vega.o [1]
  .rodata            const     0x800'9218    0x18  cmd_func.o [1]
  .rodata            const     0x800'9230    0x18  cmd_func.o [1]
  .rodata            const     0x800'9248    0x18  cmd_func.o [1]
  .rodata            const     0x800'9260    0x18  cmd_func.o [1]
  .rodata            const     0x800'9278    0x18  cmd_func.o [1]
  .rodata            const     0x800'9290    0x18  cmd_func.o [1]
  .rodata            const     0x800'92a8    0x18  cmd_func.o [1]
  .rodata            const     0x800'92c0    0x18  cmd_func.o [1]
  .rodata            const     0x800'92d8    0x18  cmd_func.o [1]
  .rodata            const     0x800'92f0    0x18  laser.o [1]
  .rodata            const     0x800'9308    0x18  laser.o [1]
  .rodata            const     0x800'9320    0x18  simplelib.o [1]
  .rodata            const     0x800'9338    0x18  vega.o [1]
  .rodata            const     0x800'9350    0x14  cmd_func.o [1]
  .rodata            const     0x800'9364    0x14  cmd_func.o [1]
  .rodata            const     0x800'9378    0x14  cmd_func.o [1]
  .rodata            const     0x800'938c    0x14  cmd_func.o [1]
  .rodata            const     0x800'93a0    0x14  cmd_func.o [1]
  .rodata            const     0x800'93b4    0x14  cmd_func.o [1]
  .rodata            const     0x800'93c8    0x14  cmd_func.o [1]
  .rodata            const     0x800'93dc    0x14  cmd_func.o [1]
  .rodata            const     0x800'93f0    0x14  cmd_func.o [1]
  .rodata            const     0x800'9404    0x14  cmd_func.o [1]
  .rodata            const     0x800'9418    0x14  main.o [1]
  .rodata            const     0x800'942c    0x10  cmd.o [1]
  .rodata            const     0x800'943c    0x10  cmd.o [1]
  .rodata            const     0x800'944c    0x10  cmd_func.o [1]
  .rodata            const     0x800'945c    0x10  cmd_func.o [1]
  .rodata            const     0x800'946c    0x10  cmd_func.o [1]
  .rodata            const     0x800'947c    0x10  cmd_func.o [1]
  .rodata            const     0x800'948c    0x10  cmd_func.o [1]
  .rodata            const     0x800'949c    0x10  cmd_func.o [1]
  .rodata            const     0x800'94ac    0x10  cmd_func.o [1]
  .rodata            const     0x800'94bc    0x10  cmd_func.o [1]
  .rodata            const     0x800'94cc    0x10  laser.o [1]
  .rodata            const     0x800'94dc    0x10  laser.o [1]
  .rodata            const     0x800'94ec    0x10  laser.o [1]
  .rodata            const     0x800'94fc    0x10  laser.o [1]
  .rodata            const     0x800'950c    0x10  laser.o [1]
  .rodata            const     0x800'951c    0x10  system_stm32f4xx.o [1]
  .text              ro code   0x800'952c    0x10  startup_stm32f407xx.o [1]
  .rodata            const     0x800'953c     0xc  can_func.o [1]
  .rodata            const     0x800'9548     0xc  cmd.o [1]
  .rodata            const     0x800'9554     0xc  cmd_func.o [1]
  .rodata            const     0x800'9560     0xc  cmd_func.o [1]
  .rodata            const     0x800'956c     0xc  cmd_func.o [1]
  .rodata            const     0x800'9578     0xc  cmd_func.o [1]
  .rodata            const     0x800'9584     0xc  hash.o [1]
  .rodata            const     0x800'9590     0xc  laser.o [1]
  .rodata            const     0x800'959c     0xc  point_parser.o [1]
  .text              ro code   0x800'95a8     0xc  cstartup_M.o [4]
  .rodata            const     0x800'95b4     0x8  cmd.o [1]
  .rodata            const     0x800'95bc     0x8  cmd.o [1]
  .rodata            const     0x800'95c4     0x8  cmd.o [1]
  .rodata            const     0x800'95cc     0x8  cmd_func.o [1]
  .rodata            const     0x800'95d4     0x8  hash.o [1]
  .rodata            const     0x800'95dc     0x8  laser.o [1]
  .rodata            const     0x800'95e4     0x8  laser.o [1]
  .rodata            const     0x800'95ec     0x8  stm32f4xx_hal_dma.o [1]
  .rodata            const     0x800'95f4     0x8  system_stm32f4xx.o [1]
  .rodata            const     0x800'95fc     0x8  vega.o [1]
  .rodata            const     0x800'9604     0x8  vega.o [1]
  .rodata            const     0x800'960c     0x6  xlocale_c.o [2]
  .text              ro code   0x800'9612     0x4  startup_stm32f407xx.o [1]
  .text              ro code   0x800'9616     0x4  startup_stm32f407xx.o [1]
  .text              ro code   0x800'961a     0x4  startup_stm32f407xx.o [1]
  .text              ro code   0x800'961e     0x4  startup_stm32f407xx.o [1]
  .text              ro code   0x800'9622     0x4  startup_stm32f407xx.o [1]
  .text              ro code   0x800'9626     0x4  startup_stm32f407xx.o [1]
  .text              ro code   0x800'962a     0x4  startup_stm32f407xx.o [1]
  .text              ro code   0x800'962e     0x4  startup_stm32f407xx.o [1]
  .text              ro code   0x800'9632     0x4  startup_stm32f407xx.o [1]
  .text              ro code   0x800'9636     0x4  startup_stm32f407xx.o [1]
  .text              ro code   0x800'963a     0x4  startup_stm32f407xx.o [1]
  .text              ro code   0x800'963e     0x4  startup_stm32f407xx.o [1]
  .text              ro code   0x800'9642     0x4  startup_stm32f407xx.o [1]
  .text              ro code   0x800'9646     0x4  startup_stm32f407xx.o [1]
  .text              ro code   0x800'964a     0x4  startup_stm32f407xx.o [1]
  .text              ro code   0x800'964e     0x4  startup_stm32f407xx.o [1]
  .text              ro code   0x800'9652     0x4  startup_stm32f407xx.o [1]
  .text              ro code   0x800'9656     0x4  startup_stm32f407xx.o [1]
  .text              ro code   0x800'965a     0x4  startup_stm32f407xx.o [1]
  .text              ro code   0x800'965e     0x4  startup_stm32f407xx.o [1]
  .text              ro code   0x800'9662     0x4  startup_stm32f407xx.o [1]
  .text              ro code   0x800'9666     0x4  startup_stm32f407xx.o [1]
  .text              ro code   0x800'966a     0x4  startup_stm32f407xx.o [1]
  .text              ro code   0x800'966e     0x4  startup_stm32f407xx.o [1]
  .text              ro code   0x800'9672     0x4  startup_stm32f407xx.o [1]
  .text              ro code   0x800'9676     0x4  startup_stm32f407xx.o [1]
  .text              ro code   0x800'967a     0x4  startup_stm32f407xx.o [1]
  .text              ro code   0x800'967e     0x4  startup_stm32f407xx.o [1]
  .text              ro code   0x800'9682     0x4  startup_stm32f407xx.o [1]
  .text              ro code   0x800'9686     0x4  startup_stm32f407xx.o [1]
  .text              ro code   0x800'968a     0x4  startup_stm32f407xx.o [1]
  .text              ro code   0x800'968e     0x4  startup_stm32f407xx.o [1]
  .text              ro code   0x800'9692     0x4  startup_stm32f407xx.o [1]
  .text              ro code   0x800'9696     0x4  startup_stm32f407xx.o [1]
  .text              ro code   0x800'969a     0x4  startup_stm32f407xx.o [1]
  .text              ro code   0x800'969e     0x4  startup_stm32f407xx.o [1]
  .text              ro code   0x800'96a2     0x4  startup_stm32f407xx.o [1]
  .text              ro code   0x800'96a6     0x4  startup_stm32f407xx.o [1]
  .text              ro code   0x800'96aa     0x4  startup_stm32f407xx.o [1]
  .text              ro code   0x800'96ae     0x4  startup_stm32f407xx.o [1]
  .text              ro code   0x800'96b2     0x4  startup_stm32f407xx.o [1]
  .text              ro code   0x800'96b6     0x4  startup_stm32f407xx.o [1]
  .text              ro code   0x800'96ba     0x4  startup_stm32f407xx.o [1]
  .text              ro code   0x800'96be     0x4  startup_stm32f407xx.o [1]
  .text              ro code   0x800'96c2     0x4  startup_stm32f407xx.o [1]
  .text              ro code   0x800'96c6     0x4  startup_stm32f407xx.o [1]
  .text              ro code   0x800'96ca     0x4  startup_stm32f407xx.o [1]
  .text              ro code   0x800'96ce     0x4  startup_stm32f407xx.o [1]
  .text              ro code   0x800'96d2     0x4  startup_stm32f407xx.o [1]
  .text              ro code   0x800'96d6     0x4  startup_stm32f407xx.o [1]
  .text              ro code   0x800'96da     0x4  startup_stm32f407xx.o [1]
  .text              ro code   0x800'96de     0x4  startup_stm32f407xx.o [1]
  .text              ro code   0x800'96e2     0x4  startup_stm32f407xx.o [1]
  .text              ro code   0x800'96e6     0x4  startup_stm32f407xx.o [1]
  .text              ro code   0x800'96ea     0x4  startup_stm32f407xx.o [1]
  .text              ro code   0x800'96ee     0x4  startup_stm32f407xx.o [1]
  .text              ro code   0x800'96f2     0x4  startup_stm32f407xx.o [1]
  .text              ro code   0x800'96f6     0x4  startup_stm32f407xx.o [1]
  .text              ro code   0x800'96fa     0x4  startup_stm32f407xx.o [1]
  .text              ro code   0x800'96fe     0x4  startup_stm32f407xx.o [1]
  .text              ro code   0x800'9702     0x4  startup_stm32f407xx.o [1]
  .text              ro code   0x800'9706     0x4  startup_stm32f407xx.o [1]
  .text              ro code   0x800'970a     0x4  startup_stm32f407xx.o [1]
  .text              ro code   0x800'970e     0x4  startup_stm32f407xx.o [1]
  .text              ro code   0x800'9712     0x4  startup_stm32f407xx.o [1]
  .text              ro code   0x800'9716     0x4  startup_stm32f407xx.o [1]
  .text              ro code   0x800'971a     0x4  startup_stm32f407xx.o [1]
  .rodata            const     0x800'971e     0x0  zero_init3.o [4]
  .rodata            const     0x800'971e     0x0  lz77_init_single.o [4]
  Initializer bytes  const     0x800'971e    0xfa  <for P2-1>
                             - 0x800'9818  0x9690

"P2", part 1 of 3:                          0x219
  P2-1                        0x2000'0000   0x219  <Init block>
    .data            inited   0x2000'0000     0x4  can_utils.o [1]
    .data            inited   0x2000'0004     0x4  cmd.o [1]
    .data            inited   0x2000'0008     0x4  kickball.o [1]
    .data            inited   0x2000'000c     0x4  kickball.o [1]
    .data            inited   0x2000'0010     0x4  kickball.o [1]
    .data            inited   0x2000'0014     0x4  kickball.o [1]
    .data            inited   0x2000'0018     0x4  kickball.o [1]
    .data            inited   0x2000'001c    0x14  kickball.o [1]
    .data            inited   0x2000'0030   0x150  point_parser.o [1]
    .data            inited   0x2000'0180     0x4  sensor_gpio.o [1]
    .data            inited   0x2000'0184     0x4  stm32f4xx_hal.o [1]
    .data            inited   0x2000'0188     0x4  system_stm32f4xx.o [1]
    .data            inited   0x2000'018c     0xc  vega.o [1]
    .data            inited   0x2000'0198    0x38  xlocale_c.o [2]
    .data            inited   0x2000'01d0    0x48  xlocale_c.o [2]
    .data            inited   0x2000'0218     0x1  stm32f4xx_hal.o [1]
                            - 0x2000'0219   0x219

"P2", part 2 of 3:                         0xc9cc
  .bss               zero     0x2000'021c   0xfa0  point.o [1]
  .bss               zero     0x2000'11bc   0xfa0  point.o [1]
  .bss               zero     0x2000'215c   0xfa0  point.o [1]
  .bss               zero     0x2000'30fc   0xfa0  point.o [1]
  .bss               zero     0x2000'409c   0xfa0  point.o [1]
  .bss               zero     0x2000'503c   0xfa0  point.o [1]
  .bss               zero     0x2000'5fdc   0xfa0  point.o [1]
  .bss               zero     0x2000'6f7c   0xfa0  point.o [1]
  .bss               zero     0x2000'7f1c   0xfa0  point.o [1]
  .bss               zero     0x2000'8ebc   0xfa0  point.o [1]
  .bss               zero     0x2000'9e5c   0xfa0  point.o [1]
  .bss               zero     0x2000'adfc   0xfa0  point.o [1]
  .bss               zero     0x2000'bd9c   0x1d8  dlmalloc.o [2]
  .bss               zero     0x2000'bf74   0x190  lcd.o [1]
  .bss               zero     0x2000'c104    0x78  laser.o [1]
  .bss               zero     0x2000'c17c    0x68  cmd.o [1]
  .bss               zero     0x2000'c1e4    0x64  cmd.o [1]
  .bss               zero     0x2000'c248    0x64  cmd.o [1]
  .bss               zero     0x2000'c2ac    0x64  cmd.o [1]
  .bss               zero     0x2000'c310    0x64  cmd.o [1]
  .bss               zero     0x2000'c374    0x60  adc.o [1]
  .bss               zero     0x2000'c3d4    0x60  usart.o [1]
  .bss               zero     0x2000'c434    0x60  usart.o [1]
  .bss               zero     0x2000'c494    0x60  usart.o [1]
  .bss               zero     0x2000'c4f4    0x60  usart.o [1]
  .bss               zero     0x2000'c554    0x60  usart.o [1]
  .bss               zero     0x2000'c5b4    0x60  usart.o [1]
  .bss               zero     0x2000'c614    0x60  usart.o [1]
  .bss               zero     0x2000'c674    0x60  usart.o [1]
  .bss               zero     0x2000'c6d4    0x58  chassis.o [1]
  .bss               zero     0x2000'c72c    0x48  adc.o [1]
  .bss               zero     0x2000'c774    0x48  laser.o [1]
  .bss               zero     0x2000'c7bc    0x48  laser.o [1]
  .bss               zero     0x2000'c804    0x48  laser.o [1]
  .bss               zero     0x2000'c84c    0x40  cmd.o [1]
  .bss               zero     0x2000'c88c    0x40  usart.o [1]
  .bss               zero     0x2000'c8cc    0x40  usart.o [1]
  .bss               zero     0x2000'c90c    0x40  usart.o [1]
  .bss               zero     0x2000'c94c    0x40  usart.o [1]
  .bss               zero     0x2000'c98c    0x40  usart.o [1]
  .bss               zero     0x2000'c9cc    0x40  usart.o [1]
  .bss               zero     0x2000'ca0c    0x30  cmd.o [1]
  .bss               zero     0x2000'ca3c    0x28  can.o [1]
  .bss               zero     0x2000'ca64    0x28  can_utils.o [1]
  .bss               zero     0x2000'ca8c    0x24  main.o [1]
  .bss               zero     0x2000'cab0    0x20  chassis.o [1]
  .bss               zero     0x2000'cad0    0x1c  can_utils.o [1]
  .bss               zero     0x2000'caec    0x18  can_utils.o [1]
  .bss               zero     0x2000'cb04    0x18  cmd.o [1]
  .bss               zero     0x2000'cb1c    0x18  dlmalloc.o [2]
  .bss               zero     0x2000'cb34    0x10  configure.o [1]
  .bss               zero     0x2000'cb44    0x10  configure.o [1]
  .bss               zero     0x2000'cb58     0x8  can_utils.o [1]
  .bss               zero     0x2000'cb60     0x8  can_utils.o [1]
  .bss               zero     0x2000'cb68     0x4  can_utils.o [1]
  .bss               zero     0x2000'cb6c     0x4  can_utils.o [1]
  .bss               zero     0x2000'cb70     0x4  can_utils.o [1]
  .bss               zero     0x2000'cb74     0x4  can_utils.o [1]
  .bss               zero     0x2000'cb78     0x4  cmd.o [1]
  .bss               zero     0x2000'cb7c     0x4  cmd.o [1]
  .bss               zero     0x2000'cb80     0x4  cmd.o [1]
  .bss               zero     0x2000'cb84     0x4  flags.o [1]
  .bss               zero     0x2000'cb88     0x4  flags.o [1]
  .bss               zero     0x2000'cb8c     0x4  kickball.o [1]
  .bss               zero     0x2000'cb90     0x4  kickball.o [1]
  .bss               zero     0x2000'cb94     0x4  kickball.o [1]
  .bss               zero     0x2000'cb98     0x4  kickball.o [1]
  .bss               zero     0x2000'cb9c     0x4  kickball.o [1]
  .bss               zero     0x2000'cba0     0x4  kickball.o [1]
  .bss               zero     0x2000'cba4     0x4  lcd.o [1]
  .bss               zero     0x2000'cba8     0x4  lcd.o [1]
  .bss               zero     0x2000'cbac     0x4  main.o [1]
  .bss               zero     0x2000'cbb0     0x4  robomaster.o [1]
  .bss               zero     0x2000'cbb4     0x4  robomaster.o [1]
  .bss               zero     0x2000'cbb8     0x4  sensor_gpio.o [1]
  .bss               zero     0x2000'cbbc     0x4  sensor_gpio.o [1]
  .bss               zero     0x2000'cbc0     0x4  sensor_gpio.o [1]
  .bss               zero     0x2000'cbc4     0x4  stm32f4xx_hal.o [1]
  .bss               zero     0x2000'cbc8     0x4  touchdown.o [1]
  .bss               zero     0x2000'cbcc     0x4  touchdown.o [1]
  .bss               zero     0x2000'cbd0     0x4  vesc_can.o [1]
  .bss               zero     0x2000'cbd4     0x4  vesc_can.o [1]
  .bss               zero     0x2000'cbd8     0x4  strtok.o [2]
  .bss               zero     0x2000'cbdc     0x4  xfail_s.o [2]
  .bss               zero     0x2000'cbe0     0x4  xgetmemchunk.o [2]
  .bss               zero     0x2000'cbe4     0x2  main.o [1]
  .bss               zero     0x2000'cbe6     0x1  kickball.o [1]
  .bss               zero     0x2000'cbe7     0x1  touchdown.o [1]
                            - 0x2000'cbe8  0xc9cc

"P2", part 3 of 3:                         0x2200
  CSTACK                      0x2000'cbe8  0x1200  <Block>
    CSTACK           uninit   0x2000'cbe8  0x1200  <Block tail>
  HEAP                        0x2000'dde8  0x1000  <Block>
    HEAP             uninit   0x2000'dde8  0x1000  <Block tail>
                            - 0x2000'ede8  0x2200

Unused ranges:

         From           To      Size
         ----           --      ----
   0x800'9818   0x80f'ffff  0xf'67e8
  0x2000'0219  0x2000'021b       0x3
  0x2000'ede8  0x2001'ffff  0x1'1218


*******************************************************************************
*** INIT TABLE
***

          Address      Size
          -------      ----
Zero (__iar_zero_init3)
    1 destination range, total size 0xc9cc:
          0x2000'021c  0xc9cc

Copy/lz77 (__iar_lz77_init_single3)
    1 source range, total size 0xfa (46% of destination):
           0x800'971e    0xfa
    1 destination range, total size 0x219:
          0x2000'0000   0x219



*******************************************************************************
*** MODULE SUMMARY
***

    Module                  ro code  ro data  rw data
    ------                  -------  -------  -------
command line/config:
    -------------------------------------------------
    Total:

E:\Robocon_Value\Chassis\EWARM\Chassis\Obj: [1]
    adc.o                       304               168
    can.o                       212                40
    can_func.o                   32       12
    can_utils.o                 562       33      128
    chassis.o                                     120
    cmd.o                     1 092       70      656
    cmd_func.o                1 496    1 052
    configure.o                  52                32
    dma.o                       200
    flags.o                                         8
    gpio.o                      360
    hash.o                      548      100
    kickball.o                  600       51       65
    laser.o                     420      156      336
    lcd.o                       288       28      408
    main.o                      562       20       42
    point.o                                    48 000
    point_parser.o              156      168      336
    robomaster.o                196                 8
    sensor_gpio.o               224      126       16
    simplelib.o                  92       24
    startup_stm32f407xx.o       676
    stm32f4xx_hal.o             164        3        9
    stm32f4xx_hal_adc.o       1 396
    stm32f4xx_hal_can.o       2 034
    stm32f4xx_hal_cortex.o      344
    stm32f4xx_hal_dma.o       1 360        8
    stm32f4xx_hal_gpio.o        668
    stm32f4xx_hal_msp.o          64
    stm32f4xx_hal_rcc.o       1 444
    stm32f4xx_hal_uart.o      2 626
    stm32f4xx_it.o              292
    system_stm32f4xx.o           96       26        4
    touchdown.o                 128                 9
    usart.o                   1 660             1 152
    vega.o                      336      177       12
    vesc_can.o                  392                 8
    -------------------------------------------------
    Total:                   21 076    2 054   51 557

dl7M_tlf.a: [2]
    abort.o                       6
    dlmalloc.o                3 968               496
    exit.o                        4
    iar_Stoflt.o                452
    iar_Stopfx.o                290
    iar_Stoulx.o                372
    iar_Stoxflt.o               540
    isalpha.o                    20
    isspace.o                    20
    low_level_init.o              4
    strcspn.o                    34
    strspn.o                     34
    strtok.o                     76                 4
    tolower.o                    20
    vsnprint.o                   60
    xencoding_8859_1.o           30
    xfail_s.o                    64                 4
    xgetmemchunk.o               44                 4
    xlocale_c.o                 180       66      128
    xmbcurmax.o                  10
    xprintffull.o             3 962
    xsnprout.o                   26
    -------------------------------------------------
    Total:                   10 216       66      636

m7M_tls.a: [3]
    DblAdd.o                    378
    DblCmpGe.o                   46
    DblCmpLe.o                   46
    DblDiv.o                    582
    DblMul.o                    418
    DblSub.o                    226
    DblToFlt.o                  104
    DblToS32.o                   58
    DblToU32.o                   40
    FltToDbl.o                   72
    S32ToDbl.o                   34
    U32ToDbl.o                   26
    fpinit_M.o                   34
    frexp.o                     112
    ldexp.o                     314
    math_wrappers64.o            14
    strto64.o                 1 408
    -------------------------------------------------
    Total:                    3 912

rt7M_tl.a: [4]
    ABImemclr4.o                  6
    ABImemcpy.o                 166
    ABImemset.o                 102
    ABImemset48.o                50
    I64DivMod.o                 560
    I64DivZer.o                   2
    cexit.o                      10
    cmain.o                      30
    cstartup_M.o                 12
    data_init.o                  40
    lz77_init_single.o          122
    memchr.o                     88
    strchr.o                     22
    strcmp.o                     74
    strcpy.o                     76
    strlen.o                     54
    zero_init3.o                 58
    -------------------------------------------------
    Total:                    1 472

shb_l.a: [5]
    ABIassert.o                  36
    exit.o                       20
    -------------------------------------------------
    Total:                       56

    Gaps                         48        4        4
    Linker created                        32    8 704
-----------------------------------------------------
    Grand Total:             36 780    2 156   60 901


*******************************************************************************
*** ENTRY LIST
***

Entry                       Address   Size  Type      Object
-----                       -------   ----  ----      ------
.iar.init_table$$Base    0x800'8fa0          --   Gb  - Linker created -
.iar.init_table$$Limit   0x800'8fc0          --   Gb  - Linker created -
?main                    0x800'9121         Code  Gb  cmain.o [4]
ADC_DMAConvCplt          0x800'68ad   0x7a  Code  Lc  stm32f4xx_hal_adc.o [1]
ADC_DMAError             0x800'6939   0x1a  Code  Lc  stm32f4xx_hal_adc.o [1]
ADC_DMAHalfConvCplt      0x800'6929    0xe  Code  Lc  stm32f4xx_hal_adc.o [1]
ADC_Init                 0x800'672b  0x15a  Code  Lc  stm32f4xx_hal_adc.o [1]
AHBPrescTable            0x800'951c   0x10  Data  Gb  system_stm32f4xx.o [1]
APBPrescTable            0x800'95f4    0x8  Data  Gb  system_stm32f4xx.o [1]
BusFault_Handler         0x800'8c9f    0x2  Code  Gb  stm32f4xx_it.o [1]
CAN1_RX0_IRQHandler      0x800'8ce7    0xa  Code  Gb  stm32f4xx_it.o [1]
CAN_config               0x800'7815   0x52  Code  Lc  can_utils.o [1]
CMD_USART               0x2000'c84c   0x40  Data  Gb  cmd.o [1]
CSTACK$$Base            0x2000'cbe8          --   Gb  - Linker created -
CSTACK$$Limit           0x2000'dde8          --   Gb  - Linker created -
CacheMore                0x800'21bd   0x24  Code  Lc  xlocale_c.o [2]
DMA1_Stream0_IRQHandler
                         0x800'8cb5    0xa  Code  Gb  stm32f4xx_it.o [1]
DMA1_Stream1_IRQHandler
                         0x800'8cbf    0xa  Code  Gb  stm32f4xx_it.o [1]
DMA1_Stream3_IRQHandler
                         0x800'8cc9    0xa  Code  Gb  stm32f4xx_it.o [1]
DMA1_Stream5_IRQHandler
                         0x800'8cd3    0xa  Code  Gb  stm32f4xx_it.o [1]
DMA1_Stream6_IRQHandler
                         0x800'8cdd    0xa  Code  Gb  stm32f4xx_it.o [1]
DMA1_Stream7_IRQHandler
                         0x800'8d3f    0xa  Code  Gb  stm32f4xx_it.o [1]
DMA2_Stream0_IRQHandler
                         0x800'8d61    0xa  Code  Gb  stm32f4xx_it.o [1]
DMA2_Stream2_IRQHandler
                         0x800'8d6b    0xa  Code  Gb  stm32f4xx_it.o [1]
DMA2_Stream7_IRQHandler
                         0x800'8d75    0xa  Code  Gb  stm32f4xx_it.o [1]
DMAUSART_RX_BUF         0x2000'c248   0x64  Data  Gb  cmd.o [1]
DMAUSART_RX_BUF_vega    0x2000'c2ac   0x64  Data  Gb  cmd.o [1]
DMA_CalcBaseAndBitshift
                         0x800'4465   0x30  Code  Lc  stm32f4xx_hal_dma.o [1]
DMA_CalcBaseAndBitshift::flagBitshiftOffset
                         0x800'95ec    0x8  Data  Lc  stm32f4xx_hal_dma.o [1]
DMA_CheckFifoParam       0x800'44a5   0x9c  Code  Lc  stm32f4xx_hal_dma.o [1]
DMA_RxOK_Flag           0x2000'cb88    0x4  Data  Gb  flags.o [1]
DMA_RxOK_Flag_vega      0x2000'cb80    0x4  Data  Gb  cmd.o [1]
DMA_SetConfig            0x800'4437   0x2e  Code  Lc  stm32f4xx_hal_dma.o [1]
DMAaRxBuffer            0x2000'c1e4   0x64  Data  Gb  cmd.o [1]
DMAaRxBuffer_vega       0x2000'c310   0x64  Data  Gb  cmd.o [1]
DebugMon_Handler         0x800'8ca5    0x2  Code  Gb  stm32f4xx_it.o [1]
Dtentox                  0x800'837d  0x192  Code  Lc  strto64.o [3]
Error_Handler            0x800'49a1    0x2  Code  Gb  main.o [1]
HAL_ADC_ConfigChannel    0x800'65af  0x17c  Code  Gb  stm32f4xx_hal_adc.o [1]
HAL_ADC_Init             0x800'63e5   0x66  Code  Gb  stm32f4xx_hal_adc.o [1]
HAL_ADC_MspInit          0x800'50bf   0xa2  Code  Gb  adc.o [1]
HAL_ADC_Start_DMA        0x800'644b  0x164  Code  Gb  stm32f4xx_hal_adc.o [1]
HAL_CAN_ActivateNotification
                         0x800'6ed9   0x34  Code  Gb  stm32f4xx_hal_can.o [1]
HAL_CAN_AddTxMessage     0x800'6c49  0x138  Code  Gb  stm32f4xx_hal_can.o [1]
HAL_CAN_ConfigFilter     0x800'6ac1  0x128  Code  Gb  stm32f4xx_hal_can.o [1]
HAL_CAN_GetRxMessage     0x800'6d81  0x158  Code  Gb  stm32f4xx_hal_can.o [1]
HAL_CAN_IRQHandler       0x800'6f0d  0x224  Code  Gb  stm32f4xx_hal_can.o [1]
HAL_CAN_Init             0x800'6955  0x16c  Code  Gb  stm32f4xx_hal_can.o [1]
HAL_CAN_MspInit          0x800'51c7   0x78  Code  Gb  can.o [1]
HAL_CAN_RxFifo0FullCallback
                         0x800'7813    0x2  Code  Gb  can_utils.o [1]
HAL_CAN_RxFifo0MsgPendingCallback
                         0x800'7783   0x3a  Code  Gb  can_utils.o [1]
HAL_CAN_Start            0x800'6be9   0x5c  Code  Gb  stm32f4xx_hal_can.o [1]
HAL_DMA_Abort            0x800'416b   0x9c  Code  Gb  stm32f4xx_hal_dma.o [1]
HAL_DMA_Abort_IT         0x800'4207   0x28  Code  Gb  stm32f4xx_hal_dma.o [1]
HAL_DMA_IRQHandler       0x800'422f  0x208  Code  Gb  stm32f4xx_hal_dma.o [1]
HAL_DMA_Init             0x800'3ff1   0xe2  Code  Gb  stm32f4xx_hal_dma.o [1]
HAL_DMA_Start_IT         0x800'40d3   0x98  Code  Gb  stm32f4xx_hal_dma.o [1]
HAL_GPIO_Init            0x800'49ad  0x210  Code  Gb  stm32f4xx_hal_gpio.o [1]
HAL_GPIO_ReadPin         0x800'4bbd   0x16  Code  Gb  stm32f4xx_hal_gpio.o [1]
HAL_GPIO_TogglePin       0x800'4bed   0x22  Code  Gb  stm32f4xx_hal_gpio.o [1]
HAL_GPIO_WritePin        0x800'4bd3   0x1a  Code  Gb  stm32f4xx_hal_gpio.o [1]
HAL_GetTick              0x800'3fe5    0xc  Code  Wk  stm32f4xx_hal.o [1]
HAL_IncTick              0x800'8dbd   0x18  Code  Wk  stm32f4xx_hal.o [1]
HAL_Init                 0x800'4ded   0x30  Code  Gb  stm32f4xx_hal.o [1]
HAL_InitTick             0x800'4da1   0x4c  Code  Wk  stm32f4xx_hal.o [1]
HAL_MspInit              0x800'63a5   0x40  Code  Gb  stm32f4xx_hal_msp.o [1]
HAL_NVIC_EnableIRQ       0x800'4d67    0xe  Code  Gb  stm32f4xx_hal_cortex.o [1]
HAL_NVIC_SetPriority     0x800'4d3d   0x2a  Code  Gb  stm32f4xx_hal_cortex.o [1]
HAL_NVIC_SetPriorityGrouping
                         0x800'4d31    0xc  Code  Gb  stm32f4xx_hal_cortex.o [1]
HAL_RCC_ClockConfig      0x800'454d  0x13e  Code  Gb  stm32f4xx_hal_rcc.o [1]
HAL_RCC_GetHCLKFreq      0x800'468b    0x6  Code  Gb  stm32f4xx_hal_rcc.o [1]
HAL_RCC_GetPCLK1Freq     0x800'4691   0x16  Code  Gb  stm32f4xx_hal_rcc.o [1]
HAL_RCC_GetPCLK2Freq     0x800'46a7   0x16  Code  Gb  stm32f4xx_hal_rcc.o [1]
HAL_RCC_OscConfig        0x800'5bad  0x380  Code  Wk  stm32f4xx_hal_rcc.o [1]
HAL_SYSTICK_Config       0x800'4d75    0xc  Code  Gb  stm32f4xx_hal_cortex.o [1]
HAL_UART_DMAStop         0x800'31d3   0x72  Code  Gb  stm32f4xx_hal_uart.o [1]
HAL_UART_IDLECallback    0x800'5fe5   0xf8  Code  Gb  cmd.o [1]
HAL_UART_IRQHandler      0x800'3245  0x14a  Code  Gb  stm32f4xx_hal_uart.o [1]
HAL_UART_Init            0x800'2f31   0x76  Code  Gb  stm32f4xx_hal_uart.o [1]
HAL_UART_MspInit         0x800'3ab9  0x4a0  Code  Gb  usart.o [1]
HAL_UART_Receive_DMA     0x800'311d   0xb6  Code  Gb  stm32f4xx_hal_uart.o [1]
HAL_UART_Transmit        0x800'2fa7   0xe0  Code  Gb  stm32f4xx_hal_uart.o [1]
HAL_UART_Transmit_DMA    0x800'3087   0x96  Code  Gb  stm32f4xx_hal_uart.o [1]
HCAN                    0x2000'ca64   0x28  Data  Gb  can_utils.o [1]
HEAP$$Base              0x2000'dde8          --   Gb  - Linker created -
HEAP$$Limit             0x2000'ede8          --   Gb  - Linker created -
HardFault_Handler        0x800'8c9b    0x2  Code  Gb  stm32f4xx_it.o [1]
HashTable_create         0x800'7a2b   0x5c  Code  Gb  hash.o [1]
HashTable_get            0x800'7b21   0x60  Code  Gb  hash.o [1]
HashTable_insert         0x800'7a87   0x9a  Code  Gb  hash.o [1]
HashTable_map            0x800'7b81   0x74  Code  Gb  hash.o [1]
LoadInt                  0x800'138b   0x7a  Code  Lc  xprintffull.o [2]
MX_ADC1_Init             0x800'5051   0x6e  Code  Gb  adc.o [1]
MX_CAN1_Init             0x800'5181   0x46  Code  Gb  can.o [1]
MX_DMA_Init              0x800'4f89   0xc8  Code  Gb  dma.o [1]
MX_GPIO_Init             0x800'4e21  0x168  Code  Gb  gpio.o [1]
MX_UART4_Init            0x800'3969   0x38  Code  Gb  usart.o [1]
MX_UART5_Init            0x800'39a1   0x38  Code  Gb  usart.o [1]
MX_USART1_UART_Init      0x800'39d9   0x38  Code  Gb  usart.o [1]
MX_USART2_UART_Init      0x800'3a11   0x38  Code  Gb  usart.o [1]
MX_USART3_UART_Init      0x800'3a49   0x38  Code  Gb  usart.o [1]
MX_USART6_UART_Init      0x800'3a81   0x38  Code  Gb  usart.o [1]
MemManage_Handler        0x800'8c9d    0x2  Code  Gb  stm32f4xx_it.o [1]
NMI_Handler              0x800'8c99    0x2  Code  Gb  stm32f4xx_it.o [1]
NVIC_EncodePriority      0x800'4cc1   0x40  Code  Lc  stm32f4xx_hal_cortex.o [1]
PendSV_Handler           0x800'8ca7    0x2  Code  Gb  stm32f4xx_it.o [1]
Region$$Table$$Base      0x800'8fa0          --   Gb  - Linker created -
Region$$Table$$Limit     0x800'8fc0          --   Gb  - Linker created -
RxHeader                0x2000'cad0   0x1c  Data  Gb  can_utils.o [1]
SVC_Handler              0x800'8ca3    0x2  Code  Gb  stm32f4xx_it.o [1]
SysTick_Config           0x800'4d01   0x30  Code  Lc  stm32f4xx_hal_cortex.o [1]
SysTick_Handler          0x800'8ca9    0xc  Code  Gb  stm32f4xx_it.o [1]
SystemClock_Config       0x800'4815   0xa2  Code  Gb  main.o [1]
SystemCoreClock         0x2000'0188    0x4  Data  Gb  system_stm32f4xx.o [1]
SystemInit               0x800'8dd5   0x40  Code  Gb  system_stm32f4xx.o [1]
TxHeader                0x2000'caec   0x18  Data  Gb  can_utils.o [1]
TxMailbox               0x2000'cb6c    0x4  Data  Gb  can_utils.o [1]
UART5_IRQHandler         0x800'8d49   0x18  Code  Gb  stm32f4xx_it.o [1]
UART_DMAAbortOnError     0x800'3525   0x16  Code  Lc  stm32f4xx_hal_uart.o [1]
UART_DMAError            0x800'3429   0x58  Code  Lc  stm32f4xx_hal_uart.o [1]
UART_DMAReceiveCplt      0x800'33d5   0x44  Code  Lc  stm32f4xx_hal_uart.o [1]
UART_DMARxHalfCplt       0x800'3419    0xe  Code  Lc  stm32f4xx_hal_uart.o [1]
UART_DMATransmitCplt     0x800'3391   0x34  Code  Lc  stm32f4xx_hal_uart.o [1]
UART_DMATxHalfCplt       0x800'33c5    0xe  Code  Lc  stm32f4xx_hal_uart.o [1]
UART_EndRxTransfer       0x800'3503   0x20  Code  Lc  stm32f4xx_hal_uart.o [1]
UART_EndTransmit_IT      0x800'35ab   0x20  Code  Lc  stm32f4xx_hal_uart.o [1]
UART_EndTxTransfer       0x800'34ef   0x14  Code  Lc  stm32f4xx_hal_uart.o [1]
UART_Receive_IT          0x800'35cb   0xae  Code  Lc  stm32f4xx_hal_uart.o [1]
UART_SetConfig           0x800'3679  0x2e2  Code  Lc  stm32f4xx_hal_uart.o [1]
UART_Transmit_IT         0x800'353d   0x6e  Code  Lc  stm32f4xx_hal_uart.o [1]
UART_WaitOnFlagUntilTimeout
                         0x800'3481   0x6e  Code  Lc  stm32f4xx_hal_uart.o [1]
USART1_IRQHandler        0x800'8cf1   0x1a  Code  Gb  stm32f4xx_it.o [1]
USART2_IRQHandler        0x800'8d0b   0x1a  Code  Gb  stm32f4xx_it.o [1]
USART3_IRQHandler        0x800'8d25   0x1a  Code  Gb  stm32f4xx_it.o [1]
UsageFault_Handler       0x800'8ca1    0x2  Code  Gb  stm32f4xx_it.o [1]
_Encoding_8859_1_Mbrlen
                         0x800'2259    0x2  Code  Gb  xencoding_8859_1.o [2]
_Encoding_8859_1_Wctomb
                         0x800'2247   0x12  Code  Gb  xencoding_8859_1.o [2]
_GenldFull               0x800'1e1d  0x274  Code  Lc  xprintffull.o [2]
_LdtobFull               0x800'19f1  0x400  Code  Lc  xprintffull.o [2]
_LitobFull               0x800'1899  0x112  Code  Lc  xprintffull.o [2]
_LocaleC_isalpha         0x800'2183    0xc  Code  Gb  xlocale_c.o [2]
_LocaleC_islower         0x800'217d    0x4  Code  Gb  xlocale_c.o [2]
_LocaleC_isspace         0x800'2199   0x14  Code  Gb  xlocale_c.o [2]
_LocaleC_isupper         0x800'2181    0x2  Code  Gb  xlocale_c.o [2]
_LocaleC_tolower         0x800'21ad    0xc  Code  Gb  xlocale_c.o [2]
_Locale_lconv           0x2000'0198   0x38  Data  Lc  xlocale_c.o [2]
_PrintfFull              0x800'11c9  0x1aa  Code  Gb  xprintffull.o [2]
_PutcharsFull            0x800'2091   0x2e  Code  Lc  xprintffull.o [2]
_PutfldFull              0x800'1405  0x2d8  Code  Lc  xprintffull.o [2]
_PutstrFull              0x800'17d3   0xc6  Code  Lc  xprintffull.o [2]
_PuttxtFull              0x800'16dd   0xf6  Code  Lc  xprintffull.o [2]
_SNProut                 0x800'22db   0x1a  Code  Gb  xsnprout.o [2]
_Strtok_ssave           0x2000'cbd8    0x4  Data  Lc  strtok.o [2]
__NVIC_EnableIRQ         0x800'4c77   0x1e  Code  Lc  stm32f4xx_hal_cortex.o [1]
__NVIC_GetPriorityGrouping
                         0x800'4c6b    0xc  Code  Lc  stm32f4xx_hal_cortex.o [1]
__NVIC_SetPriority       0x800'4c95   0x2c  Code  Lc  stm32f4xx_hal_cortex.o [1]
__NVIC_SetPriorityGrouping
                         0x800'4c49   0x22  Code  Lc  stm32f4xx_hal_cortex.o [1]
__aeabi_assert           0x800'8145   0x24  Code  Gb  ABIassert.o [5]
__aeabi_cdcmple          0x800'2845         Code  Gb  DblCmpLe.o [3]
__aeabi_cdrcmple         0x800'2875         Code  Gb  DblCmpGe.o [3]
__aeabi_d2f              0x800'7ecd         Code  Gb  DblToFlt.o [3]
__aeabi_d2iz             0x800'29e1         Code  Gb  DblToS32.o [3]
__aeabi_d2uiz            0x800'2d6d         Code  Gb  DblToU32.o [3]
__aeabi_dadd             0x800'2db5         Code  Gb  DblAdd.o [3]
__aeabi_ddiv             0x800'2b25         Code  Gb  DblDiv.o [3]
__aeabi_dmul             0x800'2631         Code  Gb  DblMul.o [3]
__aeabi_dsub             0x800'2a41         Code  Gb  DblSub.o [3]
__aeabi_f2d              0x800'795d         Code  Gb  FltToDbl.o [3]
__aeabi_i2d              0x800'2a1d         Code  Gb  S32ToDbl.o [3]
__aeabi_ldiv0            0x800'2db1         Code  Gb  I64DivZer.o [4]
__aeabi_memclr4          0x800'49a5         Code  Gb  ABImemclr4.o [4]
__aeabi_memcpy           0x800'2359         Code  Gb  ABImemcpy.o [4]
__aeabi_memcpy4          0x800'2379         Code  Gb  ABImemcpy.o [4]
__aeabi_memcpy8          0x800'2379         Code  Gb  ABImemcpy.o [4]
__aeabi_memset           0x800'7c15         Code  Gb  ABImemset.o [4]
__aeabi_ui2d             0x800'2d95         Code  Gb  U32ToDbl.o [3]
__aeabi_uldivmod         0x800'2401         Code  Gb  I64DivMod.o [4]
__cmain                  0x800'9121         Code  Gb  cmain.o [4]
__data_GetMemChunk       0x800'1189   0x2c  Code  Gb  xgetmemchunk.o [2]
__data_GetMemChunk::start
                        0x2000'cbe0    0x4  Data  Lc  xgetmemchunk.o [2]
__exit                   0x800'11b5   0x14  Code  Gb  exit.o [5]
__iar_Fail_s             0x800'2265   0x1c  Code  Gb  xfail_s.o [2]
__iar_Mbcurmax           0x800'234d    0xa  Code  Gb  xmbcurmax.o [2]
__iar_Memchr             0x800'22f5         Code  Gb  memchr.o [4]
__iar_Memset             0x800'7c15         Code  Gb  ABImemset.o [4]
__iar_Memset4_word       0x800'6371         Code  Gb  ABImemset48.o [4]
__iar_Memset8_word       0x800'6371         Code  Gb  ABImemset48.o [4]
__iar_Memset_word        0x800'7c1d         Code  Gb  ABImemset.o [4]
__iar_Sto64              0x800'8521  0x19e  Code  Gb  strto64.o [3]
__iar_Stoflt             0x800'88a5  0x1c4  Code  Gb  iar_Stoflt.o [2]
__iar_Stopfx             0x800'8781  0x122  Code  Gb  iar_Stopfx.o [2]
__iar_Stoulx             0x800'7fd1  0x112  Code  Gb  iar_Stoulx.o [2]
__iar_Stoxflt            0x800'8a69  0x1e6  Code  Gb  iar_Stoxflt.o [2]
__iar_Stoxflt::digits    0x800'8c54   0x18  Data  Lc  iar_Stoxflt.o [2]
__iar_Stoxflt::vals      0x800'8c6c   0x18  Data  Lc  iar_Stoxflt.o [2]
__iar_Strchr             0x800'2231         Code  Gb  strchr.o [4]
__iar_dadd               0x800'2a51         Code  Gb  DblSub.o [3]
__iar_data_init3         0x800'8f0d   0x28  Code  Gb  data_init.o [4]
__iar_dlmalloc           0x800'0e4d  0x2b6  Code  Gb  dlmalloc.o [2]
__iar_dsub               0x800'2dc5         Code  Gb  DblAdd.o [3]
__iar_dsubStart          0x800'2dd7         Code  Gb  DblAdd.o [3]
__iar_frexp              0x800'27e1         Code  Gb  frexp.o [3]
__iar_frexpl             0x800'27e1         Code  Gb  frexp.o [3]
__iar_globLocale        0x2000'01d0   0x48  Data  Lc  xlocale_c.o [2]
__iar_global_Locale      0x800'21b9    0x4  Code  Gb  xlocale_c.o [2]
__iar_init_vfp           0x800'8f7d         Code  Gb  fpinit_M.o [3]
__iar_ldexp64            0x800'28a5         Code  Gb  ldexp.o [3]
__iar_lz77_init_single3
                         0x800'110f   0x7a  Code  Gb  lz77_init_single.o [4]
__iar_program_start      0x800'95a9         Code  Gb  cstartup_M.o [4]
__iar_scalbln64          0x800'28a5         Code  Gb  ldexp.o [3]
__iar_scalbn64           0x800'28a5         Code  Gb  ldexp.o [3]
__iar_softfp___iar_frexp64
                         0x800'27d5         Code  Gb  frexp.o [3]
__iar_softfp_frexp       0x800'27d5         Code  Gb  frexp.o [3]
__iar_softfp_frexpl      0x800'27d5         Code  Gb  frexp.o [3]
__iar_vfp_atof           0x800'7ec3    0x8  Code  Gb  math_wrappers64.o [3]
__iar_zero_init3         0x800'2143   0x3a  Code  Gb  zero_init3.o [4]
__low_level_init         0x800'913f    0x4  Code  Gb  low_level_init.o [2]
__vector_table           0x800'0000         Data  Gb  startup_stm32f407xx.o [1]
_call_main               0x800'912d         Code  Gb  cmain.o [4]
_cmd_help                0x800'624d   0x18  Code  Lc  cmd.o [1]
_exit                    0x800'9149         Code  Gb  cexit.o [4]
_gLocale_mblen           0x800'221d    0x4  Code  Gb  xlocale_c.o [2]
_gLocale_mblenInt        0x800'21e1   0x2c  Code  Gb  xlocale_c.o [2]
_gLocale_wctomb          0x800'2221    0x4  Code  Gb  xlocale_c.o [2]
_gLocale_wctombInt       0x800'2219    0x4  Code  Gb  xlocale_c.o [2]
_gm_                    0x2000'bd9c  0x1d8  Data  Lc  dlmalloc.o [2]
_main                    0x800'913b         Code  Gb  cmain.o [4]
abort                    0x800'1109    0x6  Code  Gb  abort.o [2]
add_segment              0x800'0551  0x1f2  Code  Lc  dlmalloc.o [2]
atof                     0x800'8705    0x8  Code  Gb  strto64.o [3]
atoi                     0x800'80e9    0x2  Code  Gb  iar_Stoulx.o [2]
buffer_append_int32      0x800'574d   0x32  Code  Gb  vesc_can.o [1]
buffer_count            0x2000'cb7c    0x4  Data  Gb  cmd.o [1]
can_callback_add         0x800'773d   0x1e  Code  Gb  can_utils.o [1]
can_callback_table      0x2000'cb74    0x4  Data  Lc  can_utils.o [1]
can_exc_callback         0x800'775b   0x28  Code  Gb  can_utils.o [1]
can_exc_callback_flag   0x2000'cb84    0x4  Data  Gb  flags.o [1]
can_ext_send_msg         0x800'77eb   0x28  Code  Gb  can_utils.o [1]
can_func_init            0x800'793d    0xe  Code  Gb  can_func.o [1]
can_id_init              0x800'52b1   0x34  Code  Gb  configure.o [1]
can_init                 0x800'7709   0x34  Code  Gb  can_utils.o [1]
can_rx_callback_flag    0x2000'cb68    0x4  Data  Gb  can_utils.o [1]
can_rx_data             0x2000'cb58    0x8  Data  Gb  can_utils.o [1]
can_send_msg             0x800'77bd   0x2e  Code  Gb  can_utils.o [1]
can_std_mask_filter_conf
                         0x800'7899   0x8a  Code  Gb  can_utils.o [1]
can_suc_rx               0x800'794d    0xc  Code  Gb  can_func.o [1]
chassis                 0x2000'c6d4   0x58  Data  Gb  chassis.o [1]
chassis_status          0x2000'cab0   0x20  Data  Gb  chassis.o [1]
clock                   0x2000'cbe4    0x2  Data  Gb  main.o [1]
clock_exe                0x800'4771   0x36  Code  Gb  main.o [1]
cmd_add                  0x800'6171   0x54  Code  Gb  cmd.o [1]
cmd_argv                0x2000'ca0c   0x30  Data  Gb  cmd.o [1]
cmd_exec                 0x800'6125   0x2c  Code  Gb  cmd.o [1]
cmd_func_init            0x800'74d9   0xe2  Code  Gb  cmd_func.o [1]
cmd_gpio_all             0x800'7323   0x30  Code  Gb  cmd_func.o [1]
cmd_gpio_cylinder        0x800'72df   0x20  Code  Gb  cmd_func.o [1]
cmd_gpio_infrared        0x800'7311   0x12  Code  Gb  cmd_func.o [1]
cmd_gpio_magnet          0x800'72bf   0x20  Code  Gb  cmd_func.o [1]
cmd_gpio_microswitch     0x800'72ff   0x12  Code  Gb  cmd_func.o [1]
cmd_hello                0x800'7131   0x10  Code  Gb  cmd_func.o [1]
cmd_help_func            0x800'6155   0x1c  Code  Gb  cmd.o [1]
cmd_init                 0x800'5f79   0x2e  Code  Gb  cmd.o [1]
cmd_kickball_kick        0x800'74b1   0x14  Code  Gb  cmd_func.o [1]
cmd_kickball_m2006       0x800'7353   0x2a  Code  Gb  cmd_func.o [1]
cmd_kickball_prepare     0x800'7475   0x14  Code  Gb  cmd_func.o [1]
cmd_kickball_pull_magnet
                         0x800'7489   0x14  Code  Gb  cmd_func.o [1]
cmd_kickball_stop_magnet
                         0x800'749d   0x14  Code  Gb  cmd_func.o [1]
cmd_kickball_vesc_lossen
                         0x800'742f   0x46  Code  Gb  cmd_func.o [1]
cmd_kickball_vesc_pull   0x800'737d   0xb2  Code  Gb  cmd_func.o [1]
cmd_laser_print_diatance
                         0x800'729b    0xc  Code  Gb  cmd_func.o [1]
cmd_laser_print_pos      0x800'72a7    0xc  Code  Gb  cmd_func.o [1]
cmd_parse                0x800'60dd   0x48  Code  Gb  cmd.o [1]
cmd_point_print_path     0x800'72b3    0xc  Code  Gb  cmd_func.o [1]
cmd_table               0x2000'cb78    0x4  Data  Lc  cmd.o [1]
cmd_touchdown_try        0x800'74c5   0x14  Code  Gb  cmd_func.o [1]
cmd_vega_calibrate       0x800'728f    0xc  Code  Gb  cmd_func.o [1]
cmd_vega_correct_pos     0x800'71d3   0xbc  Code  Gb  cmd_func.o [1]
cmd_vega_print_pos       0x800'7141    0xc  Code  Gb  cmd_func.o [1]
cmd_vega_reset           0x800'71c7    0xc  Code  Gb  cmd_func.o [1]
cmd_vega_set_position    0x800'714d   0x7a  Code  Gb  cmd_func.o [1]
cmpAtom                  0x800'79f1    0xe  Code  Lc  hash.o [1]
comm_can_set_current     0x800'57eb   0x50  Code  Gb  vesc_can.o [1]
comm_can_set_duty        0x800'579f   0x4c  Code  Gb  vesc_can.o [1]
comm_can_set_rpm         0x800'583b   0x3e  Code  Gb  vesc_can.o [1]
comm_can_transmit_eid    0x800'577f   0x20  Code  Gb  vesc_can.o [1]
cylinder_state          0x2000'cbc0    0x4  Data  Gb  sensor_gpio.o [1]
ddiv                     0x800'82a5   0xc8  Code  Lc  strto64.o [3]
delim                   0x2000'0004    0x4  Data  Lc  cmd.o [1]
digits                   0x800'80f4   0x28  Data  Lc  iar_Stoulx.o [2]
dmul                     0x800'81d9   0xca  Code  Lc  strto64.o [3]
door_current            0x2000'cbb0    0x4  Data  Gb  robomaster.o [1]
exit                     0x800'9143    0x4  Code  Gb  exit.o [2]
flag                    0x2000'ca8c   0x24  Data  Gb  main.o [1]
freeKeyAtom              0x800'7a03    0x2  Code  Lc  hash.o [1]
gpio_cylinder            0x800'55e3   0x20  Code  Gb  sensor_gpio.o [1]
gpio_infrared            0x800'55b5    0xe  Code  Gb  sensor_gpio.o [1]
gpio_magnet              0x800'55c3   0x20  Code  Gb  sensor_gpio.o [1]
gpio_microswitch         0x800'55a9    0xc  Code  Gb  sensor_gpio.o [1]
gpio_sensor_exe          0x800'5603   0x58  Code  Gb  sensor_gpio.o [1]
hadc1                   0x2000'c72c   0x48  Data  Gb  adc.o [1]
hashAtom                 0x800'79ff    0x4  Code  Lc  hash.o [1]
hashStr                  0x800'7a05   0x26  Code  Gb  hash.o [1]
hash_id                  0x800'7925    0x4  Code  Lc  can_utils.o [1]
hcan1                   0x2000'ca3c   0x28  Data  Gb  can.o [1]
hdma_adc1               0x2000'c374   0x60  Data  Gb  adc.o [1]
hdma_uart5_rx           0x2000'c3d4   0x60  Data  Gb  usart.o [1]
hdma_uart5_tx           0x2000'c434   0x60  Data  Gb  usart.o [1]
hdma_usart1_rx          0x2000'c494   0x60  Data  Gb  usart.o [1]
hdma_usart1_tx          0x2000'c4f4   0x60  Data  Gb  usart.o [1]
hdma_usart2_rx          0x2000'c554   0x60  Data  Gb  usart.o [1]
hdma_usart2_tx          0x2000'c5b4   0x60  Data  Gb  usart.o [1]
hdma_usart3_rx          0x2000'c614   0x60  Data  Gb  usart.o [1]
hdma_usart3_tx          0x2000'c674   0x60  Data  Gb  usart.o [1]
huart1                  0x2000'c90c   0x40  Data  Gb  usart.o [1]
huart2                  0x2000'c94c   0x40  Data  Gb  usart.o [1]
huart3                  0x2000'c98c   0x40  Data  Gb  usart.o [1]
huart4                  0x2000'c88c   0x40  Data  Gb  usart.o [1]
huart5                  0x2000'c8cc   0x40  Data  Gb  usart.o [1]
huart6                  0x2000'c9cc   0x40  Data  Gb  usart.o [1]
id_cmp                   0x800'7929   0x10  Code  Lc  can_utils.o [1]
inc                      0x800'48b7   0xc2  Code  Gb  main.o [1]
inc::time_1ms_cnt       0x2000'cbac    0x4  Data  Lc  main.o [1]
infrared_state          0x2000'0180    0x4  Data  Gb  sensor_gpio.o [1]
init_mparams             0x800'01a3   0x32  Code  Lc  dlmalloc.o [2]
init_top                 0x800'01d5   0x36  Code  Lc  dlmalloc.o [2]
isalpha                  0x800'8c85   0x14  Code  Gb  isalpha.o [2]
isspace                  0x800'8759   0x14  Code  Gb  isspace.o [2]
kickball_M2006_set_current
                         0x800'58d5    0x8  Code  Gb  kickball.o [1]
kickball_VESC_set_loosen_duty
                         0x800'58dd   0x12  Code  Gb  kickball.o [1]
kickball_VESC_set_pull_current
                         0x800'58ef   0x12  Code  Gb  kickball.o [1]
kickball_exe             0x800'5989  0x154  Code  Gb  kickball.o [1]
kickball_five_score     0x2000'001c   0x14  Data  Gb  kickball.o [1]
kickball_get_microswitch_status
                         0x800'5907    0x6  Code  Gb  kickball.o [1]
kickball_kick_flag      0x2000'cb94    0x4  Data  Gb  kickball.o [1]
kickball_m2006_current  0x2000'0008    0x4  Data  Gb  kickball.o [1]
kickball_num            0x2000'cba0    0x4  Data  Gb  kickball.o [1]
kickball_prepare_flag   0x2000'cb8c    0x4  Data  Gb  kickball.o [1]
kickball_pull_magnet_flag
                        0x2000'cb98    0x4  Data  Gb  kickball.o [1]
kickball_ready_flag     0x2000'cb90    0x4  Data  Gb  kickball.o [1]
kickball_set_magnet_status
                         0x800'5901    0x6  Code  Gb  kickball.o [1]
kickball_set_status      0x800'590d   0x7c  Code  Gb  kickball.o [1]
kickball_status         0x2000'cbe6    0x1  Data  Gb  kickball.o [1]
kickball_stop_magnet_flag
                        0x2000'cb9c    0x4  Data  Gb  kickball.o [1]
kickball_vesc_lossen_duty
                        0x2000'000c    0x4  Data  Gb  kickball.o [1]
kickball_vesc_pull_current10
                        0x2000'0014    0x4  Data  Gb  kickball.o [1]
kickball_vesc_pull_current20
                        0x2000'0018    0x4  Data  Gb  kickball.o [1]
kickball_vesc_pull_current5
                        0x2000'0010    0x4  Data  Gb  kickball.o [1]
laser_adc               0x2000'c104   0x78  Data  Gb  laser.o [1]
laser_calculate_kb       0x800'52e5   0x54  Code  Gb  laser.o [1]
laser_init               0x800'5339   0x84  Code  Gb  laser.o [1]
laser_left              0x2000'c774   0x48  Data  Gb  laser.o [1]
laser_print_distance     0x800'53bd   0x3a  Code  Gb  laser.o [1]
laser_print_pos          0x800'53f7   0x38  Code  Gb  laser.o [1]
laser_right             0x2000'c804   0x48  Data  Gb  laser.o [1]
laser_side              0x2000'c7bc   0x48  Data  Gb  laser.o [1]
lcd_add                  0x800'5489   0x38  Code  Gb  lcd.o [1]
lcd_exe                  0x800'54e5   0x8a  Code  Gb  lcd.o [1]
lcd_exe::now_num        0x2000'cba8    0x4  Data  Lc  lcd.o [1]
lcd_init                 0x800'54c1   0x24  Code  Gb  lcd.o [1]
lcd_msg                 0x2000'bf74  0x190  Data  Gb  lcd.o [1]
lcd_msg_length          0x2000'cba4    0x4  Data  Lc  lcd.o [1]
ldexp                    0x800'28a5         Code  Gb  ldexp.o [3]
ldexpl                   0x800'28a5         Code  Gb  ldexp.o [3]
localeconv               0x800'2225    0x4  Code  Gb  xlocale_c.o [2]
loosen_duty             0x2000'cbd0    0x4  Data  Gb  vesc_can.o [1]
m2006_exe                0x800'56f5   0x48  Code  Gb  robomaster.o [1]
magnet_state            0x2000'cbbc    0x4  Data  Gb  sensor_gpio.o [1]
main                     0x800'47a7   0x6e  Code  Gb  main.o [1]
memchr                   0x800'22f5         Code  Gb  memchr.o [4]
microswitch_state       0x2000'cbb8    0x4  Data  Gb  sensor_gpio.o [1]
mparams                 0x2000'cb1c   0x18  Data  Lc  dlmalloc.o [2]
ndigs                    0x800'811c   0x28  Data  Lc  iar_Stoulx.o [2]
pContainer              0x2000'0030  0x150  Data  Gb  point_parser.o [1]
point_print_path         0x800'7f35   0x92  Code  Gb  point_parser.o [1]
points_pos1             0x2000'021c  0xfa0  Data  Gb  point.o [1]
points_pos10            0x2000'8ebc  0xfa0  Data  Gb  point.o [1]
points_pos11            0x2000'9e5c  0xfa0  Data  Gb  point.o [1]
points_pos12            0x2000'adfc  0xfa0  Data  Gb  point.o [1]
points_pos2             0x2000'11bc  0xfa0  Data  Gb  point.o [1]
points_pos3             0x2000'215c  0xfa0  Data  Gb  point.o [1]
points_pos4             0x2000'30fc  0xfa0  Data  Gb  point.o [1]
points_pos5             0x2000'409c  0xfa0  Data  Gb  point.o [1]
points_pos6             0x2000'503c  0xfa0  Data  Gb  point.o [1]
points_pos7             0x2000'5fdc  0xfa0  Data  Gb  point.o [1]
points_pos8             0x2000'6f7c  0xfa0  Data  Gb  point.o [1]
points_pos9             0x2000'7f1c  0xfa0  Data  Gb  point.o [1]
posture                 0x2000'cb04   0x18  Data  Lc  cmd.o [1]
pows                     0x800'8710   0x48  Data  Lc  strto64.o [3]
prepend_alloc            0x800'020b  0x346  Code  Lc  dlmalloc.o [2]
print_buffer            0x2000'c17c   0x68  Data  Gb  cmd.o [1]
pull_current            0x2000'cbd4    0x4  Data  Gb  vesc_can.o [1]
recive_id               0x2000'cb44   0x10  Data  Gb  configure.o [1]
robomaster_set_current   0x800'5689   0x68  Code  Gb  robomaster.o [1]
rx_buffer               0x2000'cb60    0x8  Data  Lc  can_utils.o [1]
rx_id                   0x2000'cb70    0x4  Data  Lc  can_utils.o [1]
scalbln                  0x800'28a5         Code  Gb  ldexp.o [3]
scalblnl                 0x800'28a5         Code  Gb  ldexp.o [3]
scalbn                   0x800'28a5         Code  Gb  ldexp.o [3]
scalbnl                  0x800'28a5         Code  Gb  ldexp.o [3]
scale                    0x800'19ab   0x46  Code  Lc  xprintffull.o [2]
sec_hand                0x2000'cbdc    0x4  Data  Lc  xfail_s.o [2]
segment_holding          0x800'0189   0x1a  Code  Lc  dlmalloc.o [2]
send_id                 0x2000'cb34   0x10  Data  Gb  configure.o [1]
simplelib_init           0x800'5255   0x2a  Code  Gb  simplelib.o [1]
simplelib_run            0x800'527f   0x24  Code  Gb  simplelib.o [1]
std_id                  0x2000'0000    0x4  Data  Gb  can_utils.o [1]
str_cmp                  0x800'6231   0x1c  Code  Lc  cmd.o [1]
strchr                   0x800'2231         Code  Gb  strchr.o [4]
strcmp                   0x800'7d05         Code  Gb  strcmp.o [4]
strcpy                   0x800'79a5         Code  Gb  strcpy.o [4]
strcspn                  0x800'818b   0x22  Code  Gb  strcspn.o [2]
strlen                   0x800'22a5         Code  Gb  strlen.o [4]
strspn                   0x800'8169   0x22  Code  Gb  strspn.o [2]
strtok                   0x800'7c7d   0x4c  Code  Gb  strtok.o [2]
sys_alloc                0x800'0749  0x164  Code  Lc  dlmalloc.o [2]
tick_current            0x2000'cbb4    0x4  Data  Gb  robomaster.o [1]
tmalloc_large            0x800'08b9  0x386  Code  Lc  dlmalloc.o [2]
tmalloc_small            0x800'0c3f  0x200  Code  Lc  dlmalloc.o [2]
tolower                  0x800'876d   0x14  Code  Gb  tolower.o [2]
touchdown_cylinder_pull
                         0x800'5b35    0x8  Code  Gb  touchdown.o [1]
touchdown_cylinder_push
                         0x800'5b2d    0x8  Code  Gb  touchdown.o [1]
touchdown_exe            0x800'5b41   0x58  Code  Gb  touchdown.o [1]
touchdown_m2006_close    0x800'5b3f    0x2  Code  Gb  touchdown.o [1]
touchdown_m2006_open     0x800'5b3d    0x2  Code  Gb  touchdown.o [1]
touchdown_ready_flag    0x2000'cbc8    0x4  Data  Gb  touchdown.o [1]
touchdown_status        0x2000'cbe7    0x1  Data  Lc  touchdown.o [1]
touchdown_try_flag      0x2000'cbcc    0x4  Data  Gb  touchdown.o [1]
uprintf                  0x800'61c5   0x36  Code  Gb  cmd.o [1]
uprintf_to               0x800'61fb   0x34  Code  Gb  cmd.o [1]
usart_DMA_init           0x800'5f2d   0x4c  Code  Gb  cmd.o [1]
usart_exc_DMA            0x800'5fa7   0x3e  Code  Gb  cmd.o [1]
usart_exc_DMA_vega       0x800'6265   0xb2  Code  Gb  cmd.o [1]
uwTick                  0x2000'cbc4    0x4  Data  Gb  stm32f4xx_hal.o [1]
uwTickFreq              0x2000'0218    0x1  Data  Gb  stm32f4xx_hal.o [1]
uwTickPrio              0x2000'0184    0x4  Data  Gb  stm32f4xx_hal.o [1]
vega_calibration         0x800'7d6d   0x1c  Code  Gb  vega.o [1]
vega_correct_pos         0x800'7df3   0x60  Code  Gb  vega.o [1]
vega_in_coordinate      0x2000'018c    0xc  Data  Gb  vega.o [1]
vega_print_pos           0x800'7e53   0x3a  Code  Gb  vega.o [1]
vega_reset               0x800'7d89   0x1c  Code  Gb  vega.o [1]
vega_set_position        0x800'7da5   0x4e  Code  Gb  vega.o [1]
vsec_exe                 0x800'5879   0x42  Code  Gb  vesc_can.o [1]
vsnprintf                0x800'7cc9   0x3c  Code  Gb  vsnprint.o [2]


[1] = E:\Robocon_Value\Chassis\EWARM\Chassis\Obj
[2] = dl7M_tlf.a
[3] = m7M_tls.a
[4] = rt7M_tl.a
[5] = shb_l.a

  36 780 bytes of readonly  code memory
   2 156 bytes of readonly  data memory
  60 901 bytes of readwrite data memory

Errors: none
Warnings: none
