###############################################################################
#
# IAR ELF Linker V8.32.1.169/W32 for ARM                  12/Jan/2020  21:18:50
# Copyright 2007-2018 IAR Systems AB.
#
#    Output file  =  
#        D:\Users\zohyc\Documents\BUPT\RobotTeam\Project\Chassis_TR\EWARM\Chassis\Exe\Chassis.out
#    Map file     =  
#        D:\Users\zohyc\Documents\BUPT\RobotTeam\Project\Chassis_TR\EWARM\Chassis\List\Chassis.map
#    Command line =  
#        -f C:\Users\zohyc\AppData\Local\Temp\EW41EB.tmp
#        (D:\Users\zohyc\Documents\BUPT\RobotTeam\Project\Chassis_TR\EWARM\Chassis\Obj\adc.o
#        D:\Users\zohyc\Documents\BUPT\RobotTeam\Project\Chassis_TR\EWARM\Chassis\Obj\can.o
#        D:\Users\zohyc\Documents\BUPT\RobotTeam\Project\Chassis_TR\EWARM\Chassis\Obj\can_func.o
#        D:\Users\zohyc\Documents\BUPT\RobotTeam\Project\Chassis_TR\EWARM\Chassis\Obj\can_utils.o
#        D:\Users\zohyc\Documents\BUPT\RobotTeam\Project\Chassis_TR\EWARM\Chassis\Obj\chassis.o
#        D:\Users\zohyc\Documents\BUPT\RobotTeam\Project\Chassis_TR\EWARM\Chassis\Obj\chassis_handle.o
#        D:\Users\zohyc\Documents\BUPT\RobotTeam\Project\Chassis_TR\EWARM\Chassis\Obj\cmd.o
#        D:\Users\zohyc\Documents\BUPT\RobotTeam\Project\Chassis_TR\EWARM\Chassis\Obj\cmd_func.o
#        D:\Users\zohyc\Documents\BUPT\RobotTeam\Project\Chassis_TR\EWARM\Chassis\Obj\configure.o
#        D:\Users\zohyc\Documents\BUPT\RobotTeam\Project\Chassis_TR\EWARM\Chassis\Obj\dma.o
#        D:\Users\zohyc\Documents\BUPT\RobotTeam\Project\Chassis_TR\EWARM\Chassis\Obj\flags.o
#        D:\Users\zohyc\Documents\BUPT\RobotTeam\Project\Chassis_TR\EWARM\Chassis\Obj\flash.o
#        D:\Users\zohyc\Documents\BUPT\RobotTeam\Project\Chassis_TR\EWARM\Chassis\Obj\gpio.o
#        D:\Users\zohyc\Documents\BUPT\RobotTeam\Project\Chassis_TR\EWARM\Chassis\Obj\hash.o
#        D:\Users\zohyc\Documents\BUPT\RobotTeam\Project\Chassis_TR\EWARM\Chassis\Obj\karman.o
#        D:\Users\zohyc\Documents\BUPT\RobotTeam\Project\Chassis_TR\EWARM\Chassis\Obj\kickball.o
#        D:\Users\zohyc\Documents\BUPT\RobotTeam\Project\Chassis_TR\EWARM\Chassis\Obj\laser.o
#        D:\Users\zohyc\Documents\BUPT\RobotTeam\Project\Chassis_TR\EWARM\Chassis\Obj\lcd.o
#        D:\Users\zohyc\Documents\BUPT\RobotTeam\Project\Chassis_TR\EWARM\Chassis\Obj\main.o
#        D:\Users\zohyc\Documents\BUPT\RobotTeam\Project\Chassis_TR\EWARM\Chassis\Obj\motor_driver.o
#        D:\Users\zohyc\Documents\BUPT\RobotTeam\Project\Chassis_TR\EWARM\Chassis\Obj\point.o
#        D:\Users\zohyc\Documents\BUPT\RobotTeam\Project\Chassis_TR\EWARM\Chassis\Obj\point_parser.o
#        D:\Users\zohyc\Documents\BUPT\RobotTeam\Project\Chassis_TR\EWARM\Chassis\Obj\robomaster.o
#        D:\Users\zohyc\Documents\BUPT\RobotTeam\Project\Chassis_TR\EWARM\Chassis\Obj\sensor_gpio.o
#        D:\Users\zohyc\Documents\BUPT\RobotTeam\Project\Chassis_TR\EWARM\Chassis\Obj\simplelib.o
#        D:\Users\zohyc\Documents\BUPT\RobotTeam\Project\Chassis_TR\EWARM\Chassis\Obj\startup_stm32f407xx.o
#        D:\Users\zohyc\Documents\BUPT\RobotTeam\Project\Chassis_TR\EWARM\Chassis\Obj\stm32f4xx_hal.o
#        D:\Users\zohyc\Documents\BUPT\RobotTeam\Project\Chassis_TR\EWARM\Chassis\Obj\stm32f4xx_hal_adc.o
#        D:\Users\zohyc\Documents\BUPT\RobotTeam\Project\Chassis_TR\EWARM\Chassis\Obj\stm32f4xx_hal_adc_ex.o
#        D:\Users\zohyc\Documents\BUPT\RobotTeam\Project\Chassis_TR\EWARM\Chassis\Obj\stm32f4xx_hal_can.o
#        D:\Users\zohyc\Documents\BUPT\RobotTeam\Project\Chassis_TR\EWARM\Chassis\Obj\stm32f4xx_hal_cortex.o
#        D:\Users\zohyc\Documents\BUPT\RobotTeam\Project\Chassis_TR\EWARM\Chassis\Obj\stm32f4xx_hal_dma.o
#        D:\Users\zohyc\Documents\BUPT\RobotTeam\Project\Chassis_TR\EWARM\Chassis\Obj\stm32f4xx_hal_dma_ex.o
#        D:\Users\zohyc\Documents\BUPT\RobotTeam\Project\Chassis_TR\EWARM\Chassis\Obj\stm32f4xx_hal_exti.o
#        D:\Users\zohyc\Documents\BUPT\RobotTeam\Project\Chassis_TR\EWARM\Chassis\Obj\stm32f4xx_hal_flash.o
#        D:\Users\zohyc\Documents\BUPT\RobotTeam\Project\Chassis_TR\EWARM\Chassis\Obj\stm32f4xx_hal_flash_ex.o
#        D:\Users\zohyc\Documents\BUPT\RobotTeam\Project\Chassis_TR\EWARM\Chassis\Obj\stm32f4xx_hal_flash_ramfunc.o
#        D:\Users\zohyc\Documents\BUPT\RobotTeam\Project\Chassis_TR\EWARM\Chassis\Obj\stm32f4xx_hal_gpio.o
#        D:\Users\zohyc\Documents\BUPT\RobotTeam\Project\Chassis_TR\EWARM\Chassis\Obj\stm32f4xx_hal_msp.o
#        D:\Users\zohyc\Documents\BUPT\RobotTeam\Project\Chassis_TR\EWARM\Chassis\Obj\stm32f4xx_hal_pwr.o
#        D:\Users\zohyc\Documents\BUPT\RobotTeam\Project\Chassis_TR\EWARM\Chassis\Obj\stm32f4xx_hal_pwr_ex.o
#        D:\Users\zohyc\Documents\BUPT\RobotTeam\Project\Chassis_TR\EWARM\Chassis\Obj\stm32f4xx_hal_rcc.o
#        D:\Users\zohyc\Documents\BUPT\RobotTeam\Project\Chassis_TR\EWARM\Chassis\Obj\stm32f4xx_hal_rcc_ex.o
#        D:\Users\zohyc\Documents\BUPT\RobotTeam\Project\Chassis_TR\EWARM\Chassis\Obj\stm32f4xx_hal_tim.o
#        D:\Users\zohyc\Documents\BUPT\RobotTeam\Project\Chassis_TR\EWARM\Chassis\Obj\stm32f4xx_hal_tim_ex.o
#        D:\Users\zohyc\Documents\BUPT\RobotTeam\Project\Chassis_TR\EWARM\Chassis\Obj\stm32f4xx_hal_uart.o
#        D:\Users\zohyc\Documents\BUPT\RobotTeam\Project\Chassis_TR\EWARM\Chassis\Obj\stm32f4xx_it.o
#        D:\Users\zohyc\Documents\BUPT\RobotTeam\Project\Chassis_TR\EWARM\Chassis\Obj\stmflash.o
#        D:\Users\zohyc\Documents\BUPT\RobotTeam\Project\Chassis_TR\EWARM\Chassis\Obj\sys.o
#        D:\Users\zohyc\Documents\BUPT\RobotTeam\Project\Chassis_TR\EWARM\Chassis\Obj\system_stm32f4xx.o
#        D:\Users\zohyc\Documents\BUPT\RobotTeam\Project\Chassis_TR\EWARM\Chassis\Obj\touchdown.o
#        D:\Users\zohyc\Documents\BUPT\RobotTeam\Project\Chassis_TR\EWARM\Chassis\Obj\usart.o
#        D:\Users\zohyc\Documents\BUPT\RobotTeam\Project\Chassis_TR\EWARM\Chassis\Obj\utils.o
#        D:\Users\zohyc\Documents\BUPT\RobotTeam\Project\Chassis_TR\EWARM\Chassis\Obj\vec.o
#        D:\Users\zohyc\Documents\BUPT\RobotTeam\Project\Chassis_TR\EWARM\Chassis\Obj\vega.o
#        D:\Users\zohyc\Documents\BUPT\RobotTeam\Project\Chassis_TR\EWARM\Chassis\Obj\vesc_can.o
#        --redirect _Printf=_PrintfFull --redirect _Scanf=_ScanfFull
#        --no_out_extension -o
#        D:\Users\zohyc\Documents\BUPT\RobotTeam\Project\Chassis_TR\EWARM\Chassis\Exe\Chassis.out
#        --map
#        D:\Users\zohyc\Documents\BUPT\RobotTeam\Project\Chassis_TR\EWARM\Chassis\List\Chassis.map
#        --config
#        D:\Users\zohyc\Documents\BUPT\RobotTeam\Project\Chassis_TR\EWARM/stm32f407xx_flash.icf
#        --semihosting --entry __iar_program_start --vfe --text_out locale)
#
###############################################################################

*******************************************************************************
*** RUNTIME MODEL ATTRIBUTES
***

CppFlavor       = *
__Heap_Handler  = DLMalloc
__SystemLibrary = DLib
__dlib_version  = 6


*******************************************************************************
*** HEAP SELECTION
***

The advanced heap was selected because the application calls memory
allocation functions outside of system library functions, and there
are calls to deallocation functions in the application.


*******************************************************************************
*** PLACEMENT SUMMARY
***

"A0":  place at 0x800'0000 { ro section .intvec };
"P1":  place in [from 0x800'0000 to 0x80f'ffff] { ro };
define block CSTACK with size = 4608, alignment = 8 { };
define block HEAP with size = 4K, alignment = 8 { };
"P2":  place in [from 0x2000'0000 to 0x2001'ffff] {
          rw, block CSTACK, block HEAP };
initialize by copy { rw };

  Section            Kind         Address    Size  Object
  -------            ----         -------    ----  ------
"A0":                                       0x188
  .intvec            ro code   0x800'0000   0x188  startup_stm32f407xx.o [1]
                             - 0x800'0188   0x188

"P1":                                      0xa5c8
  .text              ro code   0x800'0188   0xf80  dlmalloc.o [2]
  .text              ro code   0x800'1108     0x6  abort.o [2]
  .text              ro code   0x800'110e    0x7a  lz77_init_single.o [4]
  .text              ro code   0x800'1188    0x2c  xgetmemchunk.o [2]
  .text              ro code   0x800'11b4    0x14  exit.o [5]
  .text              ro code   0x800'11c8   0xf46  xprintffull.o [2]
  .text              ro code   0x800'210e    0x3a  zero_init3.o [4]
  .text              ro code   0x800'2148    0xb4  xlocale_c.o [2]
  .text              ro code   0x800'21fc    0x16  strchr.o [4]
  .text              ro code   0x800'2212    0x1e  xencoding_8859_1.o [2]
  .text              ro code   0x800'2230    0x40  xfail_s.o [2]
  .text              ro code   0x800'2270    0x36  strlen.o [4]
  .text              ro code   0x800'22a6    0x1a  xsnprout.o [2]
  .text              ro code   0x800'22c0    0x58  memchr.o [4]
  .text              ro code   0x800'2318     0xa  xmbcurmax.o [2]
  .text              ro code   0x800'2324    0xa6  ABImemcpy.o [4]
  .text              ro code   0x800'23cc   0x230  I64DivMod.o [4]
  .text              ro code   0x800'25fc   0x1a2  DblMul.o [3]
  .text              ro code   0x800'27a0    0x70  frexp.o [3]
  .text              ro code   0x800'2810    0x2e  DblCmpLe.o [3]
  .text              ro code   0x800'2840    0x2e  DblCmpGe.o [3]
  .text              ro code   0x800'2870   0x13a  ldexp.o [3]
  .text              ro code   0x800'29ac    0x3a  DblToS32.o [3]
  .text              ro code   0x800'29e8    0x22  S32ToDbl.o [3]
  .text              ro code   0x800'2a0c    0xe2  DblSub.o [3]
  .text              ro code   0x800'2af0   0x246  DblDiv.o [3]
  .text              ro code   0x800'2d38    0x28  DblToU32.o [3]
  .text              ro code   0x800'2d60    0x1a  U32ToDbl.o [3]
  .text              ro code   0x800'2d7c     0x2  I64DivZer.o [4]
  .text              ro code   0x800'2d80   0x17a  DblAdd.o [3]
  .text              ro code   0x800'2efc   0xa38  stm32f4xx_hal_uart.o [1]
  .text              ro code   0x800'3934   0x67c  usart.o [1]
  .text              ro code   0x800'3fb0     0xc  stm32f4xx_hal.o [1]
  .text              ro code   0x800'3fbc   0x550  stm32f4xx_hal_dma.o [1]
  .text              ro code   0x800'450c     0x2  stm32f4xx_hal_uart.o [1]
  .text              ro code   0x800'450e     0x2  stm32f4xx_hal_uart.o [1]
  .text              ro code   0x800'4510     0x2  stm32f4xx_hal_uart.o [1]
  .text              ro code   0x800'4512     0x2  stm32f4xx_hal_uart.o [1]
  .text              ro code   0x800'4514     0x2  stm32f4xx_hal_uart.o [1]
  .text              ro code   0x800'4518   0x224  stm32f4xx_hal_rcc.o [1]
  .text              ro code   0x800'473c   0x2ce  main.o [1]
  .text              ro code   0x800'4a0c     0x6  ABImemclr4.o [4]
  .text              ro code   0x800'4a14   0x29c  stm32f4xx_hal_gpio.o [1]
  .text              ro code   0x800'4cb0   0x158  stm32f4xx_hal_cortex.o [1]
  .text              ro code   0x800'4e08    0x4c  stm32f4xx_hal.o [1]
  .text              ro code   0x800'4e54    0x34  stm32f4xx_hal.o [1]
  .text              ro code   0x800'4e88   0x168  gpio.o [1]
  .text              ro code   0x800'4ff0    0xc8  dma.o [1]
  .text              ro code   0x800'50b8   0x160  adc.o [1]
  .text              ro code   0x800'5218    0xd4  can.o [1]
  .text              ro code   0x800'52ec    0x5c  simplelib.o [1]
  .text              ro code   0x800'5348    0x30  configure.o [1]
  .text              ro code   0x800'5378    0xa8  motor_driver.o [1]
  .text              ro code   0x800'5420   0x2a8  laser.o [1]
  .text              ro code   0x800'56c8   0x120  lcd.o [1]
  .text              ro code   0x800'57e8    0xe0  sensor_gpio.o [1]
  .text              ro code   0x800'58c8   0x2ac  kickball.o [1]
  .text              ro code   0x800'5b74   0x128  touchdown.o [1]
  .text              ro code   0x800'5c9c    0x48  FltToDbl.o [3]
  .text              ro code   0x800'5ce4    0x68  DblToFlt.o [3]
  .text              ro code   0x800'5d4c   0x204  chassis.o [1]
  .text              ro code   0x800'5f50   0x380  stm32f4xx_hal_rcc.o [1]
  .text              ro code   0x800'62d0   0x444  cmd.o [1]
  .text              ro code   0x800'6714    0x32  ABImemset48.o [4]
  .text              ro code   0x800'6748    0x40  stm32f4xx_hal_msp.o [1]
  .text              ro code   0x800'6788   0x56e  stm32f4xx_hal_adc.o [1]
  .text              ro code   0x800'6cf8   0x7dc  stm32f4xx_hal_can.o [1]
  .text              ro code   0x800'74d4   0x93c  cmd_func.o [1]
  .text              ro code   0x800'7e10   0x24a  can_utils.o [1]
  .text              ro code   0x800'805c    0x64  can_func.o [1]
  .text              ro code   0x800'80c0   0x134  vesc_can.o [1]
  .text              ro code   0x800'81f4    0x6a  robomaster.o [1]
  .text              ro code   0x800'825e    0x5a  karman.o [1]
  .text              ro code   0x800'82b8    0x18  strcpy.o [4]
  .text              ro code   0x800'82d0    0x1a  math_wrappers64.o [3]
  .text              ro code   0x800'82ec    0x9c  utils.o [1]
  .text              ro code   0x800'8388   0x224  hash.o [1]
  .text              ro code   0x800'85ac    0x66  ABImemset.o [4]
  .text              ro code   0x800'8614    0x4c  strtok.o [2]
  .text              ro code   0x800'8660    0x3c  vsnprint.o [2]
  .text              ro code   0x800'869c    0x12  strcmp.o [4]
  .text              ro code   0x800'86ae     0x2  stm32f4xx_hal_adc.o [1]
  .text              ro code   0x800'86b0     0x2  stm32f4xx_hal_adc.o [1]
  .text              ro code   0x800'86b2     0x2  stm32f4xx_hal_adc.o [1]
  .text              ro code   0x800'86b4     0x2  stm32f4xx_hal_can.o [1]
  .text              ro code   0x800'86b6     0x2  stm32f4xx_hal_can.o [1]
  .text              ro code   0x800'86b8     0x2  stm32f4xx_hal_can.o [1]
  .text              ro code   0x800'86ba     0x2  stm32f4xx_hal_can.o [1]
  .text              ro code   0x800'86bc     0x2  stm32f4xx_hal_can.o [1]
  .text              ro code   0x800'86be     0x2  stm32f4xx_hal_can.o [1]
  .text              ro code   0x800'86c0     0x2  stm32f4xx_hal_can.o [1]
  .text              ro code   0x800'86c2     0x2  stm32f4xx_hal_can.o [1]
  .text              ro code   0x800'86c4     0x2  stm32f4xx_hal_can.o [1]
  .text              ro code   0x800'86c6     0x2  stm32f4xx_hal_can.o [1]
  .text              ro code   0x800'86c8     0x2  stm32f4xx_hal_can.o [1]
  .text              ro code   0x800'86cc   0x150  vega.o [1]
  .text              ro code   0x800'881c    0x9c  point_parser.o [1]
  .text              ro code   0x800'88b8   0x14c  iar_Stoulx.o [2]
  .text              ro code   0x800'8a04    0x20  DblCmpEq.o [3]
  .text              ro code   0x800'8a24   0x51c  strto64.o [3]
  .text              ro code   0x800'8f40   0x440  cos_sin64.o [3]
  .text              ro code   0x800'9380    0x24  ABIassert.o [5]
  .text              ro code   0x800'93a4    0x22  strspn.o [2]
  .text              ro code   0x800'93c6    0x22  strcspn.o [2]
  .text              ro code   0x800'93e8    0x14  isspace.o [2]
  .text              ro code   0x800'93fc    0x14  tolower.o [2]
  .text              ro code   0x800'9410   0x122  iar_Stopfx.o [2]
  .text              ro code   0x800'9534   0x1c4  iar_Stoflt.o [2]
  .text              ro code   0x800'96f8   0x21c  iar_Stoxflt.o [2]
  .text              ro code   0x800'9914    0x14  isalpha.o [2]
  .text              ro code   0x800'9928   0x124  stm32f4xx_it.o [1]
  .text              ro code   0x800'9a4c    0x18  stm32f4xx_hal.o [1]
  .text              ro code   0x800'9a64    0x60  system_stm32f4xx.o [1]
  .rodata            const     0x800'9ac4    0x50  iar_Stoulx.o [2]
  .rodata            const     0x800'9b14    0x2c  cmd_func.o [1]
  .rodata            const     0x800'9b40    0x48  strto64.o [3]
  .rodata            const     0x800'9b88    0x30  hash.o [1]
  .rodata            const     0x800'9bb8    0x28  cmd_func.o [1]
  .rodata            const     0x800'9be0    0x28  vega.o [1]
  .text              ro code   0x800'9c08    0x28  data_init.o [4]
  .rodata            const     0x800'9c30    0x24  cmd_func.o [1]
  .rodata            const     0x800'9c54    0x24  cmd_func.o [1]
  .rodata            const     0x800'9c78    0x24  cmd_func.o [1]
  .rodata            const     0x800'9c9c    0x24  cmd_func.o [1]
  .rodata            const     0x800'9cc0    0x24  cmd_func.o [1]
  .text              ro code   0x800'9ce4    0x22  fpinit_M.o [3]
  .iar.init_table    const     0x800'9d08    0x20  - Linker created -
  .rodata            const     0x800'9d28    0x20  can_utils.o [1]
  .rodata            const     0x800'9d48    0x20  cmd_func.o [1]
  .rodata            const     0x800'9d68    0x20  cmd_func.o [1]
  .rodata            const     0x800'9d88    0x20  cmd_func.o [1]
  .rodata            const     0x800'9da8    0x20  cmd_func.o [1]
  .rodata            const     0x800'9dc8    0x20  cmd_func.o [1]
  .rodata            const     0x800'9de8    0x20  cmd_func.o [1]
  .rodata            const     0x800'9e08    0x20  cmd_func.o [1]
  .rodata            const     0x800'9e28    0x20  hash.o [1]
  .rodata            const     0x800'9e48    0x20  kickball.o [1]
  .rodata            const     0x800'9e68    0x20  sensor_gpio.o [1]
  .rodata            const     0x800'9e88    0x20  sensor_gpio.o [1]
  .rodata            const     0x800'9ea8    0x20  sensor_gpio.o [1]
  .rodata            const     0x800'9ec8    0x20  vega.o [1]
  .rodata            const     0x800'9ee8    0x20  vega.o [1]
  .text              ro code   0x800'9f08    0x1e  cmain.o [4]
  .text              ro code   0x800'9f26     0x4  low_level_init.o [2]
  .text              ro code   0x800'9f2a     0x4  exit.o [2]
  .text              ro code   0x800'9f30     0xa  cexit.o [4]
  .rodata            const     0x800'9f3c    0x1c  cmd_func.o [1]
  .rodata            const     0x800'9f58    0x1c  cmd_func.o [1]
  .rodata            const     0x800'9f74    0x1c  cmd_func.o [1]
  .rodata            const     0x800'9f90    0x1c  cmd_func.o [1]
  .rodata            const     0x800'9fac    0x1c  cmd_func.o [1]
  .rodata            const     0x800'9fc8    0x1c  cmd_func.o [1]
  .rodata            const     0x800'9fe4    0x1c  cmd_func.o [1]
  .rodata            const     0x800'a000    0x1c  cmd_func.o [1]
  .rodata            const     0x800'a01c    0x1c  cmd_func.o [1]
  .rodata            const     0x800'a038    0x1c  cmd_func.o [1]
  .rodata            const     0x800'a054    0x1c  lcd.o [1]
  .rodata            const     0x800'a070    0x1c  sensor_gpio.o [1]
  .rodata            const     0x800'a08c    0x1c  vega.o [1]
  .rodata            const     0x800'a0a8    0x18  cmd_func.o [1]
  .rodata            const     0x800'a0c0    0x18  cmd_func.o [1]
  .rodata            const     0x800'a0d8    0x18  cmd_func.o [1]
  .rodata            const     0x800'a0f0    0x18  cmd_func.o [1]
  .rodata            const     0x800'a108    0x18  cmd_func.o [1]
  .rodata            const     0x800'a120    0x18  cmd_func.o [1]
  .rodata            const     0x800'a138    0x18  cmd_func.o [1]
  .rodata            const     0x800'a150    0x18  cmd_func.o [1]
  .rodata            const     0x800'a168    0x18  cmd_func.o [1]
  .rodata            const     0x800'a180    0x18  cmd_func.o [1]
  .rodata            const     0x800'a198    0x18  laser.o [1]
  .rodata            const     0x800'a1b0    0x18  simplelib.o [1]
  .rodata            const     0x800'a1c8    0x18  vega.o [1]
  .rodata            const     0x800'a1e0    0x14  can_func.o [1]
  .rodata            const     0x800'a1f4    0x14  cmd_func.o [1]
  .rodata            const     0x800'a208    0x14  cmd_func.o [1]
  .rodata            const     0x800'a21c    0x14  cmd_func.o [1]
  .rodata            const     0x800'a230    0x14  cmd_func.o [1]
  .rodata            const     0x800'a244    0x14  cmd_func.o [1]
  .rodata            const     0x800'a258    0x14  cmd_func.o [1]
  .rodata            const     0x800'a26c    0x14  cmd_func.o [1]
  .rodata            const     0x800'a280    0x14  cmd_func.o [1]
  .rodata            const     0x800'a294    0x14  cmd_func.o [1]
  .rodata            const     0x800'a2a8    0x14  main.o [1]
  .rodata            const     0x800'a2bc    0x10  cmd.o [1]
  .rodata            const     0x800'a2cc    0x10  cmd.o [1]
  .rodata            const     0x800'a2dc    0x10  cmd_func.o [1]
  .rodata            const     0x800'a2ec    0x10  cmd_func.o [1]
  .rodata            const     0x800'a2fc    0x10  cmd_func.o [1]
  .rodata            const     0x800'a30c    0x10  cmd_func.o [1]
  .rodata            const     0x800'a31c    0x10  cmd_func.o [1]
  .rodata            const     0x800'a32c    0x10  cmd_func.o [1]
  .rodata            const     0x800'a33c    0x10  cmd_func.o [1]
  .rodata            const     0x800'a34c    0x10  cmd_func.o [1]
  .rodata            const     0x800'a35c    0x10  cmd_func.o [1]
  .rodata            const     0x800'a36c    0x10  cmd_func.o [1]
  .rodata            const     0x800'a37c    0x10  cmd_func.o [1]
  .rodata            const     0x800'a38c    0x10  cmd_func.o [1]
  .rodata            const     0x800'a39c    0x10  cmd_func.o [1]
  .rodata            const     0x800'a3ac    0x10  cmd_func.o [1]
  .rodata            const     0x800'a3bc    0x10  cmd_func.o [1]
  .rodata            const     0x800'a3cc    0x10  cmd_func.o [1]
  .rodata            const     0x800'a3dc    0x10  laser.o [1]
  .rodata            const     0x800'a3ec    0x10  laser.o [1]
  .rodata            const     0x800'a3fc    0x10  laser.o [1]
  .rodata            const     0x800'a40c    0x10  laser.o [1]
  .rodata            const     0x800'a41c    0x10  laser.o [1]
  .rodata            const     0x800'a42c    0x10  system_stm32f4xx.o [1]
  .text              ro code   0x800'a43c    0x10  startup_stm32f407xx.o [1]
  .rodata            const     0x800'a44c     0xc  can_func.o [1]
  .rodata            const     0x800'a458     0xc  cmd.o [1]
  .rodata            const     0x800'a464     0xc  cmd_func.o [1]
  .rodata            const     0x800'a470     0xc  cmd_func.o [1]
  .rodata            const     0x800'a47c     0xc  cmd_func.o [1]
  .rodata            const     0x800'a488     0xc  cmd_func.o [1]
  .rodata            const     0x800'a494     0xc  hash.o [1]
  .rodata            const     0x800'a4a0     0xc  point_parser.o [1]
  .text              ro code   0x800'a4ac     0xc  cstartup_M.o [4]
  .rodata            const     0x800'a4b8     0x8  cmd.o [1]
  .rodata            const     0x800'a4c0     0x8  cmd.o [1]
  .rodata            const     0x800'a4c8     0x8  cmd.o [1]
  .rodata            const     0x800'a4d0     0x8  cmd_func.o [1]
  .rodata            const     0x800'a4d8     0x8  cmd_func.o [1]
  .rodata            const     0x800'a4e0     0x8  cmd_func.o [1]
  .rodata            const     0x800'a4e8     0x8  hash.o [1]
  .rodata            const     0x800'a4f0     0x8  stm32f4xx_hal_dma.o [1]
  .rodata            const     0x800'a4f8     0x8  system_stm32f4xx.o [1]
  .rodata            const     0x800'a500     0x8  vega.o [1]
  .rodata            const     0x800'a508     0x8  vega.o [1]
  .rodata            const     0x800'a510     0x6  xlocale_c.o [2]
  .text              ro code   0x800'a516     0x4  startup_stm32f407xx.o [1]
  .text              ro code   0x800'a51a     0x4  startup_stm32f407xx.o [1]
  .text              ro code   0x800'a51e     0x4  startup_stm32f407xx.o [1]
  .text              ro code   0x800'a522     0x4  startup_stm32f407xx.o [1]
  .text              ro code   0x800'a526     0x4  startup_stm32f407xx.o [1]
  .text              ro code   0x800'a52a     0x4  startup_stm32f407xx.o [1]
  .text              ro code   0x800'a52e     0x4  startup_stm32f407xx.o [1]
  .text              ro code   0x800'a532     0x4  startup_stm32f407xx.o [1]
  .text              ro code   0x800'a536     0x4  startup_stm32f407xx.o [1]
  .text              ro code   0x800'a53a     0x4  startup_stm32f407xx.o [1]
  .text              ro code   0x800'a53e     0x4  startup_stm32f407xx.o [1]
  .text              ro code   0x800'a542     0x4  startup_stm32f407xx.o [1]
  .text              ro code   0x800'a546     0x4  startup_stm32f407xx.o [1]
  .text              ro code   0x800'a54a     0x4  startup_stm32f407xx.o [1]
  .text              ro code   0x800'a54e     0x4  startup_stm32f407xx.o [1]
  .text              ro code   0x800'a552     0x4  startup_stm32f407xx.o [1]
  .text              ro code   0x800'a556     0x4  startup_stm32f407xx.o [1]
  .text              ro code   0x800'a55a     0x4  startup_stm32f407xx.o [1]
  .text              ro code   0x800'a55e     0x4  startup_stm32f407xx.o [1]
  .text              ro code   0x800'a562     0x4  startup_stm32f407xx.o [1]
  .text              ro code   0x800'a566     0x4  startup_stm32f407xx.o [1]
  .text              ro code   0x800'a56a     0x4  startup_stm32f407xx.o [1]
  .text              ro code   0x800'a56e     0x4  startup_stm32f407xx.o [1]
  .text              ro code   0x800'a572     0x4  startup_stm32f407xx.o [1]
  .text              ro code   0x800'a576     0x4  startup_stm32f407xx.o [1]
  .text              ro code   0x800'a57a     0x4  startup_stm32f407xx.o [1]
  .text              ro code   0x800'a57e     0x4  startup_stm32f407xx.o [1]
  .text              ro code   0x800'a582     0x4  startup_stm32f407xx.o [1]
  .text              ro code   0x800'a586     0x4  startup_stm32f407xx.o [1]
  .text              ro code   0x800'a58a     0x4  startup_stm32f407xx.o [1]
  .text              ro code   0x800'a58e     0x4  startup_stm32f407xx.o [1]
  .text              ro code   0x800'a592     0x4  startup_stm32f407xx.o [1]
  .text              ro code   0x800'a596     0x4  startup_stm32f407xx.o [1]
  .text              ro code   0x800'a59a     0x4  startup_stm32f407xx.o [1]
  .text              ro code   0x800'a59e     0x4  startup_stm32f407xx.o [1]
  .text              ro code   0x800'a5a2     0x4  startup_stm32f407xx.o [1]
  .text              ro code   0x800'a5a6     0x4  startup_stm32f407xx.o [1]
  .text              ro code   0x800'a5aa     0x4  startup_stm32f407xx.o [1]
  .text              ro code   0x800'a5ae     0x4  startup_stm32f407xx.o [1]
  .text              ro code   0x800'a5b2     0x4  startup_stm32f407xx.o [1]
  .text              ro code   0x800'a5b6     0x4  startup_stm32f407xx.o [1]
  .text              ro code   0x800'a5ba     0x4  startup_stm32f407xx.o [1]
  .text              ro code   0x800'a5be     0x4  startup_stm32f407xx.o [1]
  .text              ro code   0x800'a5c2     0x4  startup_stm32f407xx.o [1]
  .text              ro code   0x800'a5c6     0x4  startup_stm32f407xx.o [1]
  .text              ro code   0x800'a5ca     0x4  startup_stm32f407xx.o [1]
  .text              ro code   0x800'a5ce     0x4  startup_stm32f407xx.o [1]
  .text              ro code   0x800'a5d2     0x4  startup_stm32f407xx.o [1]
  .text              ro code   0x800'a5d6     0x4  startup_stm32f407xx.o [1]
  .text              ro code   0x800'a5da     0x4  startup_stm32f407xx.o [1]
  .text              ro code   0x800'a5de     0x4  startup_stm32f407xx.o [1]
  .text              ro code   0x800'a5e2     0x4  startup_stm32f407xx.o [1]
  .text              ro code   0x800'a5e6     0x4  startup_stm32f407xx.o [1]
  .text              ro code   0x800'a5ea     0x4  startup_stm32f407xx.o [1]
  .text              ro code   0x800'a5ee     0x4  startup_stm32f407xx.o [1]
  .text              ro code   0x800'a5f2     0x4  startup_stm32f407xx.o [1]
  .text              ro code   0x800'a5f6     0x4  startup_stm32f407xx.o [1]
  .text              ro code   0x800'a5fa     0x4  startup_stm32f407xx.o [1]
  .text              ro code   0x800'a5fe     0x4  startup_stm32f407xx.o [1]
  .text              ro code   0x800'a602     0x4  startup_stm32f407xx.o [1]
  .text              ro code   0x800'a606     0x4  startup_stm32f407xx.o [1]
  .text              ro code   0x800'a60a     0x4  startup_stm32f407xx.o [1]
  .text              ro code   0x800'a60e     0x4  startup_stm32f407xx.o [1]
  .text              ro code   0x800'a612     0x4  startup_stm32f407xx.o [1]
  .text              ro code   0x800'a616     0x4  startup_stm32f407xx.o [1]
  .text              ro code   0x800'a61a     0x4  startup_stm32f407xx.o [1]
  .text              ro code   0x800'a61e     0x4  startup_stm32f407xx.o [1]
  .rodata            const     0x800'a622     0x0  zero_init3.o [4]
  .rodata            const     0x800'a622     0x0  lz77_init_single.o [4]
  Initializer bytes  const     0x800'a622   0x12e  <for P2-1>
                             - 0x800'a750  0xa5c8

"P2", part 1 of 3:                          0x2e1
  P2-1                        0x2000'0000   0x2e1  <Init block>
    .data            inited   0x2000'0000     0x4  can_func.o [1]
    .data            inited   0x2000'0004     0x8  can_utils.o [1]
    .data            inited   0x2000'000c    0x20  chassis.o [1]
    .data            inited   0x2000'002c     0x4  cmd.o [1]
    .data            inited   0x2000'0030    0x18  karman.o [1]
    .data            inited   0x2000'0048    0x18  karman.o [1]
    .data            inited   0x2000'0060    0x18  karman.o [1]
    .data            inited   0x2000'0078    0x18  karman.o [1]
    .data            inited   0x2000'0090    0x18  karman.o [1]
    .data            inited   0x2000'00a8    0x18  karman.o [1]
    .data            inited   0x2000'00c0     0x4  kickball.o [1]
    .data            inited   0x2000'00c4     0x4  kickball.o [1]
    .data            inited   0x2000'00c8     0x4  kickball.o [1]
    .data            inited   0x2000'00cc     0x4  kickball.o [1]
    .data            inited   0x2000'00d0     0x4  kickball.o [1]
    .data            inited   0x2000'00d4    0x14  kickball.o [1]
    .data            inited   0x2000'00e8     0x4  kickball.o [1]
    .data            inited   0x2000'00ec   0x150  point_parser.o [1]
    .data            inited   0x2000'023c     0x4  sensor_gpio.o [1]
    .data            inited   0x2000'0240     0x4  stm32f4xx_hal.o [1]
    .data            inited   0x2000'0244     0x4  system_stm32f4xx.o [1]
    .data            inited   0x2000'0248     0x4  touchdown.o [1]
    .data            inited   0x2000'024c     0x4  touchdown.o [1]
    .data            inited   0x2000'0250     0x4  touchdown.o [1]
    .data            inited   0x2000'0254     0xc  vega.o [1]
    .data            inited   0x2000'0260    0x38  xlocale_c.o [2]
    .data            inited   0x2000'0298    0x48  xlocale_c.o [2]
    .data            inited   0x2000'02e0     0x1  stm32f4xx_hal.o [1]
                            - 0x2000'02e1   0x2e1

"P2", part 2 of 3:                         0xca1c
  .bss               zero     0x2000'02e4   0xfa0  point.o [1]
  .bss               zero     0x2000'1284   0xfa0  point.o [1]
  .bss               zero     0x2000'2224   0xfa0  point.o [1]
  .bss               zero     0x2000'31c4   0xfa0  point.o [1]
  .bss               zero     0x2000'4164   0xfa0  point.o [1]
  .bss               zero     0x2000'5104   0xfa0  point.o [1]
  .bss               zero     0x2000'60a4   0xfa0  point.o [1]
  .bss               zero     0x2000'7044   0xfa0  point.o [1]
  .bss               zero     0x2000'7fe4   0xfa0  point.o [1]
  .bss               zero     0x2000'8f84   0xfa0  point.o [1]
  .bss               zero     0x2000'9f24   0xfa0  point.o [1]
  .bss               zero     0x2000'aec4   0xfa0  point.o [1]
  .bss               zero     0x2000'be64   0x1d8  dlmalloc.o [2]
  .bss               zero     0x2000'c03c   0x190  lcd.o [1]
  .bss               zero     0x2000'c1cc    0x78  laser.o [1]
  .bss               zero     0x2000'c244    0x68  cmd.o [1]
  .bss               zero     0x2000'c2ac    0x64  cmd.o [1]
  .bss               zero     0x2000'c310    0x64  cmd.o [1]
  .bss               zero     0x2000'c374    0x64  cmd.o [1]
  .bss               zero     0x2000'c3d8    0x64  cmd.o [1]
  .bss               zero     0x2000'c43c    0x60  adc.o [1]
  .bss               zero     0x2000'c49c    0x60  usart.o [1]
  .bss               zero     0x2000'c4fc    0x60  usart.o [1]
  .bss               zero     0x2000'c55c    0x60  usart.o [1]
  .bss               zero     0x2000'c5bc    0x60  usart.o [1]
  .bss               zero     0x2000'c61c    0x60  usart.o [1]
  .bss               zero     0x2000'c67c    0x60  usart.o [1]
  .bss               zero     0x2000'c6dc    0x60  usart.o [1]
  .bss               zero     0x2000'c73c    0x60  usart.o [1]
  .bss               zero     0x2000'c79c    0x58  chassis.o [1]
  .bss               zero     0x2000'c7f4    0x48  adc.o [1]
  .bss               zero     0x2000'c83c    0x48  laser.o [1]
  .bss               zero     0x2000'c884    0x48  laser.o [1]
  .bss               zero     0x2000'c8cc    0x48  laser.o [1]
  .bss               zero     0x2000'c914    0x40  cmd.o [1]
  .bss               zero     0x2000'c954    0x40  usart.o [1]
  .bss               zero     0x2000'c994    0x40  usart.o [1]
  .bss               zero     0x2000'c9d4    0x40  usart.o [1]
  .bss               zero     0x2000'ca14    0x40  usart.o [1]
  .bss               zero     0x2000'ca54    0x40  usart.o [1]
  .bss               zero     0x2000'ca94    0x40  usart.o [1]
  .bss               zero     0x2000'cad4    0x30  cmd.o [1]
  .bss               zero     0x2000'cb04    0x28  can.o [1]
  .bss               zero     0x2000'cb2c    0x28  can_utils.o [1]
  .bss               zero     0x2000'cb54    0x28  main.o [1]
  .bss               zero     0x2000'cb7c    0x24  main.o [1]
  .bss               zero     0x2000'cba0    0x20  chassis.o [1]
  .bss               zero     0x2000'cbc0    0x1c  can_utils.o [1]
  .bss               zero     0x2000'cbdc    0x18  can_utils.o [1]
  .bss               zero     0x2000'cbf4    0x18  cmd.o [1]
  .bss               zero     0x2000'cc0c    0x18  motor_driver.o [1]
  .bss               zero     0x2000'cc24    0x18  dlmalloc.o [2]
  .bss               zero     0x2000'cc3c    0x10  configure.o [1]
  .bss               zero     0x2000'cc4c    0x10  configure.o [1]
  .bss               zero     0x2000'cc60     0x8  can_utils.o [1]
  .bss               zero     0x2000'cc68     0x8  can_utils.o [1]
  .bss               zero     0x2000'cc70     0x8  main.o [1]
  .bss               zero     0x2000'cc78     0x8  touchdown.o [1]
  .bss               zero     0x2000'cc80     0x4  can_utils.o [1]
  .bss               zero     0x2000'cc84     0x4  can_utils.o [1]
  .bss               zero     0x2000'cc88     0x4  can_utils.o [1]
  .bss               zero     0x2000'cc8c     0x4  can_utils.o [1]
  .bss               zero     0x2000'cc90     0x4  cmd.o [1]
  .bss               zero     0x2000'cc94     0x4  cmd.o [1]
  .bss               zero     0x2000'cc98     0x4  cmd.o [1]
  .bss               zero     0x2000'cc9c     0x4  flags.o [1]
  .bss               zero     0x2000'cca0     0x4  flags.o [1]
  .bss               zero     0x2000'cca4     0x4  kickball.o [1]
  .bss               zero     0x2000'cca8     0x4  kickball.o [1]
  .bss               zero     0x2000'ccac     0x4  kickball.o [1]
  .bss               zero     0x2000'ccb0     0x4  kickball.o [1]
  .bss               zero     0x2000'ccb4     0x4  kickball.o [1]
  .bss               zero     0x2000'ccb8     0x4  kickball.o [1]
  .bss               zero     0x2000'ccbc     0x4  lcd.o [1]
  .bss               zero     0x2000'ccc0     0x4  lcd.o [1]
  .bss               zero     0x2000'ccc4     0x4  main.o [1]
  .bss               zero     0x2000'ccc8     0x4  main.o [1]
  .bss               zero     0x2000'cccc     0x4  motor_driver.o [1]
  .bss               zero     0x2000'ccd0     0x4  motor_driver.o [1]
  .bss               zero     0x2000'ccd4     0x4  sensor_gpio.o [1]
  .bss               zero     0x2000'ccd8     0x4  sensor_gpio.o [1]
  .bss               zero     0x2000'ccdc     0x4  sensor_gpio.o [1]
  .bss               zero     0x2000'cce0     0x4  stm32f4xx_hal.o [1]
  .bss               zero     0x2000'cce4     0x4  touchdown.o [1]
  .bss               zero     0x2000'cce8     0x4  touchdown.o [1]
  .bss               zero     0x2000'ccec     0x4  touchdown.o [1]
  .bss               zero     0x2000'ccf0     0x4  strtok.o [2]
  .bss               zero     0x2000'ccf4     0x4  xfail_s.o [2]
  .bss               zero     0x2000'ccf8     0x4  xgetmemchunk.o [2]
  .bss               zero     0x2000'ccfc     0x1  kickball.o [1]
  .bss               zero     0x2000'ccfd     0x1  touchdown.o [1]
                            - 0x2000'ccfe  0xca1a

"P2", part 3 of 3:                         0x2200
  CSTACK                      0x2000'cd00  0x1200  <Block>
    CSTACK           uninit   0x2000'cd00  0x1200  <Block tail>
  HEAP                        0x2000'df00  0x1000  <Block>
    HEAP             uninit   0x2000'df00  0x1000  <Block tail>
                            - 0x2000'ef00  0x2200

Unused ranges:

         From           To      Size
         ----           --      ----
   0x800'a750   0x80f'ffff  0xf'58b0
  0x2000'02e1  0x2000'02e3       0x3
  0x2000'ef00  0x2001'ffff  0x1'1100


*******************************************************************************
*** INIT TABLE
***

          Address      Size
          -------      ----
Zero (__iar_zero_init3)
    1 destination range, total size 0xca1a:
          0x2000'02e4  0xca1a

Copy/lz77 (__iar_lz77_init_single3)
    1 source range, total size 0x12e (40% of destination):
           0x800'a622   0x12e
    1 destination range, total size 0x2e1:
          0x2000'0000   0x2e1



*******************************************************************************
*** MODULE SUMMARY
***

    Module                  ro code  ro data  rw data
    ------                  -------  -------  -------
command line/config:
    -------------------------------------------------
    Total:

D:\Users\zohyc\Documents\BUPT\RobotTeam\Project\Chassis_TR\EWARM\Chassis\Obj: [1]
    adc.o                       352               168
    can.o                       212                40
    can_func.o                  100       33        4
    can_utils.o                 586       35      132
    chassis.o                   516       14      152
    cmd.o                     1 092       69      656
    cmd_func.o                2 364    1 516
    configure.o                  48                32
    dma.o                       200
    flags.o                                         8
    gpio.o                      360
    hash.o                      548      100
    karman.o                     90       59      144
    kickball.o                  684       50       69
    laser.o                     680      104      336
    lcd.o                       288       28      408
    main.o                      718       20       92
    motor_driver.o              168                32
    point.o                                    48 000
    point_parser.o              156      150      336
    robomaster.o                106
    sensor_gpio.o               224      126       16
    simplelib.o                  92       24
    startup_stm32f407xx.o       676
    stm32f4xx_hal.o             164        2        9
    stm32f4xx_hal_adc.o       1 396
    stm32f4xx_hal_can.o       2 034
    stm32f4xx_hal_cortex.o      344
    stm32f4xx_hal_dma.o       1 360        8
    stm32f4xx_hal_gpio.o        668
    stm32f4xx_hal_msp.o          64
    stm32f4xx_hal_rcc.o       1 444
    stm32f4xx_hal_uart.o      2 626
    stm32f4xx_it.o              292
    system_stm32f4xx.o           96       26        4
    touchdown.o                 296        5       33
    usart.o                   1 660             1 152
    utils.o                     156
    vega.o                      336      177       12
    vesc_can.o                  308
    -------------------------------------------------
    Total:                   23 504    2 546   51 835

dl7M_tlf.a: [2]
    abort.o                       6
    dlmalloc.o                3 968               496
    exit.o                        4
    iar_Stoflt.o                452
    iar_Stopfx.o                290
    iar_Stoulx.o                332       80
    iar_Stoxflt.o               540
    isalpha.o                    20
    isspace.o                    20
    low_level_init.o              4
    strcspn.o                    34
    strspn.o                     34
    strtok.o                     76                 4
    tolower.o                    20
    vsnprint.o                   60
    xencoding_8859_1.o           30
    xfail_s.o                    64                 4
    xgetmemchunk.o               44                 4
    xlocale_c.o                 180       58      128
    xmbcurmax.o                  10
    xprintffull.o             3 910
    xsnprout.o                   26
    -------------------------------------------------
    Total:                   10 124      138      636

m7M_tls.a: [3]
    DblAdd.o                    378
    DblCmpEq.o                   32
    DblCmpGe.o                   46
    DblCmpLe.o                   46
    DblDiv.o                    582
    DblMul.o                    418
    DblSub.o                    226
    DblToFlt.o                  104
    DblToS32.o                   58
    DblToU32.o                   40
    FltToDbl.o                   72
    S32ToDbl.o                   34
    U32ToDbl.o                   26
    cos_sin64.o               1 088
    fpinit_M.o                   34
    frexp.o                     112
    ldexp.o                     314
    math_wrappers64.o            26
    strto64.o                 1 308       72
    -------------------------------------------------
    Total:                    4 944       72

rt7M_tl.a: [4]
    ABImemclr4.o                  6
    ABImemcpy.o                 166
    ABImemset.o                 102
    ABImemset48.o                50
    I64DivMod.o                 560
    I64DivZer.o                   2
    cexit.o                      10
    cmain.o                      30
    cstartup_M.o                 12
    data_init.o                  40
    lz77_init_single.o          122
    memchr.o                     88
    strchr.o                     22
    strcmp.o                     18
    strcpy.o                     24
    strlen.o                     54
    zero_init3.o                 58
    -------------------------------------------------
    Total:                    1 364

shb_l.a: [5]
    ABIassert.o                  36
    exit.o                       20
    -------------------------------------------------
    Total:                       56

    Gaps                         48        4        4
    Linker created                        32    8 704
-----------------------------------------------------
    Grand Total:             40 040    2 792   61 179


*******************************************************************************
*** ENTRY LIST
***

Entry                       Address   Size  Type      Object
-----                       -------   ----  ----      ------
.iar.init_table$$Base    0x800'9d08          --   Gb  - Linker created -
.iar.init_table$$Limit   0x800'9d28          --   Gb  - Linker created -
?main                    0x800'9f09         Code  Gb  cmain.o [4]
ADC_DMAConvCplt          0x800'6c51   0x7a  Code  Lc  stm32f4xx_hal_adc.o [1]
ADC_DMAError             0x800'6cdd   0x1a  Code  Lc  stm32f4xx_hal_adc.o [1]
ADC_DMAHalfConvCplt      0x800'6ccd    0xe  Code  Lc  stm32f4xx_hal_adc.o [1]
ADC_Init                 0x800'6acf  0x15a  Code  Lc  stm32f4xx_hal_adc.o [1]
AHBPrescTable            0x800'a42c   0x10  Data  Gb  system_stm32f4xx.o [1]
APBPrescTable            0x800'a4f8    0x8  Data  Gb  system_stm32f4xx.o [1]
BusFault_Handler         0x800'992f    0x2  Code  Gb  stm32f4xx_it.o [1]
CAN1_RX0_IRQHandler      0x800'9977    0xa  Code  Gb  stm32f4xx_it.o [1]
CAN_config               0x800'7f2f   0x52  Code  Lc  can_utils.o [1]
CMD_USART               0x2000'c914   0x40  Data  Gb  cmd.o [1]
CSTACK$$Base            0x2000'cd00          --   Gb  - Linker created -
CSTACK$$Limit           0x2000'df00          --   Gb  - Linker created -
CacheMore                0x800'2189   0x24  Code  Lc  xlocale_c.o [2]
DMA1_Stream0_IRQHandler
                         0x800'9945    0xa  Code  Gb  stm32f4xx_it.o [1]
DMA1_Stream1_IRQHandler
                         0x800'994f    0xa  Code  Gb  stm32f4xx_it.o [1]
DMA1_Stream3_IRQHandler
                         0x800'9959    0xa  Code  Gb  stm32f4xx_it.o [1]
DMA1_Stream5_IRQHandler
                         0x800'9963    0xa  Code  Gb  stm32f4xx_it.o [1]
DMA1_Stream6_IRQHandler
                         0x800'996d    0xa  Code  Gb  stm32f4xx_it.o [1]
DMA1_Stream7_IRQHandler
                         0x800'99cf    0xa  Code  Gb  stm32f4xx_it.o [1]
DMA2_Stream0_IRQHandler
                         0x800'99f1    0xa  Code  Gb  stm32f4xx_it.o [1]
DMA2_Stream2_IRQHandler
                         0x800'99fb    0xa  Code  Gb  stm32f4xx_it.o [1]
DMA2_Stream7_IRQHandler
                         0x800'9a05    0xa  Code  Gb  stm32f4xx_it.o [1]
DMAUSART_RX_BUF         0x2000'c310   0x64  Data  Gb  cmd.o [1]
DMAUSART_RX_BUF_vega    0x2000'c374   0x64  Data  Gb  cmd.o [1]
DMA_CalcBaseAndBitshift
                         0x800'4431   0x30  Code  Lc  stm32f4xx_hal_dma.o [1]
DMA_CalcBaseAndBitshift::flagBitshiftOffset
                         0x800'a4f0    0x8  Data  Lc  stm32f4xx_hal_dma.o [1]
DMA_CheckFifoParam       0x800'4471   0x9c  Code  Lc  stm32f4xx_hal_dma.o [1]
DMA_RxOK_Flag           0x2000'cca0    0x4  Data  Gb  flags.o [1]
DMA_RxOK_Flag_vega      0x2000'cc98    0x4  Data  Gb  cmd.o [1]
DMA_SetConfig            0x800'4403   0x2e  Code  Lc  stm32f4xx_hal_dma.o [1]
DMAaRxBuffer            0x2000'c2ac   0x64  Data  Gb  cmd.o [1]
DMAaRxBuffer_vega       0x2000'c3d8   0x64  Data  Gb  cmd.o [1]
DebugMon_Handler         0x800'9935    0x2  Code  Gb  stm32f4xx_it.o [1]
Dtentox                  0x800'8bc1  0x190  Code  Lc  strto64.o [3]
Error_Handler            0x800'4a09    0x2  Code  Gb  main.o [1]
HAL_ADC_ConfigChannel    0x800'6953  0x17c  Code  Gb  stm32f4xx_hal_adc.o [1]
HAL_ADC_Init             0x800'6789   0x66  Code  Gb  stm32f4xx_hal_adc.o [1]
HAL_ADC_MspInit          0x800'5157   0xa2  Code  Gb  adc.o [1]
HAL_ADC_Start_DMA        0x800'67ef  0x164  Code  Gb  stm32f4xx_hal_adc.o [1]
HAL_CAN_ActivateNotification
                         0x800'727d   0x34  Code  Gb  stm32f4xx_hal_can.o [1]
HAL_CAN_AddTxMessage     0x800'6fed  0x138  Code  Gb  stm32f4xx_hal_can.o [1]
HAL_CAN_ConfigFilter     0x800'6e65  0x128  Code  Gb  stm32f4xx_hal_can.o [1]
HAL_CAN_GetRxMessage     0x800'7125  0x158  Code  Gb  stm32f4xx_hal_can.o [1]
HAL_CAN_IRQHandler       0x800'72b1  0x224  Code  Gb  stm32f4xx_hal_can.o [1]
HAL_CAN_Init             0x800'6cf9  0x16c  Code  Gb  stm32f4xx_hal_can.o [1]
HAL_CAN_MspInit          0x800'525f   0x78  Code  Gb  can.o [1]
HAL_CAN_RxFifo0FullCallback
                         0x800'7f2d    0x2  Code  Gb  can_utils.o [1]
HAL_CAN_RxFifo0MsgPendingCallback
                         0x800'7e8b   0x3a  Code  Gb  can_utils.o [1]
HAL_CAN_Start            0x800'6f8d   0x5c  Code  Gb  stm32f4xx_hal_can.o [1]
HAL_DMA_Abort            0x800'4137   0x9c  Code  Gb  stm32f4xx_hal_dma.o [1]
HAL_DMA_Abort_IT         0x800'41d3   0x28  Code  Gb  stm32f4xx_hal_dma.o [1]
HAL_DMA_IRQHandler       0x800'41fb  0x208  Code  Gb  stm32f4xx_hal_dma.o [1]
HAL_DMA_Init             0x800'3fbd   0xe2  Code  Gb  stm32f4xx_hal_dma.o [1]
HAL_DMA_Start_IT         0x800'409f   0x98  Code  Gb  stm32f4xx_hal_dma.o [1]
HAL_GPIO_Init            0x800'4a15  0x210  Code  Gb  stm32f4xx_hal_gpio.o [1]
HAL_GPIO_ReadPin         0x800'4c25   0x16  Code  Gb  stm32f4xx_hal_gpio.o [1]
HAL_GPIO_TogglePin       0x800'4c55   0x22  Code  Gb  stm32f4xx_hal_gpio.o [1]
HAL_GPIO_WritePin        0x800'4c3b   0x1a  Code  Gb  stm32f4xx_hal_gpio.o [1]
HAL_GetTick              0x800'3fb1    0xc  Code  Wk  stm32f4xx_hal.o [1]
HAL_IncTick              0x800'9a4d   0x18  Code  Wk  stm32f4xx_hal.o [1]
HAL_Init                 0x800'4e55   0x30  Code  Gb  stm32f4xx_hal.o [1]
HAL_InitTick             0x800'4e09   0x4c  Code  Wk  stm32f4xx_hal.o [1]
HAL_MspInit              0x800'6749   0x40  Code  Gb  stm32f4xx_hal_msp.o [1]
HAL_NVIC_EnableIRQ       0x800'4dcf    0xe  Code  Gb  stm32f4xx_hal_cortex.o [1]
HAL_NVIC_SetPriority     0x800'4da5   0x2a  Code  Gb  stm32f4xx_hal_cortex.o [1]
HAL_NVIC_SetPriorityGrouping
                         0x800'4d99    0xc  Code  Gb  stm32f4xx_hal_cortex.o [1]
HAL_RCC_ClockConfig      0x800'4519  0x13e  Code  Gb  stm32f4xx_hal_rcc.o [1]
HAL_RCC_GetHCLKFreq      0x800'4657    0x6  Code  Gb  stm32f4xx_hal_rcc.o [1]
HAL_RCC_GetPCLK1Freq     0x800'465d   0x16  Code  Gb  stm32f4xx_hal_rcc.o [1]
HAL_RCC_GetPCLK2Freq     0x800'4673   0x16  Code  Gb  stm32f4xx_hal_rcc.o [1]
HAL_RCC_OscConfig        0x800'5f51  0x380  Code  Wk  stm32f4xx_hal_rcc.o [1]
HAL_SYSTICK_Config       0x800'4ddd    0xc  Code  Gb  stm32f4xx_hal_cortex.o [1]
HAL_UART_DMAStop         0x800'319f   0x72  Code  Gb  stm32f4xx_hal_uart.o [1]
HAL_UART_IDLECallback    0x800'6389   0xf8  Code  Gb  cmd.o [1]
HAL_UART_IRQHandler      0x800'3211  0x14a  Code  Gb  stm32f4xx_hal_uart.o [1]
HAL_UART_Init            0x800'2efd   0x76  Code  Gb  stm32f4xx_hal_uart.o [1]
HAL_UART_MspInit         0x800'3a85  0x4a0  Code  Gb  usart.o [1]
HAL_UART_Receive_DMA     0x800'30e9   0xb6  Code  Gb  stm32f4xx_hal_uart.o [1]
HAL_UART_Transmit        0x800'2f73   0xe0  Code  Gb  stm32f4xx_hal_uart.o [1]
HAL_UART_Transmit_DMA    0x800'3053   0x96  Code  Gb  stm32f4xx_hal_uart.o [1]
HCAN                    0x2000'cb2c   0x28  Data  Gb  can_utils.o [1]
HEAP$$Base              0x2000'df00          --   Gb  - Linker created -
HEAP$$Limit             0x2000'ef00          --   Gb  - Linker created -
HardFault_Handler        0x800'992b    0x2  Code  Gb  stm32f4xx_it.o [1]
HashTable_create         0x800'83c3   0x5c  Code  Gb  hash.o [1]
HashTable_get            0x800'84b9   0x60  Code  Gb  hash.o [1]
HashTable_insert         0x800'841f   0x9a  Code  Gb  hash.o [1]
HashTable_map            0x800'8519   0x74  Code  Gb  hash.o [1]
KalMan                   0x800'825f   0x5a  Code  Gb  karman.o [1]
LoadInt                  0x800'138b   0x7a  Code  Lc  xprintffull.o [2]
MX_ADC1_Init             0x800'50b9   0x9e  Code  Gb  adc.o [1]
MX_CAN1_Init             0x800'5219   0x46  Code  Gb  can.o [1]
MX_DMA_Init              0x800'4ff1   0xc8  Code  Gb  dma.o [1]
MX_GPIO_Init             0x800'4e89  0x168  Code  Gb  gpio.o [1]
MX_UART4_Init            0x800'3935   0x38  Code  Gb  usart.o [1]
MX_UART5_Init            0x800'396d   0x38  Code  Gb  usart.o [1]
MX_USART1_UART_Init      0x800'39a5   0x38  Code  Gb  usart.o [1]
MX_USART2_UART_Init      0x800'39dd   0x38  Code  Gb  usart.o [1]
MX_USART3_UART_Init      0x800'3a15   0x38  Code  Gb  usart.o [1]
MX_USART6_UART_Init      0x800'3a4d   0x38  Code  Gb  usart.o [1]
MemManage_Handler        0x800'992d    0x2  Code  Gb  stm32f4xx_it.o [1]
NMI_Handler              0x800'9929    0x2  Code  Gb  stm32f4xx_it.o [1]
NVIC_EncodePriority      0x800'4d29   0x40  Code  Lc  stm32f4xx_hal_cortex.o [1]
PID_Release              0x800'82ed   0x94  Code  Gb  utils.o [1]
PendSV_Handler           0x800'9937    0x2  Code  Gb  stm32f4xx_it.o [1]
Region$$Table$$Base      0x800'9d08          --   Gb  - Linker created -
Region$$Table$$Limit     0x800'9d28          --   Gb  - Linker created -
RxHeader                0x2000'cbc0   0x1c  Data  Gb  can_utils.o [1]
SVC_Handler              0x800'9933    0x2  Code  Gb  stm32f4xx_it.o [1]
SysTick_Config           0x800'4d69   0x30  Code  Lc  stm32f4xx_hal_cortex.o [1]
SysTick_Handler          0x800'9939    0xc  Code  Gb  stm32f4xx_it.o [1]
SystemClock_Config       0x800'4845   0xa2  Code  Gb  main.o [1]
SystemCoreClock         0x2000'0244    0x4  Data  Gb  system_stm32f4xx.o [1]
SystemInit               0x800'9a65   0x40  Code  Gb  system_stm32f4xx.o [1]
TxHeader                0x2000'cbdc   0x18  Data  Gb  can_utils.o [1]
TxMailbox               0x2000'cc84    0x4  Data  Gb  can_utils.o [1]
UART5_IRQHandler         0x800'99d9   0x18  Code  Gb  stm32f4xx_it.o [1]
UART_DMAAbortOnError     0x800'34f1   0x16  Code  Lc  stm32f4xx_hal_uart.o [1]
UART_DMAError            0x800'33f5   0x58  Code  Lc  stm32f4xx_hal_uart.o [1]
UART_DMAReceiveCplt      0x800'33a1   0x44  Code  Lc  stm32f4xx_hal_uart.o [1]
UART_DMARxHalfCplt       0x800'33e5    0xe  Code  Lc  stm32f4xx_hal_uart.o [1]
UART_DMATransmitCplt     0x800'335d   0x34  Code  Lc  stm32f4xx_hal_uart.o [1]
UART_DMATxHalfCplt       0x800'3391    0xe  Code  Lc  stm32f4xx_hal_uart.o [1]
UART_EndRxTransfer       0x800'34cf   0x20  Code  Lc  stm32f4xx_hal_uart.o [1]
UART_EndTransmit_IT      0x800'3577   0x20  Code  Lc  stm32f4xx_hal_uart.o [1]
UART_EndTxTransfer       0x800'34bb   0x14  Code  Lc  stm32f4xx_hal_uart.o [1]
UART_Receive_IT          0x800'3597   0xae  Code  Lc  stm32f4xx_hal_uart.o [1]
UART_SetConfig           0x800'3645  0x2e2  Code  Lc  stm32f4xx_hal_uart.o [1]
UART_Transmit_IT         0x800'3509   0x6e  Code  Lc  stm32f4xx_hal_uart.o [1]
UART_WaitOnFlagUntilTimeout
                         0x800'344d   0x6e  Code  Lc  stm32f4xx_hal_uart.o [1]
USART1_IRQHandler        0x800'9981   0x1a  Code  Gb  stm32f4xx_it.o [1]
USART2_IRQHandler        0x800'999b   0x1a  Code  Gb  stm32f4xx_it.o [1]
USART3_IRQHandler        0x800'99b5   0x1a  Code  Gb  stm32f4xx_it.o [1]
UsageFault_Handler       0x800'9931    0x2  Code  Gb  stm32f4xx_it.o [1]
_Encoding_8859_1_Mbrlen
                         0x800'2225    0x2  Code  Gb  xencoding_8859_1.o [2]
_Encoding_8859_1_Wctomb
                         0x800'2213   0x12  Code  Gb  xencoding_8859_1.o [2]
_GenldFull               0x800'1de9  0x274  Code  Lc  xprintffull.o [2]
_LdtobFull               0x800'19e5  0x3d6  Code  Lc  xprintffull.o [2]
_LitobFull               0x800'1895  0x10a  Code  Lc  xprintffull.o [2]
_LocaleC_isalpha         0x800'214f    0xc  Code  Gb  xlocale_c.o [2]
_LocaleC_islower         0x800'2149    0x4  Code  Gb  xlocale_c.o [2]
_LocaleC_isspace         0x800'2165   0x14  Code  Gb  xlocale_c.o [2]
_LocaleC_isupper         0x800'214d    0x2  Code  Gb  xlocale_c.o [2]
_LocaleC_tolower         0x800'2179    0xc  Code  Gb  xlocale_c.o [2]
_Locale_lconv           0x2000'0260   0x38  Data  Lc  xlocale_c.o [2]
_PrintfFull              0x800'11c9  0x1aa  Code  Gb  xprintffull.o [2]
_PutcharsFull            0x800'205d   0x2e  Code  Lc  xprintffull.o [2]
_PutfldFull              0x800'1405  0x2d4  Code  Lc  xprintffull.o [2]
_PutstrFull              0x800'17cf   0xc6  Code  Lc  xprintffull.o [2]
_PuttxtFull              0x800'16d9   0xf6  Code  Lc  xprintffull.o [2]
_SNProut                 0x800'22a7   0x1a  Code  Gb  xsnprout.o [2]
_Strtok_ssave           0x2000'ccf0    0x4  Data  Lc  strtok.o [2]
__NVIC_EnableIRQ         0x800'4cdf   0x1e  Code  Lc  stm32f4xx_hal_cortex.o [1]
__NVIC_GetPriorityGrouping
                         0x800'4cd3    0xc  Code  Lc  stm32f4xx_hal_cortex.o [1]
__NVIC_SetPriority       0x800'4cfd   0x2c  Code  Lc  stm32f4xx_hal_cortex.o [1]
__NVIC_SetPriorityGrouping
                         0x800'4cb1   0x22  Code  Lc  stm32f4xx_hal_cortex.o [1]
__aeabi_assert           0x800'9381   0x24  Code  Gb  ABIassert.o [5]
__aeabi_cdcmpeq          0x800'8a05         Code  Gb  DblCmpEq.o [3]
__aeabi_cdcmple          0x800'2811         Code  Gb  DblCmpLe.o [3]
__aeabi_cdrcmple         0x800'2841         Code  Gb  DblCmpGe.o [3]
__aeabi_d2f              0x800'5ce5         Code  Gb  DblToFlt.o [3]
__aeabi_d2iz             0x800'29ad         Code  Gb  DblToS32.o [3]
__aeabi_d2uiz            0x800'2d39         Code  Gb  DblToU32.o [3]
__aeabi_dadd             0x800'2d81         Code  Gb  DblAdd.o [3]
__aeabi_ddiv             0x800'2af1         Code  Gb  DblDiv.o [3]
__aeabi_dmul             0x800'25fd         Code  Gb  DblMul.o [3]
__aeabi_dsub             0x800'2a0d         Code  Gb  DblSub.o [3]
__aeabi_f2d              0x800'5c9d         Code  Gb  FltToDbl.o [3]
__aeabi_i2d              0x800'29e9         Code  Gb  S32ToDbl.o [3]
__aeabi_ldiv0            0x800'2d7d         Code  Gb  I64DivZer.o [4]
__aeabi_memclr4          0x800'4a0d         Code  Gb  ABImemclr4.o [4]
__aeabi_memcpy           0x800'2325         Code  Gb  ABImemcpy.o [4]
__aeabi_memcpy4          0x800'2345         Code  Gb  ABImemcpy.o [4]
__aeabi_memcpy8          0x800'2345         Code  Gb  ABImemcpy.o [4]
__aeabi_memset           0x800'85ad         Code  Gb  ABImemset.o [4]
__aeabi_ui2d             0x800'2d61         Code  Gb  U32ToDbl.o [3]
__aeabi_uldivmod         0x800'23cd         Code  Gb  I64DivMod.o [4]
__cmain                  0x800'9f09         Code  Gb  cmain.o [4]
__data_GetMemChunk       0x800'1189   0x2c  Code  Gb  xgetmemchunk.o [2]
__data_GetMemChunk::start
                        0x2000'ccf8    0x4  Data  Lc  xgetmemchunk.o [2]
__exit                   0x800'11b5   0x14  Code  Gb  exit.o [5]
__iar_Fail_s             0x800'2231   0x1c  Code  Gb  xfail_s.o [2]
__iar_Mbcurmax           0x800'2319    0xa  Code  Gb  xmbcurmax.o [2]
__iar_Memchr             0x800'22c1         Code  Gb  memchr.o [4]
__iar_Memset             0x800'85ad         Code  Gb  ABImemset.o [4]
__iar_Memset4_word       0x800'6715         Code  Gb  ABImemset48.o [4]
__iar_Memset8_word       0x800'6715         Code  Gb  ABImemset48.o [4]
__iar_Memset_word        0x800'85b5         Code  Gb  ABImemset.o [4]
__iar_Sin64              0x800'8f41  0x3aa  Code  Lc  cos_sin64.o [3]
__iar_Sto64              0x800'8d61  0x194  Code  Gb  strto64.o [3]
__iar_Stoflt             0x800'9535  0x1c4  Code  Gb  iar_Stoflt.o [2]
__iar_Stopfx             0x800'9411  0x122  Code  Gb  iar_Stopfx.o [2]
__iar_Stoulx             0x800'88b9  0x13a  Code  Gb  iar_Stoulx.o [2]
__iar_Stoxflt            0x800'96f9  0x1e6  Code  Gb  iar_Stoxflt.o [2]
__iar_Stoxflt::digits    0x800'98e4   0x18  Data  Lc  iar_Stoxflt.o [2]
__iar_Stoxflt::vals      0x800'98fc   0x18  Data  Lc  iar_Stoxflt.o [2]
__iar_Strchr             0x800'21fd         Code  Gb  strchr.o [4]
__iar_cos64              0x800'937d    0x4  Code  Gb  cos_sin64.o [3]
__iar_cos_medium         0x800'937d    0x4  Code  Gb  cos_sin64.o [3]
__iar_cos_medium64       0x800'937d    0x4  Code  Gb  cos_sin64.o [3]
__iar_cos_mediuml        0x800'937d    0x4  Code  Gb  cos_sin64.o [3]
__iar_dadd               0x800'2a1d         Code  Gb  DblSub.o [3]
__iar_data_init3         0x800'9c09   0x28  Code  Gb  data_init.o [4]
__iar_dlmalloc           0x800'0e4d  0x2b6  Code  Gb  dlmalloc.o [2]
__iar_dsub               0x800'2d91         Code  Gb  DblAdd.o [3]
__iar_dsubStart          0x800'2da3         Code  Gb  DblAdd.o [3]
__iar_frexp              0x800'27ad         Code  Gb  frexp.o [3]
__iar_frexpl             0x800'27ad         Code  Gb  frexp.o [3]
__iar_globLocale        0x2000'0298   0x48  Data  Lc  xlocale_c.o [2]
__iar_global_Locale      0x800'2185    0x4  Code  Gb  xlocale_c.o [2]
__iar_init_vfp           0x800'9ce5         Code  Gb  fpinit_M.o [3]
__iar_ldexp64            0x800'2871         Code  Gb  ldexp.o [3]
__iar_lz77_init_single3
                         0x800'110f   0x7a  Code  Gb  lz77_init_single.o [4]
__iar_program_start      0x800'a4ad         Code  Gb  cstartup_M.o [4]
__iar_scalbln64          0x800'2871         Code  Gb  ldexp.o [3]
__iar_scalbn64           0x800'2871         Code  Gb  ldexp.o [3]
__iar_softfp___iar_frexp64
                         0x800'27a1         Code  Gb  frexp.o [3]
__iar_softfp_frexp       0x800'27a1         Code  Gb  frexp.o [3]
__iar_softfp_frexpl      0x800'27a1         Code  Gb  frexp.o [3]
__iar_vfp_atof           0x800'82d7    0x8  Code  Gb  math_wrappers64.o [3]
__iar_vfp_cos            0x800'82df    0xc  Code  Gb  math_wrappers64.o [3]
__iar_zero_init3         0x800'210f   0x3a  Code  Gb  zero_init3.o [4]
__low_level_init         0x800'9f27    0x4  Code  Gb  low_level_init.o [2]
__vector_table           0x800'0000         Data  Gb  startup_stm32f407xx.o [1]
_call_main               0x800'9f15         Code  Gb  cmain.o [4]
_cmd_help                0x800'65f1   0x18  Code  Lc  cmd.o [1]
_exit                    0x800'9f31         Code  Gb  cexit.o [4]
_gLocale_mblen           0x800'21e9    0x4  Code  Gb  xlocale_c.o [2]
_gLocale_mblenInt        0x800'21ad   0x2c  Code  Gb  xlocale_c.o [2]
_gLocale_wctomb          0x800'21ed    0x4  Code  Gb  xlocale_c.o [2]
_gLocale_wctombInt       0x800'21e5    0x4  Code  Gb  xlocale_c.o [2]
_gm_                    0x2000'be64  0x1d8  Data  Lc  dlmalloc.o [2]
_main                    0x800'9f23         Code  Gb  cmain.o [4]
abort                    0x800'1109    0x6  Code  Gb  abort.o [2]
add_segment              0x800'0551  0x1f2  Code  Lc  dlmalloc.o [2]
angle_pid               0x2000'000c   0x20  Data  Gb  chassis.o [1]
atof                     0x800'8f39    0x8  Code  Gb  strto64.o [3]
atoi                     0x800'89f9    0x2  Code  Gb  iar_Stoulx.o [2]
buffer_append_int32      0x800'80c1   0x32  Code  Gb  vesc_can.o [1]
buffer_count            0x2000'cc94    0x4  Data  Gb  cmd.o [1]
can_callback_add         0x800'7e45   0x1e  Code  Gb  can_utils.o [1]
can_callback_table      0x2000'cc8c    0x4  Data  Lc  can_utils.o [1]
can_data_show_flag      0x2000'0000    0x4  Data  Gb  can_func.o [1]
can_exc_callback         0x800'7e63   0x28  Code  Gb  can_utils.o [1]
can_exc_callback_flag   0x2000'cc9c    0x4  Data  Gb  flags.o [1]
can_ext_send_msg         0x800'7f09   0x24  Code  Gb  can_utils.o [1]
can_func_init            0x800'805d   0x1a  Code  Gb  can_func.o [1]
can_id_init              0x800'5349   0x30  Code  Gb  configure.o [1]
can_init                 0x800'7e11   0x34  Code  Gb  can_utils.o [1]
can_rx_callback_flag    0x2000'cc80    0x4  Data  Gb  can_utils.o [1]
can_rx_data             0x2000'cc60    0x8  Data  Gb  can_utils.o [1]
can_send_msg             0x800'7ec5   0x44  Code  Gb  can_utils.o [1]
can_show_rocker          0x800'8085   0x2e  Code  Gb  can_func.o [1]
can_std_mask_filter_conf
                         0x800'7fb9   0x8a  Code  Gb  can_utils.o [1]
can_suc_rx               0x800'8079    0xc  Code  Gb  can_func.o [1]
chassis                 0x2000'c79c   0x58  Data  Gb  chassis.o [1]
chassis_canset_motorspeed
                         0x800'5d4d   0x8a  Code  Gb  chassis.o [1]
chassis_move             0x800'5dd9  0x14a  Code  Gb  chassis.o [1]
chassis_status          0x2000'cba0   0x20  Data  Gb  chassis.o [1]
clock                   0x2000'cc70    0x8  Data  Gb  main.o [1]
clock_exe                0x800'473d   0x3c  Code  Gb  main.o [1]
cmd_add                  0x800'6515   0x54  Code  Gb  cmd.o [1]
cmd_argv                0x2000'cad4   0x30  Data  Gb  cmd.o [1]
cmd_chassis_move         0x800'7aad   0x78  Code  Gb  cmd_func.o [1]
cmd_exec                 0x800'64c9   0x2c  Code  Gb  cmd.o [1]
cmd_func_init            0x800'7b25  0x11e  Code  Gb  cmd_func.o [1]
cmd_gpio_all             0x800'7801   0x40  Code  Gb  cmd_func.o [1]
cmd_gpio_cylinder        0x800'77b1   0x24  Code  Gb  cmd_func.o [1]
cmd_gpio_infrared        0x800'77eb   0x16  Code  Gb  cmd_func.o [1]
cmd_gpio_magnet          0x800'778d   0x24  Code  Gb  cmd_func.o [1]
cmd_gpio_microswitch     0x800'77d5   0x16  Code  Gb  cmd_func.o [1]
cmd_hello                0x800'74d5   0x10  Code  Gb  cmd_func.o [1]
cmd_help_func            0x800'64f9   0x1c  Code  Gb  cmd.o [1]
cmd_init                 0x800'631d   0x2e  Code  Gb  cmd.o [1]
cmd_kickball_auto        0x800'7841   0x78  Code  Gb  cmd_func.o [1]
cmd_kickball_kick        0x800'799d   0x16  Code  Gb  cmd_func.o [1]
cmd_kickball_m2006       0x800'78b9   0x30  Code  Gb  cmd_func.o [1]
cmd_kickball_prepare     0x800'7957   0x18  Code  Gb  cmd_func.o [1]
cmd_kickball_pull_magnet
                         0x800'796f   0x18  Code  Gb  cmd_func.o [1]
cmd_kickball_stop_magnet
                         0x800'7987   0x16  Code  Gb  cmd_func.o [1]
cmd_kickball_vesc        0x800'78e9   0x6e  Code  Gb  cmd_func.o [1]
cmd_laser_print_diatance
                         0x800'763f    0xc  Code  Gb  cmd_func.o [1]
cmd_laser_print_pos      0x800'764b    0xc  Code  Gb  cmd_func.o [1]
cmd_m2006                0x800'7663   0x54  Code  Gb  cmd_func.o [1]
cmd_parse                0x800'6481   0x48  Code  Gb  cmd.o [1]
cmd_point_print_path     0x800'7657    0xc  Code  Gb  cmd_func.o [1]
cmd_table               0x2000'cc90    0x4  Data  Lc  cmd.o [1]
cmd_touchdown_auto       0x800'79b3   0x42  Code  Gb  cmd_func.o [1]
cmd_touchdown_close      0x800'7a3f   0x4a  Code  Gb  cmd_func.o [1]
cmd_touchdown_open       0x800'79f5   0x4a  Code  Gb  cmd_func.o [1]
cmd_touchdown_try        0x800'7a89   0x24  Code  Gb  cmd_func.o [1]
cmd_vega_calibrate       0x800'7633    0xc  Code  Gb  cmd_func.o [1]
cmd_vega_correct_pos     0x800'7577   0xbc  Code  Gb  cmd_func.o [1]
cmd_vega_print_pos       0x800'74e5    0xc  Code  Gb  cmd_func.o [1]
cmd_vega_reset           0x800'756b    0xc  Code  Gb  cmd_func.o [1]
cmd_vega_set_position    0x800'74f1   0x7a  Code  Gb  cmd_func.o [1]
cmd_vesc                 0x800'76b7   0xd6  Code  Gb  cmd_func.o [1]
cmpAtom                  0x800'8389    0xe  Code  Lc  hash.o [1]
comm_can_set_current     0x800'815d   0x50  Code  Gb  vesc_can.o [1]
comm_can_set_duty        0x800'8111   0x4c  Code  Gb  vesc_can.o [1]
comm_can_set_rpm         0x800'81ad   0x3e  Code  Gb  vesc_can.o [1]
comm_can_transmit_eid    0x800'80f3   0x1e  Code  Gb  vesc_can.o [1]
cos                      0x800'937d    0x4  Code  Gb  cos_sin64.o [3]
cosl                     0x800'937d    0x4  Code  Gb  cos_sin64.o [3]
cylinder_state          0x2000'ccdc    0x4  Data  Gb  sensor_gpio.o [1]
ddiv                     0x800'8aed   0xc4  Code  Lc  strto64.o [3]
delim                   0x2000'002c    0x4  Data  Lc  cmd.o [1]
digits                   0x800'9aec   0x28  Data  Lc  iar_Stoulx.o [2]
dmul                     0x800'8a25   0xc6  Code  Lc  strto64.o [3]
exit                     0x800'9f2b    0x4  Code  Gb  exit.o [2]
flag                    0x2000'cb7c   0x24  Data  Gb  main.o [1]
freeKeyAtom              0x800'839b    0x2  Code  Lc  hash.o [1]
gpio_cylinder            0x800'5823   0x20  Code  Gb  sensor_gpio.o [1]
gpio_infrared            0x800'57f5    0xe  Code  Gb  sensor_gpio.o [1]
gpio_magnet              0x800'5803   0x20  Code  Gb  sensor_gpio.o [1]
gpio_microswitch         0x800'57e9    0xc  Code  Gb  sensor_gpio.o [1]
gpio_sensor_exe          0x800'5843   0x58  Code  Gb  sensor_gpio.o [1]
hadc1                   0x2000'c7f4   0x48  Data  Gb  adc.o [1]
hashAtom                 0x800'8397    0x4  Code  Lc  hash.o [1]
hashStr                  0x800'839d   0x26  Code  Gb  hash.o [1]
hash_id                  0x800'8045    0x4  Code  Lc  can_utils.o [1]
hcan1                   0x2000'cb04   0x28  Data  Gb  can.o [1]
hdma_adc1               0x2000'c43c   0x60  Data  Gb  adc.o [1]
hdma_uart5_rx           0x2000'c49c   0x60  Data  Gb  usart.o [1]
hdma_uart5_tx           0x2000'c4fc   0x60  Data  Gb  usart.o [1]
hdma_usart1_rx          0x2000'c55c   0x60  Data  Gb  usart.o [1]
hdma_usart1_tx          0x2000'c5bc   0x60  Data  Gb  usart.o [1]
hdma_usart2_rx          0x2000'c61c   0x60  Data  Gb  usart.o [1]
hdma_usart2_tx          0x2000'c67c   0x60  Data  Gb  usart.o [1]
hdma_usart3_rx          0x2000'c6dc   0x60  Data  Gb  usart.o [1]
hdma_usart3_tx          0x2000'c73c   0x60  Data  Gb  usart.o [1]
huart1                  0x2000'c9d4   0x40  Data  Gb  usart.o [1]
huart2                  0x2000'ca14   0x40  Data  Gb  usart.o [1]
huart3                  0x2000'ca54   0x40  Data  Gb  usart.o [1]
huart4                  0x2000'c954   0x40  Data  Gb  usart.o [1]
huart5                  0x2000'c994   0x40  Data  Gb  usart.o [1]
huart6                  0x2000'ca94   0x40  Data  Gb  usart.o [1]
id_cmp                   0x800'8049   0x10  Code  Lc  can_utils.o [1]
inc                      0x800'48e7   0xe6  Code  Gb  main.o [1]
infrared_state          0x2000'023c    0x4  Data  Gb  sensor_gpio.o [1]
init_mparams             0x800'01a3   0x32  Code  Lc  dlmalloc.o [2]
init_top                 0x800'01d5   0x36  Code  Lc  dlmalloc.o [2]
isalpha                  0x800'9915   0x14  Code  Gb  isalpha.o [2]
isspace                  0x800'93e9   0x14  Code  Gb  isspace.o [2]
kal_adc_L               0x2000'0078   0x18  Data  Gb  karman.o [1]
kal_adc_R               0x2000'0090   0x18  Data  Gb  karman.o [1]
kal_adc_S               0x2000'00a8   0x18  Data  Gb  karman.o [1]
kal_distance_L          0x2000'0030   0x18  Data  Gb  karman.o [1]
kal_distance_R          0x2000'0048   0x18  Data  Gb  karman.o [1]
kal_distance_S          0x2000'0060   0x18  Data  Gb  karman.o [1]
kick_current            0x2000'ccd0    0x4  Data  Gb  motor_driver.o [1]
kickball_M2006_set_current
                         0x800'58c9    0x8  Code  Gb  kickball.o [1]
kickball_VESC_set_loosen_duty
                         0x800'58dd   0x16  Code  Gb  kickball.o [1]
kickball_VESC_set_pull_current
                         0x800'58f3   0x16  Code  Gb  kickball.o [1]
kickball_VESC_set_rpm    0x800'58d1    0xc  Code  Gb  kickball.o [1]
kickball_auto           0x2000'00e8    0x4  Data  Gb  kickball.o [1]
kickball_exe             0x800'5af5   0x30  Code  Gb  kickball.o [1]
kickball_five_score     0x2000'00d4   0x14  Data  Gb  kickball.o [1]
kickball_get_microswitch_status
                         0x800'590f    0x6  Code  Gb  kickball.o [1]
kickball_kick_flag      0x2000'ccac    0x4  Data  Gb  kickball.o [1]
kickball_m2006_current  0x2000'00c0    0x4  Data  Gb  kickball.o [1]
kickball_num            0x2000'ccb8    0x4  Data  Gb  kickball.o [1]
kickball_prepare_flag   0x2000'cca4    0x4  Data  Gb  kickball.o [1]
kickball_pull_magnet_flag
                        0x2000'ccb0    0x4  Data  Gb  kickball.o [1]
kickball_ready_flag     0x2000'cca8    0x4  Data  Gb  kickball.o [1]
kickball_set_magnet_status
                         0x800'5909    0x6  Code  Gb  kickball.o [1]
kickball_set_status      0x800'5915   0x7c  Code  Gb  kickball.o [1]
kickball_state_machine   0x800'5991  0x164  Code  Gb  kickball.o [1]
kickball_status         0x2000'ccfc    0x1  Data  Gb  kickball.o [1]
kickball_stop_magnet_flag
                        0x2000'ccb4    0x4  Data  Gb  kickball.o [1]
kickball_vesc_lossen_duty
                        0x2000'00c4    0x4  Data  Gb  kickball.o [1]
kickball_vesc_pull_current10
                        0x2000'00cc    0x4  Data  Gb  kickball.o [1]
kickball_vesc_pull_current20
                        0x2000'00d0    0x4  Data  Gb  kickball.o [1]
kickball_vesc_pull_current5
                        0x2000'00c8    0x4  Data  Gb  kickball.o [1]
laser_adc               0x2000'c1cc   0x78  Data  Gb  laser.o [1]
laser_adc_split          0x800'5457   0x36  Code  Gb  laser.o [1]
laser_calculate_angle    0x800'5511    0x6  Code  Gb  laser.o [1]
laser_calculate_distance
                         0x800'548d   0x74  Code  Gb  laser.o [1]
laser_calculate_kb       0x800'5421   0x36  Code  Gb  laser.o [1]
laser_calculate_x        0x800'5501    0x6  Code  Gb  laser.o [1]
laser_calculate_y        0x800'5509    0x6  Code  Gb  laser.o [1]
laser_exe                0x800'5589   0x64  Code  Gb  laser.o [1]
laser_init               0x800'5519   0x70  Code  Gb  laser.o [1]
laser_left              0x2000'c83c   0x48  Data  Gb  laser.o [1]
laser_print_distance     0x800'55ed   0x3a  Code  Gb  laser.o [1]
laser_print_pos          0x800'5627   0x38  Code  Gb  laser.o [1]
laser_right             0x2000'c8cc   0x48  Data  Gb  laser.o [1]
laser_side              0x2000'c884   0x48  Data  Gb  laser.o [1]
lcd_add                  0x800'56c9   0x38  Code  Gb  lcd.o [1]
lcd_exe                  0x800'5725   0x8a  Code  Gb  lcd.o [1]
lcd_exe::now_num        0x2000'ccc0    0x4  Data  Lc  lcd.o [1]
lcd_init                 0x800'5701   0x24  Code  Gb  lcd.o [1]
lcd_msg                 0x2000'c03c  0x190  Data  Gb  lcd.o [1]
lcd_msg_length          0x2000'ccbc    0x4  Data  Lc  lcd.o [1]
ldexp                    0x800'2871         Code  Gb  ldexp.o [3]
ldexpl                   0x800'2871         Code  Gb  ldexp.o [3]
localeconv               0x800'21f1    0x4  Code  Gb  xlocale_c.o [2]
m2006_exe                0x800'53c5   0x48  Code  Gb  motor_driver.o [1]
magnet_state            0x2000'ccd8    0x4  Data  Gb  sensor_gpio.o [1]
main                     0x800'4779   0xcc  Code  Gb  main.o [1]
memchr                   0x800'22c1         Code  Gb  memchr.o [4]
microswitch_state       0x2000'ccd4    0x4  Data  Gb  sensor_gpio.o [1]
motor_init               0x800'5379    0x8  Code  Gb  motor_driver.o [1]
mparams                 0x2000'cc24   0x18  Data  Lc  dlmalloc.o [2]
ndigs                    0x800'9ac4   0x28  Data  Lc  iar_Stoulx.o [2]
pContainer              0x2000'00ec  0x150  Data  Gb  point_parser.o [1]
point_print_path         0x800'881d   0x92  Code  Gb  point_parser.o [1]
points_pos1             0x2000'02e4  0xfa0  Data  Gb  point.o [1]
points_pos10            0x2000'8f84  0xfa0  Data  Gb  point.o [1]
points_pos11            0x2000'9f24  0xfa0  Data  Gb  point.o [1]
points_pos12            0x2000'aec4  0xfa0  Data  Gb  point.o [1]
points_pos2             0x2000'1284  0xfa0  Data  Gb  point.o [1]
points_pos3             0x2000'2224  0xfa0  Data  Gb  point.o [1]
points_pos4             0x2000'31c4  0xfa0  Data  Gb  point.o [1]
points_pos5             0x2000'4164  0xfa0  Data  Gb  point.o [1]
points_pos6             0x2000'5104  0xfa0  Data  Gb  point.o [1]
points_pos7             0x2000'60a4  0xfa0  Data  Gb  point.o [1]
points_pos8             0x2000'7044  0xfa0  Data  Gb  point.o [1]
points_pos9             0x2000'7fe4  0xfa0  Data  Gb  point.o [1]
posture                 0x2000'cbf4   0x18  Data  Lc  cmd.o [1]
pows                     0x800'9b40   0x48  Data  Lc  strto64.o [3]
prepend_alloc            0x800'020b  0x346  Code  Lc  dlmalloc.o [2]
print_buffer            0x2000'c244   0x68  Data  Gb  cmd.o [1]
recive_id               0x2000'cc4c   0x10  Data  Gb  configure.o [1]
robomaster_set_current   0x800'81f5   0x68  Code  Gb  robomaster.o [1]
rx_buffer               0x2000'cc68    0x8  Data  Lc  can_utils.o [1]
rx_id                   0x2000'cc88    0x4  Data  Lc  can_utils.o [1]
scalbln                  0x800'2871         Code  Gb  ldexp.o [3]
scalblnl                 0x800'2871         Code  Gb  ldexp.o [3]
scalbn                   0x800'2871         Code  Gb  ldexp.o [3]
scalbnl                  0x800'2871         Code  Gb  ldexp.o [3]
scale                    0x800'199f   0x46  Code  Lc  xprintffull.o [2]
sec_hand                0x2000'ccf4    0x4  Data  Lc  xfail_s.o [2]
segment_holding          0x800'0189   0x1a  Code  Lc  dlmalloc.o [2]
send_id                 0x2000'cc3c   0x10  Data  Gb  configure.o [1]
simplelib_init           0x800'52ed   0x2a  Code  Gb  simplelib.o [1]
simplelib_run            0x800'5317   0x24  Code  Gb  simplelib.o [1]
std_id                  0x2000'0004    0x8  Data  Gb  can_utils.o [1]
str_cmp                  0x800'65d5   0x1c  Code  Lc  cmd.o [1]
strchr                   0x800'21fd         Code  Gb  strchr.o [4]
strcmp                   0x800'869d         Code  Gb  strcmp.o [4]
strcpy                   0x800'82b9         Code  Gb  strcpy.o [4]
strcspn                  0x800'93c7   0x22  Code  Gb  strcspn.o [2]
strlen                   0x800'2271         Code  Gb  strlen.o [4]
strspn                   0x800'93a5   0x22  Code  Gb  strspn.o [2]
strtok                   0x800'8615   0x4c  Code  Gb  strtok.o [2]
sys_alloc                0x800'0749  0x164  Code  Lc  dlmalloc.o [2]
test_flag0              0x2000'ccc8    0x4  Data  Gb  main.o [1]
test_value              0x2000'cb54   0x28  Data  Gb  main.o [1]
time_1ms_cnt            0x2000'ccc4    0x4  Data  Lc  main.o [1]
tmalloc_large            0x800'08b9  0x386  Code  Lc  dlmalloc.o [2]
tmalloc_small            0x800'0c3f  0x200  Code  Lc  dlmalloc.o [2]
tolower                  0x800'93fd   0x14  Code  Gb  tolower.o [2]
touchdown_auto_flag     0x2000'0250    0x4  Data  Gb  touchdown.o [1]
touchdown_close_current
                        0x2000'024c    0x4  Data  Gb  touchdown.o [1]
touchdown_current       0x2000'cccc    0x4  Data  Gb  motor_driver.o [1]
touchdown_cylinder_pull
                         0x800'5b7d    0x8  Code  Gb  touchdown.o [1]
touchdown_cylinder_push
                         0x800'5b75    0x8  Code  Gb  touchdown.o [1]
touchdown_exe            0x800'5c5b   0x10  Code  Gb  touchdown.o [1]
touchdown_m2006_close    0x800'5b97   0x12  Code  Gb  touchdown.o [1]
touchdown_m2006_open     0x800'5b85   0x12  Code  Gb  touchdown.o [1]
touchdown_open_current  0x2000'0248    0x4  Data  Gb  touchdown.o [1]
touchdown_ready_flag    0x2000'cce4    0x4  Data  Gb  touchdown.o [1]
touchdown_state_machine
                         0x800'5ba9   0xb2  Code  Gb  touchdown.o [1]
touchdown_state_machine::time
                        0x2000'cc78    0x8  Data  Lc  touchdown.o [1]
touchdown_state_machine::waitingtime
                        0x2000'ccec    0x4  Data  Lc  touchdown.o [1]
touchdown_status        0x2000'ccfd    0x1  Data  Lc  touchdown.o [1]
touchdown_try_flag      0x2000'cce8    0x4  Data  Gb  touchdown.o [1]
uprintf                  0x800'6569   0x36  Code  Gb  cmd.o [1]
uprintf_to               0x800'659f   0x34  Code  Gb  cmd.o [1]
usart_DMA_init           0x800'62d1   0x4c  Code  Gb  cmd.o [1]
usart_exc_DMA            0x800'634b   0x3e  Code  Gb  cmd.o [1]
usart_exc_DMA_vega       0x800'6609   0xb2  Code  Gb  cmd.o [1]
uwTick                  0x2000'cce0    0x4  Data  Gb  stm32f4xx_hal.o [1]
uwTickFreq              0x2000'02e0    0x1  Data  Gb  stm32f4xx_hal.o [1]
uwTickPrio              0x2000'0240    0x4  Data  Gb  stm32f4xx_hal.o [1]
vega_calibration         0x800'86cd   0x1c  Code  Gb  vega.o [1]
vega_correct_pos         0x800'8753   0x60  Code  Gb  vega.o [1]
vega_in_coordinate      0x2000'0254    0xc  Data  Gb  vega.o [1]
vega_print_pos           0x800'87b3   0x3a  Code  Gb  vega.o [1]
vega_reset               0x800'86e9   0x1c  Code  Gb  vega.o [1]
vega_set_position        0x800'8705   0x4e  Code  Gb  vega.o [1]
vesc                    0x2000'cc0c   0x18  Data  Gb  motor_driver.o [1]
vsec_exe                 0x800'5381   0x42  Code  Gb  motor_driver.o [1]
vsnprintf                0x800'8661   0x3c  Code  Gb  vsnprint.o [2]


[1] = D:\Users\zohyc\Documents\BUPT\RobotTeam\Project\Chassis_TR\EWARM\Chassis\Obj
[2] = dl7M_tlf.a
[3] = m7M_tls.a
[4] = rt7M_tl.a
[5] = shb_l.a

  40 040 bytes of readonly  code memory
   2 792 bytes of readonly  data memory
  61 179 bytes of readwrite data memory

Errors: none
Warnings: none
