###############################################################################
#
# IAR ELF Linker V8.30.1.114/W32 for ARM                  05/Dec/2019  22:44:15
# Copyright 2007-2018 IAR Systems AB.
#
#    Output file  =  E:\Robocon_Value\Chassis\EWARM\Chassis\Exe\Chassis.out
#    Map file     =  E:\Robocon_Value\Chassis\EWARM\Chassis\List\Chassis.map
#    Command line =  
#        -f C:\Users\DELL\AppData\Local\Temp\EW5A1B.tmp
#        (E:\Robocon_Value\Chassis\EWARM\Chassis\Obj\adc.o
#        E:\Robocon_Value\Chassis\EWARM\Chassis\Obj\can.o
#        E:\Robocon_Value\Chassis\EWARM\Chassis\Obj\can_func.o
#        E:\Robocon_Value\Chassis\EWARM\Chassis\Obj\can_utils.o
#        E:\Robocon_Value\Chassis\EWARM\Chassis\Obj\chassis.o
#        E:\Robocon_Value\Chassis\EWARM\Chassis\Obj\chassis_handle.o
#        E:\Robocon_Value\Chassis\EWARM\Chassis\Obj\cmd.o
#        E:\Robocon_Value\Chassis\EWARM\Chassis\Obj\cmd_func.o
#        E:\Robocon_Value\Chassis\EWARM\Chassis\Obj\configure.o
#        E:\Robocon_Value\Chassis\EWARM\Chassis\Obj\dma.o
#        E:\Robocon_Value\Chassis\EWARM\Chassis\Obj\flags.o
#        E:\Robocon_Value\Chassis\EWARM\Chassis\Obj\flash.o
#        E:\Robocon_Value\Chassis\EWARM\Chassis\Obj\gpio.o
#        E:\Robocon_Value\Chassis\EWARM\Chassis\Obj\hash.o
#        E:\Robocon_Value\Chassis\EWARM\Chassis\Obj\karman.o
#        E:\Robocon_Value\Chassis\EWARM\Chassis\Obj\laser.o
#        E:\Robocon_Value\Chassis\EWARM\Chassis\Obj\main.o
#        E:\Robocon_Value\Chassis\EWARM\Chassis\Obj\motordriver.o
#        E:\Robocon_Value\Chassis\EWARM\Chassis\Obj\point.o
#        E:\Robocon_Value\Chassis\EWARM\Chassis\Obj\robomaster.o
#        E:\Robocon_Value\Chassis\EWARM\Chassis\Obj\simplelib.o
#        E:\Robocon_Value\Chassis\EWARM\Chassis\Obj\startup_stm32f407xx.o
#        E:\Robocon_Value\Chassis\EWARM\Chassis\Obj\stm32f4xx_hal.o
#        E:\Robocon_Value\Chassis\EWARM\Chassis\Obj\stm32f4xx_hal_adc.o
#        E:\Robocon_Value\Chassis\EWARM\Chassis\Obj\stm32f4xx_hal_adc_ex.o
#        E:\Robocon_Value\Chassis\EWARM\Chassis\Obj\stm32f4xx_hal_can.o
#        E:\Robocon_Value\Chassis\EWARM\Chassis\Obj\stm32f4xx_hal_cortex.o
#        E:\Robocon_Value\Chassis\EWARM\Chassis\Obj\stm32f4xx_hal_dma.o
#        E:\Robocon_Value\Chassis\EWARM\Chassis\Obj\stm32f4xx_hal_dma_ex.o
#        E:\Robocon_Value\Chassis\EWARM\Chassis\Obj\stm32f4xx_hal_exti.o
#        E:\Robocon_Value\Chassis\EWARM\Chassis\Obj\stm32f4xx_hal_flash.o
#        E:\Robocon_Value\Chassis\EWARM\Chassis\Obj\stm32f4xx_hal_flash_ex.o
#        E:\Robocon_Value\Chassis\EWARM\Chassis\Obj\stm32f4xx_hal_flash_ramfunc.o
#        E:\Robocon_Value\Chassis\EWARM\Chassis\Obj\stm32f4xx_hal_gpio.o
#        E:\Robocon_Value\Chassis\EWARM\Chassis\Obj\stm32f4xx_hal_msp.o
#        E:\Robocon_Value\Chassis\EWARM\Chassis\Obj\stm32f4xx_hal_pwr.o
#        E:\Robocon_Value\Chassis\EWARM\Chassis\Obj\stm32f4xx_hal_pwr_ex.o
#        E:\Robocon_Value\Chassis\EWARM\Chassis\Obj\stm32f4xx_hal_rcc.o
#        E:\Robocon_Value\Chassis\EWARM\Chassis\Obj\stm32f4xx_hal_rcc_ex.o
#        E:\Robocon_Value\Chassis\EWARM\Chassis\Obj\stm32f4xx_hal_tim.o
#        E:\Robocon_Value\Chassis\EWARM\Chassis\Obj\stm32f4xx_hal_tim_ex.o
#        E:\Robocon_Value\Chassis\EWARM\Chassis\Obj\stm32f4xx_hal_uart.o
#        E:\Robocon_Value\Chassis\EWARM\Chassis\Obj\stm32f4xx_it.o
#        E:\Robocon_Value\Chassis\EWARM\Chassis\Obj\stmflash.o
#        E:\Robocon_Value\Chassis\EWARM\Chassis\Obj\sys.o
#        E:\Robocon_Value\Chassis\EWARM\Chassis\Obj\system_stm32f4xx.o
#        E:\Robocon_Value\Chassis\EWARM\Chassis\Obj\usart.o
#        E:\Robocon_Value\Chassis\EWARM\Chassis\Obj\utils.o
#        E:\Robocon_Value\Chassis\EWARM\Chassis\Obj\vec.o
#        E:\Robocon_Value\Chassis\EWARM\Chassis\Obj\vega_action.o --redirect
#        _Printf=_PrintfFull --redirect _Scanf=_ScanfFull --no_out_extension -o
#        E:\Robocon_Value\Chassis\EWARM\Chassis\Exe\Chassis.out --map
#        E:\Robocon_Value\Chassis\EWARM\Chassis\List\Chassis.map --config
#        E:\Robocon_Value\Chassis\EWARM/stm32f407xx_flash.icf --semihosting
#        --entry __iar_program_start --vfe --text_out locale)
#
###############################################################################

*******************************************************************************
*** RUNTIME MODEL ATTRIBUTES
***

CppFlavor       = *
__Heap_Handler  = DLMalloc
__SystemLibrary = DLib
__dlib_version  = 6


*******************************************************************************
*** HEAP SELECTION
***

The advanced heap was selected because the application calls memory
allocation functions outside of system library functions, and there
are calls to deallocation functions in the application.


*******************************************************************************
*** PLACEMENT SUMMARY
***

"A0":  place at 0x800'0000 { ro section .intvec };
"P1":  place in [from 0x800'0000 to 0x80f'ffff] { ro };
define block CSTACK with size = 4608, alignment = 8 { };
define block HEAP with size = 1536, alignment = 8 { };
"P2":  place in [from 0x2000'0000 to 0x2001'ffff] {
          rw, block CSTACK, block HEAP };
initialize by copy { rw };

  Section            Kind         Address    Size  Object
  -------            ----         -------    ----  ------
"A0":                                       0x188
  .intvec            ro code   0x800'0000   0x188  startup_stm32f407xx.o [1]
                             - 0x800'0188   0x188

"P1":                                      0x5d55
  .text              ro code   0x800'0188   0xf80  dlmalloc.o [2]
  .text              ro code   0x800'1108     0x6  abort.o [2]
  .text              ro code   0x800'110e    0x7a  lz77_init_single.o [4]
  .text              ro code   0x800'1188    0x2c  xgetmemchunk.o [2]
  .text              ro code   0x800'11b4    0x14  exit.o [5]
  .text              ro code   0x800'11c8   0xf7a  xprintffull.o [2]
  .text              ro code   0x800'2142    0x3a  zero_init3.o [4]
  .text              ro code   0x800'217c    0x78  xlocale_c.o [2]
  .text              ro code   0x800'21f4    0x16  strchr.o [4]
  .text              ro code   0x800'220a    0x1e  xencoding_8859_1.o [2]
  .text              ro code   0x800'2228    0x40  xfail_s.o [2]
  .text              ro code   0x800'2268    0x36  strlen.o [4]
  .text              ro code   0x800'229e    0x1a  xsnprout.o [2]
  .text              ro code   0x800'22b8    0x58  memchr.o [4]
  .text              ro code   0x800'2310     0xa  xmbcurmax.o [2]
  .text              ro code   0x800'231c    0xa6  ABImemcpy.o [4]
  .text              ro code   0x800'23c4   0x230  I64DivMod.o [4]
  .text              ro code   0x800'25f4   0x1a2  DblMul.o [3]
  .text              ro code   0x800'2798    0x70  frexp.o [3]
  .text              ro code   0x800'2808    0x2e  DblCmpLe.o [3]
  .text              ro code   0x800'2838    0x2e  DblCmpGe.o [3]
  .text              ro code   0x800'2868   0x13a  ldexp.o [3]
  .text              ro code   0x800'29a4    0x3a  DblToS32.o [3]
  .text              ro code   0x800'29e0    0x22  S32ToDbl.o [3]
  .text              ro code   0x800'2a04    0xe2  DblSub.o [3]
  .text              ro code   0x800'2ae8   0x246  DblDiv.o [3]
  .text              ro code   0x800'2d30    0x28  DblToU32.o [3]
  .text              ro code   0x800'2d58    0x1a  U32ToDbl.o [3]
  .text              ro code   0x800'2d74     0x2  I64DivZer.o [4]
  .text              ro code   0x800'2d78   0x16a  DblAdd.o [3]
  .text              ro code   0x800'2ee4   0x644  stm32f4xx_hal_uart.o [1]
  .text              ro code   0x800'3528   0x470  usart.o [1]
  .text              ro code   0x800'3998   0x408  stm32f4xx_hal_dma.o [1]
  .text              ro code   0x800'3da0     0x2  stm32f4xx_hal_uart.o [1]
  .text              ro code   0x800'3da4   0x260  cmd.o [1]
  .text              ro code   0x800'4004     0x2  stm32f4xx_hal_uart.o [1]
  .text              ro code   0x800'4006     0x2  stm32f4xx_hal_uart.o [1]
  .text              ro code   0x800'4008     0x2  stm32f4xx_hal_uart.o [1]
  .text              ro code   0x800'400c   0x1a8  stm32f4xx_hal_rcc.o [1]
  .text              ro code   0x800'41b4   0x122  main.o [1]
  .text              ro code   0x800'42d8     0x6  ABImemclr4.o [4]
  .text              ro code   0x800'42e0   0x1d8  stm32f4xx_hal_gpio.o [1]
  .text              ro code   0x800'44b8    0xc4  stm32f4xx_hal_cortex.o [1]
  .text              ro code   0x800'457c     0xc  stm32f4xx_hal.o [1]
  .text              ro code   0x800'4588   0x24c  hash.o [1]
  .text              ro code   0x800'47d4    0x70  strncpy.o [4]
  .text              ro code   0x800'4844    0x4c  strtok.o [2]
  .text              ro code   0x800'4890    0x4c  strcpy.o [4]
  .text              ro code   0x800'48dc    0x3c  vsnprint.o [2]
  .text              ro code   0x800'4918    0x4a  strcmp.o [4]
  .text              ro code   0x800'4964    0x40  stm32f4xx_hal.o [1]
  .text              ro code   0x800'49a4    0x34  stm32f4xx_hal.o [1]
  .text              ro code   0x800'49d8   0x11e  gpio.o [1]
  .text              ro code   0x800'4af8    0xa8  dma.o [1]
  .text              ro code   0x800'4ba0   0x114  adc.o [1]
  .text              ro code   0x800'4cb4    0xc0  can.o [1]
  .text              ro code   0x800'4d74    0x68  simplelib.o [1]
  .text              ro code   0x800'4ddc   0x2f8  stm32f4xx_hal_rcc.o [1]
  .text              ro code   0x800'50d4    0x32  ABImemset48.o [4]
  .text              ro code   0x800'5108    0x24  ABIassert.o [5]
  .text              ro code   0x800'512c    0x5e  ABImemset.o [4]
  .text              ro code   0x800'518a    0x22  strspn.o [2]
  .text              ro code   0x800'51ac    0x22  strcspn.o [2]
  .text              ro code   0x800'51d0    0x38  stm32f4xx_hal_msp.o [1]
  .text              ro code   0x800'5208   0x294  stm32f4xx_hal_adc.o [1]
  .text              ro code   0x800'549c   0x55a  stm32f4xx_hal_can.o [1]
  .text              ro code   0x800'59f8    0x2c  cmd_func.o [1]
  .text              ro code   0x800'5a24   0x152  can_utils.o [1]
  .text              ro code   0x800'5b76     0x2  can_func.o [1]
  .text              ro code   0x800'5b78     0x2  stm32f4xx_hal_can.o [1]
  .text              ro code   0x800'5b7a     0x2  stm32f4xx_hal_can.o [1]
  .text              ro code   0x800'5b7c     0x2  stm32f4xx_hal_can.o [1]
  .text              ro code   0x800'5b7e     0x2  stm32f4xx_hal_can.o [1]
  .text              ro code   0x800'5b80     0x2  stm32f4xx_hal_can.o [1]
  .text              ro code   0x800'5b82     0x2  stm32f4xx_hal_can.o [1]
  .text              ro code   0x800'5b84     0x2  stm32f4xx_hal_can.o [1]
  .text              ro code   0x800'5b86     0x2  stm32f4xx_hal_can.o [1]
  .text              ro code   0x800'5b88     0x2  stm32f4xx_hal_can.o [1]
  .text              ro code   0x800'5b8a     0x2  stm32f4xx_hal_can.o [1]
  .text              ro code   0x800'5b8c     0x2  stm32f4xx_hal_can.o [1]
  .text              ro code   0x800'5b90    0xbc  stm32f4xx_it.o [1]
  .text              ro code   0x800'5c4c    0x10  stm32f4xx_hal.o [1]
  .text              ro code   0x800'5c5c    0x60  system_stm32f4xx.o [1]
  .text              ro code   0x800'5cbc    0x28  data_init.o [4]
  .text              ro code   0x800'5ce4    0x22  fpinit_M.o [3]
  .iar.init_table    const     0x800'5d08    0x20  - Linker created -
  .text              ro code   0x800'5d28    0x1e  cmain.o [4]
  .text              ro code   0x800'5d46     0x4  low_level_init.o [2]
  .text              ro code   0x800'5d4a     0x4  exit.o [2]
  .text              ro code   0x800'5d50     0xa  cexit.o [4]
  .text              ro code   0x800'5d5c    0x10  startup_stm32f407xx.o [1]
  .text              ro code   0x800'5d6c     0xc  cstartup_M.o [4]
  .rodata            const     0x800'5d78     0x8  system_stm32f4xx.o [1]
  .rodata            const     0x800'5d80     0x6  xlocale_c.o [2]
  .text              ro code   0x800'5d86     0x4  startup_stm32f407xx.o [1]
  .text              ro code   0x800'5d8a     0x4  startup_stm32f407xx.o [1]
  .text              ro code   0x800'5d8e     0x4  startup_stm32f407xx.o [1]
  .text              ro code   0x800'5d92     0x4  startup_stm32f407xx.o [1]
  .text              ro code   0x800'5d96     0x4  startup_stm32f407xx.o [1]
  .text              ro code   0x800'5d9a     0x4  startup_stm32f407xx.o [1]
  .text              ro code   0x800'5d9e     0x4  startup_stm32f407xx.o [1]
  .text              ro code   0x800'5da2     0x4  startup_stm32f407xx.o [1]
  .text              ro code   0x800'5da6     0x4  startup_stm32f407xx.o [1]
  .text              ro code   0x800'5daa     0x4  startup_stm32f407xx.o [1]
  .text              ro code   0x800'5dae     0x4  startup_stm32f407xx.o [1]
  .text              ro code   0x800'5db2     0x4  startup_stm32f407xx.o [1]
  .text              ro code   0x800'5db6     0x4  startup_stm32f407xx.o [1]
  .text              ro code   0x800'5dba     0x4  startup_stm32f407xx.o [1]
  .text              ro code   0x800'5dbe     0x4  startup_stm32f407xx.o [1]
  .text              ro code   0x800'5dc2     0x4  startup_stm32f407xx.o [1]
  .text              ro code   0x800'5dc6     0x4  startup_stm32f407xx.o [1]
  .text              ro code   0x800'5dca     0x4  startup_stm32f407xx.o [1]
  .text              ro code   0x800'5dce     0x4  startup_stm32f407xx.o [1]
  .text              ro code   0x800'5dd2     0x4  startup_stm32f407xx.o [1]
  .text              ro code   0x800'5dd6     0x4  startup_stm32f407xx.o [1]
  .text              ro code   0x800'5dda     0x4  startup_stm32f407xx.o [1]
  .text              ro code   0x800'5dde     0x4  startup_stm32f407xx.o [1]
  .text              ro code   0x800'5de2     0x4  startup_stm32f407xx.o [1]
  .text              ro code   0x800'5de6     0x4  startup_stm32f407xx.o [1]
  .text              ro code   0x800'5dea     0x4  startup_stm32f407xx.o [1]
  .text              ro code   0x800'5dee     0x4  startup_stm32f407xx.o [1]
  .text              ro code   0x800'5df2     0x4  startup_stm32f407xx.o [1]
  .text              ro code   0x800'5df6     0x4  startup_stm32f407xx.o [1]
  .text              ro code   0x800'5dfa     0x4  startup_stm32f407xx.o [1]
  .text              ro code   0x800'5dfe     0x4  startup_stm32f407xx.o [1]
  .text              ro code   0x800'5e02     0x4  startup_stm32f407xx.o [1]
  .text              ro code   0x800'5e06     0x4  startup_stm32f407xx.o [1]
  .text              ro code   0x800'5e0a     0x4  startup_stm32f407xx.o [1]
  .text              ro code   0x800'5e0e     0x4  startup_stm32f407xx.o [1]
  .text              ro code   0x800'5e12     0x4  startup_stm32f407xx.o [1]
  .text              ro code   0x800'5e16     0x4  startup_stm32f407xx.o [1]
  .text              ro code   0x800'5e1a     0x4  startup_stm32f407xx.o [1]
  .text              ro code   0x800'5e1e     0x4  startup_stm32f407xx.o [1]
  .text              ro code   0x800'5e22     0x4  startup_stm32f407xx.o [1]
  .text              ro code   0x800'5e26     0x4  startup_stm32f407xx.o [1]
  .text              ro code   0x800'5e2a     0x4  startup_stm32f407xx.o [1]
  .text              ro code   0x800'5e2e     0x4  startup_stm32f407xx.o [1]
  .text              ro code   0x800'5e32     0x4  startup_stm32f407xx.o [1]
  .text              ro code   0x800'5e36     0x4  startup_stm32f407xx.o [1]
  .text              ro code   0x800'5e3a     0x4  startup_stm32f407xx.o [1]
  .text              ro code   0x800'5e3e     0x4  startup_stm32f407xx.o [1]
  .text              ro code   0x800'5e42     0x4  startup_stm32f407xx.o [1]
  .text              ro code   0x800'5e46     0x4  startup_stm32f407xx.o [1]
  .text              ro code   0x800'5e4a     0x4  startup_stm32f407xx.o [1]
  .text              ro code   0x800'5e4e     0x4  startup_stm32f407xx.o [1]
  .text              ro code   0x800'5e52     0x4  startup_stm32f407xx.o [1]
  .text              ro code   0x800'5e56     0x4  startup_stm32f407xx.o [1]
  .text              ro code   0x800'5e5a     0x4  startup_stm32f407xx.o [1]
  .text              ro code   0x800'5e5e     0x4  startup_stm32f407xx.o [1]
  .text              ro code   0x800'5e62     0x4  startup_stm32f407xx.o [1]
  .text              ro code   0x800'5e66     0x4  startup_stm32f407xx.o [1]
  .text              ro code   0x800'5e6a     0x4  startup_stm32f407xx.o [1]
  .text              ro code   0x800'5e6e     0x4  startup_stm32f407xx.o [1]
  .text              ro code   0x800'5e72     0x4  startup_stm32f407xx.o [1]
  .text              ro code   0x800'5e76     0x4  startup_stm32f407xx.o [1]
  .text              ro code   0x800'5e7a     0x4  startup_stm32f407xx.o [1]
  .text              ro code   0x800'5e7e     0x4  startup_stm32f407xx.o [1]
  .text              ro code   0x800'5e82     0x4  startup_stm32f407xx.o [1]
  .text              ro code   0x800'5e86     0x4  startup_stm32f407xx.o [1]
  .text              ro code   0x800'5e8a     0x4  startup_stm32f407xx.o [1]
  .text              ro code   0x800'5e8e     0x4  startup_stm32f407xx.o [1]
  .text              ro code   0x800'5e92     0x4  startup_stm32f407xx.o [1]
  .text              ro code   0x800'5e96     0x4  startup_stm32f407xx.o [1]
  .text              ro code   0x800'5e9a     0x4  startup_stm32f407xx.o [1]
  .rodata            const     0x800'5e9e     0x0  zero_init3.o [4]
  .rodata            const     0x800'5e9e     0x0  lz77_init_single.o [4]
  Initializer bytes  const     0x800'5e9e    0x3f  <for P2-1>
                             - 0x800'5edd  0x5d55

"P2", part 1 of 3:                           0xb4
  P2-1                        0x2000'0000    0xb4  <Init block>
    .data            inited   0x2000'0000    0x24  chassis.o [1]
    .data            inited   0x2000'0024     0xc  stm32f4xx_hal.o [1]
    .data            inited   0x2000'0030     0x4  system_stm32f4xx.o [1]
    .data            inited   0x2000'0034    0x38  xlocale_c.o [2]
    .data            inited   0x2000'006c    0x48  xlocale_c.o [2]
                            - 0x2000'00b4    0xb4

"P2", part 2 of 3:                          0x8e0
  .bss               zero     0x2000'00b4   0x240  usart.o [1]
  .bss               zero     0x2000'02f4   0x1d8  dlmalloc.o [2]
  .bss               zero     0x2000'04cc   0x10c  cmd.o [1]
  .bss               zero     0x2000'05d8    0x98  cmd.o [1]
  .bss               zero     0x2000'0670    0x14  main.o [1]
  .bss               zero     0x2000'0688    0x64  can_utils.o [1]
  .bss               zero     0x2000'06ec    0x60  adc.o [1]
  .bss               zero     0x2000'074c    0x48  adc.o [1]
  .bss               zero     0x2000'0794    0x40  usart.o [1]
  .bss               zero     0x2000'07d4    0x40  usart.o [1]
  .bss               zero     0x2000'0814    0x40  usart.o [1]
  .bss               zero     0x2000'0854    0x40  usart.o [1]
  .bss               zero     0x2000'0894    0x40  usart.o [1]
  .bss               zero     0x2000'08d4    0x40  usart.o [1]
  .bss               zero     0x2000'0914    0x28  can.o [1]
  .bss               zero     0x2000'093c    0x28  can_utils.o [1]
  .bss               zero     0x2000'0964    0x18  dlmalloc.o [2]
  .bss               zero     0x2000'097c     0x4  cmd.o [1]
  .bss               zero     0x2000'0980     0x4  flags.o [1]
  .bss               zero     0x2000'0984     0x4  flags.o [1]
  .bss               zero     0x2000'0988     0x4  strtok.o [2]
  .bss               zero     0x2000'098c     0x4  xfail_s.o [2]
  .bss               zero     0x2000'0990     0x4  xgetmemchunk.o [2]
                            - 0x2000'0994   0x8e0

"P2", part 3 of 3:                         0x1800
  CSTACK                      0x2000'0998  0x1200  <Block>
    CSTACK           uninit   0x2000'0998  0x1200  <Block tail>
  HEAP                        0x2000'1b98   0x600  <Block>
    HEAP             uninit   0x2000'1b98   0x600  <Block tail>
                            - 0x2000'2198  0x1800

Unused ranges:

         From           To      Size
         ----           --      ----
   0x800'5edd   0x80f'ffff  0xf'a123
  0x2000'0994  0x2000'0997       0x4
  0x2000'2198  0x2001'ffff  0x1'de68


*******************************************************************************
*** INIT TABLE
***

          Address      Size
          -------      ----
Zero (__iar_zero_init3)
    1 destination range, total size 0x8e0:
          0x2000'00b4  0x8e0

Copy/lz77 (__iar_lz77_init_single3)
    1 source range, total size 0x3f (35% of destination):
           0x800'5e9e   0x3f
    1 destination range, total size 0xb4:
          0x2000'0000   0xb4



*******************************************************************************
*** MODULE SUMMARY
***

    Module                  ro code  ro data  rw data
    ------                  -------  -------  -------
command line/config:
    -------------------------------------------------
    Total:

E:\Robocon_Value\Chassis\EWARM\Chassis\Obj: [1]
    adc.o                       276               168
    can.o                       192                40
    can_func.o                    2
    can_utils.o                 338               140
    chassis.o                             12       36
    cmd.o                       608               424
    cmd_func.o                   44
    dma.o                       168
    flags.o                                         8
    gpio.o                      286
    hash.o                      588
    main.o                      290                20
    simplelib.o                 104
    startup_stm32f407xx.o       688
    stm32f4xx_hal.o             144        4       12
    stm32f4xx_hal_adc.o         660
    stm32f4xx_hal_can.o       1 392
    stm32f4xx_hal_cortex.o      196
    stm32f4xx_hal_dma.o       1 032
    stm32f4xx_hal_gpio.o        472
    stm32f4xx_hal_msp.o          56
    stm32f4xx_hal_rcc.o       1 184
    stm32f4xx_hal_uart.o      1 612
    stm32f4xx_it.o              188
    system_stm32f4xx.o           96       10        4
    usart.o                   1 136               960
    -------------------------------------------------
    Total:                   11 752       26    1 812

dl7M_tlf.a: [2]
    abort.o                       6
    dlmalloc.o                3 968               496
    exit.o                        4
    low_level_init.o              4
    strcspn.o                    34
    strspn.o                     34
    strtok.o                     76                 4
    vsnprint.o                   60
    xencoding_8859_1.o           30
    xfail_s.o                    64                 4
    xgetmemchunk.o               44                 4
    xlocale_c.o                 120       50      128
    xmbcurmax.o                  10
    xprintffull.o             3 962
    xsnprout.o                   26
    -------------------------------------------------
    Total:                    8 442       50      636

m7M_tls.a: [3]
    DblAdd.o                    362
    DblCmpGe.o                   46
    DblCmpLe.o                   46
    DblDiv.o                    582
    DblMul.o                    418
    DblSub.o                    226
    DblToS32.o                   58
    DblToU32.o                   40
    S32ToDbl.o                   34
    U32ToDbl.o                   26
    fpinit_M.o                   34
    frexp.o                     112
    ldexp.o                     314
    -------------------------------------------------
    Total:                    2 298

rt7M_tl.a: [4]
    ABImemclr4.o                  6
    ABImemcpy.o                 166
    ABImemset.o                  94
    ABImemset48.o                50
    I64DivMod.o                 560
    I64DivZer.o                   2
    cexit.o                      10
    cmain.o                      30
    cstartup_M.o                 12
    data_init.o                  40
    lz77_init_single.o          122
    memchr.o                     88
    strchr.o                     22
    strcmp.o                     74
    strcpy.o                     76
    strlen.o                     54
    strncpy.o                   112
    zero_init3.o                 58
    -------------------------------------------------
    Total:                    1 576

shb_l.a: [5]
    ABIassert.o                  36
    exit.o                       20
    -------------------------------------------------
    Total:                       56

    Gaps                         50        2        4
    Linker created                        33    6 144
-----------------------------------------------------
    Grand Total:             24 174      111    8 596


*******************************************************************************
*** ENTRY LIST
***

Entry                       Address   Size  Type      Object
-----                       -------   ----  ----      ------
.iar.init_table$$Base    0x800'5d08          --   Gb  - Linker created -
.iar.init_table$$Limit   0x800'5d28          --   Gb  - Linker created -
?main                    0x800'5d29         Code  Gb  cmain.o [4]
ADC_Init                 0x800'538f   0xf8  Code  Lc  stm32f4xx_hal_adc.o [1]
AHBPrescTable            0x800'5cac   0x10  Data  Gb  system_stm32f4xx.o [1]
APBPrescTable            0x800'5d78    0x8  Data  Gb  system_stm32f4xx.o [1]
Arrive_distance         0x2000'0020    0x4  Data  Gb  chassis.o [1]
BusFault_Handler         0x800'5b97    0x2  Code  Gb  stm32f4xx_it.o [1]
CAN1_RX0_IRQHandler      0x800'5bc7    0x6  Code  Gb  stm32f4xx_it.o [1]
CMD_USART               0x2000'04cc   0x40  Data  Gb  cmd.o [1]
CSTACK$$Base            0x2000'0998          --   Gb  - Linker created -
CSTACK$$Limit           0x2000'1b98          --   Gb  - Linker created -
CacheMore                0x800'2181   0x24  Code  Lc  xlocale_c.o [2]
DMA1_Stream1_IRQHandler
                         0x800'5baf    0x6  Code  Gb  stm32f4xx_it.o [1]
DMA1_Stream3_IRQHandler
                         0x800'5bb5    0x6  Code  Gb  stm32f4xx_it.o [1]
DMA1_Stream5_IRQHandler
                         0x800'5bbb    0x6  Code  Gb  stm32f4xx_it.o [1]
DMA1_Stream6_IRQHandler
                         0x800'5bc1    0x6  Code  Gb  stm32f4xx_it.o [1]
DMA2_Stream0_IRQHandler
                         0x800'5c09    0x6  Code  Gb  stm32f4xx_it.o [1]
DMA2_Stream2_IRQHandler
                         0x800'5c0f    0x6  Code  Gb  stm32f4xx_it.o [1]
DMA2_Stream7_IRQHandler
                         0x800'5c15    0x6  Code  Gb  stm32f4xx_it.o [1]
DMAUSART_RX_BUF         0x2000'05d8   0x64  Data  Gb  cmd.o [1]
DMA_CalcBaseAndBitshift
                         0x800'3d71   0x26  Code  Lc  stm32f4xx_hal_dma.o [1]
DMA_CalcBaseAndBitshift::flagBitshiftOffset
                         0x800'3d98    0x8  Data  Lc  stm32f4xx_hal_dma.o [1]
DMA_RxOK_Flag           0x2000'0984    0x4  Data  Gb  flags.o [1]
DMA_SetConfig            0x800'3d51   0x20  Code  Lc  stm32f4xx_hal_dma.o [1]
DMAaRxBuffer            0x2000'050c   0x64  Data  Gb  cmd.o [1]
DebugMon_Handler         0x800'5b9d    0x2  Code  Gb  stm32f4xx_it.o [1]
Error_Handler            0x800'42d5    0x2  Code  Gb  main.o [1]
HAL_ADC_ConfigChannel    0x800'5259  0x110  Code  Gb  stm32f4xx_hal_adc.o [1]
HAL_ADC_Init             0x800'5209   0x50  Code  Gb  stm32f4xx_hal_adc.o [1]
HAL_ADC_MspInit          0x800'4c05   0x94  Code  Gb  adc.o [1]
HAL_CAN_ActivateNotification
                         0x800'57e3   0x16  Code  Gb  stm32f4xx_hal_can.o [1]
HAL_CAN_ConfigFilter     0x800'558b   0xc0  Code  Gb  stm32f4xx_hal_can.o [1]
HAL_CAN_GetRxMessage     0x800'56eb   0xe4  Code  Gb  stm32f4xx_hal_can.o [1]
HAL_CAN_IRQHandler       0x800'57ff  0x1f8  Code  Gb  stm32f4xx_hal_can.o [1]
HAL_CAN_Init             0x800'549d   0xe6  Code  Gb  stm32f4xx_hal_can.o [1]
HAL_CAN_MspInit          0x800'4cef   0x76  Code  Gb  can.o [1]
HAL_CAN_RxFifo0FullCallback
                         0x800'5afd    0x2  Code  Gb  can_utils.o [1]
HAL_CAN_RxFifo0MsgPendingCallback
                         0x800'5abf   0x2e  Code  Gb  can_utils.o [1]
HAL_CAN_Start            0x800'565d   0x4c  Code  Gb  stm32f4xx_hal_can.o [1]
HAL_DMA_Abort            0x800'3af3   0x88  Code  Gb  stm32f4xx_hal_dma.o [1]
HAL_DMA_Abort_IT         0x800'3b7b   0x24  Code  Gb  stm32f4xx_hal_dma.o [1]
HAL_DMA_IRQHandler       0x800'3b9f  0x192  Code  Gb  stm32f4xx_hal_dma.o [1]
HAL_DMA_Init             0x800'3999   0xee  Code  Gb  stm32f4xx_hal_dma.o [1]
HAL_DMA_Start_IT         0x800'3a87   0x6c  Code  Gb  stm32f4xx_hal_dma.o [1]
HAL_GPIO_Init            0x800'42e1  0x1a4  Code  Gb  stm32f4xx_hal_gpio.o [1]
HAL_GPIO_WritePin        0x800'4485    0x8  Code  Gb  stm32f4xx_hal_gpio.o [1]
HAL_GetTick              0x800'457d    0xc  Code  Wk  stm32f4xx_hal.o [1]
HAL_IncTick              0x800'5c4d   0x10  Code  Wk  stm32f4xx_hal.o [1]
HAL_Init                 0x800'49a5   0x30  Code  Gb  stm32f4xx_hal.o [1]
HAL_InitTick             0x800'4965   0x40  Code  Wk  stm32f4xx_hal.o [1]
HAL_MspInit              0x800'51d1   0x38  Code  Gb  stm32f4xx_hal_msp.o [1]
HAL_NVIC_EnableIRQ       0x800'4527   0x16  Code  Gb  stm32f4xx_hal_cortex.o [1]
HAL_NVIC_SetPriority     0x800'44ed   0x3a  Code  Gb  stm32f4xx_hal_cortex.o [1]
HAL_NVIC_SetPriorityGrouping
                         0x800'44d3   0x1a  Code  Gb  stm32f4xx_hal_cortex.o [1]
HAL_RCC_ClockConfig      0x800'400d   0xfe  Code  Gb  stm32f4xx_hal_rcc.o [1]
HAL_RCC_GetPCLK1Freq     0x800'4117   0x10  Code  Gb  stm32f4xx_hal_rcc.o [1]
HAL_RCC_GetPCLK2Freq     0x800'4127    0xe  Code  Gb  stm32f4xx_hal_rcc.o [1]
HAL_RCC_OscConfig        0x800'4ddd  0x2f8  Code  Wk  stm32f4xx_hal_rcc.o [1]
HAL_SYSTICK_Config       0x800'453d   0x28  Code  Gb  stm32f4xx_hal_cortex.o [1]
HAL_UART_DMAStop         0x800'3065   0x54  Code  Gb  stm32f4xx_hal_uart.o [1]
HAL_UART_IDLECallback    0x800'3e21   0x62  Code  Gb  cmd.o [1]
HAL_UART_IRQHandler      0x800'30c5  0x14e  Code  Gb  stm32f4xx_hal_uart.o [1]
HAL_UART_Init            0x800'2ee5   0x1e  Code  Gb  stm32f4xx_hal_uart.o [1]
HAL_UART_MspInit         0x800'35c5  0x348  Code  Gb  usart.o [1]
HAL_UART_Receive_DMA     0x800'2fd3   0x92  Code  Gb  stm32f4xx_hal_uart.o [1]
HAL_UART_Transmit_DMA    0x800'2f5b   0x78  Code  Gb  stm32f4xx_hal_uart.o [1]
HAL_UART_TxCpltCallback
                         0x800'3f71    0x2  Code  Gb  cmd.o [1]
HCAN                    0x2000'093c   0x28  Data  Gb  can_utils.o [1]
HEAP$$Base              0x2000'1b98          --   Gb  - Linker created -
HEAP$$Limit             0x2000'2198          --   Gb  - Linker created -
HardFault_Handler        0x800'5b93    0x2  Code  Gb  stm32f4xx_it.o [1]
HashTable_create         0x800'45bb   0x44  Code  Gb  hash.o [1]
HashTable_get            0x800'469d   0x54  Code  Gb  hash.o [1]
HashTable_insert         0x800'4601   0x84  Code  Gb  hash.o [1]
HashTable_map            0x800'46fd   0x6c  Code  Gb  hash.o [1]
LoadInt                  0x800'138b   0x7a  Code  Lc  xprintffull.o [2]
MX_ADC1_Init             0x800'4ba1   0x64  Code  Gb  adc.o [1]
MX_CAN1_Init             0x800'4cb5   0x3a  Code  Gb  can.o [1]
MX_DMA_Init              0x800'4af9   0xa8  Code  Gb  dma.o [1]
MX_GPIO_Init             0x800'49d9   0xe4  Code  Gb  gpio.o [1]
MX_UART4_Init            0x800'3529   0x14  Code  Gb  usart.o [1]
MX_UART5_Init            0x800'353d   0x14  Code  Gb  usart.o [1]
MX_USART1_UART_Init      0x800'3559   0x14  Code  Gb  usart.o [1]
MX_USART2_UART_Init      0x800'356d   0x14  Code  Gb  usart.o [1]
MX_USART3_UART_Init      0x800'359d   0x14  Code  Gb  usart.o [1]
MX_USART6_UART_Init      0x800'35b1   0x14  Code  Gb  usart.o [1]
MemManage_Handler        0x800'5b95    0x2  Code  Gb  stm32f4xx_it.o [1]
NMI_Handler              0x800'5b91    0x2  Code  Gb  stm32f4xx_it.o [1]
PendSV_Handler           0x800'5b9f    0x2  Code  Gb  stm32f4xx_it.o [1]
Region$$Table$$Base      0x800'5d08          --   Gb  - Linker created -
Region$$Table$$Limit     0x800'5d28          --   Gb  - Linker created -
RxHeader                0x2000'06a0   0x1c  Data  Gb  can_utils.o [1]
SVC_Handler              0x800'5b9b    0x2  Code  Gb  stm32f4xx_it.o [1]
SysTick_Handler          0x800'5ba1    0xe  Code  Gb  stm32f4xx_it.o [1]
SystemClock_Config       0x800'41f5   0x92  Code  Gb  main.o [1]
SystemCoreClock         0x2000'0030    0x4  Data  Gb  system_stm32f4xx.o [1]
SystemInit               0x800'5c5d   0x3a  Code  Gb  system_stm32f4xx.o [1]
TxHeader                0x2000'0688   0x18  Data  Gb  can_utils.o [1]
TxMailbox               0x2000'06e4    0x4  Data  Gb  can_utils.o [1]
UART_DMAAbortOnError     0x800'3301    0xc  Code  Lc  stm32f4xx_hal_uart.o [1]
UART_DMAError            0x800'3289   0x4a  Code  Lc  stm32f4xx_hal_uart.o [1]
UART_DMAReceiveCplt      0x800'3249   0x38  Code  Lc  stm32f4xx_hal_uart.o [1]
UART_DMARxHalfCplt       0x800'3281    0x6  Code  Lc  stm32f4xx_hal_uart.o [1]
UART_DMATransmitCplt     0x800'3215   0x2a  Code  Lc  stm32f4xx_hal_uart.o [1]
UART_DMATxHalfCplt       0x800'3241    0x6  Code  Lc  stm32f4xx_hal_uart.o [1]
UART_EndRxTransfer       0x800'32e5   0x1c  Code  Lc  stm32f4xx_hal_uart.o [1]
UART_EndTxTransfer       0x800'32d3   0x12  Code  Lc  stm32f4xx_hal_uart.o [1]
UART_Receive_IT          0x800'330d   0x92  Code  Lc  stm32f4xx_hal_uart.o [1]
UART_SetConfig           0x800'339f  0x13e  Code  Lc  stm32f4xx_hal_uart.o [1]
USART1_IRQHandler        0x800'5bcd   0x14  Code  Gb  stm32f4xx_it.o [1]
USART2_IRQHandler        0x800'5be1   0x14  Code  Gb  stm32f4xx_it.o [1]
USART3_IRQHandler        0x800'5bf5   0x14  Code  Gb  stm32f4xx_it.o [1]
UsageFault_Handler       0x800'5b99    0x2  Code  Gb  stm32f4xx_it.o [1]
_Encoding_8859_1_Mbrlen
                         0x800'221d    0x2  Code  Gb  xencoding_8859_1.o [2]
_Encoding_8859_1_Wctomb
                         0x800'220b   0x12  Code  Gb  xencoding_8859_1.o [2]
_GenldFull               0x800'1e1d  0x274  Code  Lc  xprintffull.o [2]
_LdtobFull               0x800'19f1  0x400  Code  Lc  xprintffull.o [2]
_LitobFull               0x800'1899  0x112  Code  Lc  xprintffull.o [2]
_Locale_lconv           0x2000'0034   0x38  Data  Lc  xlocale_c.o [2]
_PrintfFull              0x800'11c9  0x1aa  Code  Gb  xprintffull.o [2]
_PutcharsFull            0x800'2091   0x2e  Code  Lc  xprintffull.o [2]
_PutfldFull              0x800'1405  0x2d8  Code  Lc  xprintffull.o [2]
_PutstrFull              0x800'17d3   0xc6  Code  Lc  xprintffull.o [2]
_PuttxtFull              0x800'16dd   0xf6  Code  Lc  xprintffull.o [2]
_SNProut                 0x800'229f   0x1a  Code  Gb  xsnprout.o [2]
_Strtok_ssave           0x2000'0988    0x4  Data  Lc  strtok.o [2]
__NVIC_SetPriority       0x800'44b9   0x1a  Code  Lc  stm32f4xx_hal_cortex.o [1]
__aeabi_assert           0x800'5109   0x24  Code  Gb  ABIassert.o [5]
__aeabi_cdcmple          0x800'2809         Code  Gb  DblCmpLe.o [3]
__aeabi_cdrcmple         0x800'2839         Code  Gb  DblCmpGe.o [3]
__aeabi_d2iz             0x800'29a5         Code  Gb  DblToS32.o [3]
__aeabi_d2uiz            0x800'2d31         Code  Gb  DblToU32.o [3]
__aeabi_ddiv             0x800'2ae9         Code  Gb  DblDiv.o [3]
__aeabi_dmul             0x800'25f5         Code  Gb  DblMul.o [3]
__aeabi_dsub             0x800'2a05         Code  Gb  DblSub.o [3]
__aeabi_i2d              0x800'29e1         Code  Gb  S32ToDbl.o [3]
__aeabi_ldiv0            0x800'2d75         Code  Gb  I64DivZer.o [4]
__aeabi_memclr4          0x800'42d9         Code  Gb  ABImemclr4.o [4]
__aeabi_memcpy           0x800'231d         Code  Gb  ABImemcpy.o [4]
__aeabi_memcpy4          0x800'233d         Code  Gb  ABImemcpy.o [4]
__aeabi_memcpy8          0x800'233d         Code  Gb  ABImemcpy.o [4]
__aeabi_ui2d             0x800'2d59         Code  Gb  U32ToDbl.o [3]
__aeabi_uldivmod         0x800'23c5         Code  Gb  I64DivMod.o [4]
__cmain                  0x800'5d29         Code  Gb  cmain.o [4]
__data_GetMemChunk       0x800'1189   0x2c  Code  Gb  xgetmemchunk.o [2]
__data_GetMemChunk::start
                        0x2000'0990    0x4  Data  Lc  xgetmemchunk.o [2]
__exit                   0x800'11b5   0x14  Code  Gb  exit.o [5]
__iar_Fail_s             0x800'2229   0x1c  Code  Gb  xfail_s.o [2]
__iar_Mbcurmax           0x800'2311    0xa  Code  Gb  xmbcurmax.o [2]
__iar_Memchr             0x800'22b9         Code  Gb  memchr.o [4]
__iar_Memset4_word       0x800'50d5         Code  Gb  ABImemset48.o [4]
__iar_Memset8_word       0x800'50d5         Code  Gb  ABImemset48.o [4]
__iar_Memset_word        0x800'512d         Code  Gb  ABImemset.o [4]
__iar_Strchr             0x800'21f5         Code  Gb  strchr.o [4]
__iar_dadd               0x800'2a15         Code  Gb  DblSub.o [3]
__iar_data_init3         0x800'5cbd   0x28  Code  Gb  data_init.o [4]
__iar_dlmalloc           0x800'0e4d  0x2b6  Code  Gb  dlmalloc.o [2]
__iar_dsub               0x800'2d79         Code  Gb  DblAdd.o [3]
__iar_dsubStart          0x800'2d8b         Code  Gb  DblAdd.o [3]
__iar_frexp              0x800'27a5         Code  Gb  frexp.o [3]
__iar_frexpl             0x800'27a5         Code  Gb  frexp.o [3]
__iar_globLocale        0x2000'006c   0x48  Data  Lc  xlocale_c.o [2]
__iar_global_Locale      0x800'217d    0x4  Code  Gb  xlocale_c.o [2]
__iar_init_vfp           0x800'5ce5         Code  Gb  fpinit_M.o [3]
__iar_ldexp64            0x800'2869         Code  Gb  ldexp.o [3]
__iar_lz77_init_single3
                         0x800'110f   0x7a  Code  Gb  lz77_init_single.o [4]
__iar_program_start      0x800'5d6d         Code  Gb  cstartup_M.o [4]
__iar_scalbln64          0x800'2869         Code  Gb  ldexp.o [3]
__iar_scalbn64           0x800'2869         Code  Gb  ldexp.o [3]
__iar_softfp___iar_frexp64
                         0x800'2799         Code  Gb  frexp.o [3]
__iar_softfp_frexp       0x800'2799         Code  Gb  frexp.o [3]
__iar_softfp_frexpl      0x800'2799         Code  Gb  frexp.o [3]
__iar_zero_init3         0x800'2143   0x3a  Code  Gb  zero_init3.o [4]
__low_level_init         0x800'5d47    0x4  Code  Gb  low_level_init.o [2]
__vector_table           0x800'0000         Data  Gb  startup_stm32f407xx.o [1]
_call_main               0x800'5d35         Code  Gb  cmain.o [4]
_cmd_help                0x800'3fad    0xc  Code  Lc  cmd.o [1]
_exit                    0x800'5d51         Code  Gb  cexit.o [4]
_gLocale_mblen           0x800'21e1    0x4  Code  Gb  xlocale_c.o [2]
_gLocale_mblenInt        0x800'21a5   0x2c  Code  Gb  xlocale_c.o [2]
_gLocale_wctomb          0x800'21e5    0x4  Code  Gb  xlocale_c.o [2]
_gLocale_wctombInt       0x800'21dd    0x4  Code  Gb  xlocale_c.o [2]
_gm_                    0x2000'02f4  0x1d8  Data  Lc  dlmalloc.o [2]
_main                    0x800'5d43         Code  Gb  cmain.o [4]
abort                    0x800'1109    0x6  Code  Gb  abort.o [2]
add_segment              0x800'0551  0x1f2  Code  Lc  dlmalloc.o [2]
buffer_count            0x2000'063c    0x4  Data  Gb  cmd.o [1]
can_callback_table      0x2000'06e0    0x4  Data  Lc  can_utils.o [1]
can_exc_callback         0x800'5a95   0x2a  Code  Gb  can_utils.o [1]
can_exc_callback_flag   0x2000'0980    0x4  Data  Gb  flags.o [1]
can_func_init            0x800'5b77    0x2  Code  Gb  can_func.o [1]
can_init                 0x800'5a25   0x70  Code  Gb  can_utils.o [1]
can_rx_callback_flag    0x2000'06d8    0x4  Data  Gb  can_utils.o [1]
can_rx_data             0x2000'06c0    0x8  Data  Gb  can_utils.o [1]
can_std_mask_filter_conf
                         0x800'5aff   0x60  Code  Gb  can_utils.o [1]
can_tx_data             0x2000'06c8    0x8  Data  Gb  can_utils.o [1]
chassis_status          0x2000'0000   0x20  Data  Gb  chassis.o [1]
cmd_add                  0x800'3ef1   0x52  Code  Gb  cmd.o [1]
cmd_argv                0x2000'0640   0x30  Data  Gb  cmd.o [1]
cmd_exec                 0x800'3eb1   0x24  Code  Gb  cmd.o [1]
cmd_func_init            0x800'5a01    0xc  Code  Gb  cmd_func.o [1]
cmd_hello                0x800'59f9    0x6  Code  Gb  cmd_func.o [1]
cmd_help_func            0x800'3ed5   0x1c  Code  Gb  cmd.o [1]
cmd_init                 0x800'3dd1   0x28  Code  Gb  cmd.o [1]
cmd_parse                0x800'3e85   0x2c  Code  Gb  cmd.o [1]
cmd_table               0x2000'097c    0x4  Data  Lc  cmd.o [1]
cmpAtom                  0x800'4589    0xc  Code  Lc  hash.o [1]
exit                     0x800'5d4b    0x4  Code  Gb  exit.o [2]
flag                    0x2000'0670   0x10  Data  Gb  main.o [1]
freeKeyAtom              0x800'4599    0x2  Code  Lc  hash.o [1]
hadc1                   0x2000'074c   0x48  Data  Gb  adc.o [1]
hashAtom                 0x800'4595    0x4  Code  Lc  hash.o [1]
hashStr                  0x800'459b   0x20  Code  Gb  hash.o [1]
hash_id                  0x800'5b61    0x4  Code  Lc  can_utils.o [1]
hcan1                   0x2000'0914   0x28  Data  Gb  can.o [1]
hdma_adc1               0x2000'06ec   0x60  Data  Gb  adc.o [1]
hdma_usart1_rx          0x2000'00b4   0x60  Data  Gb  usart.o [1]
hdma_usart1_tx          0x2000'0114   0x60  Data  Gb  usart.o [1]
hdma_usart2_rx          0x2000'0174   0x60  Data  Gb  usart.o [1]
hdma_usart2_tx          0x2000'01d4   0x60  Data  Gb  usart.o [1]
hdma_usart3_rx          0x2000'0234   0x60  Data  Gb  usart.o [1]
hdma_usart3_tx          0x2000'0294   0x60  Data  Gb  usart.o [1]
huart1                  0x2000'0814   0x40  Data  Gb  usart.o [1]
huart2                  0x2000'0854   0x40  Data  Gb  usart.o [1]
huart3                  0x2000'0894   0x40  Data  Gb  usart.o [1]
huart4                  0x2000'0794   0x40  Data  Gb  usart.o [1]
huart5                  0x2000'07d4   0x40  Data  Gb  usart.o [1]
huart6                  0x2000'08d4   0x40  Data  Gb  usart.o [1]
id_cmp                   0x800'5b65   0x10  Code  Lc  can_utils.o [1]
inc                      0x800'4287   0x34  Code  Gb  main.o [1]
inc::time_1ms_cnt       0x2000'0680    0x4  Data  Lc  main.o [1]
init_mparams             0x800'01a3   0x32  Code  Lc  dlmalloc.o [2]
init_top                 0x800'01d5   0x36  Code  Lc  dlmalloc.o [2]
ldexp                    0x800'2869         Code  Gb  ldexp.o [3]
ldexpl                   0x800'2869         Code  Gb  ldexp.o [3]
localeconv               0x800'21e9    0x4  Code  Gb  xlocale_c.o [2]
main                     0x800'41b5   0x40  Code  Gb  main.o [1]
memchr                   0x800'22b9         Code  Gb  memchr.o [4]
mparams                 0x2000'0964   0x18  Data  Lc  dlmalloc.o [2]
prepend_alloc            0x800'020b  0x346  Code  Lc  dlmalloc.o [2]
print_buffer            0x2000'0570   0x68  Data  Gb  cmd.o [1]
rx_buffer               0x2000'06d0    0x8  Data  Lc  can_utils.o [1]
rx_id                   0x2000'06dc    0x4  Data  Lc  can_utils.o [1]
scalbln                  0x800'2869         Code  Gb  ldexp.o [3]
scalblnl                 0x800'2869         Code  Gb  ldexp.o [3]
scalbn                   0x800'2869         Code  Gb  ldexp.o [3]
scalbnl                  0x800'2869         Code  Gb  ldexp.o [3]
scale                    0x800'19ab   0x46  Code  Lc  xprintffull.o [2]
sec_hand                0x2000'098c    0x4  Data  Lc  xfail_s.o [2]
segment_holding          0x800'0189   0x1a  Code  Lc  dlmalloc.o [2]
simplelib_init           0x800'4d75   0x28  Code  Gb  simplelib.o [1]
simplelib_run            0x800'4d9d   0x20  Code  Gb  simplelib.o [1]
std_id                  0x2000'06e8    0x4  Data  Gb  can_utils.o [1]
str_cmp                  0x800'3f9d    0xe  Code  Lc  cmd.o [1]
strchr                   0x800'21f5         Code  Gb  strchr.o [4]
strcmp                   0x800'4919         Code  Gb  strcmp.o [4]
strcpy                   0x800'4891         Code  Gb  strcpy.o [4]
strcspn                  0x800'51ad   0x22  Code  Gb  strcspn.o [2]
strlen                   0x800'2269         Code  Gb  strlen.o [4]
strncpy                  0x800'47d5         Code  Gb  strncpy.o [4]
strspn                   0x800'518b   0x22  Code  Gb  strspn.o [2]
strtok                   0x800'4845   0x4c  Code  Gb  strtok.o [2]
sys_alloc                0x800'0749  0x164  Code  Lc  dlmalloc.o [2]
tmalloc_large            0x800'08b9  0x386  Code  Lc  dlmalloc.o [2]
tmalloc_small            0x800'0c3f  0x200  Code  Lc  dlmalloc.o [2]
uprintf                  0x800'3f45   0x2c  Code  Gb  cmd.o [1]
usart_DMA_init           0x800'3da5   0x2a  Code  Gb  cmd.o [1]
usart_exc_DMA            0x800'3df9   0x28  Code  Gb  cmd.o [1]
uwTick                  0x2000'0028    0x4  Data  Gb  stm32f4xx_hal.o [1]
uwTickFreq              0x2000'0024    0x1  Data  Gb  stm32f4xx_hal.o [1]
uwTickPrio              0x2000'002c    0x4  Data  Gb  stm32f4xx_hal.o [1]
vsnprintf                0x800'48dd   0x3c  Code  Gb  vsnprint.o [2]


[1] = E:\Robocon_Value\Chassis\EWARM\Chassis\Obj
[2] = dl7M_tlf.a
[3] = m7M_tls.a
[4] = rt7M_tl.a
[5] = shb_l.a

  24 174 bytes of readonly  code memory
     111 bytes of readonly  data memory
   8 596 bytes of readwrite data memory

Errors: none
Warnings: none
