###############################################################################
#
# IAR ELF Linker V8.32.1.169/W32 for ARM                  15/Jan/2020  16:12:38
# Copyright 2007-2018 IAR Systems AB.
#
#    Output file  =  
#        D:\Users\zohyc\Documents\BUPT\RobotTeam\Project\Chassis_TR\EWARM\Chassis\Exe\Chassis.out
#    Map file     =  
#        D:\Users\zohyc\Documents\BUPT\RobotTeam\Project\Chassis_TR\EWARM\Chassis\List\Chassis.map
#    Command line =  
#        -f C:\Users\zohyc\AppData\Local\Temp\EW648.tmp
#        (D:\Users\zohyc\Documents\BUPT\RobotTeam\Project\Chassis_TR\EWARM\Chassis\Obj\adc.o
#        D:\Users\zohyc\Documents\BUPT\RobotTeam\Project\Chassis_TR\EWARM\Chassis\Obj\can.o
#        D:\Users\zohyc\Documents\BUPT\RobotTeam\Project\Chassis_TR\EWARM\Chassis\Obj\can_func.o
#        D:\Users\zohyc\Documents\BUPT\RobotTeam\Project\Chassis_TR\EWARM\Chassis\Obj\can_utils.o
#        D:\Users\zohyc\Documents\BUPT\RobotTeam\Project\Chassis_TR\EWARM\Chassis\Obj\chassis.o
#        D:\Users\zohyc\Documents\BUPT\RobotTeam\Project\Chassis_TR\EWARM\Chassis\Obj\chassis_handle.o
#        D:\Users\zohyc\Documents\BUPT\RobotTeam\Project\Chassis_TR\EWARM\Chassis\Obj\cmd.o
#        D:\Users\zohyc\Documents\BUPT\RobotTeam\Project\Chassis_TR\EWARM\Chassis\Obj\cmd_func.o
#        D:\Users\zohyc\Documents\BUPT\RobotTeam\Project\Chassis_TR\EWARM\Chassis\Obj\configure.o
#        D:\Users\zohyc\Documents\BUPT\RobotTeam\Project\Chassis_TR\EWARM\Chassis\Obj\dma.o
#        D:\Users\zohyc\Documents\BUPT\RobotTeam\Project\Chassis_TR\EWARM\Chassis\Obj\flags.o
#        D:\Users\zohyc\Documents\BUPT\RobotTeam\Project\Chassis_TR\EWARM\Chassis\Obj\flash.o
#        D:\Users\zohyc\Documents\BUPT\RobotTeam\Project\Chassis_TR\EWARM\Chassis\Obj\gpio.o
#        D:\Users\zohyc\Documents\BUPT\RobotTeam\Project\Chassis_TR\EWARM\Chassis\Obj\hash.o
#        D:\Users\zohyc\Documents\BUPT\RobotTeam\Project\Chassis_TR\EWARM\Chassis\Obj\karman.o
#        D:\Users\zohyc\Documents\BUPT\RobotTeam\Project\Chassis_TR\EWARM\Chassis\Obj\kickball.o
#        D:\Users\zohyc\Documents\BUPT\RobotTeam\Project\Chassis_TR\EWARM\Chassis\Obj\laser.o
#        D:\Users\zohyc\Documents\BUPT\RobotTeam\Project\Chassis_TR\EWARM\Chassis\Obj\lcd.o
#        D:\Users\zohyc\Documents\BUPT\RobotTeam\Project\Chassis_TR\EWARM\Chassis\Obj\main.o
#        D:\Users\zohyc\Documents\BUPT\RobotTeam\Project\Chassis_TR\EWARM\Chassis\Obj\motor_driver.o
#        D:\Users\zohyc\Documents\BUPT\RobotTeam\Project\Chassis_TR\EWARM\Chassis\Obj\point.o
#        D:\Users\zohyc\Documents\BUPT\RobotTeam\Project\Chassis_TR\EWARM\Chassis\Obj\point_parser.o
#        D:\Users\zohyc\Documents\BUPT\RobotTeam\Project\Chassis_TR\EWARM\Chassis\Obj\robomaster.o
#        D:\Users\zohyc\Documents\BUPT\RobotTeam\Project\Chassis_TR\EWARM\Chassis\Obj\sensor_gpio.o
#        D:\Users\zohyc\Documents\BUPT\RobotTeam\Project\Chassis_TR\EWARM\Chassis\Obj\simplelib.o
#        D:\Users\zohyc\Documents\BUPT\RobotTeam\Project\Chassis_TR\EWARM\Chassis\Obj\startup_stm32f407xx.o
#        D:\Users\zohyc\Documents\BUPT\RobotTeam\Project\Chassis_TR\EWARM\Chassis\Obj\stm32f4xx_hal.o
#        D:\Users\zohyc\Documents\BUPT\RobotTeam\Project\Chassis_TR\EWARM\Chassis\Obj\stm32f4xx_hal_adc.o
#        D:\Users\zohyc\Documents\BUPT\RobotTeam\Project\Chassis_TR\EWARM\Chassis\Obj\stm32f4xx_hal_adc_ex.o
#        D:\Users\zohyc\Documents\BUPT\RobotTeam\Project\Chassis_TR\EWARM\Chassis\Obj\stm32f4xx_hal_can.o
#        D:\Users\zohyc\Documents\BUPT\RobotTeam\Project\Chassis_TR\EWARM\Chassis\Obj\stm32f4xx_hal_cortex.o
#        D:\Users\zohyc\Documents\BUPT\RobotTeam\Project\Chassis_TR\EWARM\Chassis\Obj\stm32f4xx_hal_dma.o
#        D:\Users\zohyc\Documents\BUPT\RobotTeam\Project\Chassis_TR\EWARM\Chassis\Obj\stm32f4xx_hal_dma_ex.o
#        D:\Users\zohyc\Documents\BUPT\RobotTeam\Project\Chassis_TR\EWARM\Chassis\Obj\stm32f4xx_hal_exti.o
#        D:\Users\zohyc\Documents\BUPT\RobotTeam\Project\Chassis_TR\EWARM\Chassis\Obj\stm32f4xx_hal_flash.o
#        D:\Users\zohyc\Documents\BUPT\RobotTeam\Project\Chassis_TR\EWARM\Chassis\Obj\stm32f4xx_hal_flash_ex.o
#        D:\Users\zohyc\Documents\BUPT\RobotTeam\Project\Chassis_TR\EWARM\Chassis\Obj\stm32f4xx_hal_flash_ramfunc.o
#        D:\Users\zohyc\Documents\BUPT\RobotTeam\Project\Chassis_TR\EWARM\Chassis\Obj\stm32f4xx_hal_gpio.o
#        D:\Users\zohyc\Documents\BUPT\RobotTeam\Project\Chassis_TR\EWARM\Chassis\Obj\stm32f4xx_hal_msp.o
#        D:\Users\zohyc\Documents\BUPT\RobotTeam\Project\Chassis_TR\EWARM\Chassis\Obj\stm32f4xx_hal_pwr.o
#        D:\Users\zohyc\Documents\BUPT\RobotTeam\Project\Chassis_TR\EWARM\Chassis\Obj\stm32f4xx_hal_pwr_ex.o
#        D:\Users\zohyc\Documents\BUPT\RobotTeam\Project\Chassis_TR\EWARM\Chassis\Obj\stm32f4xx_hal_rcc.o
#        D:\Users\zohyc\Documents\BUPT\RobotTeam\Project\Chassis_TR\EWARM\Chassis\Obj\stm32f4xx_hal_rcc_ex.o
#        D:\Users\zohyc\Documents\BUPT\RobotTeam\Project\Chassis_TR\EWARM\Chassis\Obj\stm32f4xx_hal_tim.o
#        D:\Users\zohyc\Documents\BUPT\RobotTeam\Project\Chassis_TR\EWARM\Chassis\Obj\stm32f4xx_hal_tim_ex.o
#        D:\Users\zohyc\Documents\BUPT\RobotTeam\Project\Chassis_TR\EWARM\Chassis\Obj\stm32f4xx_hal_uart.o
#        D:\Users\zohyc\Documents\BUPT\RobotTeam\Project\Chassis_TR\EWARM\Chassis\Obj\stm32f4xx_it.o
#        D:\Users\zohyc\Documents\BUPT\RobotTeam\Project\Chassis_TR\EWARM\Chassis\Obj\stmflash.o
#        D:\Users\zohyc\Documents\BUPT\RobotTeam\Project\Chassis_TR\EWARM\Chassis\Obj\sys.o
#        D:\Users\zohyc\Documents\BUPT\RobotTeam\Project\Chassis_TR\EWARM\Chassis\Obj\system_stm32f4xx.o
#        D:\Users\zohyc\Documents\BUPT\RobotTeam\Project\Chassis_TR\EWARM\Chassis\Obj\touchdown.o
#        D:\Users\zohyc\Documents\BUPT\RobotTeam\Project\Chassis_TR\EWARM\Chassis\Obj\usart.o
#        D:\Users\zohyc\Documents\BUPT\RobotTeam\Project\Chassis_TR\EWARM\Chassis\Obj\utils.o
#        D:\Users\zohyc\Documents\BUPT\RobotTeam\Project\Chassis_TR\EWARM\Chassis\Obj\vec.o
#        D:\Users\zohyc\Documents\BUPT\RobotTeam\Project\Chassis_TR\EWARM\Chassis\Obj\vega.o
#        D:\Users\zohyc\Documents\BUPT\RobotTeam\Project\Chassis_TR\EWARM\Chassis\Obj\vesc_can.o
#        --redirect _Printf=_PrintfFull --redirect _Scanf=_ScanfFull
#        --no_out_extension -o
#        D:\Users\zohyc\Documents\BUPT\RobotTeam\Project\Chassis_TR\EWARM\Chassis\Exe\Chassis.out
#        --map
#        D:\Users\zohyc\Documents\BUPT\RobotTeam\Project\Chassis_TR\EWARM\Chassis\List\Chassis.map
#        --config
#        D:\Users\zohyc\Documents\BUPT\RobotTeam\Project\Chassis_TR\EWARM/stm32f407xx_flash.icf
#        --semihosting --entry __iar_program_start --vfe --text_out locale)
#
###############################################################################

*******************************************************************************
*** RUNTIME MODEL ATTRIBUTES
***

CppFlavor       = *
__Heap_Handler  = DLMalloc
__SystemLibrary = DLib
__dlib_version  = 6


*******************************************************************************
*** HEAP SELECTION
***

The advanced heap was selected because the application calls memory
allocation functions outside of system library functions, and there
are calls to deallocation functions in the application.


*******************************************************************************
*** PLACEMENT SUMMARY
***

"A0":  place at 0x800'0000 { ro section .intvec };
"P1":  place in [from 0x800'0000 to 0x80f'ffff] { ro };
define block CSTACK with size = 4608, alignment = 8 { };
define block HEAP with size = 4K, alignment = 8 { };
"P2":  place in [from 0x2000'0000 to 0x2001'ffff] {
          rw, block CSTACK, block HEAP };
initialize by copy { rw };

  Section            Kind         Address    Size  Object
  -------            ----         -------    ----  ------
"A0":                                       0x188
  .intvec            ro code   0x800'0000   0x188  startup_stm32f407xx.o [1]
                             - 0x800'0188   0x188

"P1":                                      0xbfec
  .text              ro code   0x800'0188   0xf80  dlmalloc.o [2]
  .text              ro code   0x800'1108     0x6  abort.o [2]
  .text              ro code   0x800'110e    0x7a  lz77_init_single.o [4]
  .text              ro code   0x800'1188    0x2c  xgetmemchunk.o [2]
  .text              ro code   0x800'11b4    0x14  exit.o [5]
  .text              ro code   0x800'11c8   0xf46  xprintffull.o [2]
  .text              ro code   0x800'210e    0x3a  zero_init3.o [4]
  .text              ro code   0x800'2148    0xb4  xlocale_c.o [2]
  .text              ro code   0x800'21fc    0x16  strchr.o [4]
  .text              ro code   0x800'2212    0x1e  xencoding_8859_1.o [2]
  .text              ro code   0x800'2230    0x40  xfail_s.o [2]
  .text              ro code   0x800'2270    0x36  strlen.o [4]
  .text              ro code   0x800'22a6    0x1a  xsnprout.o [2]
  .text              ro code   0x800'22c0    0x58  memchr.o [4]
  .text              ro code   0x800'2318     0xa  xmbcurmax.o [2]
  .text              ro code   0x800'2324    0xa6  ABImemcpy.o [4]
  .text              ro code   0x800'23cc   0x230  I64DivMod.o [4]
  .text              ro code   0x800'25fc   0x1a2  DblMul.o [3]
  .text              ro code   0x800'27a0    0x70  frexp.o [3]
  .text              ro code   0x800'2810    0x2e  DblCmpLe.o [3]
  .text              ro code   0x800'2840    0x2e  DblCmpGe.o [3]
  .text              ro code   0x800'2870   0x13a  ldexp.o [3]
  .text              ro code   0x800'29ac    0x3a  DblToS32.o [3]
  .text              ro code   0x800'29e8    0x22  S32ToDbl.o [3]
  .text              ro code   0x800'2a0c    0xe2  DblSub.o [3]
  .text              ro code   0x800'2af0   0x246  DblDiv.o [3]
  .text              ro code   0x800'2d38    0x28  DblToU32.o [3]
  .text              ro code   0x800'2d60    0x1a  U32ToDbl.o [3]
  .text              ro code   0x800'2d7c     0x2  I64DivZer.o [4]
  .text              ro code   0x800'2d80   0x17a  DblAdd.o [3]
  .text              ro code   0x800'2efc   0xa38  stm32f4xx_hal_uart.o [1]
  .text              ro code   0x800'3934   0x67c  usart.o [1]
  .text              ro code   0x800'3fb0     0xc  stm32f4xx_hal.o [1]
  .text              ro code   0x800'3fbc   0x550  stm32f4xx_hal_dma.o [1]
  .text              ro code   0x800'450c     0x2  stm32f4xx_hal_uart.o [1]
  .text              ro code   0x800'450e     0x2  stm32f4xx_hal_uart.o [1]
  .text              ro code   0x800'4510     0x2  stm32f4xx_hal_uart.o [1]
  .text              ro code   0x800'4512     0x2  stm32f4xx_hal_uart.o [1]
  .text              ro code   0x800'4514     0x2  stm32f4xx_hal_uart.o [1]
  .text              ro code   0x800'4518   0x224  stm32f4xx_hal_rcc.o [1]
  .text              ro code   0x800'473c   0x28e  main.o [1]
  .text              ro code   0x800'49cc     0x6  ABImemclr4.o [4]
  .text              ro code   0x800'49d4   0x29c  stm32f4xx_hal_gpio.o [1]
  .text              ro code   0x800'4c70   0x158  stm32f4xx_hal_cortex.o [1]
  .text              ro code   0x800'4dc8    0x4c  stm32f4xx_hal.o [1]
  .text              ro code   0x800'4e14    0x34  stm32f4xx_hal.o [1]
  .text              ro code   0x800'4e48   0x168  gpio.o [1]
  .text              ro code   0x800'4fb0    0xc8  dma.o [1]
  .text              ro code   0x800'5078   0x160  adc.o [1]
  .text              ro code   0x800'51d8    0xd4  can.o [1]
  .text              ro code   0x800'52ac    0x5c  simplelib.o [1]
  .text              ro code   0x800'5308    0x30  configure.o [1]
  .text              ro code   0x800'5338   0x998  chassis.o [1]
  .text              ro code   0x800'5cd0    0xa8  motor_driver.o [1]
  .text              ro code   0x800'5d78   0x2a8  laser.o [1]
  .text              ro code   0x800'6020   0x120  lcd.o [1]
  .text              ro code   0x800'6140    0xe0  sensor_gpio.o [1]
  .text              ro code   0x800'6220   0x2ac  kickball.o [1]
  .text              ro code   0x800'64cc   0x144  touchdown.o [1]
  .text              ro code   0x800'6610   0x174  vega.o [1]
  .text              ro code   0x800'6784   0x380  stm32f4xx_hal_rcc.o [1]
  .text              ro code   0x800'6b04   0x434  cmd.o [1]
  .text              ro code   0x800'6f38    0x32  ABImemset48.o [4]
  .text              ro code   0x800'6f6c    0x40  stm32f4xx_hal_msp.o [1]
  .text              ro code   0x800'6fac   0x56e  stm32f4xx_hal_adc.o [1]
  .text              ro code   0x800'751c   0x7dc  stm32f4xx_hal_can.o [1]
  .text              ro code   0x800'7cf8   0x9dc  cmd_func.o [1]
  .text              ro code   0x800'86d4   0x24a  can_utils.o [1]
  .text              ro code   0x800'8920    0x3c  can_func.o [1]
  .text              ro code   0x800'895c    0x9c  point_parser.o [1]
  .text              ro code   0x800'89f8   0x1ac  utils.o [1]
  .text              ro code   0x800'8ba4    0x1e  sqrtf.o [3]
  .text              ro code   0x800'8bc4    0x48  FltToDbl.o [3]
  .text              ro code   0x800'8c0c    0x36  math_wrappers64.o [3]
  .text              ro code   0x800'8c44    0x68  DblToFlt.o [3]
  .text              ro code   0x800'8cac   0x178  vec.o [1]
  .text              ro code   0x800'8e24   0x2d8  chassis_handle.o [1]
  .text              ro code   0x800'90fc   0x134  vesc_can.o [1]
  .text              ro code   0x800'9230    0x6a  robomaster.o [1]
  .text              ro code   0x800'929a    0x5a  karman.o [1]
  .text              ro code   0x800'92f4    0x18  strcpy.o [4]
  .text              ro code   0x800'930c   0x224  hash.o [1]
  .text              ro code   0x800'9530    0x66  ABImemset.o [4]
  .text              ro code   0x800'9598    0x4c  strtok.o [2]
  .text              ro code   0x800'95e4    0x3c  vsnprint.o [2]
  .text              ro code   0x800'9620    0x12  strcmp.o [4]
  .text              ro code   0x800'9632     0x2  stm32f4xx_hal_adc.o [1]
  .text              ro code   0x800'9634     0x2  stm32f4xx_hal_adc.o [1]
  .text              ro code   0x800'9636     0x2  stm32f4xx_hal_adc.o [1]
  .text              ro code   0x800'9638     0x2  stm32f4xx_hal_can.o [1]
  .text              ro code   0x800'963a     0x2  stm32f4xx_hal_can.o [1]
  .text              ro code   0x800'963c     0x2  stm32f4xx_hal_can.o [1]
  .text              ro code   0x800'963e     0x2  stm32f4xx_hal_can.o [1]
  .text              ro code   0x800'9640     0x2  stm32f4xx_hal_can.o [1]
  .text              ro code   0x800'9642     0x2  stm32f4xx_hal_can.o [1]
  .text              ro code   0x800'9644     0x2  stm32f4xx_hal_can.o [1]
  .text              ro code   0x800'9646     0x2  stm32f4xx_hal_can.o [1]
  .text              ro code   0x800'9648     0x2  stm32f4xx_hal_can.o [1]
  .text              ro code   0x800'964a     0x2  stm32f4xx_hal_can.o [1]
  .text              ro code   0x800'964c     0x2  stm32f4xx_hal_can.o [1]
  .text              ro code   0x800'9650   0x14c  iar_Stoulx.o [2]
  .text              ro code   0x800'979c    0x20  DblCmpEq.o [3]
  .text              ro code   0x800'97bc    0x6a  atan2f.o [3]
  .text              ro code   0x800'9828   0x51c  strto64.o [3]
  .text              ro code   0x800'9d44   0x13c  atan2_64.o [3]
  .text              ro code   0x800'9e80   0x444  cos_sin64.o [3]
  .text              ro code   0x800'a2c4   0x102  sqrt.o [3]
  .text              ro code   0x800'a3c8    0x24  ABIassert.o [5]
  .text              ro code   0x800'a3ec    0x22  strspn.o [2]
  .text              ro code   0x800'a40e    0x22  strcspn.o [2]
  .text              ro code   0x800'a430    0x14  isspace.o [2]
  .text              ro code   0x800'a444    0x14  tolower.o [2]
  .text              ro code   0x800'a458    0xa4  xatanf.o [3]
  .text              ro code   0x800'a4fc   0x122  iar_Stopfx.o [2]
  .text              ro code   0x800'a620   0x1c4  iar_Stoflt.o [2]
  .text              ro code   0x800'a7e4   0x21c  iar_Stoxflt.o [2]
  .text              ro code   0x800'aa00   0x1d0  iar_Atan64.o [3]
  .text              ro code   0x800'abd0    0x14  isalpha.o [2]
  .text              ro code   0x800'abe4   0x124  stm32f4xx_it.o [1]
  .text              ro code   0x800'ad08    0x18  stm32f4xx_hal.o [1]
  .text              ro code   0x800'ad20    0x60  system_stm32f4xx.o [1]
  .rodata            const     0x800'ad80    0x50  iar_Stoulx.o [2]
  .rodata            const     0x800'add0    0x48  strto64.o [3]
  .rodata            const     0x800'ae18    0x40  iar_Atan64.o [3]
  .rodata            const     0x800'ae58    0x30  hash.o [1]
  .rodata            const     0x800'ae88    0x2c  cmd_func.o [1]
  .rodata            const     0x800'aeb4    0x28  cmd_func.o [1]
  .rodata            const     0x800'aedc    0x28  vega.o [1]
  .text              ro code   0x800'af04    0x28  data_init.o [4]
  .rodata            const     0x800'af2c    0x24  cmd_func.o [1]
  .rodata            const     0x800'af50    0x24  cmd_func.o [1]
  .rodata            const     0x800'af74    0x24  cmd_func.o [1]
  .rodata            const     0x800'af98    0x24  cmd_func.o [1]
  .rodata            const     0x800'afbc    0x24  cmd_func.o [1]
  .rodata            const     0x800'afe0    0x24  cmd_func.o [1]
  .text              ro code   0x800'b004    0x22  fpinit_M.o [3]
  .iar.init_table    const     0x800'b028    0x20  - Linker created -
  .rodata            const     0x800'b048    0x20  can_utils.o [1]
  .rodata            const     0x800'b068    0x20  cmd_func.o [1]
  .rodata            const     0x800'b088    0x20  cmd_func.o [1]
  .rodata            const     0x800'b0a8    0x20  cmd_func.o [1]
  .rodata            const     0x800'b0c8    0x20  cmd_func.o [1]
  .rodata            const     0x800'b0e8    0x20  cmd_func.o [1]
  .rodata            const     0x800'b108    0x20  cmd_func.o [1]
  .rodata            const     0x800'b128    0x20  cmd_func.o [1]
  .rodata            const     0x800'b148    0x20  hash.o [1]
  .rodata            const     0x800'b168    0x20  kickball.o [1]
  .rodata            const     0x800'b188    0x20  sensor_gpio.o [1]
  .rodata            const     0x800'b1a8    0x20  sensor_gpio.o [1]
  .rodata            const     0x800'b1c8    0x20  sensor_gpio.o [1]
  .rodata            const     0x800'b1e8    0x20  vega.o [1]
  .rodata            const     0x800'b208    0x20  vega.o [1]
  .text              ro code   0x800'b228    0x1e  cmain.o [4]
  .text              ro code   0x800'b246     0x4  low_level_init.o [2]
  .text              ro code   0x800'b24a     0x4  exit.o [2]
  .text              ro code   0x800'b250     0xa  cexit.o [4]
  .rodata            const     0x800'b25c    0x1c  chassis.o [1]
  .rodata            const     0x800'b278    0x1c  cmd_func.o [1]
  .rodata            const     0x800'b294    0x1c  cmd_func.o [1]
  .rodata            const     0x800'b2b0    0x1c  cmd_func.o [1]
  .rodata            const     0x800'b2cc    0x1c  cmd_func.o [1]
  .rodata            const     0x800'b2e8    0x1c  cmd_func.o [1]
  .rodata            const     0x800'b304    0x1c  cmd_func.o [1]
  .rodata            const     0x800'b320    0x1c  cmd_func.o [1]
  .rodata            const     0x800'b33c    0x1c  cmd_func.o [1]
  .rodata            const     0x800'b358    0x1c  cmd_func.o [1]
  .rodata            const     0x800'b374    0x1c  cmd_func.o [1]
  .rodata            const     0x800'b390    0x1c  cmd_func.o [1]
  .rodata            const     0x800'b3ac    0x1c  lcd.o [1]
  .rodata            const     0x800'b3c8    0x1c  sensor_gpio.o [1]
  .rodata            const     0x800'b3e4    0x1c  vega.o [1]
  .rodata            const     0x800'b400    0x18  chassis.o [1]
  .rodata            const     0x800'b418    0x18  chassis_handle.o [1]
  .rodata            const     0x800'b430    0x18  chassis_handle.o [1]
  .rodata            const     0x800'b448    0x18  chassis_handle.o [1]
  .rodata            const     0x800'b460    0x18  cmd_func.o [1]
  .rodata            const     0x800'b478    0x18  cmd_func.o [1]
  .rodata            const     0x800'b490    0x18  cmd_func.o [1]
  .rodata            const     0x800'b4a8    0x18  cmd_func.o [1]
  .rodata            const     0x800'b4c0    0x18  cmd_func.o [1]
  .rodata            const     0x800'b4d8    0x18  cmd_func.o [1]
  .rodata            const     0x800'b4f0    0x18  cmd_func.o [1]
  .rodata            const     0x800'b508    0x18  cmd_func.o [1]
  .rodata            const     0x800'b520    0x18  cmd_func.o [1]
  .rodata            const     0x800'b538    0x18  cmd_func.o [1]
  .rodata            const     0x800'b550    0x18  cmd_func.o [1]
  .rodata            const     0x800'b568    0x18  laser.o [1]
  .rodata            const     0x800'b580    0x18  simplelib.o [1]
  .rodata            const     0x800'b598    0x18  vega.o [1]
  .rodata            const     0x800'b5b0    0x14  cmd_func.o [1]
  .rodata            const     0x800'b5c4    0x14  cmd_func.o [1]
  .rodata            const     0x800'b5d8    0x14  cmd_func.o [1]
  .rodata            const     0x800'b5ec    0x14  cmd_func.o [1]
  .rodata            const     0x800'b600    0x14  cmd_func.o [1]
  .rodata            const     0x800'b614    0x14  cmd_func.o [1]
  .rodata            const     0x800'b628    0x14  cmd_func.o [1]
  .rodata            const     0x800'b63c    0x14  cmd_func.o [1]
  .rodata            const     0x800'b650    0x14  cmd_func.o [1]
  .rodata            const     0x800'b664    0x14  cmd_func.o [1]
  .rodata            const     0x800'b678    0x14  main.o [1]
  .rodata            const     0x800'b68c    0x10  chassis.o [1]
  .rodata            const     0x800'b69c    0x10  chassis_handle.o [1]
  .rodata            const     0x800'b6ac    0x10  cmd.o [1]
  .rodata            const     0x800'b6bc    0x10  cmd.o [1]
  .rodata            const     0x800'b6cc    0x10  cmd_func.o [1]
  .rodata            const     0x800'b6dc    0x10  cmd_func.o [1]
  .rodata            const     0x800'b6ec    0x10  cmd_func.o [1]
  .rodata            const     0x800'b6fc    0x10  cmd_func.o [1]
  .rodata            const     0x800'b70c    0x10  cmd_func.o [1]
  .rodata            const     0x800'b71c    0x10  cmd_func.o [1]
  .rodata            const     0x800'b72c    0x10  cmd_func.o [1]
  .rodata            const     0x800'b73c    0x10  cmd_func.o [1]
  .rodata            const     0x800'b74c    0x10  cmd_func.o [1]
  .rodata            const     0x800'b75c    0x10  cmd_func.o [1]
  .rodata            const     0x800'b76c    0x10  cmd_func.o [1]
  .rodata            const     0x800'b77c    0x10  cmd_func.o [1]
  .rodata            const     0x800'b78c    0x10  cmd_func.o [1]
  .rodata            const     0x800'b79c    0x10  cmd_func.o [1]
  .rodata            const     0x800'b7ac    0x10  cmd_func.o [1]
  .rodata            const     0x800'b7bc    0x10  cmd_func.o [1]
  .rodata            const     0x800'b7cc    0x10  cmd_func.o [1]
  .rodata            const     0x800'b7dc    0x10  laser.o [1]
  .rodata            const     0x800'b7ec    0x10  laser.o [1]
  .rodata            const     0x800'b7fc    0x10  laser.o [1]
  .rodata            const     0x800'b80c    0x10  laser.o [1]
  .rodata            const     0x800'b81c    0x10  laser.o [1]
  .rodata            const     0x800'b82c    0x10  system_stm32f4xx.o [1]
  .text              ro code   0x800'b83c    0x10  startup_stm32f407xx.o [1]
  .rodata            const     0x800'b84c     0xc  can_func.o [1]
  .rodata            const     0x800'b858     0xc  cmd.o [1]
  .rodata            const     0x800'b864     0xc  cmd_func.o [1]
  .rodata            const     0x800'b870     0xc  cmd_func.o [1]
  .rodata            const     0x800'b87c     0xc  cmd_func.o [1]
  .rodata            const     0x800'b888     0xc  cmd_func.o [1]
  .rodata            const     0x800'b894     0xc  hash.o [1]
  .rodata            const     0x800'b8a0     0xc  point_parser.o [1]
  .text              ro code   0x800'b8ac     0xc  cstartup_M.o [4]
  .rodata            const     0x800'b8b8     0x8  cmd.o [1]
  .rodata            const     0x800'b8c0     0x8  cmd.o [1]
  .rodata            const     0x800'b8c8     0x8  cmd.o [1]
  .rodata            const     0x800'b8d0     0x8  cmd_func.o [1]
  .rodata            const     0x800'b8d8     0x8  cmd_func.o [1]
  .rodata            const     0x800'b8e0     0x8  cmd_func.o [1]
  .rodata            const     0x800'b8e8     0x8  hash.o [1]
  .rodata            const     0x800'b8f0     0x8  stm32f4xx_hal_dma.o [1]
  .rodata            const     0x800'b8f8     0x8  system_stm32f4xx.o [1]
  .rodata            const     0x800'b900     0x8  vega.o [1]
  .rodata            const     0x800'b908     0x8  vega.o [1]
  .rodata            const     0x800'b910     0x6  xlocale_c.o [2]
  .text              ro code   0x800'b916     0x4  startup_stm32f407xx.o [1]
  .text              ro code   0x800'b91a     0x4  startup_stm32f407xx.o [1]
  .text              ro code   0x800'b91e     0x4  startup_stm32f407xx.o [1]
  .text              ro code   0x800'b922     0x4  startup_stm32f407xx.o [1]
  .text              ro code   0x800'b926     0x4  startup_stm32f407xx.o [1]
  .text              ro code   0x800'b92a     0x4  startup_stm32f407xx.o [1]
  .text              ro code   0x800'b92e     0x4  startup_stm32f407xx.o [1]
  .text              ro code   0x800'b932     0x4  startup_stm32f407xx.o [1]
  .text              ro code   0x800'b936     0x4  startup_stm32f407xx.o [1]
  .text              ro code   0x800'b93a     0x4  startup_stm32f407xx.o [1]
  .text              ro code   0x800'b93e     0x4  startup_stm32f407xx.o [1]
  .text              ro code   0x800'b942     0x4  startup_stm32f407xx.o [1]
  .text              ro code   0x800'b946     0x4  startup_stm32f407xx.o [1]
  .text              ro code   0x800'b94a     0x4  startup_stm32f407xx.o [1]
  .text              ro code   0x800'b94e     0x4  startup_stm32f407xx.o [1]
  .text              ro code   0x800'b952     0x4  startup_stm32f407xx.o [1]
  .text              ro code   0x800'b956     0x4  startup_stm32f407xx.o [1]
  .text              ro code   0x800'b95a     0x4  startup_stm32f407xx.o [1]
  .text              ro code   0x800'b95e     0x4  startup_stm32f407xx.o [1]
  .text              ro code   0x800'b962     0x4  startup_stm32f407xx.o [1]
  .text              ro code   0x800'b966     0x4  startup_stm32f407xx.o [1]
  .text              ro code   0x800'b96a     0x4  startup_stm32f407xx.o [1]
  .text              ro code   0x800'b96e     0x4  startup_stm32f407xx.o [1]
  .text              ro code   0x800'b972     0x4  startup_stm32f407xx.o [1]
  .text              ro code   0x800'b976     0x4  startup_stm32f407xx.o [1]
  .text              ro code   0x800'b97a     0x4  startup_stm32f407xx.o [1]
  .text              ro code   0x800'b97e     0x4  startup_stm32f407xx.o [1]
  .text              ro code   0x800'b982     0x4  startup_stm32f407xx.o [1]
  .text              ro code   0x800'b986     0x4  startup_stm32f407xx.o [1]
  .text              ro code   0x800'b98a     0x4  startup_stm32f407xx.o [1]
  .text              ro code   0x800'b98e     0x4  startup_stm32f407xx.o [1]
  .text              ro code   0x800'b992     0x4  startup_stm32f407xx.o [1]
  .text              ro code   0x800'b996     0x4  startup_stm32f407xx.o [1]
  .text              ro code   0x800'b99a     0x4  startup_stm32f407xx.o [1]
  .text              ro code   0x800'b99e     0x4  startup_stm32f407xx.o [1]
  .text              ro code   0x800'b9a2     0x4  startup_stm32f407xx.o [1]
  .text              ro code   0x800'b9a6     0x4  startup_stm32f407xx.o [1]
  .text              ro code   0x800'b9aa     0x4  startup_stm32f407xx.o [1]
  .text              ro code   0x800'b9ae     0x4  startup_stm32f407xx.o [1]
  .text              ro code   0x800'b9b2     0x4  startup_stm32f407xx.o [1]
  .text              ro code   0x800'b9b6     0x4  startup_stm32f407xx.o [1]
  .text              ro code   0x800'b9ba     0x4  startup_stm32f407xx.o [1]
  .text              ro code   0x800'b9be     0x4  startup_stm32f407xx.o [1]
  .text              ro code   0x800'b9c2     0x4  startup_stm32f407xx.o [1]
  .text              ro code   0x800'b9c6     0x4  startup_stm32f407xx.o [1]
  .text              ro code   0x800'b9ca     0x4  startup_stm32f407xx.o [1]
  .text              ro code   0x800'b9ce     0x4  startup_stm32f407xx.o [1]
  .text              ro code   0x800'b9d2     0x4  startup_stm32f407xx.o [1]
  .text              ro code   0x800'b9d6     0x4  startup_stm32f407xx.o [1]
  .text              ro code   0x800'b9da     0x4  startup_stm32f407xx.o [1]
  .text              ro code   0x800'b9de     0x4  startup_stm32f407xx.o [1]
  .text              ro code   0x800'b9e2     0x4  startup_stm32f407xx.o [1]
  .text              ro code   0x800'b9e6     0x4  startup_stm32f407xx.o [1]
  .text              ro code   0x800'b9ea     0x4  startup_stm32f407xx.o [1]
  .text              ro code   0x800'b9ee     0x4  startup_stm32f407xx.o [1]
  .text              ro code   0x800'b9f2     0x4  startup_stm32f407xx.o [1]
  .text              ro code   0x800'b9f6     0x4  startup_stm32f407xx.o [1]
  .text              ro code   0x800'b9fa     0x4  startup_stm32f407xx.o [1]
  .text              ro code   0x800'b9fe     0x4  startup_stm32f407xx.o [1]
  .text              ro code   0x800'ba02     0x4  startup_stm32f407xx.o [1]
  .text              ro code   0x800'ba06     0x4  startup_stm32f407xx.o [1]
  .text              ro code   0x800'ba0a     0x4  startup_stm32f407xx.o [1]
  .text              ro code   0x800'ba0e     0x4  startup_stm32f407xx.o [1]
  .text              ro code   0x800'ba12     0x4  startup_stm32f407xx.o [1]
  .text              ro code   0x800'ba16     0x4  startup_stm32f407xx.o [1]
  .text              ro code   0x800'ba1a     0x4  startup_stm32f407xx.o [1]
  .text              ro code   0x800'ba1e     0x4  startup_stm32f407xx.o [1]
  .rodata            const     0x800'ba22     0x0  zero_init3.o [4]
  .rodata            const     0x800'ba22     0x0  lz77_init_single.o [4]
  Initializer bytes  const     0x800'ba22   0x752  <for P2-1>
                             - 0x800'c174  0xbfec

"P2", part 1 of 3:                         0x12a5
  P2-1                        0x2000'0000  0x12a5  <Init block>
    .data            inited   0x2000'0000     0xc  can_utils.o [1]
    .data            inited   0x2000'000c    0x20  chassis.o [1]
    .data            inited   0x2000'002c    0x20  chassis.o [1]
    .data            inited   0x2000'004c     0x4  chassis.o [1]
    .data            inited   0x2000'0050     0x4  cmd.o [1]
    .data            inited   0x2000'0054    0x18  karman.o [1]
    .data            inited   0x2000'006c    0x18  karman.o [1]
    .data            inited   0x2000'0084    0x18  karman.o [1]
    .data            inited   0x2000'009c    0x18  karman.o [1]
    .data            inited   0x2000'00b4    0x18  karman.o [1]
    .data            inited   0x2000'00cc    0x18  karman.o [1]
    .data            inited   0x2000'00e4     0x4  kickball.o [1]
    .data            inited   0x2000'00e8     0x4  kickball.o [1]
    .data            inited   0x2000'00ec     0x4  kickball.o [1]
    .data            inited   0x2000'00f0     0x4  kickball.o [1]
    .data            inited   0x2000'00f4     0x4  kickball.o [1]
    .data            inited   0x2000'00f8    0x14  kickball.o [1]
    .data            inited   0x2000'010c     0x4  kickball.o [1]
    .data            inited   0x2000'0110   0xfa0  point.o [1]
    .data            inited   0x2000'10b0   0x150  point_parser.o [1]
    .data            inited   0x2000'1200     0x4  sensor_gpio.o [1]
    .data            inited   0x2000'1204     0x4  stm32f4xx_hal.o [1]
    .data            inited   0x2000'1208     0x4  system_stm32f4xx.o [1]
    .data            inited   0x2000'120c     0x4  touchdown.o [1]
    .data            inited   0x2000'1210     0x4  touchdown.o [1]
    .data            inited   0x2000'1214     0x4  touchdown.o [1]
    .data            inited   0x2000'1218     0xc  vega.o [1]
    .data            inited   0x2000'1224    0x38  xlocale_c.o [2]
    .data            inited   0x2000'125c    0x48  xlocale_c.o [2]
    .data            inited   0x2000'12a4     0x1  stm32f4xx_hal.o [1]
                            - 0x2000'12a5  0x12a5

"P2", part 2 of 3:                         0xca74
  .bss               zero     0x2000'12a8   0xfa0  point.o [1]
  .bss               zero     0x2000'2248   0xfa0  point.o [1]
  .bss               zero     0x2000'31e8   0xfa0  point.o [1]
  .bss               zero     0x2000'4188   0xfa0  point.o [1]
  .bss               zero     0x2000'5128   0xfa0  point.o [1]
  .bss               zero     0x2000'60c8   0xfa0  point.o [1]
  .bss               zero     0x2000'7068   0xfa0  point.o [1]
  .bss               zero     0x2000'8008   0xfa0  point.o [1]
  .bss               zero     0x2000'8fa8   0xfa0  point.o [1]
  .bss               zero     0x2000'9f48   0xfa0  point.o [1]
  .bss               zero     0x2000'aee8   0xfa0  point.o [1]
  .bss               zero     0x2000'be88   0xfa0  point.o [1]
  .bss               zero     0x2000'ce28   0x1d8  dlmalloc.o [2]
  .bss               zero     0x2000'd000   0x190  lcd.o [1]
  .bss               zero     0x2000'd190    0x78  laser.o [1]
  .bss               zero     0x2000'd208    0x68  cmd.o [1]
  .bss               zero     0x2000'd270    0x64  cmd.o [1]
  .bss               zero     0x2000'd2d4    0x64  cmd.o [1]
  .bss               zero     0x2000'd338    0x64  cmd.o [1]
  .bss               zero     0x2000'd39c    0x64  cmd.o [1]
  .bss               zero     0x2000'd400    0x60  adc.o [1]
  .bss               zero     0x2000'd460    0x60  usart.o [1]
  .bss               zero     0x2000'd4c0    0x60  usart.o [1]
  .bss               zero     0x2000'd520    0x60  usart.o [1]
  .bss               zero     0x2000'd580    0x60  usart.o [1]
  .bss               zero     0x2000'd5e0    0x60  usart.o [1]
  .bss               zero     0x2000'd640    0x60  usart.o [1]
  .bss               zero     0x2000'd6a0    0x60  usart.o [1]
  .bss               zero     0x2000'd700    0x60  usart.o [1]
  .bss               zero     0x2000'd760    0x58  chassis.o [1]
  .bss               zero     0x2000'd7b8    0x48  adc.o [1]
  .bss               zero     0x2000'd800    0x48  laser.o [1]
  .bss               zero     0x2000'd848    0x48  laser.o [1]
  .bss               zero     0x2000'd890    0x48  laser.o [1]
  .bss               zero     0x2000'd8d8    0x40  chassis_handle.o [1]
  .bss               zero     0x2000'd918    0x40  cmd.o [1]
  .bss               zero     0x2000'd958    0x40  usart.o [1]
  .bss               zero     0x2000'd998    0x40  usart.o [1]
  .bss               zero     0x2000'd9d8    0x40  usart.o [1]
  .bss               zero     0x2000'da18    0x40  usart.o [1]
  .bss               zero     0x2000'da58    0x40  usart.o [1]
  .bss               zero     0x2000'da98    0x40  usart.o [1]
  .bss               zero     0x2000'dad8    0x30  cmd.o [1]
  .bss               zero     0x2000'db08    0x28  can.o [1]
  .bss               zero     0x2000'db30    0x28  can_utils.o [1]
  .bss               zero     0x2000'db58    0x28  main.o [1]
  .bss               zero     0x2000'db80    0x24  main.o [1]
  .bss               zero     0x2000'dba4    0x20  chassis.o [1]
  .bss               zero     0x2000'dbc4    0x1c  can_utils.o [1]
  .bss               zero     0x2000'dbe0    0x18  can_utils.o [1]
  .bss               zero     0x2000'dbf8    0x18  cmd.o [1]
  .bss               zero     0x2000'dc10    0x18  motor_driver.o [1]
  .bss               zero     0x2000'dc28    0x18  dlmalloc.o [2]
  .bss               zero     0x2000'dc40    0x10  configure.o [1]
  .bss               zero     0x2000'dc50    0x10  configure.o [1]
  .bss               zero     0x2000'dc60     0x8  can_utils.o [1]
  .bss               zero     0x2000'dc68     0x8  can_utils.o [1]
  .bss               zero     0x2000'dc70     0x8  chassis.o [1]
  .bss               zero     0x2000'dc78     0x8  chassis.o [1]
  .bss               zero     0x2000'dc80     0x8  chassis.o [1]
  .bss               zero     0x2000'dc88     0x8  main.o [1]
  .bss               zero     0x2000'dc90     0x8  touchdown.o [1]
  .bss               zero     0x2000'dc98     0x4  can_utils.o [1]
  .bss               zero     0x2000'dc9c     0x4  can_utils.o [1]
  .bss               zero     0x2000'dca0     0x4  can_utils.o [1]
  .bss               zero     0x2000'dca4     0x4  can_utils.o [1]
  .bss               zero     0x2000'dca8     0x4  cmd.o [1]
  .bss               zero     0x2000'dcac     0x4  cmd.o [1]
  .bss               zero     0x2000'dcb0     0x4  cmd.o [1]
  .bss               zero     0x2000'dcb4     0x4  flags.o [1]
  .bss               zero     0x2000'dcb8     0x4  flags.o [1]
  .bss               zero     0x2000'dcbc     0x4  kickball.o [1]
  .bss               zero     0x2000'dcc0     0x4  kickball.o [1]
  .bss               zero     0x2000'dcc4     0x4  kickball.o [1]
  .bss               zero     0x2000'dcc8     0x4  kickball.o [1]
  .bss               zero     0x2000'dccc     0x4  kickball.o [1]
  .bss               zero     0x2000'dcd0     0x4  kickball.o [1]
  .bss               zero     0x2000'dcd4     0x4  lcd.o [1]
  .bss               zero     0x2000'dcd8     0x4  lcd.o [1]
  .bss               zero     0x2000'dcdc     0x4  main.o [1]
  .bss               zero     0x2000'dce0     0x4  main.o [1]
  .bss               zero     0x2000'dce4     0x4  motor_driver.o [1]
  .bss               zero     0x2000'dce8     0x4  motor_driver.o [1]
  .bss               zero     0x2000'dcec     0x4  sensor_gpio.o [1]
  .bss               zero     0x2000'dcf0     0x4  sensor_gpio.o [1]
  .bss               zero     0x2000'dcf4     0x4  sensor_gpio.o [1]
  .bss               zero     0x2000'dcf8     0x4  stm32f4xx_hal.o [1]
  .bss               zero     0x2000'dcfc     0x4  touchdown.o [1]
  .bss               zero     0x2000'dd00     0x4  touchdown.o [1]
  .bss               zero     0x2000'dd04     0x4  touchdown.o [1]
  .bss               zero     0x2000'dd08     0x4  touchdown.o [1]
  .bss               zero     0x2000'dd0c     0x4  strtok.o [2]
  .bss               zero     0x2000'dd10     0x4  xfail_s.o [2]
  .bss               zero     0x2000'dd14     0x4  xgetmemchunk.o [2]
  .bss               zero     0x2000'dd18     0x1  kickball.o [1]
  .bss               zero     0x2000'dd19     0x1  touchdown.o [1]
                            - 0x2000'dd1a  0xca72

"P2", part 3 of 3:                         0x2200
  CSTACK                      0x2000'dd20  0x1200  <Block>
    CSTACK           uninit   0x2000'dd20  0x1200  <Block tail>
  HEAP                        0x2000'ef20  0x1000  <Block>
    HEAP             uninit   0x2000'ef20  0x1000  <Block tail>
                            - 0x2000'ff20  0x2200

Unused ranges:

         From           To      Size
         ----           --      ----
   0x800'c174   0x80f'ffff  0xf'3e8c
  0x2000'12a5  0x2000'12a7       0x3
  0x2000'dd1c  0x2000'dd1f       0x4
  0x2000'ff20  0x2001'ffff  0x1'00e0


*******************************************************************************
*** INIT TABLE
***

          Address      Size
          -------      ----
Zero (__iar_zero_init3)
    1 destination range, total size 0xca72:
          0x2000'12a8  0xca72

Copy/lz77 (__iar_lz77_init_single3)
    1 source range, total size 0x752 (39% of destination):
           0x800'ba22   0x752
    1 destination range, total size 0x12a5:
          0x2000'0000  0x12a5



*******************************************************************************
*** MODULE SUMMARY
***

    Module                  ro code  ro data  rw data
    ------                  -------  -------  -------
command line/config:
    -------------------------------------------------
    Total:

D:\Users\zohyc\Documents\BUPT\RobotTeam\Project\Chassis_TR\EWARM\Chassis\Obj: [1]
    adc.o                       352               168
    can.o                       212                40
    can_func.o                   60       12
    can_utils.o                 586       36      136
    chassis.o                 2 456       95      212
    chassis_handle.o            728       88       64
    cmd.o                     1 076       69      656
    cmd_func.o                2 524    1 640
    configure.o                  48                32
    dma.o                       200
    flags.o                                         8
    gpio.o                      360
    hash.o                      548      100
    karman.o                     90       57      144
    kickball.o                  684       49       69
    laser.o                     680      104      336
    lcd.o                       288       28      408
    main.o                      654       20       92
    motor_driver.o              168                32
    point.o                            1 571   52 000
    point_parser.o              156      144      336
    robomaster.o                106
    sensor_gpio.o               224      125       16
    simplelib.o                  92       24
    startup_stm32f407xx.o       676
    stm32f4xx_hal.o             164        3        9
    stm32f4xx_hal_adc.o       1 396
    stm32f4xx_hal_can.o       2 034
    stm32f4xx_hal_cortex.o      344
    stm32f4xx_hal_dma.o       1 360        8
    stm32f4xx_hal_gpio.o        668
    stm32f4xx_hal_msp.o          64
    stm32f4xx_hal_rcc.o       1 444
    stm32f4xx_hal_uart.o      2 626
    stm32f4xx_it.o              292
    system_stm32f4xx.o           96       25        4
    touchdown.o                 324        5       37
    usart.o                   1 660             1 152
    utils.o                     428
    vec.o                       376
    vega.o                      372      177       12
    vesc_can.o                  308
    -------------------------------------------------
    Total:                   26 924    4 380   55 963

dl7M_tlf.a: [2]
    abort.o                       6
    dlmalloc.o                3 968               496
    exit.o                        4
    iar_Stoflt.o                452
    iar_Stopfx.o                290
    iar_Stoulx.o                332       80
    iar_Stoxflt.o               540
    isalpha.o                    20
    isspace.o                    20
    low_level_init.o              4
    strcspn.o                    34
    strspn.o                     34
    strtok.o                     76                 4
    tolower.o                    20
    vsnprint.o                   60
    xencoding_8859_1.o           30
    xfail_s.o                    64                 4
    xgetmemchunk.o               44                 4
    xlocale_c.o                 180       56      128
    xmbcurmax.o                  10
    xprintffull.o             3 910
    xsnprout.o                   26
    -------------------------------------------------
    Total:                   10 124      136      636

m7M_tls.a: [3]
    DblAdd.o                    378
    DblCmpEq.o                   32
    DblCmpGe.o                   46
    DblCmpLe.o                   46
    DblDiv.o                    582
    DblMul.o                    418
    DblSub.o                    226
    DblToFlt.o                  104
    DblToS32.o                   58
    DblToU32.o                   40
    FltToDbl.o                   72
    S32ToDbl.o                   34
    U32ToDbl.o                   26
    atan2_64.o                  316
    atan2f.o                    106
    cos_sin64.o               1 092
    fpinit_M.o                   34
    frexp.o                     112
    iar_Atan64.o                464       64
    ldexp.o                     314
    math_wrappers64.o            54
    sqrt.o                      258
    sqrtf.o                      30
    strto64.o                 1 308       72
    xatanf.o                    164
    -------------------------------------------------
    Total:                    6 314      136

rt7M_tl.a: [4]
    ABImemclr4.o                  6
    ABImemcpy.o                 166
    ABImemset.o                 102
    ABImemset48.o                50
    I64DivMod.o                 560
    I64DivZer.o                   2
    cexit.o                      10
    cmain.o                      30
    cstartup_M.o                 12
    data_init.o                  40
    lz77_init_single.o          122
    memchr.o                     88
    strchr.o                     22
    strcmp.o                     18
    strcpy.o                     24
    strlen.o                     54
    zero_init3.o                 58
    -------------------------------------------------
    Total:                    1 364

shb_l.a: [5]
    ABIassert.o                  36
    exit.o                       20
    -------------------------------------------------
    Total:                       56

    Gaps                         54        4
    Linker created                        32    8 704
-----------------------------------------------------
    Grand Total:             44 836    4 688   65 303


*******************************************************************************
*** ENTRY LIST
***

Entry                       Address   Size  Type      Object
-----                       -------   ----  ----      ------
.iar.init_table$$Base    0x800'b028          --   Gb  - Linker created -
.iar.init_table$$Limit   0x800'b048          --   Gb  - Linker created -
?main                    0x800'b229         Code  Gb  cmain.o [4]
ADC_DMAConvCplt          0x800'7475   0x7a  Code  Lc  stm32f4xx_hal_adc.o [1]
ADC_DMAError             0x800'7501   0x1a  Code  Lc  stm32f4xx_hal_adc.o [1]
ADC_DMAHalfConvCplt      0x800'74f1    0xe  Code  Lc  stm32f4xx_hal_adc.o [1]
ADC_Init                 0x800'72f3  0x15a  Code  Lc  stm32f4xx_hal_adc.o [1]
AHBPrescTable            0x800'b82c   0x10  Data  Gb  system_stm32f4xx.o [1]
APBPrescTable            0x800'b8f8    0x8  Data  Gb  system_stm32f4xx.o [1]
Angle_Between_Points     0x800'8b01   0x7a  Code  Gb  utils.o [1]
Angle_Limit_PI           0x800'8a8d   0x54  Code  Gb  utils.o [1]
Angle_Subtract           0x800'8ae1   0x20  Code  Gb  utils.o [1]
Arrive_distance         0x2000'004c    0x4  Data  Gb  chassis.o [1]
BusFault_Handler         0x800'abeb    0x2  Code  Gb  stm32f4xx_it.o [1]
CAN1_RX0_IRQHandler      0x800'ac33    0xa  Code  Gb  stm32f4xx_it.o [1]
CAN_config               0x800'87f3   0x52  Code  Lc  can_utils.o [1]
CMD_USART               0x2000'd918   0x40  Data  Gb  cmd.o [1]
CSTACK$$Base            0x2000'dd20          --   Gb  - Linker created -
CSTACK$$Limit           0x2000'ef20          --   Gb  - Linker created -
CacheMore                0x800'2189   0x24  Code  Lc  xlocale_c.o [2]
DMA1_Stream0_IRQHandler
                         0x800'ac01    0xa  Code  Gb  stm32f4xx_it.o [1]
DMA1_Stream1_IRQHandler
                         0x800'ac0b    0xa  Code  Gb  stm32f4xx_it.o [1]
DMA1_Stream3_IRQHandler
                         0x800'ac15    0xa  Code  Gb  stm32f4xx_it.o [1]
DMA1_Stream5_IRQHandler
                         0x800'ac1f    0xa  Code  Gb  stm32f4xx_it.o [1]
DMA1_Stream6_IRQHandler
                         0x800'ac29    0xa  Code  Gb  stm32f4xx_it.o [1]
DMA1_Stream7_IRQHandler
                         0x800'ac8b    0xa  Code  Gb  stm32f4xx_it.o [1]
DMA2_Stream0_IRQHandler
                         0x800'acad    0xa  Code  Gb  stm32f4xx_it.o [1]
DMA2_Stream2_IRQHandler
                         0x800'acb7    0xa  Code  Gb  stm32f4xx_it.o [1]
DMA2_Stream7_IRQHandler
                         0x800'acc1    0xa  Code  Gb  stm32f4xx_it.o [1]
DMAUSART_RX_BUF         0x2000'd2d4   0x64  Data  Gb  cmd.o [1]
DMAUSART_RX_BUF_vega    0x2000'd338   0x64  Data  Gb  cmd.o [1]
DMA_CalcBaseAndBitshift
                         0x800'4431   0x30  Code  Lc  stm32f4xx_hal_dma.o [1]
DMA_CalcBaseAndBitshift::flagBitshiftOffset
                         0x800'b8f0    0x8  Data  Lc  stm32f4xx_hal_dma.o [1]
DMA_CheckFifoParam       0x800'4471   0x9c  Code  Lc  stm32f4xx_hal_dma.o [1]
DMA_RxOK_Flag           0x2000'dcb8    0x4  Data  Gb  flags.o [1]
DMA_RxOK_Flag_vega      0x2000'dcb0    0x4  Data  Gb  cmd.o [1]
DMA_SetConfig            0x800'4403   0x2e  Code  Lc  stm32f4xx_hal_dma.o [1]
DMAaRxBuffer            0x2000'd270   0x64  Data  Gb  cmd.o [1]
DMAaRxBuffer_vega       0x2000'd39c   0x64  Data  Gb  cmd.o [1]
DebugMon_Handler         0x800'abf1    0x2  Code  Gb  stm32f4xx_it.o [1]
Dtentox                  0x800'99c5  0x190  Code  Lc  strto64.o [3]
Error_Handler            0x800'49c9    0x2  Code  Gb  main.o [1]
HAL_ADC_ConfigChannel    0x800'7177  0x17c  Code  Gb  stm32f4xx_hal_adc.o [1]
HAL_ADC_Init             0x800'6fad   0x66  Code  Gb  stm32f4xx_hal_adc.o [1]
HAL_ADC_MspInit          0x800'5117   0xa2  Code  Gb  adc.o [1]
HAL_ADC_Start_DMA        0x800'7013  0x164  Code  Gb  stm32f4xx_hal_adc.o [1]
HAL_CAN_ActivateNotification
                         0x800'7aa1   0x34  Code  Gb  stm32f4xx_hal_can.o [1]
HAL_CAN_AddTxMessage     0x800'7811  0x138  Code  Gb  stm32f4xx_hal_can.o [1]
HAL_CAN_ConfigFilter     0x800'7689  0x128  Code  Gb  stm32f4xx_hal_can.o [1]
HAL_CAN_GetRxMessage     0x800'7949  0x158  Code  Gb  stm32f4xx_hal_can.o [1]
HAL_CAN_IRQHandler       0x800'7ad5  0x224  Code  Gb  stm32f4xx_hal_can.o [1]
HAL_CAN_Init             0x800'751d  0x16c  Code  Gb  stm32f4xx_hal_can.o [1]
HAL_CAN_MspInit          0x800'521f   0x78  Code  Gb  can.o [1]
HAL_CAN_RxFifo0FullCallback
                         0x800'87f1    0x2  Code  Gb  can_utils.o [1]
HAL_CAN_RxFifo0MsgPendingCallback
                         0x800'874f   0x3a  Code  Gb  can_utils.o [1]
HAL_CAN_Start            0x800'77b1   0x5c  Code  Gb  stm32f4xx_hal_can.o [1]
HAL_DMA_Abort            0x800'4137   0x9c  Code  Gb  stm32f4xx_hal_dma.o [1]
HAL_DMA_Abort_IT         0x800'41d3   0x28  Code  Gb  stm32f4xx_hal_dma.o [1]
HAL_DMA_IRQHandler       0x800'41fb  0x208  Code  Gb  stm32f4xx_hal_dma.o [1]
HAL_DMA_Init             0x800'3fbd   0xe2  Code  Gb  stm32f4xx_hal_dma.o [1]
HAL_DMA_Start_IT         0x800'409f   0x98  Code  Gb  stm32f4xx_hal_dma.o [1]
HAL_GPIO_Init            0x800'49d5  0x210  Code  Gb  stm32f4xx_hal_gpio.o [1]
HAL_GPIO_ReadPin         0x800'4be5   0x16  Code  Gb  stm32f4xx_hal_gpio.o [1]
HAL_GPIO_TogglePin       0x800'4c15   0x22  Code  Gb  stm32f4xx_hal_gpio.o [1]
HAL_GPIO_WritePin        0x800'4bfb   0x1a  Code  Gb  stm32f4xx_hal_gpio.o [1]
HAL_GetTick              0x800'3fb1    0xc  Code  Wk  stm32f4xx_hal.o [1]
HAL_IncTick              0x800'ad09   0x18  Code  Wk  stm32f4xx_hal.o [1]
HAL_Init                 0x800'4e15   0x30  Code  Gb  stm32f4xx_hal.o [1]
HAL_InitTick             0x800'4dc9   0x4c  Code  Wk  stm32f4xx_hal.o [1]
HAL_MspInit              0x800'6f6d   0x40  Code  Gb  stm32f4xx_hal_msp.o [1]
HAL_NVIC_EnableIRQ       0x800'4d8f    0xe  Code  Gb  stm32f4xx_hal_cortex.o [1]
HAL_NVIC_SetPriority     0x800'4d65   0x2a  Code  Gb  stm32f4xx_hal_cortex.o [1]
HAL_NVIC_SetPriorityGrouping
                         0x800'4d59    0xc  Code  Gb  stm32f4xx_hal_cortex.o [1]
HAL_RCC_ClockConfig      0x800'4519  0x13e  Code  Gb  stm32f4xx_hal_rcc.o [1]
HAL_RCC_GetHCLKFreq      0x800'4657    0x6  Code  Gb  stm32f4xx_hal_rcc.o [1]
HAL_RCC_GetPCLK1Freq     0x800'465d   0x16  Code  Gb  stm32f4xx_hal_rcc.o [1]
HAL_RCC_GetPCLK2Freq     0x800'4673   0x16  Code  Gb  stm32f4xx_hal_rcc.o [1]
HAL_RCC_OscConfig        0x800'6785  0x380  Code  Wk  stm32f4xx_hal_rcc.o [1]
HAL_SYSTICK_Config       0x800'4d9d    0xc  Code  Gb  stm32f4xx_hal_cortex.o [1]
HAL_UART_DMAStop         0x800'319f   0x72  Code  Gb  stm32f4xx_hal_uart.o [1]
HAL_UART_IDLECallback    0x800'6bbd   0xf6  Code  Gb  cmd.o [1]
HAL_UART_IRQHandler      0x800'3211  0x14a  Code  Gb  stm32f4xx_hal_uart.o [1]
HAL_UART_Init            0x800'2efd   0x76  Code  Gb  stm32f4xx_hal_uart.o [1]
HAL_UART_MspInit         0x800'3a85  0x4a0  Code  Gb  usart.o [1]
HAL_UART_Receive_DMA     0x800'30e9   0xb6  Code  Gb  stm32f4xx_hal_uart.o [1]
HAL_UART_Transmit        0x800'2f73   0xe0  Code  Gb  stm32f4xx_hal_uart.o [1]
HAL_UART_Transmit_DMA    0x800'3053   0x96  Code  Gb  stm32f4xx_hal_uart.o [1]
HCAN                    0x2000'db30   0x28  Data  Gb  can_utils.o [1]
HEAP$$Base              0x2000'ef20          --   Gb  - Linker created -
HEAP$$Limit             0x2000'ff20          --   Gb  - Linker created -
HardFault_Handler        0x800'abe7    0x2  Code  Gb  stm32f4xx_it.o [1]
HashTable_create         0x800'9347   0x5c  Code  Gb  hash.o [1]
HashTable_get            0x800'943d   0x60  Code  Gb  hash.o [1]
HashTable_insert         0x800'93a3   0x9a  Code  Gb  hash.o [1]
HashTable_map            0x800'949d   0x74  Code  Gb  hash.o [1]
KalMan                   0x800'929b   0x5a  Code  Gb  karman.o [1]
LoadInt                  0x800'138b   0x7a  Code  Lc  xprintffull.o [2]
MX_ADC1_Init             0x800'5079   0x9e  Code  Gb  adc.o [1]
MX_CAN1_Init             0x800'51d9   0x46  Code  Gb  can.o [1]
MX_DMA_Init              0x800'4fb1   0xc8  Code  Gb  dma.o [1]
MX_GPIO_Init             0x800'4e49  0x168  Code  Gb  gpio.o [1]
MX_UART4_Init            0x800'3935   0x38  Code  Gb  usart.o [1]
MX_UART5_Init            0x800'396d   0x38  Code  Gb  usart.o [1]
MX_USART1_UART_Init      0x800'39a5   0x38  Code  Gb  usart.o [1]
MX_USART2_UART_Init      0x800'39dd   0x38  Code  Gb  usart.o [1]
MX_USART3_UART_Init      0x800'3a15   0x38  Code  Gb  usart.o [1]
MX_USART6_UART_Init      0x800'3a4d   0x38  Code  Gb  usart.o [1]
MemManage_Handler        0x800'abe9    0x2  Code  Gb  stm32f4xx_it.o [1]
NMI_Handler              0x800'abe5    0x2  Code  Gb  stm32f4xx_it.o [1]
NVIC_EncodePriority      0x800'4ce9   0x40  Code  Lc  stm32f4xx_hal_cortex.o [1]
PID_Release              0x800'89f9   0x94  Code  Gb  utils.o [1]
PendSV_Handler           0x800'abf3    0x2  Code  Gb  stm32f4xx_it.o [1]
Region$$Table$$Base      0x800'b028          --   Gb  - Linker created -
Region$$Table$$Limit     0x800'b048          --   Gb  - Linker created -
RxHeader                0x2000'dbc4   0x1c  Data  Gb  can_utils.o [1]
SVC_Handler              0x800'abef    0x2  Code  Gb  stm32f4xx_it.o [1]
SysTick_Config           0x800'4d29   0x30  Code  Lc  stm32f4xx_hal_cortex.o [1]
SysTick_Handler          0x800'abf5    0xc  Code  Gb  stm32f4xx_it.o [1]
SystemClock_Config       0x800'4813   0xa2  Code  Gb  main.o [1]
SystemCoreClock         0x2000'1208    0x4  Data  Gb  system_stm32f4xx.o [1]
SystemInit               0x800'ad21   0x40  Code  Gb  system_stm32f4xx.o [1]
TxHeader                0x2000'dbe0   0x18  Data  Gb  can_utils.o [1]
TxMailbox               0x2000'dc9c    0x4  Data  Gb  can_utils.o [1]
UART5_IRQHandler         0x800'ac95   0x18  Code  Gb  stm32f4xx_it.o [1]
UART_DMAAbortOnError     0x800'34f1   0x16  Code  Lc  stm32f4xx_hal_uart.o [1]
UART_DMAError            0x800'33f5   0x58  Code  Lc  stm32f4xx_hal_uart.o [1]
UART_DMAReceiveCplt      0x800'33a1   0x44  Code  Lc  stm32f4xx_hal_uart.o [1]
UART_DMARxHalfCplt       0x800'33e5    0xe  Code  Lc  stm32f4xx_hal_uart.o [1]
UART_DMATransmitCplt     0x800'335d   0x34  Code  Lc  stm32f4xx_hal_uart.o [1]
UART_DMATxHalfCplt       0x800'3391    0xe  Code  Lc  stm32f4xx_hal_uart.o [1]
UART_EndRxTransfer       0x800'34cf   0x20  Code  Lc  stm32f4xx_hal_uart.o [1]
UART_EndTransmit_IT      0x800'3577   0x20  Code  Lc  stm32f4xx_hal_uart.o [1]
UART_EndTxTransfer       0x800'34bb   0x14  Code  Lc  stm32f4xx_hal_uart.o [1]
UART_Receive_IT          0x800'3597   0xae  Code  Lc  stm32f4xx_hal_uart.o [1]
UART_SetConfig           0x800'3645  0x2e2  Code  Lc  stm32f4xx_hal_uart.o [1]
UART_Transmit_IT         0x800'3509   0x6e  Code  Lc  stm32f4xx_hal_uart.o [1]
UART_WaitOnFlagUntilTimeout
                         0x800'344d   0x6e  Code  Lc  stm32f4xx_hal_uart.o [1]
USART1_IRQHandler        0x800'ac3d   0x1a  Code  Gb  stm32f4xx_it.o [1]
USART2_IRQHandler        0x800'ac57   0x1a  Code  Gb  stm32f4xx_it.o [1]
USART3_IRQHandler        0x800'ac71   0x1a  Code  Gb  stm32f4xx_it.o [1]
UsageFault_Handler       0x800'abed    0x2  Code  Gb  stm32f4xx_it.o [1]
_Encoding_8859_1_Mbrlen
                         0x800'2225    0x2  Code  Gb  xencoding_8859_1.o [2]
_Encoding_8859_1_Wctomb
                         0x800'2213   0x12  Code  Gb  xencoding_8859_1.o [2]
_GenldFull               0x800'1de9  0x274  Code  Lc  xprintffull.o [2]
_LdtobFull               0x800'19e5  0x3d6  Code  Lc  xprintffull.o [2]
_LitobFull               0x800'1895  0x10a  Code  Lc  xprintffull.o [2]
_LocaleC_isalpha         0x800'214f    0xc  Code  Gb  xlocale_c.o [2]
_LocaleC_islower         0x800'2149    0x4  Code  Gb  xlocale_c.o [2]
_LocaleC_isspace         0x800'2165   0x14  Code  Gb  xlocale_c.o [2]
_LocaleC_isupper         0x800'214d    0x2  Code  Gb  xlocale_c.o [2]
_LocaleC_tolower         0x800'2179    0xc  Code  Gb  xlocale_c.o [2]
_Locale_lconv           0x2000'1224   0x38  Data  Lc  xlocale_c.o [2]
_PrintfFull              0x800'11c9  0x1aa  Code  Gb  xprintffull.o [2]
_PutcharsFull            0x800'205d   0x2e  Code  Lc  xprintffull.o [2]
_PutfldFull              0x800'1405  0x2d4  Code  Lc  xprintffull.o [2]
_PutstrFull              0x800'17cf   0xc6  Code  Lc  xprintffull.o [2]
_PuttxtFull              0x800'16d9   0xf6  Code  Lc  xprintffull.o [2]
_SNProut                 0x800'22a7   0x1a  Code  Gb  xsnprout.o [2]
_Strtok_ssave           0x2000'dd0c    0x4  Data  Lc  strtok.o [2]
__NVIC_EnableIRQ         0x800'4c9f   0x1e  Code  Lc  stm32f4xx_hal_cortex.o [1]
__NVIC_GetPriorityGrouping
                         0x800'4c93    0xc  Code  Lc  stm32f4xx_hal_cortex.o [1]
__NVIC_SetPriority       0x800'4cbd   0x2c  Code  Lc  stm32f4xx_hal_cortex.o [1]
__NVIC_SetPriorityGrouping
                         0x800'4c71   0x22  Code  Lc  stm32f4xx_hal_cortex.o [1]
__aeabi_assert           0x800'a3c9   0x24  Code  Gb  ABIassert.o [5]
__aeabi_cdcmpeq          0x800'979d         Code  Gb  DblCmpEq.o [3]
__aeabi_cdcmple          0x800'2811         Code  Gb  DblCmpLe.o [3]
__aeabi_cdrcmple         0x800'2841         Code  Gb  DblCmpGe.o [3]
__aeabi_d2f              0x800'8c45         Code  Gb  DblToFlt.o [3]
__aeabi_d2iz             0x800'29ad         Code  Gb  DblToS32.o [3]
__aeabi_d2uiz            0x800'2d39         Code  Gb  DblToU32.o [3]
__aeabi_dadd             0x800'2d81         Code  Gb  DblAdd.o [3]
__aeabi_ddiv             0x800'2af1         Code  Gb  DblDiv.o [3]
__aeabi_dmul             0x800'25fd         Code  Gb  DblMul.o [3]
__aeabi_dsub             0x800'2a0d         Code  Gb  DblSub.o [3]
__aeabi_f2d              0x800'8bc5         Code  Gb  FltToDbl.o [3]
__aeabi_i2d              0x800'29e9         Code  Gb  S32ToDbl.o [3]
__aeabi_ldiv0            0x800'2d7d         Code  Gb  I64DivZer.o [4]
__aeabi_memclr4          0x800'49cd         Code  Gb  ABImemclr4.o [4]
__aeabi_memcpy           0x800'2325         Code  Gb  ABImemcpy.o [4]
__aeabi_memcpy4          0x800'2345         Code  Gb  ABImemcpy.o [4]
__aeabi_memcpy8          0x800'2345         Code  Gb  ABImemcpy.o [4]
__aeabi_memset           0x800'9531         Code  Gb  ABImemset.o [4]
__aeabi_ui2d             0x800'2d61         Code  Gb  U32ToDbl.o [3]
__aeabi_uldivmod         0x800'23cd         Code  Gb  I64DivMod.o [4]
__cmain                  0x800'b229         Code  Gb  cmain.o [4]
__data_GetMemChunk       0x800'1189   0x2c  Code  Gb  xgetmemchunk.o [2]
__data_GetMemChunk::start
                        0x2000'dd14    0x4  Data  Lc  xgetmemchunk.o [2]
__exit                   0x800'11b5   0x14  Code  Gb  exit.o [5]
__iar_Atan64             0x800'aa01  0x1d0  Code  Gb  iar_Atan64.o [3]
__iar_Fail_s             0x800'2231   0x1c  Code  Gb  xfail_s.o [2]
__iar_Mbcurmax           0x800'2319    0xa  Code  Gb  xmbcurmax.o [2]
__iar_Memchr             0x800'22c1         Code  Gb  memchr.o [4]
__iar_Memset             0x800'9531         Code  Gb  ABImemset.o [4]
__iar_Memset4_word       0x800'6f39         Code  Gb  ABImemset48.o [4]
__iar_Memset8_word       0x800'6f39         Code  Gb  ABImemset48.o [4]
__iar_Memset_word        0x800'9539         Code  Gb  ABImemset.o [4]
__iar_Sin64              0x800'9e81  0x3aa  Code  Lc  cos_sin64.o [3]
__iar_Sto64              0x800'9b65  0x194  Code  Gb  strto64.o [3]
__iar_Stoflt             0x800'a621  0x1c4  Code  Gb  iar_Stoflt.o [2]
__iar_Stopfx             0x800'a4fd  0x122  Code  Gb  iar_Stopfx.o [2]
__iar_Stoulx             0x800'9651  0x13a  Code  Gb  iar_Stoulx.o [2]
__iar_Stoxflt            0x800'a7e5  0x1e6  Code  Gb  iar_Stoxflt.o [2]
__iar_Stoxflt::digits    0x800'a9d0   0x18  Data  Lc  iar_Stoxflt.o [2]
__iar_Stoxflt::vals      0x800'a9e8   0x18  Data  Lc  iar_Stoxflt.o [2]
__iar_Strchr             0x800'21fd         Code  Gb  strchr.o [4]
__iar_atan2_32           0x800'97bd         Code  Gb  atan2f.o [3]
__iar_atan2_64           0x800'9d45  0x13c  Code  Gb  atan2_64.o [3]
__iar_cos64              0x800'a2bd    0x4  Code  Gb  cos_sin64.o [3]
__iar_cos_medium         0x800'a2bd    0x4  Code  Gb  cos_sin64.o [3]
__iar_cos_medium64       0x800'a2bd    0x4  Code  Gb  cos_sin64.o [3]
__iar_cos_mediuml        0x800'a2bd    0x4  Code  Gb  cos_sin64.o [3]
__iar_dadd               0x800'2a1d         Code  Gb  DblSub.o [3]
__iar_data_init3         0x800'af05   0x28  Code  Gb  data_init.o [4]
__iar_dlmalloc           0x800'0e4d  0x2b6  Code  Gb  dlmalloc.o [2]
__iar_dsub               0x800'2d91         Code  Gb  DblAdd.o [3]
__iar_dsubStart          0x800'2da3         Code  Gb  DblAdd.o [3]
__iar_frexp              0x800'27ad         Code  Gb  frexp.o [3]
__iar_frexpl             0x800'27ad         Code  Gb  frexp.o [3]
__iar_globLocale        0x2000'125c   0x48  Data  Lc  xlocale_c.o [2]
__iar_global_Locale      0x800'2185    0x4  Code  Gb  xlocale_c.o [2]
__iar_init_vfp           0x800'b005         Code  Gb  fpinit_M.o [3]
__iar_ldexp64            0x800'2871         Code  Gb  ldexp.o [3]
__iar_lz77_init_single3
                         0x800'110f   0x7a  Code  Gb  lz77_init_single.o [4]
__iar_program_start      0x800'b8ad         Code  Gb  cstartup_M.o [4]
__iar_scalbln64          0x800'2871         Code  Gb  ldexp.o [3]
__iar_scalbn64           0x800'2871         Code  Gb  ldexp.o [3]
__iar_sin64              0x800'a2c1    0x4  Code  Gb  cos_sin64.o [3]
__iar_sin_medium         0x800'a2c1    0x4  Code  Gb  cos_sin64.o [3]
__iar_sin_medium64       0x800'a2c1    0x4  Code  Gb  cos_sin64.o [3]
__iar_sin_mediuml        0x800'a2c1    0x4  Code  Gb  cos_sin64.o [3]
__iar_softfp___iar_frexp64
                         0x800'27a1         Code  Gb  frexp.o [3]
__iar_softfp_frexp       0x800'27a1         Code  Gb  frexp.o [3]
__iar_softfp_frexpl      0x800'27a1         Code  Gb  frexp.o [3]
__iar_sqrt32             0x800'8ba5         Code  Gb  sqrtf.o [3]
__iar_sqrt64             0x800'a2d5         Code  Gb  sqrt.o [3]
__iar_vfp___iar_sqrt64   0x800'a2c5         Code  Gb  sqrt.o [3]
__iar_vfp_atan2          0x800'8c1b   0x10  Code  Gb  math_wrappers64.o [3]
__iar_vfp_atof           0x800'8c13    0x8  Code  Gb  math_wrappers64.o [3]
__iar_vfp_cos            0x800'8c2b    0xc  Code  Gb  math_wrappers64.o [3]
__iar_vfp_sin            0x800'8c37    0xc  Code  Gb  math_wrappers64.o [3]
__iar_vfp_sqrt           0x800'a2c5         Code  Gb  sqrt.o [3]
__iar_vfp_sqrtl          0x800'a2c5         Code  Gb  sqrt.o [3]
__iar_xatanf             0x800'a459         Code  Gb  xatanf.o [3]
__iar_zero_init3         0x800'210f   0x3a  Code  Gb  zero_init3.o [4]
__low_level_init         0x800'b247    0x4  Code  Gb  low_level_init.o [2]
__vector_table           0x800'0000         Data  Gb  startup_stm32f407xx.o [1]
_call_main               0x800'b235         Code  Gb  cmain.o [4]
_cmd_help                0x800'6e21   0x18  Code  Lc  cmd.o [1]
_exit                    0x800'b251         Code  Gb  cexit.o [4]
_gLocale_mblen           0x800'21e9    0x4  Code  Gb  xlocale_c.o [2]
_gLocale_mblenInt        0x800'21ad   0x2c  Code  Gb  xlocale_c.o [2]
_gLocale_wctomb          0x800'21ed    0x4  Code  Gb  xlocale_c.o [2]
_gLocale_wctombInt       0x800'21e5    0x4  Code  Gb  xlocale_c.o [2]
_gm_                    0x2000'ce28  0x1d8  Data  Lc  dlmalloc.o [2]
_main                    0x800'b243         Code  Gb  cmain.o [4]
a                        0x800'ae18   0x40  Data  Lc  iar_Atan64.o [3]
abort                    0x800'1109    0x6  Code  Gb  abort.o [2]
add_segment              0x800'0551  0x1f2  Code  Lc  dlmalloc.o [2]
angle_pid               0x2000'002c   0x20  Data  Gb  chassis.o [1]
atan2                    0x800'9d45  0x13c  Code  Gb  atan2_64.o [3]
atan2f                   0x800'97bd         Code  Gb  atan2f.o [3]
atan2l                   0x800'9d45  0x13c  Code  Gb  atan2_64.o [3]
atof                     0x800'9d3d    0x8  Code  Gb  strto64.o [3]
atoi                     0x800'9791    0x2  Code  Gb  iar_Stoulx.o [2]
buffer_append_int32      0x800'90fd   0x32  Code  Gb  vesc_can.o [1]
buffer_count            0x2000'dcac    0x4  Data  Gb  cmd.o [1]
can_callback_add         0x800'8709   0x1e  Code  Gb  can_utils.o [1]
can_callback_table      0x2000'dca4    0x4  Data  Lc  can_utils.o [1]
can_exc_callback         0x800'8727   0x28  Code  Gb  can_utils.o [1]
can_exc_callback_flag   0x2000'dcb4    0x4  Data  Gb  flags.o [1]
can_ext_send_msg         0x800'87cd   0x24  Code  Gb  can_utils.o [1]
can_func_init            0x800'8921   0x22  Code  Gb  can_func.o [1]
can_id_init              0x800'5309   0x30  Code  Gb  configure.o [1]
can_init                 0x800'86d5   0x34  Code  Gb  can_utils.o [1]
can_rx_callback_flag    0x2000'dc98    0x4  Data  Gb  can_utils.o [1]
can_rx_data             0x2000'dc60    0x8  Data  Gb  can_utils.o [1]
can_send_msg             0x800'8789   0x44  Code  Gb  can_utils.o [1]
can_std_mask_filter_conf
                         0x800'887d   0x8a  Code  Gb  can_utils.o [1]
can_suc_rx               0x800'8945    0xc  Code  Gb  can_func.o [1]
chassis                 0x2000'd760   0x58  Data  Gb  chassis.o [1]
chassis_calculate_linespeed
                         0x800'5431   0x78  Code  Gb  chassis.o [1]
chassis_calculate_traceangle
                         0x800'5405   0x2c  Code  Gb  chassis.o [1]
chassis_canset_motorspeed
                         0x800'54a9   0x8c  Code  Gb  chassis.o [1]
chassis_exe              0x800'5c4f   0x30  Code  Gb  chassis.o [1]
chassis_finish_onetrace
                         0x800'5b41   0x22  Code  Gb  chassis.o [1]
chassis_handle          0x2000'd8d8   0x40  Data  Gb  chassis_handle.o [1]
chassis_init             0x800'53a9   0x24  Code  Gb  chassis.o [1]
chassis_init_pos         0x800'5363   0x46  Code  Gb  chassis.o [1]
chassis_init_status      0x800'5339   0x2a  Code  Gb  chassis.o [1]
chassis_move             0x800'5535  0x196  Code  Gb  chassis.o [1]
chassis_move_trace       0x800'5855  0x2ca  Code  Gb  chassis.o [1]
chassis_move_trace::distance_vec
                        0x2000'dc80    0x8  Data  Lc  chassis.o [1]
chassis_move_trace::now_speed_vec
                        0x2000'dc70    0x8  Data  Lc  chassis.o [1]
chassis_move_trace::target_speed_vec
                        0x2000'dc78    0x8  Data  Lc  chassis.o [1]
chassis_move_traces      0x800'5b1f   0x22  Code  Gb  chassis.o [1]
chassis_move_vector      0x800'56cd  0x16c  Code  Gb  chassis.o [1]
chassis_pos_update       0x800'5b69   0xe6  Code  Gb  chassis.o [1]
chassis_status          0x2000'dba4   0x20  Data  Gb  chassis.o [1]
chassis_swap_xy          0x800'53cd   0x38  Code  Gb  chassis.o [1]
clock                   0x2000'dc88    0x8  Data  Gb  main.o [1]
clock_exe                0x800'473d   0x3c  Code  Gb  main.o [1]
cmd_add                  0x800'6d45   0x54  Code  Gb  cmd.o [1]
cmd_argv                0x2000'dad8   0x30  Data  Gb  cmd.o [1]
cmd_chassis_move         0x800'82e7   0x78  Code  Gb  cmd_func.o [1]
cmd_chassis_print_pos    0x800'835f   0x2e  Code  Gb  cmd_func.o [1]
cmd_exec                 0x800'6cfb   0x2c  Code  Gb  cmd.o [1]
cmd_func_init            0x800'83b1  0x132  Code  Gb  cmd_func.o [1]
cmd_gpio_all             0x800'8025   0x40  Code  Gb  cmd_func.o [1]
cmd_gpio_cylinder        0x800'7fd5   0x24  Code  Gb  cmd_func.o [1]
cmd_gpio_infrared        0x800'800f   0x16  Code  Gb  cmd_func.o [1]
cmd_gpio_magnet          0x800'7fb1   0x24  Code  Gb  cmd_func.o [1]
cmd_gpio_microswitch     0x800'7ff9   0x16  Code  Gb  cmd_func.o [1]
cmd_hello                0x800'7cf9   0x10  Code  Gb  cmd_func.o [1]
cmd_help_func            0x800'6d29   0x1c  Code  Gb  cmd.o [1]
cmd_init                 0x800'6b51   0x2e  Code  Gb  cmd.o [1]
cmd_kickball_auto        0x800'8065   0x78  Code  Gb  cmd_func.o [1]
cmd_kickball_kick        0x800'81c3   0x18  Code  Gb  cmd_func.o [1]
cmd_kickball_m2006       0x800'80dd   0x30  Code  Gb  cmd_func.o [1]
cmd_kickball_prepare     0x800'817b   0x18  Code  Gb  cmd_func.o [1]
cmd_kickball_pull_magnet
                         0x800'8193   0x18  Code  Gb  cmd_func.o [1]
cmd_kickball_stop_magnet
                         0x800'81ab   0x18  Code  Gb  cmd_func.o [1]
cmd_kickball_vesc        0x800'810d   0x6e  Code  Gb  cmd_func.o [1]
cmd_laser_print_diatance
                         0x800'7e63    0xc  Code  Gb  cmd_func.o [1]
cmd_laser_print_pos      0x800'7e6f    0xc  Code  Gb  cmd_func.o [1]
cmd_m2006                0x800'7e87   0x54  Code  Gb  cmd_func.o [1]
cmd_parse                0x800'6cb3   0x48  Code  Gb  cmd.o [1]
cmd_point_print_path     0x800'7e7b    0xc  Code  Gb  cmd_func.o [1]
cmd_table               0x2000'dca8    0x4  Data  Lc  cmd.o [1]
cmd_touchdown_auto       0x800'81db   0x50  Code  Gb  cmd_func.o [1]
cmd_touchdown_close      0x800'8279   0x4a  Code  Gb  cmd_func.o [1]
cmd_touchdown_open       0x800'822b   0x4e  Code  Gb  cmd_func.o [1]
cmd_touchdown_try        0x800'82c3   0x24  Code  Gb  cmd_func.o [1]
cmd_touchdown_try_finish
                         0x800'838d   0x24  Code  Gb  cmd_func.o [1]
cmd_vega_calibrate       0x800'7e57    0xc  Code  Gb  cmd_func.o [1]
cmd_vega_correct_pos     0x800'7d9b   0xbc  Code  Gb  cmd_func.o [1]
cmd_vega_print_pos       0x800'7d09    0xc  Code  Gb  cmd_func.o [1]
cmd_vega_reset           0x800'7d8f    0xc  Code  Gb  cmd_func.o [1]
cmd_vega_set_position    0x800'7d15   0x7a  Code  Gb  cmd_func.o [1]
cmd_vesc                 0x800'7edb   0xd6  Code  Gb  cmd_func.o [1]
cmpAtom                  0x800'930d    0xe  Code  Lc  hash.o [1]
comm_can_set_current     0x800'9199   0x50  Code  Gb  vesc_can.o [1]
comm_can_set_duty        0x800'914d   0x4c  Code  Gb  vesc_can.o [1]
comm_can_set_rpm         0x800'91e9   0x3e  Code  Gb  vesc_can.o [1]
comm_can_transmit_eid    0x800'912f   0x1e  Code  Gb  vesc_can.o [1]
cos                      0x800'a2bd    0x4  Code  Gb  cos_sin64.o [3]
cosl                     0x800'a2bd    0x4  Code  Gb  cos_sin64.o [3]
cylinder_state          0x2000'dcf4    0x4  Data  Gb  sensor_gpio.o [1]
ddiv                     0x800'98f1   0xc4  Code  Lc  strto64.o [3]
delim                   0x2000'0050    0x4  Data  Lc  cmd.o [1]
digits                   0x800'ada8   0x28  Data  Lc  iar_Stoulx.o [2]
dmul                     0x800'9829   0xc6  Code  Lc  strto64.o [3]
exit                     0x800'b24b    0x4  Code  Gb  exit.o [2]
flag                    0x2000'db80   0x24  Data  Gb  main.o [1]
freeKeyAtom              0x800'931f    0x2  Code  Lc  hash.o [1]
gpio_cylinder            0x800'617b   0x20  Code  Gb  sensor_gpio.o [1]
gpio_infrared            0x800'614d    0xe  Code  Gb  sensor_gpio.o [1]
gpio_magnet              0x800'615b   0x20  Code  Gb  sensor_gpio.o [1]
gpio_microswitch         0x800'6141    0xc  Code  Gb  sensor_gpio.o [1]
gpio_sensor_exe          0x800'619b   0x58  Code  Gb  sensor_gpio.o [1]
hadc1                   0x2000'd7b8   0x48  Data  Gb  adc.o [1]
handle_button            0x800'8e25   0xaa  Code  Gb  chassis_handle.o [1]
handle_exe               0x800'8f19  0x1a4  Code  Gb  chassis_handle.o [1]
handle_rocker            0x800'8ecf   0x48  Code  Gb  chassis_handle.o [1]
hashAtom                 0x800'931b    0x4  Code  Lc  hash.o [1]
hashStr                  0x800'9321   0x26  Code  Gb  hash.o [1]
hash_id                  0x800'8909    0x4  Code  Lc  can_utils.o [1]
hcan1                   0x2000'db08   0x28  Data  Gb  can.o [1]
hdma_adc1               0x2000'd400   0x60  Data  Gb  adc.o [1]
hdma_uart5_rx           0x2000'd460   0x60  Data  Gb  usart.o [1]
hdma_uart5_tx           0x2000'd4c0   0x60  Data  Gb  usart.o [1]
hdma_usart1_rx          0x2000'd520   0x60  Data  Gb  usart.o [1]
hdma_usart1_tx          0x2000'd580   0x60  Data  Gb  usart.o [1]
hdma_usart2_rx          0x2000'd5e0   0x60  Data  Gb  usart.o [1]
hdma_usart2_tx          0x2000'd640   0x60  Data  Gb  usart.o [1]
hdma_usart3_rx          0x2000'd6a0   0x60  Data  Gb  usart.o [1]
hdma_usart3_tx          0x2000'd700   0x60  Data  Gb  usart.o [1]
huart1                  0x2000'd9d8   0x40  Data  Gb  usart.o [1]
huart2                  0x2000'da18   0x40  Data  Gb  usart.o [1]
huart3                  0x2000'da58   0x40  Data  Gb  usart.o [1]
huart4                  0x2000'd958   0x40  Data  Gb  usart.o [1]
huart5                  0x2000'd998   0x40  Data  Gb  usart.o [1]
huart6                  0x2000'da98   0x40  Data  Gb  usart.o [1]
id_cmp                   0x800'890d   0x10  Code  Lc  can_utils.o [1]
inc                      0x800'48b5   0xe6  Code  Gb  main.o [1]
infrared_state          0x2000'1200    0x4  Data  Gb  sensor_gpio.o [1]
init_mparams             0x800'01a3   0x32  Code  Lc  dlmalloc.o [2]
init_top                 0x800'01d5   0x36  Code  Lc  dlmalloc.o [2]
isalpha                  0x800'abd1   0x14  Code  Gb  isalpha.o [2]
isspace                  0x800'a431   0x14  Code  Gb  isspace.o [2]
kal_adc_L               0x2000'009c   0x18  Data  Gb  karman.o [1]
kal_adc_R               0x2000'00b4   0x18  Data  Gb  karman.o [1]
kal_adc_S               0x2000'00cc   0x18  Data  Gb  karman.o [1]
kal_distance_L          0x2000'0054   0x18  Data  Gb  karman.o [1]
kal_distance_R          0x2000'006c   0x18  Data  Gb  karman.o [1]
kal_distance_S          0x2000'0084   0x18  Data  Gb  karman.o [1]
kick_current            0x2000'dce8    0x4  Data  Gb  motor_driver.o [1]
kickball_M2006_set_current
                         0x800'6221    0x8  Code  Gb  kickball.o [1]
kickball_VESC_set_loosen_duty
                         0x800'6235   0x16  Code  Gb  kickball.o [1]
kickball_VESC_set_pull_current
                         0x800'624b   0x16  Code  Gb  kickball.o [1]
kickball_VESC_set_rpm    0x800'6229    0xc  Code  Gb  kickball.o [1]
kickball_auto           0x2000'010c    0x4  Data  Gb  kickball.o [1]
kickball_exe             0x800'644d   0x30  Code  Gb  kickball.o [1]
kickball_five_score     0x2000'00f8   0x14  Data  Gb  kickball.o [1]
kickball_get_microswitch_status
                         0x800'6267    0x6  Code  Gb  kickball.o [1]
kickball_kick_flag      0x2000'dcc4    0x4  Data  Gb  kickball.o [1]
kickball_m2006_current  0x2000'00e4    0x4  Data  Gb  kickball.o [1]
kickball_num            0x2000'dcd0    0x4  Data  Gb  kickball.o [1]
kickball_prepare_flag   0x2000'dcbc    0x4  Data  Gb  kickball.o [1]
kickball_pull_magnet_flag
                        0x2000'dcc8    0x4  Data  Gb  kickball.o [1]
kickball_ready_flag     0x2000'dcc0    0x4  Data  Gb  kickball.o [1]
kickball_set_magnet_status
                         0x800'6261    0x6  Code  Gb  kickball.o [1]
kickball_set_status      0x800'626d   0x7c  Code  Gb  kickball.o [1]
kickball_state_machine   0x800'62e9  0x164  Code  Gb  kickball.o [1]
kickball_status         0x2000'dd18    0x1  Data  Gb  kickball.o [1]
kickball_stop_magnet_flag
                        0x2000'dccc    0x4  Data  Gb  kickball.o [1]
kickball_vesc_lossen_duty
                        0x2000'00e8    0x4  Data  Gb  kickball.o [1]
kickball_vesc_pull_current10
                        0x2000'00f0    0x4  Data  Gb  kickball.o [1]
kickball_vesc_pull_current20
                        0x2000'00f4    0x4  Data  Gb  kickball.o [1]
kickball_vesc_pull_current5
                        0x2000'00ec    0x4  Data  Gb  kickball.o [1]
laser_adc               0x2000'd190   0x78  Data  Gb  laser.o [1]
laser_adc_split          0x800'5daf   0x36  Code  Gb  laser.o [1]
laser_calculate_angle    0x800'5e69    0x6  Code  Gb  laser.o [1]
laser_calculate_distance
                         0x800'5de5   0x74  Code  Gb  laser.o [1]
laser_calculate_kb       0x800'5d79   0x36  Code  Gb  laser.o [1]
laser_calculate_x        0x800'5e59    0x6  Code  Gb  laser.o [1]
laser_calculate_y        0x800'5e61    0x6  Code  Gb  laser.o [1]
laser_exe                0x800'5ee1   0x64  Code  Gb  laser.o [1]
laser_init               0x800'5e71   0x70  Code  Gb  laser.o [1]
laser_left              0x2000'd800   0x48  Data  Gb  laser.o [1]
laser_print_distance     0x800'5f45   0x3a  Code  Gb  laser.o [1]
laser_print_pos          0x800'5f7f   0x38  Code  Gb  laser.o [1]
laser_right             0x2000'd890   0x48  Data  Gb  laser.o [1]
laser_side              0x2000'd848   0x48  Data  Gb  laser.o [1]
lcd_add                  0x800'6021   0x38  Code  Gb  lcd.o [1]
lcd_exe                  0x800'607d   0x8a  Code  Gb  lcd.o [1]
lcd_exe::now_num        0x2000'dcd8    0x4  Data  Lc  lcd.o [1]
lcd_init                 0x800'6059   0x24  Code  Gb  lcd.o [1]
lcd_msg                 0x2000'd000  0x190  Data  Gb  lcd.o [1]
lcd_msg_length          0x2000'dcd4    0x4  Data  Lc  lcd.o [1]
ldexp                    0x800'2871         Code  Gb  ldexp.o [3]
ldexpl                   0x800'2871         Code  Gb  ldexp.o [3]
localeconv               0x800'21f1    0x4  Code  Gb  xlocale_c.o [2]
m2006_exe                0x800'5d1d   0x48  Code  Gb  motor_driver.o [1]
magnet_state            0x2000'dcf0    0x4  Data  Gb  sensor_gpio.o [1]
main                     0x800'4779   0x9a  Code  Gb  main.o [1]
memchr                   0x800'22c1         Code  Gb  memchr.o [4]
microswitch_state       0x2000'dcec    0x4  Data  Gb  sensor_gpio.o [1]
motor_init               0x800'5cd1    0x8  Code  Gb  motor_driver.o [1]
mparams                 0x2000'dc28   0x18  Data  Lc  dlmalloc.o [2]
ndigs                    0x800'ad80   0x28  Data  Lc  iar_Stoulx.o [2]
pContainer              0x2000'10b0  0x150  Data  Gb  point_parser.o [1]
point_print_path         0x800'895d   0x92  Code  Gb  point_parser.o [1]
points_pos0             0x2000'0110  0xfa0  Data  Gb  point.o [1]
points_pos1             0x2000'12a8  0xfa0  Data  Gb  point.o [1]
points_pos10            0x2000'9f48  0xfa0  Data  Gb  point.o [1]
points_pos11            0x2000'aee8  0xfa0  Data  Gb  point.o [1]
points_pos12            0x2000'be88  0xfa0  Data  Gb  point.o [1]
points_pos2             0x2000'2248  0xfa0  Data  Gb  point.o [1]
points_pos3             0x2000'31e8  0xfa0  Data  Gb  point.o [1]
points_pos4             0x2000'4188  0xfa0  Data  Gb  point.o [1]
points_pos5             0x2000'5128  0xfa0  Data  Gb  point.o [1]
points_pos6             0x2000'60c8  0xfa0  Data  Gb  point.o [1]
points_pos7             0x2000'7068  0xfa0  Data  Gb  point.o [1]
points_pos8             0x2000'8008  0xfa0  Data  Gb  point.o [1]
points_pos9             0x2000'8fa8  0xfa0  Data  Gb  point.o [1]
posture                 0x2000'dbf8   0x18  Data  Lc  cmd.o [1]
pows                     0x800'add0   0x48  Data  Lc  strto64.o [3]
prepend_alloc            0x800'020b  0x346  Code  Lc  dlmalloc.o [2]
print_buffer            0x2000'd208   0x68  Data  Gb  cmd.o [1]
recive_id               0x2000'dc50   0x10  Data  Gb  configure.o [1]
robomaster_set_current   0x800'9231   0x68  Code  Gb  robomaster.o [1]
rx_buffer               0x2000'dc68    0x8  Data  Lc  can_utils.o [1]
rx_id                   0x2000'dca0    0x4  Data  Lc  can_utils.o [1]
scalbln                  0x800'2871         Code  Gb  ldexp.o [3]
scalblnl                 0x800'2871         Code  Gb  ldexp.o [3]
scalbn                   0x800'2871         Code  Gb  ldexp.o [3]
scalbnl                  0x800'2871         Code  Gb  ldexp.o [3]
scale                    0x800'199f   0x46  Code  Lc  xprintffull.o [2]
sec_hand                0x2000'dd10    0x4  Data  Lc  xfail_s.o [2]
segment_holding          0x800'0189   0x1a  Code  Lc  dlmalloc.o [2]
send_id                 0x2000'dc40   0x10  Data  Gb  configure.o [1]
simplelib_init           0x800'52ad   0x2a  Code  Gb  simplelib.o [1]
simplelib_run            0x800'52d7   0x24  Code  Gb  simplelib.o [1]
sin                      0x800'a2c1    0x4  Code  Gb  cos_sin64.o [3]
sinl                     0x800'a2c1    0x4  Code  Gb  cos_sin64.o [3]
sqrt                     0x800'a2d5         Code  Gb  sqrt.o [3]
sqrtf                    0x800'8ba5         Code  Gb  sqrtf.o [3]
sqrtl                    0x800'a2d5         Code  Gb  sqrt.o [3]
std_id                  0x2000'0000    0xc  Data  Gb  can_utils.o [1]
str_cmp                  0x800'6e05   0x1c  Code  Lc  cmd.o [1]
strchr                   0x800'21fd         Code  Gb  strchr.o [4]
strcmp                   0x800'9621         Code  Gb  strcmp.o [4]
strcpy                   0x800'92f5         Code  Gb  strcpy.o [4]
strcspn                  0x800'a40f   0x22  Code  Gb  strcspn.o [2]
strlen                   0x800'2271         Code  Gb  strlen.o [4]
strspn                   0x800'a3ed   0x22  Code  Gb  strspn.o [2]
strtok                   0x800'9599   0x4c  Code  Gb  strtok.o [2]
sys_alloc                0x800'0749  0x164  Code  Lc  dlmalloc.o [2]
test_flag0              0x2000'dce0    0x4  Data  Gb  main.o [1]
test_value              0x2000'db58   0x28  Data  Gb  main.o [1]
time_1ms_cnt            0x2000'dcdc    0x4  Data  Lc  main.o [1]
tmalloc_large            0x800'08b9  0x386  Code  Lc  dlmalloc.o [2]
tmalloc_small            0x800'0c3f  0x200  Code  Lc  dlmalloc.o [2]
tolower                  0x800'a445   0x14  Code  Gb  tolower.o [2]
touchdown_auto_flag     0x2000'1214    0x4  Data  Gb  touchdown.o [1]
touchdown_close_current
                        0x2000'1210    0x4  Data  Gb  touchdown.o [1]
touchdown_current       0x2000'dce4    0x4  Data  Gb  motor_driver.o [1]
touchdown_cylinder_pull
                         0x800'64d5    0x8  Code  Gb  touchdown.o [1]
touchdown_cylinder_push
                         0x800'64cd    0x8  Code  Gb  touchdown.o [1]
touchdown_exe            0x800'65cb   0x10  Code  Gb  touchdown.o [1]
touchdown_m2006_close    0x800'64ef   0x12  Code  Gb  touchdown.o [1]
touchdown_m2006_open     0x800'64dd   0x12  Code  Gb  touchdown.o [1]
touchdown_open_current  0x2000'120c    0x4  Data  Gb  touchdown.o [1]
touchdown_ready_flag    0x2000'dcfc    0x4  Data  Gb  touchdown.o [1]
touchdown_state_machine
                         0x800'6501   0xca  Code  Gb  touchdown.o [1]
touchdown_state_machine::time
                        0x2000'dc90    0x8  Data  Lc  touchdown.o [1]
touchdown_state_machine::waitingtime
                        0x2000'dd08    0x4  Data  Lc  touchdown.o [1]
touchdown_status        0x2000'dd19    0x1  Data  Gb  touchdown.o [1]
touchdown_try_finish_flag
                        0x2000'dd04    0x4  Data  Gb  touchdown.o [1]
touchdown_try_flag      0x2000'dd00    0x4  Data  Gb  touchdown.o [1]
uprintf                  0x800'6d99   0x36  Code  Gb  cmd.o [1]
uprintf_to               0x800'6dcf   0x34  Code  Gb  cmd.o [1]
usart_DMA_init           0x800'6b05   0x4c  Code  Gb  cmd.o [1]
usart_exc_DMA            0x800'6b7f   0x3e  Code  Gb  cmd.o [1]
usart_exc_DMA_vega       0x800'6e39   0xa6  Code  Gb  cmd.o [1]
uwTick                  0x2000'dcf8    0x4  Data  Gb  stm32f4xx_hal.o [1]
uwTickFreq              0x2000'12a4    0x1  Data  Gb  stm32f4xx_hal.o [1]
uwTickPrio              0x2000'1204    0x4  Data  Gb  stm32f4xx_hal.o [1]
vec_add                  0x800'8cad   0x22  Code  Gb  vec.o [1]
vec_create               0x800'8d13   0x1a  Code  Gb  vec.o [1]
vec_is_zero              0x800'8dd1   0x46  Code  Gb  vec.o [1]
vec_model                0x800'8ce7   0x2c  Code  Gb  vec.o [1]
vec_mul                  0x800'8ccf   0x18  Code  Gb  vec.o [1]
vec_mul_i                0x800'8d2d   0x5c  Code  Gb  vec.o [1]
vec_normal               0x800'8d89   0x48  Code  Gb  vec.o [1]
vega_calibration         0x800'6611   0x1c  Code  Gb  vega.o [1]
vega_correct_pos         0x800'6697   0x60  Code  Gb  vega.o [1]
vega_in_coordinate      0x2000'1218    0xc  Data  Gb  vega.o [1]
vega_print_pos           0x800'66f7   0x3a  Code  Gb  vega.o [1]
vega_print_pos_can       0x800'6731   0x22  Code  Gb  vega.o [1]
vega_reset               0x800'662d   0x1c  Code  Gb  vega.o [1]
vega_set_position        0x800'6649   0x4e  Code  Gb  vega.o [1]
vesc                    0x2000'dc10   0x18  Data  Gb  motor_driver.o [1]
vsec_exe                 0x800'5cd9   0x42  Code  Gb  motor_driver.o [1]
vsnprintf                0x800'95e5   0x3c  Code  Gb  vsnprint.o [2]
y_pid                   0x2000'000c   0x20  Data  Gb  chassis.o [1]


[1] = D:\Users\zohyc\Documents\BUPT\RobotTeam\Project\Chassis_TR\EWARM\Chassis\Obj
[2] = dl7M_tlf.a
[3] = m7M_tls.a
[4] = rt7M_tl.a
[5] = shb_l.a

  44 836 bytes of readonly  code memory
   4 688 bytes of readonly  data memory
  65 303 bytes of readwrite data memory

Errors: none
Warnings: none
