###############################################################################
#
# IAR ELF Linker V8.30.1.114/W32 for ARM                  09/Dec/2019  01:56:09
# Copyright 2007-2018 IAR Systems AB.
#
#    Output file  =  E:\Robocon_Value\Chassis\EWARM\Chassis\Exe\Chassis.out
#    Map file     =  E:\Robocon_Value\Chassis\EWARM\Chassis\List\Chassis.map
#    Command line =  
#        -f C:\Users\DELL\AppData\Local\Temp\EWB8A5.tmp
#        (E:\Robocon_Value\Chassis\EWARM\Chassis\Obj\adc.o
#        E:\Robocon_Value\Chassis\EWARM\Chassis\Obj\can.o
#        E:\Robocon_Value\Chassis\EWARM\Chassis\Obj\can_func.o
#        E:\Robocon_Value\Chassis\EWARM\Chassis\Obj\can_utils.o
#        E:\Robocon_Value\Chassis\EWARM\Chassis\Obj\chassis.o
#        E:\Robocon_Value\Chassis\EWARM\Chassis\Obj\chassis_handle.o
#        E:\Robocon_Value\Chassis\EWARM\Chassis\Obj\cmd.o
#        E:\Robocon_Value\Chassis\EWARM\Chassis\Obj\cmd_func.o
#        E:\Robocon_Value\Chassis\EWARM\Chassis\Obj\configure.o
#        E:\Robocon_Value\Chassis\EWARM\Chassis\Obj\dma.o
#        E:\Robocon_Value\Chassis\EWARM\Chassis\Obj\flags.o
#        E:\Robocon_Value\Chassis\EWARM\Chassis\Obj\flash.o
#        E:\Robocon_Value\Chassis\EWARM\Chassis\Obj\gpio.o
#        E:\Robocon_Value\Chassis\EWARM\Chassis\Obj\hash.o
#        E:\Robocon_Value\Chassis\EWARM\Chassis\Obj\karman.o
#        E:\Robocon_Value\Chassis\EWARM\Chassis\Obj\laser.o
#        E:\Robocon_Value\Chassis\EWARM\Chassis\Obj\main.o
#        E:\Robocon_Value\Chassis\EWARM\Chassis\Obj\motordriver.o
#        E:\Robocon_Value\Chassis\EWARM\Chassis\Obj\point.o
#        E:\Robocon_Value\Chassis\EWARM\Chassis\Obj\point_parser.o
#        E:\Robocon_Value\Chassis\EWARM\Chassis\Obj\robomaster.o
#        E:\Robocon_Value\Chassis\EWARM\Chassis\Obj\simplelib.o
#        E:\Robocon_Value\Chassis\EWARM\Chassis\Obj\startup_stm32f407xx.o
#        E:\Robocon_Value\Chassis\EWARM\Chassis\Obj\stm32f4xx_hal.o
#        E:\Robocon_Value\Chassis\EWARM\Chassis\Obj\stm32f4xx_hal_adc.o
#        E:\Robocon_Value\Chassis\EWARM\Chassis\Obj\stm32f4xx_hal_adc_ex.o
#        E:\Robocon_Value\Chassis\EWARM\Chassis\Obj\stm32f4xx_hal_can.o
#        E:\Robocon_Value\Chassis\EWARM\Chassis\Obj\stm32f4xx_hal_cortex.o
#        E:\Robocon_Value\Chassis\EWARM\Chassis\Obj\stm32f4xx_hal_dma.o
#        E:\Robocon_Value\Chassis\EWARM\Chassis\Obj\stm32f4xx_hal_dma_ex.o
#        E:\Robocon_Value\Chassis\EWARM\Chassis\Obj\stm32f4xx_hal_exti.o
#        E:\Robocon_Value\Chassis\EWARM\Chassis\Obj\stm32f4xx_hal_flash.o
#        E:\Robocon_Value\Chassis\EWARM\Chassis\Obj\stm32f4xx_hal_flash_ex.o
#        E:\Robocon_Value\Chassis\EWARM\Chassis\Obj\stm32f4xx_hal_flash_ramfunc.o
#        E:\Robocon_Value\Chassis\EWARM\Chassis\Obj\stm32f4xx_hal_gpio.o
#        E:\Robocon_Value\Chassis\EWARM\Chassis\Obj\stm32f4xx_hal_msp.o
#        E:\Robocon_Value\Chassis\EWARM\Chassis\Obj\stm32f4xx_hal_pwr.o
#        E:\Robocon_Value\Chassis\EWARM\Chassis\Obj\stm32f4xx_hal_pwr_ex.o
#        E:\Robocon_Value\Chassis\EWARM\Chassis\Obj\stm32f4xx_hal_rcc.o
#        E:\Robocon_Value\Chassis\EWARM\Chassis\Obj\stm32f4xx_hal_rcc_ex.o
#        E:\Robocon_Value\Chassis\EWARM\Chassis\Obj\stm32f4xx_hal_tim.o
#        E:\Robocon_Value\Chassis\EWARM\Chassis\Obj\stm32f4xx_hal_tim_ex.o
#        E:\Robocon_Value\Chassis\EWARM\Chassis\Obj\stm32f4xx_hal_uart.o
#        E:\Robocon_Value\Chassis\EWARM\Chassis\Obj\stm32f4xx_it.o
#        E:\Robocon_Value\Chassis\EWARM\Chassis\Obj\stmflash.o
#        E:\Robocon_Value\Chassis\EWARM\Chassis\Obj\sys.o
#        E:\Robocon_Value\Chassis\EWARM\Chassis\Obj\system_stm32f4xx.o
#        E:\Robocon_Value\Chassis\EWARM\Chassis\Obj\usart.o
#        E:\Robocon_Value\Chassis\EWARM\Chassis\Obj\utils.o
#        E:\Robocon_Value\Chassis\EWARM\Chassis\Obj\vec.o
#        E:\Robocon_Value\Chassis\EWARM\Chassis\Obj\vega.o --redirect
#        _Printf=_PrintfFull --redirect _Scanf=_ScanfFull --no_out_extension -o
#        E:\Robocon_Value\Chassis\EWARM\Chassis\Exe\Chassis.out --map
#        E:\Robocon_Value\Chassis\EWARM\Chassis\List\Chassis.map --config
#        E:\Robocon_Value\Chassis\EWARM/stm32f407xx_flash.icf --semihosting
#        --entry __iar_program_start --vfe --text_out locale)
#
###############################################################################

*******************************************************************************
*** RUNTIME MODEL ATTRIBUTES
***

CppFlavor       = *
__Heap_Handler  = DLMalloc
__SystemLibrary = DLib
__dlib_version  = 6


*******************************************************************************
*** HEAP SELECTION
***

The advanced heap was selected because the application calls memory
allocation functions outside of system library functions, and there
are calls to deallocation functions in the application.


*******************************************************************************
*** PLACEMENT SUMMARY
***

"A0":  place at 0x800'0000 { ro section .intvec };
"P1":  place in [from 0x800'0000 to 0x80f'ffff] { ro };
define block CSTACK with size = 4608, alignment = 8 { };
define block HEAP with size = 1536, alignment = 8 { };
"P2":  place in [from 0x2000'0000 to 0x2001'ffff] {
          rw, block CSTACK, block HEAP };
initialize by copy { rw };

  Section            Kind         Address    Size  Object
  -------            ----         -------    ----  ------
"A0":                                       0x188
  .intvec            ro code   0x800'0000   0x188  startup_stm32f407xx.o [1]
                             - 0x800'0188   0x188

"P1":                                      0x776e
  .text              ro code   0x800'0188   0xf80  dlmalloc.o [2]
  .text              ro code   0x800'1108     0x6  abort.o [2]
  .text              ro code   0x800'110e    0x7a  lz77_init_single.o [4]
  .text              ro code   0x800'1188    0x2c  xgetmemchunk.o [2]
  .text              ro code   0x800'11b4    0x14  exit.o [5]
  .text              ro code   0x800'11c8   0xf7a  xprintffull.o [2]
  .text              ro code   0x800'2142    0x3a  zero_init3.o [4]
  .text              ro code   0x800'217c    0xa8  xlocale_c.o [2]
  .text              ro code   0x800'2224    0x16  strchr.o [4]
  .text              ro code   0x800'223a    0x1e  xencoding_8859_1.o [2]
  .text              ro code   0x800'2258    0x40  xfail_s.o [2]
  .text              ro code   0x800'2298    0x36  strlen.o [4]
  .text              ro code   0x800'22ce    0x1a  xsnprout.o [2]
  .text              ro code   0x800'22e8    0x58  memchr.o [4]
  .text              ro code   0x800'2340     0xa  xmbcurmax.o [2]
  .text              ro code   0x800'234c    0xa6  ABImemcpy.o [4]
  .text              ro code   0x800'23f4   0x230  I64DivMod.o [4]
  .text              ro code   0x800'2624   0x1a2  DblMul.o [3]
  .text              ro code   0x800'27c8    0x70  frexp.o [3]
  .text              ro code   0x800'2838    0x2e  DblCmpLe.o [3]
  .text              ro code   0x800'2868    0x2e  DblCmpGe.o [3]
  .text              ro code   0x800'2898   0x13a  ldexp.o [3]
  .text              ro code   0x800'29d4    0x3a  DblToS32.o [3]
  .text              ro code   0x800'2a10    0x22  S32ToDbl.o [3]
  .text              ro code   0x800'2a34    0xe2  DblSub.o [3]
  .text              ro code   0x800'2b18   0x246  DblDiv.o [3]
  .text              ro code   0x800'2d60    0x28  DblToU32.o [3]
  .text              ro code   0x800'2d88    0x1a  U32ToDbl.o [3]
  .text              ro code   0x800'2da4     0x2  I64DivZer.o [4]
  .text              ro code   0x800'2da8   0x17a  DblAdd.o [3]
  .text              ro code   0x800'2f24   0x75c  stm32f4xx_hal_uart.o [1]
  .text              ro code   0x800'3680   0x4f8  usart.o [1]
  .text              ro code   0x800'3b78     0xc  stm32f4xx_hal.o [1]
  .text              ro code   0x800'3b84   0x408  stm32f4xx_hal_dma.o [1]
  .text              ro code   0x800'3f8c     0x2  stm32f4xx_hal_uart.o [1]
  .text              ro code   0x800'3f8e     0x2  stm32f4xx_hal_uart.o [1]
  .text              ro code   0x800'3f90     0x2  stm32f4xx_hal_uart.o [1]
  .text              ro code   0x800'3f92     0x2  stm32f4xx_hal_uart.o [1]
  .text              ro code   0x800'3f94     0x2  stm32f4xx_hal_uart.o [1]
  .text              ro code   0x800'3f98   0x1a8  stm32f4xx_hal_rcc.o [1]
  .text              ro code   0x800'4140   0x194  main.o [1]
  .text              ro code   0x800'42d4     0x6  ABImemclr4.o [4]
  .text              ro code   0x800'42dc   0x1e8  stm32f4xx_hal_gpio.o [1]
  .text              ro code   0x800'44c4    0xc4  stm32f4xx_hal_cortex.o [1]
  .text              ro code   0x800'4588    0x40  stm32f4xx_hal.o [1]
  .text              ro code   0x800'45c8    0x34  stm32f4xx_hal.o [1]
  .text              ro code   0x800'45fc   0x12e  gpio.o [1]
  .text              ro code   0x800'472c    0xc8  dma.o [1]
  .text              ro code   0x800'47f4   0x114  adc.o [1]
  .text              ro code   0x800'4908    0xc0  can.o [1]
  .text              ro code   0x800'49c8    0x68  simplelib.o [1]
  .text              ro code   0x800'4a30    0x28  configure.o [1]
  .text              ro code   0x800'4a58   0x198  chassis.o [1]
  .text              ro code   0x800'4bf0   0x214  laser.o [1]
  .text              ro code   0x800'4e04   0x2f8  stm32f4xx_hal_rcc.o [1]
  .text              ro code   0x800'50fc   0x35c  cmd.o [1]
  .text              ro code   0x800'5458    0x32  ABImemset48.o [4]
  .text              ro code   0x800'548c    0x38  stm32f4xx_hal_msp.o [1]
  .text              ro code   0x800'54c4   0x456  stm32f4xx_hal_adc.o [1]
  .text              ro code   0x800'591c   0x55a  stm32f4xx_hal_can.o [1]
  .text              ro code   0x800'5e78   0x254  cmd_func.o [1]
  .text              ro code   0x800'60cc   0x16e  can_utils.o [1]
  .text              ro code   0x800'623c    0x20  can_func.o [1]
  .text              ro code   0x800'625c    0x48  FltToDbl.o [3]
  .text              ro code   0x800'62a4    0x68  DblToFlt.o [3]
  .text              ro code   0x800'630c    0x20  vec.o [1]
  .text              ro code   0x800'632c   0x24c  hash.o [1]
  .text              ro code   0x800'6578    0x4c  strcpy.o [4]
  .text              ro code   0x800'65c4    0x4c  strtok.o [2]
  .text              ro code   0x800'6610    0x3c  vsnprint.o [2]
  .text              ro code   0x800'664c    0x4a  strcmp.o [4]
  .text              ro code   0x800'6696     0x2  stm32f4xx_hal_adc.o [1]
  .text              ro code   0x800'6698     0x2  stm32f4xx_hal_adc.o [1]
  .text              ro code   0x800'669a     0x2  stm32f4xx_hal_adc.o [1]
  .text              ro code   0x800'669c     0x2  stm32f4xx_hal_can.o [1]
  .text              ro code   0x800'669e     0x2  stm32f4xx_hal_can.o [1]
  .text              ro code   0x800'66a0     0x2  stm32f4xx_hal_can.o [1]
  .text              ro code   0x800'66a2     0x2  stm32f4xx_hal_can.o [1]
  .text              ro code   0x800'66a4     0x2  stm32f4xx_hal_can.o [1]
  .text              ro code   0x800'66a6     0x2  stm32f4xx_hal_can.o [1]
  .text              ro code   0x800'66a8     0x2  stm32f4xx_hal_can.o [1]
  .text              ro code   0x800'66aa     0x2  stm32f4xx_hal_can.o [1]
  .text              ro code   0x800'66ac     0x2  stm32f4xx_hal_can.o [1]
  .text              ro code   0x800'66ae     0x2  stm32f4xx_hal_can.o [1]
  .text              ro code   0x800'66b0     0x2  stm32f4xx_hal_can.o [1]
  .text              ro code   0x800'66b4   0x174  vega.o [1]
  .text              ro code   0x800'6828     0xe  math_wrappers64.o [3]
  .text              ro code   0x800'6838    0x94  point_parser.o [1]
  .text              ro code   0x800'68cc   0x102  sqrt.o [3]
  .text              ro code   0x800'69d0    0x24  ABIassert.o [5]
  .text              ro code   0x800'69f4    0x22  strspn.o [2]
  .text              ro code   0x800'6a16    0x22  strcspn.o [2]
  .text              ro code   0x800'6a38   0x580  strto64.o [3]
  .text              ro code   0x800'6fb8   0x122  iar_Stopfx.o [2]
  .text              ro code   0x800'70dc   0x1c4  iar_Stoflt.o [2]
  .text              ro code   0x800'72a0   0x21c  iar_Stoxflt.o [2]
  .text              ro code   0x800'74bc    0x14  isspace.o [2]
  .text              ro code   0x800'74d0    0x14  isalpha.o [2]
  .text              ro code   0x800'74e4    0xe4  stm32f4xx_it.o [1]
  .text              ro code   0x800'75c8    0x10  stm32f4xx_hal.o [1]
  .text              ro code   0x800'75d8    0x60  system_stm32f4xx.o [1]
  .text              ro code   0x800'7638    0x28  data_init.o [4]
  .text              ro code   0x800'7660    0x22  fpinit_M.o [3]
  .iar.init_table    const     0x800'7684    0x20  - Linker created -
  .text              ro code   0x800'76a4    0x1e  cmain.o [4]
  .text              ro code   0x800'76c2     0x4  low_level_init.o [2]
  .text              ro code   0x800'76c6     0x4  exit.o [2]
  .text              ro code   0x800'76cc     0xa  cexit.o [4]
  .text              ro code   0x800'76d8    0x10  startup_stm32f407xx.o [1]
  .text              ro code   0x800'76e8     0xc  cstartup_M.o [4]
  .rodata            const     0x800'76f4     0x8  system_stm32f4xx.o [1]
  .rodata            const     0x800'76fc     0x6  xlocale_c.o [2]
  .text              ro code   0x800'7702     0x4  startup_stm32f407xx.o [1]
  .text              ro code   0x800'7706     0x4  startup_stm32f407xx.o [1]
  .text              ro code   0x800'770a     0x4  startup_stm32f407xx.o [1]
  .text              ro code   0x800'770e     0x4  startup_stm32f407xx.o [1]
  .text              ro code   0x800'7712     0x4  startup_stm32f407xx.o [1]
  .text              ro code   0x800'7716     0x4  startup_stm32f407xx.o [1]
  .text              ro code   0x800'771a     0x4  startup_stm32f407xx.o [1]
  .text              ro code   0x800'771e     0x4  startup_stm32f407xx.o [1]
  .text              ro code   0x800'7722     0x4  startup_stm32f407xx.o [1]
  .text              ro code   0x800'7726     0x4  startup_stm32f407xx.o [1]
  .text              ro code   0x800'772a     0x4  startup_stm32f407xx.o [1]
  .text              ro code   0x800'772e     0x4  startup_stm32f407xx.o [1]
  .text              ro code   0x800'7732     0x4  startup_stm32f407xx.o [1]
  .text              ro code   0x800'7736     0x4  startup_stm32f407xx.o [1]
  .text              ro code   0x800'773a     0x4  startup_stm32f407xx.o [1]
  .text              ro code   0x800'773e     0x4  startup_stm32f407xx.o [1]
  .text              ro code   0x800'7742     0x4  startup_stm32f407xx.o [1]
  .text              ro code   0x800'7746     0x4  startup_stm32f407xx.o [1]
  .text              ro code   0x800'774a     0x4  startup_stm32f407xx.o [1]
  .text              ro code   0x800'774e     0x4  startup_stm32f407xx.o [1]
  .text              ro code   0x800'7752     0x4  startup_stm32f407xx.o [1]
  .text              ro code   0x800'7756     0x4  startup_stm32f407xx.o [1]
  .text              ro code   0x800'775a     0x4  startup_stm32f407xx.o [1]
  .text              ro code   0x800'775e     0x4  startup_stm32f407xx.o [1]
  .text              ro code   0x800'7762     0x4  startup_stm32f407xx.o [1]
  .text              ro code   0x800'7766     0x4  startup_stm32f407xx.o [1]
  .text              ro code   0x800'776a     0x4  startup_stm32f407xx.o [1]
  .text              ro code   0x800'776e     0x4  startup_stm32f407xx.o [1]
  .text              ro code   0x800'7772     0x4  startup_stm32f407xx.o [1]
  .text              ro code   0x800'7776     0x4  startup_stm32f407xx.o [1]
  .text              ro code   0x800'777a     0x4  startup_stm32f407xx.o [1]
  .text              ro code   0x800'777e     0x4  startup_stm32f407xx.o [1]
  .text              ro code   0x800'7782     0x4  startup_stm32f407xx.o [1]
  .text              ro code   0x800'7786     0x4  startup_stm32f407xx.o [1]
  .text              ro code   0x800'778a     0x4  startup_stm32f407xx.o [1]
  .text              ro code   0x800'778e     0x4  startup_stm32f407xx.o [1]
  .text              ro code   0x800'7792     0x4  startup_stm32f407xx.o [1]
  .text              ro code   0x800'7796     0x4  startup_stm32f407xx.o [1]
  .text              ro code   0x800'779a     0x4  startup_stm32f407xx.o [1]
  .text              ro code   0x800'779e     0x4  startup_stm32f407xx.o [1]
  .text              ro code   0x800'77a2     0x4  startup_stm32f407xx.o [1]
  .text              ro code   0x800'77a6     0x4  startup_stm32f407xx.o [1]
  .text              ro code   0x800'77aa     0x4  startup_stm32f407xx.o [1]
  .text              ro code   0x800'77ae     0x4  startup_stm32f407xx.o [1]
  .text              ro code   0x800'77b2     0x4  startup_stm32f407xx.o [1]
  .text              ro code   0x800'77b6     0x4  startup_stm32f407xx.o [1]
  .text              ro code   0x800'77ba     0x4  startup_stm32f407xx.o [1]
  .text              ro code   0x800'77be     0x4  startup_stm32f407xx.o [1]
  .text              ro code   0x800'77c2     0x4  startup_stm32f407xx.o [1]
  .text              ro code   0x800'77c6     0x4  startup_stm32f407xx.o [1]
  .text              ro code   0x800'77ca     0x4  startup_stm32f407xx.o [1]
  .text              ro code   0x800'77ce     0x4  startup_stm32f407xx.o [1]
  .text              ro code   0x800'77d2     0x4  startup_stm32f407xx.o [1]
  .text              ro code   0x800'77d6     0x4  startup_stm32f407xx.o [1]
  .text              ro code   0x800'77da     0x4  startup_stm32f407xx.o [1]
  .text              ro code   0x800'77de     0x4  startup_stm32f407xx.o [1]
  .text              ro code   0x800'77e2     0x4  startup_stm32f407xx.o [1]
  .text              ro code   0x800'77e6     0x4  startup_stm32f407xx.o [1]
  .text              ro code   0x800'77ea     0x4  startup_stm32f407xx.o [1]
  .text              ro code   0x800'77ee     0x4  startup_stm32f407xx.o [1]
  .text              ro code   0x800'77f2     0x4  startup_stm32f407xx.o [1]
  .text              ro code   0x800'77f6     0x4  startup_stm32f407xx.o [1]
  .text              ro code   0x800'77fa     0x4  startup_stm32f407xx.o [1]
  .text              ro code   0x800'77fe     0x4  startup_stm32f407xx.o [1]
  .text              ro code   0x800'7802     0x4  startup_stm32f407xx.o [1]
  .text              ro code   0x800'7806     0x4  startup_stm32f407xx.o [1]
  .text              ro code   0x800'780a     0x4  startup_stm32f407xx.o [1]
  .rodata            const     0x800'780e     0x0  zero_init3.o [4]
  .rodata            const     0x800'780e     0x0  lz77_init_single.o [4]
  Initializer bytes  const     0x800'780e    0xe8  <for P2-1>
                             - 0x800'78f6  0x776e

"P2", part 1 of 3:                          0x304
  P2-1                        0x2000'0000   0x304  <Init block>
    .data            inited   0x2000'0000    0x64  can_utils.o [1]
    .data            inited   0x2000'0064    0x90  chassis.o [1]
    .data            inited   0x2000'00f4    0x24  chassis.o [1]
    .data            inited   0x2000'0118   0x150  point_parser.o [1]
    .data            inited   0x2000'0268     0xc  stm32f4xx_hal.o [1]
    .data            inited   0x2000'0274     0x4  system_stm32f4xx.o [1]
    .data            inited   0x2000'0278     0xc  vega.o [1]
    .data            inited   0x2000'0284    0x38  xlocale_c.o [2]
    .data            inited   0x2000'02bc    0x48  xlocale_c.o [2]
                            - 0x2000'0304   0x304

"P2", part 2 of 3:                         0x1b28
  .bss               zero     0x2000'0304   0xfa0  point.o [1]
  .bss               zero     0x2000'12a4   0x300  usart.o [1]
  .bss               zero     0x2000'15a4   0x1d8  dlmalloc.o [2]
  .bss               zero     0x2000'177c    0xe4  cmd.o [1]
  .bss               zero     0x2000'1860    0xa8  cmd.o [1]
  .bss               zero     0x2000'1908    0x98  cmd.o [1]
  .bss               zero     0x2000'19a0    0x78  laser.o [1]
  .bss               zero     0x2000'1a18    0x64  cmd.o [1]
  .bss               zero     0x2000'1a7c    0x60  adc.o [1]
  .bss               zero     0x2000'1adc    0x48  adc.o [1]
  .bss               zero     0x2000'1b24    0x48  laser.o [1]
  .bss               zero     0x2000'1b6c    0x48  laser.o [1]
  .bss               zero     0x2000'1bb4    0x48  laser.o [1]
  .bss               zero     0x2000'1bfc    0x40  usart.o [1]
  .bss               zero     0x2000'1c3c    0x40  usart.o [1]
  .bss               zero     0x2000'1c7c    0x40  usart.o [1]
  .bss               zero     0x2000'1cbc    0x40  usart.o [1]
  .bss               zero     0x2000'1cfc    0x40  usart.o [1]
  .bss               zero     0x2000'1d3c    0x40  usart.o [1]
  .bss               zero     0x2000'1d7c    0x28  can.o [1]
  .bss               zero     0x2000'1da4    0x28  can_utils.o [1]
  .bss               zero     0x2000'1dcc    0x1c  configure.o [1]
  .bss               zero     0x2000'1de8    0x18  dlmalloc.o [2]
  .bss               zero     0x2000'1e00    0x14  main.o [1]
  .bss               zero     0x2000'1e14     0x4  cmd.o [1]
  .bss               zero     0x2000'1e18     0x4  flags.o [1]
  .bss               zero     0x2000'1e1c     0x4  flags.o [1]
  .bss               zero     0x2000'1e20     0x4  strtok.o [2]
  .bss               zero     0x2000'1e24     0x4  xfail_s.o [2]
  .bss               zero     0x2000'1e28     0x4  xgetmemchunk.o [2]
                            - 0x2000'1e2c  0x1b28

"P2", part 3 of 3:                         0x1800
  CSTACK                      0x2000'1e30  0x1200  <Block>
    CSTACK           uninit   0x2000'1e30  0x1200  <Block tail>
  HEAP                        0x2000'3030   0x600  <Block>
    HEAP             uninit   0x2000'3030   0x600  <Block tail>
                            - 0x2000'3630  0x1800

Unused ranges:

         From           To      Size
         ----           --      ----
   0x800'78f6   0x80f'ffff  0xf'870a
  0x2000'1e2c  0x2000'1e2f       0x4
  0x2000'3630  0x2001'ffff  0x1'c9d0


*******************************************************************************
*** INIT TABLE
***

          Address      Size
          -------      ----
Zero (__iar_zero_init3)
    1 destination range, total size 0x1b28:
          0x2000'0304  0x1b28

Copy/lz77 (__iar_lz77_init_single3)
    1 source range, total size 0xe8 (30% of destination):
           0x800'780e    0xe8
    1 destination range, total size 0x304:
          0x2000'0000   0x304



*******************************************************************************
*** MODULE SUMMARY
***

    Module                  ro code  ro data  rw data
    ------                  -------  -------  -------
command line/config:
    -------------------------------------------------
    Total:

E:\Robocon_Value\Chassis\EWARM\Chassis\Obj: [1]
    adc.o                       276               168
    can.o                       192                40
    can_func.o                   32
    can_utils.o                 366       30      140
    chassis.o                   408       54      180
    cmd.o                       860               652
    cmd_func.o                  596
    configure.o                  40                28
    dma.o                       200
    flags.o                                         8
    gpio.o                      302
    hash.o                      588
    laser.o                     532               336
    main.o                      404                20
    point.o                                     4 000
    point_parser.o              148      101      336
    simplelib.o                 104
    startup_stm32f407xx.o       676
    stm32f4xx_hal.o             144        3       12
    stm32f4xx_hal_adc.o       1 116
    stm32f4xx_hal_can.o       1 392
    stm32f4xx_hal_cortex.o      196
    stm32f4xx_hal_dma.o       1 032
    stm32f4xx_hal_gpio.o        488
    stm32f4xx_hal_msp.o          56
    stm32f4xx_hal_rcc.o       1 184
    stm32f4xx_hal_uart.o      1 894
    stm32f4xx_it.o              228
    system_stm32f4xx.o           96        9        4
    usart.o                   1 272             1 152
    vec.o                        32
    vega.o                      372        4       12
    -------------------------------------------------
    Total:                   15 226      201    7 088

dl7M_tlf.a: [2]
    abort.o                       6
    dlmalloc.o                3 968               496
    exit.o                        4
    iar_Stoflt.o                452
    iar_Stopfx.o                290
    iar_Stoxflt.o               540
    isalpha.o                    20
    isspace.o                    20
    low_level_init.o              4
    strcspn.o                    34
    strspn.o                     34
    strtok.o                     76                 4
    vsnprint.o                   60
    xencoding_8859_1.o           30
    xfail_s.o                    64                 4
    xgetmemchunk.o               44                 4
    xlocale_c.o                 168       45      128
    xmbcurmax.o                  10
    xprintffull.o             3 962
    xsnprout.o                   26
    -------------------------------------------------
    Total:                    9 812       45      636

m7M_tls.a: [3]
    DblAdd.o                    378
    DblCmpGe.o                   46
    DblCmpLe.o                   46
    DblDiv.o                    582
    DblMul.o                    418
    DblSub.o                    226
    DblToFlt.o                  104
    DblToS32.o                   58
    DblToU32.o                   40
    FltToDbl.o                   72
    S32ToDbl.o                   34
    U32ToDbl.o                   26
    fpinit_M.o                   34
    frexp.o                     112
    ldexp.o                     314
    math_wrappers64.o            14
    sqrt.o                      258
    strto64.o                 1 408
    -------------------------------------------------
    Total:                    4 170

rt7M_tl.a: [4]
    ABImemclr4.o                  6
    ABImemcpy.o                 166
    ABImemset48.o                50
    I64DivMod.o                 560
    I64DivZer.o                   2
    cexit.o                      10
    cmain.o                      30
    cstartup_M.o                 12
    data_init.o                  40
    lz77_init_single.o          122
    memchr.o                     88
    strchr.o                     22
    strcmp.o                     74
    strcpy.o                     76
    strlen.o                     54
    zero_init3.o                 58
    -------------------------------------------------
    Total:                    1 370

shb_l.a: [5]
    ABIassert.o                  36
    exit.o                       20
    -------------------------------------------------
    Total:                       56

    Gaps                         52        2
    Linker created                        32    6 144
-----------------------------------------------------
    Grand Total:             30 686      280   13 868


*******************************************************************************
*** ENTRY LIST
***

Entry                       Address   Size  Type      Object
-----                       -------   ----  ----      ------
.iar.init_table$$Base    0x800'7684          --   Gb  - Linker created -
.iar.init_table$$Limit   0x800'76a4          --   Gb  - Linker created -
?main                    0x800'76a5         Code  Gb  cmain.o [4]
ADC_DMAConvCplt          0x800'5899   0x66  Code  Lc  stm32f4xx_hal_adc.o [1]
ADC_DMAError             0x800'5909   0x12  Code  Lc  stm32f4xx_hal_adc.o [1]
ADC_DMAHalfConvCplt      0x800'5901    0x6  Code  Lc  stm32f4xx_hal_adc.o [1]
ADC_Init                 0x800'577d   0xf8  Code  Lc  stm32f4xx_hal_adc.o [1]
AHBPrescTable            0x800'7628   0x10  Data  Gb  system_stm32f4xx.o [1]
APBPrescTable            0x800'76f4    0x8  Data  Gb  system_stm32f4xx.o [1]
Arrive_distance         0x2000'0114    0x4  Data  Gb  chassis.o [1]
BusFault_Handler         0x800'74eb    0x2  Code  Gb  stm32f4xx_it.o [1]
CAN1_RX0_IRQHandler      0x800'7521    0x6  Code  Gb  stm32f4xx_it.o [1]
CMD_USART               0x2000'1860   0x40  Data  Gb  cmd.o [1]
CSTACK$$Base            0x2000'1e30          --   Gb  - Linker created -
CSTACK$$Limit           0x2000'3030          --   Gb  - Linker created -
CacheMore                0x800'21b1   0x24  Code  Lc  xlocale_c.o [2]
DMA1_Stream0_IRQHandler
                         0x800'7503    0x6  Code  Gb  stm32f4xx_it.o [1]
DMA1_Stream1_IRQHandler
                         0x800'7509    0x6  Code  Gb  stm32f4xx_it.o [1]
DMA1_Stream3_IRQHandler
                         0x800'750f    0x6  Code  Gb  stm32f4xx_it.o [1]
DMA1_Stream5_IRQHandler
                         0x800'7515    0x6  Code  Gb  stm32f4xx_it.o [1]
DMA1_Stream6_IRQHandler
                         0x800'751b    0x6  Code  Gb  stm32f4xx_it.o [1]
DMA1_Stream7_IRQHandler
                         0x800'7563    0x6  Code  Gb  stm32f4xx_it.o [1]
DMA2_Stream0_IRQHandler
                         0x800'757b    0x6  Code  Gb  stm32f4xx_it.o [1]
DMA2_Stream2_IRQHandler
                         0x800'7581    0x6  Code  Gb  stm32f4xx_it.o [1]
DMA2_Stream7_IRQHandler
                         0x800'7587    0x6  Code  Gb  stm32f4xx_it.o [1]
DMAUSART_RX_BUF         0x2000'1908   0x64  Data  Gb  cmd.o [1]
DMAUSART_RX_BUF_vega    0x2000'1794   0x64  Data  Gb  cmd.o [1]
DMA_CalcBaseAndBitshift
                         0x800'3f5d   0x26  Code  Lc  stm32f4xx_hal_dma.o [1]
DMA_CalcBaseAndBitshift::flagBitshiftOffset
                         0x800'3f84    0x8  Data  Lc  stm32f4xx_hal_dma.o [1]
DMA_RxOK_Flag           0x2000'1e1c    0x4  Data  Gb  flags.o [1]
DMA_RxOK_Flag_vega      0x2000'17f8    0x4  Data  Gb  cmd.o [1]
DMA_SetConfig            0x800'3f3d   0x20  Code  Lc  stm32f4xx_hal_dma.o [1]
DMAaRxBuffer            0x2000'17fc   0x64  Data  Gb  cmd.o [1]
DMAaRxBuffer_vega       0x2000'1a18   0x64  Data  Gb  cmd.o [1]
DebugMon_Handler         0x800'74f1    0x2  Code  Gb  stm32f4xx_it.o [1]
Dtentox                  0x800'6bdd  0x192  Code  Lc  strto64.o [3]
ERR_angle_m0            0x2000'00cc    0x4  Data  Gb  chassis.o [1]
ERR_angle_m1            0x2000'00c8    0x4  Data  Gb  chassis.o [1]
ERR_angle_m2            0x2000'00c4    0x4  Data  Gb  chassis.o [1]
Error_Handler            0x800'42bd    0x2  Code  Gb  main.o [1]
HAL_ADC_ConfigChannel    0x800'5647  0x110  Code  Gb  stm32f4xx_hal_adc.o [1]
HAL_ADC_Init             0x800'54c5   0x50  Code  Gb  stm32f4xx_hal_adc.o [1]
HAL_ADC_MspInit          0x800'4859   0x94  Code  Gb  adc.o [1]
HAL_ADC_Start_DMA        0x800'5533  0x114  Code  Gb  stm32f4xx_hal_adc.o [1]
HAL_CAN_ActivateNotification
                         0x800'5c63   0x16  Code  Gb  stm32f4xx_hal_can.o [1]
HAL_CAN_ConfigFilter     0x800'5a0b   0xc0  Code  Gb  stm32f4xx_hal_can.o [1]
HAL_CAN_GetRxMessage     0x800'5b6b   0xe4  Code  Gb  stm32f4xx_hal_can.o [1]
HAL_CAN_IRQHandler       0x800'5c7f  0x1f8  Code  Gb  stm32f4xx_hal_can.o [1]
HAL_CAN_Init             0x800'591d   0xe6  Code  Gb  stm32f4xx_hal_can.o [1]
HAL_CAN_MspInit          0x800'4943   0x76  Code  Gb  can.o [1]
HAL_CAN_RxFifo0FullCallback
                         0x800'61c1    0x2  Code  Gb  can_utils.o [1]
HAL_CAN_RxFifo0MsgPendingCallback
                         0x800'6185   0x2e  Code  Gb  can_utils.o [1]
HAL_CAN_Start            0x800'5add   0x4c  Code  Gb  stm32f4xx_hal_can.o [1]
HAL_DMA_Abort            0x800'3cdf   0x88  Code  Gb  stm32f4xx_hal_dma.o [1]
HAL_DMA_Abort_IT         0x800'3d67   0x24  Code  Gb  stm32f4xx_hal_dma.o [1]
HAL_DMA_IRQHandler       0x800'3d8b  0x192  Code  Gb  stm32f4xx_hal_dma.o [1]
HAL_DMA_Init             0x800'3b85   0xee  Code  Gb  stm32f4xx_hal_dma.o [1]
HAL_DMA_Start_IT         0x800'3c73   0x6c  Code  Gb  stm32f4xx_hal_dma.o [1]
HAL_GPIO_Init            0x800'42dd  0x1a4  Code  Gb  stm32f4xx_hal_gpio.o [1]
HAL_GPIO_TogglePin       0x800'4489    0xe  Code  Gb  stm32f4xx_hal_gpio.o [1]
HAL_GPIO_WritePin        0x800'4481    0x8  Code  Gb  stm32f4xx_hal_gpio.o [1]
HAL_GetTick              0x800'3b79    0xc  Code  Wk  stm32f4xx_hal.o [1]
HAL_IncTick              0x800'75c9   0x10  Code  Wk  stm32f4xx_hal.o [1]
HAL_Init                 0x800'45c9   0x30  Code  Gb  stm32f4xx_hal.o [1]
HAL_InitTick             0x800'4589   0x40  Code  Wk  stm32f4xx_hal.o [1]
HAL_MspInit              0x800'548d   0x38  Code  Gb  stm32f4xx_hal_msp.o [1]
HAL_NVIC_EnableIRQ       0x800'4533   0x16  Code  Gb  stm32f4xx_hal_cortex.o [1]
HAL_NVIC_SetPriority     0x800'44f9   0x3a  Code  Gb  stm32f4xx_hal_cortex.o [1]
HAL_NVIC_SetPriorityGrouping
                         0x800'44df   0x1a  Code  Gb  stm32f4xx_hal_cortex.o [1]
HAL_RCC_ClockConfig      0x800'3f99   0xfe  Code  Gb  stm32f4xx_hal_rcc.o [1]
HAL_RCC_GetPCLK1Freq     0x800'40a3   0x10  Code  Gb  stm32f4xx_hal_rcc.o [1]
HAL_RCC_GetPCLK2Freq     0x800'40b3    0xe  Code  Gb  stm32f4xx_hal_rcc.o [1]
HAL_RCC_OscConfig        0x800'4e05  0x2f8  Code  Wk  stm32f4xx_hal_rcc.o [1]
HAL_SYSTICK_Config       0x800'4549   0x28  Code  Gb  stm32f4xx_hal_cortex.o [1]
HAL_UART_DMAStop         0x800'3159   0x54  Code  Gb  stm32f4xx_hal_uart.o [1]
HAL_UART_IDLECallback    0x800'518d   0xba  Code  Gb  cmd.o [1]
HAL_UART_IRQHandler      0x800'31b9  0x14e  Code  Gb  stm32f4xx_hal_uart.o [1]
HAL_UART_Init            0x800'2f25   0x1e  Code  Gb  stm32f4xx_hal_uart.o [1]
HAL_UART_MspInit         0x800'371d  0x3c8  Code  Gb  usart.o [1]
HAL_UART_Receive_DMA     0x800'30c7   0x92  Code  Gb  stm32f4xx_hal_uart.o [1]
HAL_UART_Transmit        0x800'2f9b   0xac  Code  Gb  stm32f4xx_hal_uart.o [1]
HAL_UART_Transmit_DMA    0x800'304f   0x78  Code  Gb  stm32f4xx_hal_uart.o [1]
HCAN                    0x2000'1da4   0x28  Data  Gb  can_utils.o [1]
HEAP$$Base              0x2000'3030          --   Gb  - Linker created -
HEAP$$Limit             0x2000'3630          --   Gb  - Linker created -
HardFault_Handler        0x800'74e7    0x2  Code  Gb  stm32f4xx_it.o [1]
HashTable_create         0x800'635f   0x44  Code  Gb  hash.o [1]
HashTable_get            0x800'6441   0x54  Code  Gb  hash.o [1]
HashTable_insert         0x800'63a5   0x84  Code  Gb  hash.o [1]
HashTable_map            0x800'64a1   0x6c  Code  Gb  hash.o [1]
LoadInt                  0x800'138b   0x7a  Code  Lc  xprintffull.o [2]
MX_ADC1_Init             0x800'47f5   0x64  Code  Gb  adc.o [1]
MX_CAN1_Init             0x800'4909   0x3a  Code  Gb  can.o [1]
MX_DMA_Init              0x800'472d   0xc8  Code  Gb  dma.o [1]
MX_GPIO_Init             0x800'45fd   0xf2  Code  Gb  gpio.o [1]
MX_UART4_Init            0x800'3681   0x14  Code  Gb  usart.o [1]
MX_UART5_Init            0x800'3695   0x14  Code  Gb  usart.o [1]
MX_USART1_UART_Init      0x800'36b1   0x14  Code  Gb  usart.o [1]
MX_USART2_UART_Init      0x800'36c5   0x14  Code  Gb  usart.o [1]
MX_USART3_UART_Init      0x800'36f5   0x14  Code  Gb  usart.o [1]
MX_USART6_UART_Init      0x800'3709   0x14  Code  Gb  usart.o [1]
MemManage_Handler        0x800'74e9    0x2  Code  Gb  stm32f4xx_it.o [1]
NMI_Handler              0x800'74e5    0x2  Code  Gb  stm32f4xx_it.o [1]
PendSV_Handler           0x800'74f3    0x2  Code  Gb  stm32f4xx_it.o [1]
Region$$Table$$Base      0x800'7684          --   Gb  - Linker created -
Region$$Table$$Limit     0x800'76a4          --   Gb  - Linker created -
RxHeader                0x2000'0018   0x1c  Data  Gb  can_utils.o [1]
SVC_Handler              0x800'74ef    0x2  Code  Gb  stm32f4xx_it.o [1]
SysTick_Handler          0x800'74f5    0xe  Code  Gb  stm32f4xx_it.o [1]
SystemClock_Config       0x800'4193   0x92  Code  Gb  main.o [1]
SystemCoreClock         0x2000'0274    0x4  Data  Gb  system_stm32f4xx.o [1]
SystemInit               0x800'75d9   0x3a  Code  Gb  system_stm32f4xx.o [1]
TxHeader                0x2000'0000   0x18  Data  Gb  can_utils.o [1]
TxMailbox               0x2000'005c    0x4  Data  Gb  can_utils.o [1]
UART5_IRQHandler         0x800'7569   0x12  Code  Gb  stm32f4xx_it.o [1]
UART_DMAAbortOnError     0x800'3459    0xc  Code  Lc  stm32f4xx_hal_uart.o [1]
UART_DMAError            0x800'337d   0x4a  Code  Lc  stm32f4xx_hal_uart.o [1]
UART_DMAReceiveCplt      0x800'333d   0x38  Code  Lc  stm32f4xx_hal_uart.o [1]
UART_DMARxHalfCplt       0x800'3375    0x6  Code  Lc  stm32f4xx_hal_uart.o [1]
UART_DMATransmitCplt     0x800'3309   0x2a  Code  Lc  stm32f4xx_hal_uart.o [1]
UART_DMATxHalfCplt       0x800'3335    0x6  Code  Lc  stm32f4xx_hal_uart.o [1]
UART_EndRxTransfer       0x800'343d   0x1c  Code  Lc  stm32f4xx_hal_uart.o [1]
UART_EndTxTransfer       0x800'342b   0x12  Code  Lc  stm32f4xx_hal_uart.o [1]
UART_Receive_IT          0x800'3465   0x92  Code  Lc  stm32f4xx_hal_uart.o [1]
UART_SetConfig           0x800'34f7  0x13e  Code  Lc  stm32f4xx_hal_uart.o [1]
UART_WaitOnFlagUntilTimeout
                         0x800'33c7   0x56  Code  Lc  stm32f4xx_hal_uart.o [1]
USART1_IRQHandler        0x800'7527   0x14  Code  Gb  stm32f4xx_it.o [1]
USART2_IRQHandler        0x800'753b   0x14  Code  Gb  stm32f4xx_it.o [1]
USART3_IRQHandler        0x800'754f   0x14  Code  Gb  stm32f4xx_it.o [1]
UsageFault_Handler       0x800'74ed    0x2  Code  Gb  stm32f4xx_it.o [1]
_Encoding_8859_1_Mbrlen
                         0x800'224d    0x2  Code  Gb  xencoding_8859_1.o [2]
_Encoding_8859_1_Wctomb
                         0x800'223b   0x12  Code  Gb  xencoding_8859_1.o [2]
_GenldFull               0x800'1e1d  0x274  Code  Lc  xprintffull.o [2]
_LdtobFull               0x800'19f1  0x400  Code  Lc  xprintffull.o [2]
_LitobFull               0x800'1899  0x112  Code  Lc  xprintffull.o [2]
_LocaleC_isalpha         0x800'2183    0xc  Code  Gb  xlocale_c.o [2]
_LocaleC_islower         0x800'217d    0x4  Code  Gb  xlocale_c.o [2]
_LocaleC_isspace         0x800'2199   0x14  Code  Gb  xlocale_c.o [2]
_LocaleC_isupper         0x800'2181    0x2  Code  Gb  xlocale_c.o [2]
_Locale_lconv           0x2000'0284   0x38  Data  Lc  xlocale_c.o [2]
_PrintfFull              0x800'11c9  0x1aa  Code  Gb  xprintffull.o [2]
_PutcharsFull            0x800'2091   0x2e  Code  Lc  xprintffull.o [2]
_PutfldFull              0x800'1405  0x2d8  Code  Lc  xprintffull.o [2]
_PutstrFull              0x800'17d3   0xc6  Code  Lc  xprintffull.o [2]
_PuttxtFull              0x800'16dd   0xf6  Code  Lc  xprintffull.o [2]
_SNProut                 0x800'22cf   0x1a  Code  Gb  xsnprout.o [2]
_Strtok_ssave           0x2000'1e20    0x4  Data  Lc  strtok.o [2]
__NVIC_SetPriority       0x800'44c5   0x1a  Code  Lc  stm32f4xx_hal_cortex.o [1]
__aeabi_assert           0x800'69d1   0x24  Code  Gb  ABIassert.o [5]
__aeabi_cdcmple          0x800'2839         Code  Gb  DblCmpLe.o [3]
__aeabi_cdrcmple         0x800'2869         Code  Gb  DblCmpGe.o [3]
__aeabi_d2f              0x800'62a5         Code  Gb  DblToFlt.o [3]
__aeabi_d2iz             0x800'29d5         Code  Gb  DblToS32.o [3]
__aeabi_d2uiz            0x800'2d61         Code  Gb  DblToU32.o [3]
__aeabi_dadd             0x800'2da9         Code  Gb  DblAdd.o [3]
__aeabi_ddiv             0x800'2b19         Code  Gb  DblDiv.o [3]
__aeabi_dmul             0x800'2625         Code  Gb  DblMul.o [3]
__aeabi_dsub             0x800'2a35         Code  Gb  DblSub.o [3]
__aeabi_f2d              0x800'625d         Code  Gb  FltToDbl.o [3]
__aeabi_i2d              0x800'2a11         Code  Gb  S32ToDbl.o [3]
__aeabi_ldiv0            0x800'2da5         Code  Gb  I64DivZer.o [4]
__aeabi_memclr4          0x800'42d5         Code  Gb  ABImemclr4.o [4]
__aeabi_memcpy           0x800'234d         Code  Gb  ABImemcpy.o [4]
__aeabi_memcpy4          0x800'236d         Code  Gb  ABImemcpy.o [4]
__aeabi_memcpy8          0x800'236d         Code  Gb  ABImemcpy.o [4]
__aeabi_ui2d             0x800'2d89         Code  Gb  U32ToDbl.o [3]
__aeabi_uldivmod         0x800'23f5         Code  Gb  I64DivMod.o [4]
__cmain                  0x800'76a5         Code  Gb  cmain.o [4]
__data_GetMemChunk       0x800'1189   0x2c  Code  Gb  xgetmemchunk.o [2]
__data_GetMemChunk::start
                        0x2000'1e28    0x4  Data  Lc  xgetmemchunk.o [2]
__exit                   0x800'11b5   0x14  Code  Gb  exit.o [5]
__iar_Fail_s             0x800'2259   0x1c  Code  Gb  xfail_s.o [2]
__iar_Mbcurmax           0x800'2341    0xa  Code  Gb  xmbcurmax.o [2]
__iar_Memchr             0x800'22e9         Code  Gb  memchr.o [4]
__iar_Memset4_word       0x800'5459         Code  Gb  ABImemset48.o [4]
__iar_Memset8_word       0x800'5459         Code  Gb  ABImemset48.o [4]
__iar_Sto64              0x800'6d81  0x19e  Code  Gb  strto64.o [3]
__iar_Stoflt             0x800'70dd  0x1c4  Code  Gb  iar_Stoflt.o [2]
__iar_Stopfx             0x800'6fb9  0x122  Code  Gb  iar_Stopfx.o [2]
__iar_Stoxflt            0x800'72a1  0x1e6  Code  Gb  iar_Stoxflt.o [2]
__iar_Stoxflt::digits    0x800'748c   0x18  Data  Lc  iar_Stoxflt.o [2]
__iar_Stoxflt::vals      0x800'74a4   0x18  Data  Lc  iar_Stoxflt.o [2]
__iar_Strchr             0x800'2225         Code  Gb  strchr.o [4]
__iar_dadd               0x800'2a45         Code  Gb  DblSub.o [3]
__iar_data_init3         0x800'7639   0x28  Code  Gb  data_init.o [4]
__iar_dlmalloc           0x800'0e4d  0x2b6  Code  Gb  dlmalloc.o [2]
__iar_dsub               0x800'2db9         Code  Gb  DblAdd.o [3]
__iar_dsubStart          0x800'2dcb         Code  Gb  DblAdd.o [3]
__iar_frexp              0x800'27d5         Code  Gb  frexp.o [3]
__iar_frexpl             0x800'27d5         Code  Gb  frexp.o [3]
__iar_globLocale        0x2000'02bc   0x48  Data  Lc  xlocale_c.o [2]
__iar_global_Locale      0x800'21ad    0x4  Code  Gb  xlocale_c.o [2]
__iar_init_vfp           0x800'7661         Code  Gb  fpinit_M.o [3]
__iar_ldexp64            0x800'2899         Code  Gb  ldexp.o [3]
__iar_lz77_init_single3
                         0x800'110f   0x7a  Code  Gb  lz77_init_single.o [4]
__iar_program_start      0x800'76e9         Code  Gb  cstartup_M.o [4]
__iar_scalbln64          0x800'2899         Code  Gb  ldexp.o [3]
__iar_scalbn64           0x800'2899         Code  Gb  ldexp.o [3]
__iar_softfp___iar_frexp64
                         0x800'27c9         Code  Gb  frexp.o [3]
__iar_softfp_frexp       0x800'27c9         Code  Gb  frexp.o [3]
__iar_softfp_frexpl      0x800'27c9         Code  Gb  frexp.o [3]
__iar_sqrt64             0x800'68dd         Code  Gb  sqrt.o [3]
__iar_vfp___iar_sqrt64   0x800'68cd         Code  Gb  sqrt.o [3]
__iar_vfp_atof           0x800'682f    0x8  Code  Gb  math_wrappers64.o [3]
__iar_vfp_sqrt           0x800'68cd         Code  Gb  sqrt.o [3]
__iar_vfp_sqrtl          0x800'68cd         Code  Gb  sqrt.o [3]
__iar_zero_init3         0x800'2143   0x3a  Code  Gb  zero_init3.o [4]
__low_level_init         0x800'76c3    0x4  Code  Gb  low_level_init.o [2]
__vector_table           0x800'0000         Data  Gb  startup_stm32f407xx.o [1]
_call_main               0x800'76b1         Code  Gb  cmain.o [4]
_cmd_help                0x800'5379    0xc  Code  Lc  cmd.o [1]
_exit                    0x800'76cd         Code  Gb  cexit.o [4]
_gLocale_mblen           0x800'2211    0x4  Code  Gb  xlocale_c.o [2]
_gLocale_mblenInt        0x800'21d5   0x2c  Code  Gb  xlocale_c.o [2]
_gLocale_wctomb          0x800'2215    0x4  Code  Gb  xlocale_c.o [2]
_gLocale_wctombInt       0x800'220d    0x4  Code  Gb  xlocale_c.o [2]
_gm_                    0x2000'15a4  0x1d8  Data  Lc  dlmalloc.o [2]
_main                    0x800'76bf         Code  Gb  cmain.o [4]
abort                    0x800'1109    0x6  Code  Gb  abort.o [2]
add_segment              0x800'0551  0x1f2  Code  Lc  dlmalloc.o [2]
atof                     0x800'6f65    0x8  Code  Gb  strto64.o [3]
buffer_count            0x2000'196c    0x4  Data  Gb  cmd.o [1]
can_callback_add         0x800'613d   0x1e  Code  Gb  can_utils.o [1]
can_callback_table      0x2000'0058    0x4  Data  Lc  can_utils.o [1]
can_exc_callback         0x800'615b   0x2a  Code  Gb  can_utils.o [1]
can_exc_callback_flag   0x2000'1e18    0x4  Data  Gb  flags.o [1]
can_func_init            0x800'623d    0xa  Code  Gb  can_func.o [1]
can_id_init              0x800'4a31   0x28  Code  Gb  configure.o [1]
can_init                 0x800'60cd   0x70  Code  Gb  can_utils.o [1]
can_rx_callback_flag    0x2000'0050    0x4  Data  Gb  can_utils.o [1]
can_rx_data             0x2000'0038    0x8  Data  Gb  can_utils.o [1]
can_std_mask_filter_conf
                         0x800'61c3   0x60  Code  Gb  can_utils.o [1]
can_suc_rx               0x800'6249    0x6  Code  Gb  can_func.o [1]
can_tx_data             0x2000'0040    0x8  Data  Gb  can_utils.o [1]
chassis                 0x2000'0064   0x60  Data  Gb  chassis.o [1]
chassis_PID_Angle_Control::angle_last_err
                        0x2000'00d0    0x4  Data  Lc  chassis.o [1]
chassis_init             0x800'4ab9   0x18  Code  Gb  chassis.o [1]
chassis_init_pos         0x800'4a83   0x36  Code  Gb  chassis.o [1]
chassis_status          0x2000'00f4   0x20  Data  Gb  chassis.o [1]
chassis_update           0x800'4ad1   0xde  Code  Gb  chassis.o [1]
chassis_zero             0x800'4a59   0x2a  Code  Gb  chassis.o [1]
cmd_add                  0x800'52bd   0x52  Code  Gb  cmd.o [1]
cmd_argv                0x2000'1970   0x30  Data  Gb  cmd.o [1]
cmd_exec                 0x800'5275   0x2a  Code  Gb  cmd.o [1]
cmd_func_init            0x800'5f11   0x66  Code  Gb  cmd_func.o [1]
cmd_hello                0x800'5e79    0x6  Code  Gb  cmd_func.o [1]
cmd_help_func            0x800'52a1   0x1c  Code  Gb  cmd.o [1]
cmd_init                 0x800'513d   0x28  Code  Gb  cmd.o [1]
cmd_laser_print_diatance
                         0x800'5f05    0x4  Code  Gb  cmd_func.o [1]
cmd_laser_print_pos      0x800'5f09    0x4  Code  Gb  cmd_func.o [1]
cmd_parse                0x800'5249   0x2c  Code  Gb  cmd.o [1]
cmd_point_print_path     0x800'5f0d    0x4  Code  Gb  cmd_func.o [1]
cmd_table               0x2000'1e14    0x4  Data  Lc  cmd.o [1]
cmd_vega_calibrate       0x800'5f01    0x4  Code  Gb  cmd_func.o [1]
cmd_vega_print_pos       0x800'5e7f    0x4  Code  Gb  cmd_func.o [1]
cmd_vega_reset           0x800'5efd    0x4  Code  Gb  cmd_func.o [1]
cmd_vega_set_position    0x800'5e83   0x7a  Code  Gb  cmd_func.o [1]
cmpAtom                  0x800'632d    0xc  Code  Lc  hash.o [1]
ddiv                     0x800'6b05   0xc8  Code  Lc  strto64.o [3]
dmul                     0x800'6a39   0xca  Code  Lc  strto64.o [3]
exit                     0x800'76c7    0x4  Code  Gb  exit.o [2]
flag                    0x2000'1e00   0x10  Data  Gb  main.o [1]
freeKeyAtom              0x800'633d    0x2  Code  Lc  hash.o [1]
hadc1                   0x2000'1adc   0x48  Data  Gb  adc.o [1]
hashAtom                 0x800'6339    0x4  Code  Lc  hash.o [1]
hashStr                  0x800'633f   0x20  Code  Gb  hash.o [1]
hash_id                  0x800'6225    0x4  Code  Lc  can_utils.o [1]
hcan1                   0x2000'1d7c   0x28  Data  Gb  can.o [1]
hdma_adc1               0x2000'1a7c   0x60  Data  Gb  adc.o [1]
hdma_uart5_rx           0x2000'12a4   0x60  Data  Gb  usart.o [1]
hdma_uart5_tx           0x2000'1304   0x60  Data  Gb  usart.o [1]
hdma_usart1_rx          0x2000'1364   0x60  Data  Gb  usart.o [1]
hdma_usart1_tx          0x2000'13c4   0x60  Data  Gb  usart.o [1]
hdma_usart2_rx          0x2000'1424   0x60  Data  Gb  usart.o [1]
hdma_usart2_tx          0x2000'1484   0x60  Data  Gb  usart.o [1]
hdma_usart3_rx          0x2000'14e4   0x60  Data  Gb  usart.o [1]
hdma_usart3_tx          0x2000'1544   0x60  Data  Gb  usart.o [1]
huart1                  0x2000'1c7c   0x40  Data  Gb  usart.o [1]
huart2                  0x2000'1cbc   0x40  Data  Gb  usart.o [1]
huart3                  0x2000'1cfc   0x40  Data  Gb  usart.o [1]
huart4                  0x2000'1bfc   0x40  Data  Gb  usart.o [1]
huart5                  0x2000'1c3c   0x40  Data  Gb  usart.o [1]
huart6                  0x2000'1d3c   0x40  Data  Gb  usart.o [1]
id_cmp                   0x800'6229   0x10  Code  Lc  can_utils.o [1]
inc                      0x800'4225   0x7a  Code  Gb  main.o [1]
inc::time_1ms_cnt       0x2000'1e10    0x4  Data  Lc  main.o [1]
init_mparams             0x800'01a3   0x32  Code  Lc  dlmalloc.o [2]
init_top                 0x800'01d5   0x36  Code  Lc  dlmalloc.o [2]
isalpha                  0x800'74d1   0x14  Code  Gb  isalpha.o [2]
isspace                  0x800'74bd   0x14  Code  Gb  isspace.o [2]
laser_adc               0x2000'19a0   0x78  Data  Gb  laser.o [1]
laser_culculate_kb       0x800'4bf1   0x58  Code  Gb  laser.o [1]
laser_init               0x800'4c49   0x7c  Code  Gb  laser.o [1]
laser_left              0x2000'1b24   0x48  Data  Gb  laser.o [1]
laser_print_distance     0x800'4cd1   0x42  Code  Gb  laser.o [1]
laser_print_pos          0x800'4d15   0x2e  Code  Gb  laser.o [1]
laser_right             0x2000'1bb4   0x48  Data  Gb  laser.o [1]
laser_side              0x2000'1b6c   0x48  Data  Gb  laser.o [1]
ldexp                    0x800'2899         Code  Gb  ldexp.o [3]
ldexpl                   0x800'2899         Code  Gb  ldexp.o [3]
localeconv               0x800'2219    0x4  Code  Gb  xlocale_c.o [2]
main                     0x800'4141   0x52  Code  Gb  main.o [1]
memchr                   0x800'22e9         Code  Gb  memchr.o [4]
mparams                 0x2000'1de8   0x18  Data  Lc  dlmalloc.o [2]
pContainer              0x2000'0118  0x150  Data  Gb  point_parser.o [1]
point_print_path         0x800'6839   0x82  Code  Gb  point_parser.o [1]
points_pos0             0x2000'0304  0xfa0  Data  Gb  point.o [1]
position_y_dir_pid      0x2000'00d4   0x20  Data  Gb  chassis.o [1]
posture                 0x2000'177c   0x18  Data  Lc  cmd.o [1]
pows                     0x800'6f70   0x48  Data  Lc  strto64.o [3]
prepend_alloc            0x800'020b  0x346  Code  Lc  dlmalloc.o [2]
print_buffer            0x2000'18a0   0x68  Data  Gb  cmd.o [1]
recive_id               0x2000'1ddc    0xc  Data  Gb  configure.o [1]
rx_buffer               0x2000'0048    0x8  Data  Lc  can_utils.o [1]
rx_id                   0x2000'0054    0x4  Data  Lc  can_utils.o [1]
scalbln                  0x800'2899         Code  Gb  ldexp.o [3]
scalblnl                 0x800'2899         Code  Gb  ldexp.o [3]
scalbn                   0x800'2899         Code  Gb  ldexp.o [3]
scalbnl                  0x800'2899         Code  Gb  ldexp.o [3]
scale                    0x800'19ab   0x46  Code  Lc  xprintffull.o [2]
sec_hand                0x2000'1e24    0x4  Data  Lc  xfail_s.o [2]
segment_holding          0x800'0189   0x1a  Code  Lc  dlmalloc.o [2]
send_id                 0x2000'1dcc   0x10  Data  Gb  configure.o [1]
simplelib_init           0x800'49c9   0x28  Code  Gb  simplelib.o [1]
simplelib_run            0x800'49f1   0x20  Code  Gb  simplelib.o [1]
sqrt                     0x800'68dd         Code  Gb  sqrt.o [3]
sqrtl                    0x800'68dd         Code  Gb  sqrt.o [3]
std_id                  0x2000'0060    0x4  Data  Gb  can_utils.o [1]
str_cmp                  0x800'5369    0xe  Code  Lc  cmd.o [1]
strchr                   0x800'2225         Code  Gb  strchr.o [4]
strcmp                   0x800'664d         Code  Gb  strcmp.o [4]
strcpy                   0x800'6579         Code  Gb  strcpy.o [4]
strcspn                  0x800'6a17   0x22  Code  Gb  strcspn.o [2]
strlen                   0x800'2299         Code  Gb  strlen.o [4]
strspn                   0x800'69f5   0x22  Code  Gb  strspn.o [2]
strtok                   0x800'65c5   0x4c  Code  Gb  strtok.o [2]
sys_alloc                0x800'0749  0x164  Code  Lc  dlmalloc.o [2]
tmalloc_large            0x800'08b9  0x386  Code  Lc  dlmalloc.o [2]
tmalloc_small            0x800'0c3f  0x200  Code  Lc  dlmalloc.o [2]
uprintf                  0x800'530f   0x30  Code  Gb  cmd.o [1]
uprintf_to               0x800'533f   0x28  Code  Gb  cmd.o [1]
usart_DMA_init           0x800'50fd   0x3e  Code  Gb  cmd.o [1]
usart_exc_DMA            0x800'5165   0x28  Code  Gb  cmd.o [1]
usart_exc_DMA_vega       0x800'5385   0x68  Code  Gb  cmd.o [1]
uwTick                  0x2000'026c    0x4  Data  Gb  stm32f4xx_hal.o [1]
uwTickFreq              0x2000'0268    0x1  Data  Gb  stm32f4xx_hal.o [1]
uwTickPrio              0x2000'0270    0x4  Data  Gb  stm32f4xx_hal.o [1]
vec_create               0x800'632b    0x2  Code  Gb  vec.o [1]
vec_model                0x800'630d   0x1e  Code  Gb  vec.o [1]
vega_calibration         0x800'66b5   0x1c  Code  Gb  vega.o [1]
vega_position           0x2000'0278    0xc  Data  Gb  vega.o [1]
vega_print_pos           0x800'672d   0x3e  Code  Gb  vega.o [1]
vega_reset               0x800'66d1   0x1a  Code  Gb  vega.o [1]
vega_set_position        0x800'66f5   0x32  Code  Gb  vega.o [1]
vsnprintf                0x800'6611   0x3c  Code  Gb  vsnprint.o [2]


[1] = E:\Robocon_Value\Chassis\EWARM\Chassis\Obj
[2] = dl7M_tlf.a
[3] = m7M_tls.a
[4] = rt7M_tl.a
[5] = shb_l.a

  30 686 bytes of readonly  code memory
     280 bytes of readonly  data memory
  13 868 bytes of readwrite data memory

Errors: none
Warnings: none
