###############################################################################
#
# IAR ELF Linker V8.30.1.114/W32 for ARM                  19/Dec/2019  21:53:54
# Copyright 2007-2018 IAR Systems AB.
#
#    Output file  =  E:\Robocon_Value\Chassis\EWARM\Chassis\Exe\Chassis.out
#    Map file     =  E:\Robocon_Value\Chassis\EWARM\Chassis\List\Chassis.map
#    Command line =  
#        -f C:\Users\DELL\AppData\Local\Temp\EWC92A.tmp
#        (E:\Robocon_Value\Chassis\EWARM\Chassis\Obj\adc.o
#        E:\Robocon_Value\Chassis\EWARM\Chassis\Obj\can.o
#        E:\Robocon_Value\Chassis\EWARM\Chassis\Obj\can_func.o
#        E:\Robocon_Value\Chassis\EWARM\Chassis\Obj\can_utils.o
#        E:\Robocon_Value\Chassis\EWARM\Chassis\Obj\chassis.o
#        E:\Robocon_Value\Chassis\EWARM\Chassis\Obj\chassis_handle.o
#        E:\Robocon_Value\Chassis\EWARM\Chassis\Obj\cmd.o
#        E:\Robocon_Value\Chassis\EWARM\Chassis\Obj\cmd_func.o
#        E:\Robocon_Value\Chassis\EWARM\Chassis\Obj\configure.o
#        E:\Robocon_Value\Chassis\EWARM\Chassis\Obj\dma.o
#        E:\Robocon_Value\Chassis\EWARM\Chassis\Obj\flags.o
#        E:\Robocon_Value\Chassis\EWARM\Chassis\Obj\flash.o
#        E:\Robocon_Value\Chassis\EWARM\Chassis\Obj\gpio.o
#        E:\Robocon_Value\Chassis\EWARM\Chassis\Obj\hash.o
#        E:\Robocon_Value\Chassis\EWARM\Chassis\Obj\karman.o
#        E:\Robocon_Value\Chassis\EWARM\Chassis\Obj\kickball.o
#        E:\Robocon_Value\Chassis\EWARM\Chassis\Obj\laser.o
#        E:\Robocon_Value\Chassis\EWARM\Chassis\Obj\lcd.o
#        E:\Robocon_Value\Chassis\EWARM\Chassis\Obj\main.o
#        E:\Robocon_Value\Chassis\EWARM\Chassis\Obj\motor_driver.o
#        E:\Robocon_Value\Chassis\EWARM\Chassis\Obj\point.o
#        E:\Robocon_Value\Chassis\EWARM\Chassis\Obj\point_parser.o
#        E:\Robocon_Value\Chassis\EWARM\Chassis\Obj\robomaster.o
#        E:\Robocon_Value\Chassis\EWARM\Chassis\Obj\sensor_gpio.o
#        E:\Robocon_Value\Chassis\EWARM\Chassis\Obj\simplelib.o
#        E:\Robocon_Value\Chassis\EWARM\Chassis\Obj\startup_stm32f407xx.o
#        E:\Robocon_Value\Chassis\EWARM\Chassis\Obj\stm32f4xx_hal.o
#        E:\Robocon_Value\Chassis\EWARM\Chassis\Obj\stm32f4xx_hal_adc.o
#        E:\Robocon_Value\Chassis\EWARM\Chassis\Obj\stm32f4xx_hal_adc_ex.o
#        E:\Robocon_Value\Chassis\EWARM\Chassis\Obj\stm32f4xx_hal_can.o
#        E:\Robocon_Value\Chassis\EWARM\Chassis\Obj\stm32f4xx_hal_cortex.o
#        E:\Robocon_Value\Chassis\EWARM\Chassis\Obj\stm32f4xx_hal_dma.o
#        E:\Robocon_Value\Chassis\EWARM\Chassis\Obj\stm32f4xx_hal_dma_ex.o
#        E:\Robocon_Value\Chassis\EWARM\Chassis\Obj\stm32f4xx_hal_exti.o
#        E:\Robocon_Value\Chassis\EWARM\Chassis\Obj\stm32f4xx_hal_flash.o
#        E:\Robocon_Value\Chassis\EWARM\Chassis\Obj\stm32f4xx_hal_flash_ex.o
#        E:\Robocon_Value\Chassis\EWARM\Chassis\Obj\stm32f4xx_hal_flash_ramfunc.o
#        E:\Robocon_Value\Chassis\EWARM\Chassis\Obj\stm32f4xx_hal_gpio.o
#        E:\Robocon_Value\Chassis\EWARM\Chassis\Obj\stm32f4xx_hal_msp.o
#        E:\Robocon_Value\Chassis\EWARM\Chassis\Obj\stm32f4xx_hal_pwr.o
#        E:\Robocon_Value\Chassis\EWARM\Chassis\Obj\stm32f4xx_hal_pwr_ex.o
#        E:\Robocon_Value\Chassis\EWARM\Chassis\Obj\stm32f4xx_hal_rcc.o
#        E:\Robocon_Value\Chassis\EWARM\Chassis\Obj\stm32f4xx_hal_rcc_ex.o
#        E:\Robocon_Value\Chassis\EWARM\Chassis\Obj\stm32f4xx_hal_tim.o
#        E:\Robocon_Value\Chassis\EWARM\Chassis\Obj\stm32f4xx_hal_tim_ex.o
#        E:\Robocon_Value\Chassis\EWARM\Chassis\Obj\stm32f4xx_hal_uart.o
#        E:\Robocon_Value\Chassis\EWARM\Chassis\Obj\stm32f4xx_it.o
#        E:\Robocon_Value\Chassis\EWARM\Chassis\Obj\stmflash.o
#        E:\Robocon_Value\Chassis\EWARM\Chassis\Obj\sys.o
#        E:\Robocon_Value\Chassis\EWARM\Chassis\Obj\system_stm32f4xx.o
#        E:\Robocon_Value\Chassis\EWARM\Chassis\Obj\touchdown.o
#        E:\Robocon_Value\Chassis\EWARM\Chassis\Obj\usart.o
#        E:\Robocon_Value\Chassis\EWARM\Chassis\Obj\utils.o
#        E:\Robocon_Value\Chassis\EWARM\Chassis\Obj\vec.o
#        E:\Robocon_Value\Chassis\EWARM\Chassis\Obj\vega.o
#        E:\Robocon_Value\Chassis\EWARM\Chassis\Obj\vesc_can.o --redirect
#        _Printf=_PrintfFull --redirect _Scanf=_ScanfFull --no_out_extension -o
#        E:\Robocon_Value\Chassis\EWARM\Chassis\Exe\Chassis.out --map
#        E:\Robocon_Value\Chassis\EWARM\Chassis\List\Chassis.map --config
#        E:\Robocon_Value\Chassis\EWARM/stm32f407xx_flash.icf --semihosting
#        --entry __iar_program_start --vfe --text_out locale)
#
###############################################################################

*******************************************************************************
*** RUNTIME MODEL ATTRIBUTES
***

CppFlavor       = *
__Heap_Handler  = DLMalloc
__SystemLibrary = DLib
__dlib_version  = 6


*******************************************************************************
*** HEAP SELECTION
***

The advanced heap was selected because the application calls memory
allocation functions outside of system library functions, and there
are calls to deallocation functions in the application.


*******************************************************************************
*** PLACEMENT SUMMARY
***

"A0":  place at 0x800'0000 { ro section .intvec };
"P1":  place in [from 0x800'0000 to 0x80f'ffff] { ro };
define block CSTACK with size = 4608, alignment = 8 { };
define block HEAP with size = 4K, alignment = 8 { };
"P2":  place in [from 0x2000'0000 to 0x2001'ffff] {
          rw, block CSTACK, block HEAP };
initialize by copy { rw };

  Section            Kind         Address    Size  Object
  -------            ----         -------    ----  ------
"A0":                                       0x188
  .intvec            ro code   0x800'0000   0x188  startup_stm32f407xx.o [1]
                             - 0x800'0188   0x188

"P1":                                      0x9ee2
  .text              ro code   0x800'0188   0xf80  dlmalloc.o [2]
  .text              ro code   0x800'1108     0x6  abort.o [2]
  .text              ro code   0x800'110e    0x7a  lz77_init_single.o [4]
  .text              ro code   0x800'1188    0x2c  xgetmemchunk.o [2]
  .text              ro code   0x800'11b4    0x14  exit.o [5]
  .text              ro code   0x800'11c8   0xf7a  xprintffull.o [2]
  .text              ro code   0x800'2142    0x3a  zero_init3.o [4]
  .text              ro code   0x800'217c    0xb4  xlocale_c.o [2]
  .text              ro code   0x800'2230    0x16  strchr.o [4]
  .text              ro code   0x800'2246    0x1e  xencoding_8859_1.o [2]
  .text              ro code   0x800'2264    0x40  xfail_s.o [2]
  .text              ro code   0x800'22a4    0x36  strlen.o [4]
  .text              ro code   0x800'22da    0x1a  xsnprout.o [2]
  .text              ro code   0x800'22f4    0x58  memchr.o [4]
  .text              ro code   0x800'234c     0xa  xmbcurmax.o [2]
  .text              ro code   0x800'2358    0xa6  ABImemcpy.o [4]
  .text              ro code   0x800'2400   0x230  I64DivMod.o [4]
  .text              ro code   0x800'2630   0x1a2  DblMul.o [3]
  .text              ro code   0x800'27d4    0x70  frexp.o [3]
  .text              ro code   0x800'2844    0x2e  DblCmpLe.o [3]
  .text              ro code   0x800'2874    0x2e  DblCmpGe.o [3]
  .text              ro code   0x800'28a4   0x13a  ldexp.o [3]
  .text              ro code   0x800'29e0    0x3a  DblToS32.o [3]
  .text              ro code   0x800'2a1c    0x22  S32ToDbl.o [3]
  .text              ro code   0x800'2a40    0xe2  DblSub.o [3]
  .text              ro code   0x800'2b24   0x246  DblDiv.o [3]
  .text              ro code   0x800'2d6c    0x28  DblToU32.o [3]
  .text              ro code   0x800'2d94    0x1a  U32ToDbl.o [3]
  .text              ro code   0x800'2db0     0x2  I64DivZer.o [4]
  .text              ro code   0x800'2db4   0x17a  DblAdd.o [3]
  .text              ro code   0x800'2f30   0xa38  stm32f4xx_hal_uart.o [1]
  .text              ro code   0x800'3968   0x67c  usart.o [1]
  .text              ro code   0x800'3fe4     0xc  stm32f4xx_hal.o [1]
  .text              ro code   0x800'3ff0   0x550  stm32f4xx_hal_dma.o [1]
  .text              ro code   0x800'4540     0x2  stm32f4xx_hal_uart.o [1]
  .text              ro code   0x800'4542     0x2  stm32f4xx_hal_uart.o [1]
  .text              ro code   0x800'4544     0x2  stm32f4xx_hal_uart.o [1]
  .text              ro code   0x800'4546     0x2  stm32f4xx_hal_uart.o [1]
  .text              ro code   0x800'4548     0x2  stm32f4xx_hal_uart.o [1]
  .text              ro code   0x800'454c   0x224  stm32f4xx_hal_rcc.o [1]
  .text              ro code   0x800'4770   0x26e  main.o [1]
  .text              ro code   0x800'49e0     0x6  ABImemclr4.o [4]
  .text              ro code   0x800'49e8   0x29c  stm32f4xx_hal_gpio.o [1]
  .text              ro code   0x800'4c84   0x158  stm32f4xx_hal_cortex.o [1]
  .text              ro code   0x800'4ddc    0x4c  stm32f4xx_hal.o [1]
  .text              ro code   0x800'4e28    0x34  stm32f4xx_hal.o [1]
  .text              ro code   0x800'4e5c   0x168  gpio.o [1]
  .text              ro code   0x800'4fc4    0xc8  dma.o [1]
  .text              ro code   0x800'508c   0x160  adc.o [1]
  .text              ro code   0x800'51ec    0xd4  can.o [1]
  .text              ro code   0x800'52c0    0x5c  simplelib.o [1]
  .text              ro code   0x800'531c    0x30  configure.o [1]
  .text              ro code   0x800'534c    0xac  motor_driver.o [1]
  .text              ro code   0x800'53f8   0x2a8  laser.o [1]
  .text              ro code   0x800'56a0   0x120  lcd.o [1]
  .text              ro code   0x800'57c0    0xe0  sensor_gpio.o [1]
  .text              ro code   0x800'58a0   0x2ac  kickball.o [1]
  .text              ro code   0x800'5b4c   0x128  touchdown.o [1]
  .text              ro code   0x800'5c74    0x94  chassis.o [1]
  .text              ro code   0x800'5d08   0x380  stm32f4xx_hal_rcc.o [1]
  .text              ro code   0x800'6088   0x444  cmd.o [1]
  .text              ro code   0x800'64cc    0x32  ABImemset48.o [4]
  .text              ro code   0x800'6500    0x40  stm32f4xx_hal_msp.o [1]
  .text              ro code   0x800'6540   0x56e  stm32f4xx_hal_adc.o [1]
  .text              ro code   0x800'6ab0   0x7dc  stm32f4xx_hal_can.o [1]
  .text              ro code   0x800'728c   0x920  cmd_func.o [1]
  .text              ro code   0x800'7bac   0x22a  can_utils.o [1]
  .text              ro code   0x800'7dd8    0x20  can_func.o [1]
  .text              ro code   0x800'7df8   0x134  vesc_can.o [1]
  .text              ro code   0x800'7f2c    0x6a  robomaster.o [1]
  .text              ro code   0x800'7f96    0x5a  karman.o [1]
  .text              ro code   0x800'7ff0    0x48  FltToDbl.o [3]
  .text              ro code   0x800'8038    0x4c  strcpy.o [4]
  .text              ro code   0x800'8084   0x224  hash.o [1]
  .text              ro code   0x800'82a8    0x66  ABImemset.o [4]
  .text              ro code   0x800'8310    0x4c  strtok.o [2]
  .text              ro code   0x800'835c    0x3c  vsnprint.o [2]
  .text              ro code   0x800'8398    0x4a  strcmp.o [4]
  .text              ro code   0x800'83e2     0x2  stm32f4xx_hal_adc.o [1]
  .text              ro code   0x800'83e4     0x2  stm32f4xx_hal_adc.o [1]
  .text              ro code   0x800'83e6     0x2  stm32f4xx_hal_adc.o [1]
  .text              ro code   0x800'83e8     0x2  stm32f4xx_hal_can.o [1]
  .text              ro code   0x800'83ea     0x2  stm32f4xx_hal_can.o [1]
  .text              ro code   0x800'83ec     0x2  stm32f4xx_hal_can.o [1]
  .text              ro code   0x800'83ee     0x2  stm32f4xx_hal_can.o [1]
  .text              ro code   0x800'83f0     0x2  stm32f4xx_hal_can.o [1]
  .text              ro code   0x800'83f2     0x2  stm32f4xx_hal_can.o [1]
  .text              ro code   0x800'83f4     0x2  stm32f4xx_hal_can.o [1]
  .text              ro code   0x800'83f6     0x2  stm32f4xx_hal_can.o [1]
  .text              ro code   0x800'83f8     0x2  stm32f4xx_hal_can.o [1]
  .text              ro code   0x800'83fa     0x2  stm32f4xx_hal_can.o [1]
  .text              ro code   0x800'83fc     0x2  stm32f4xx_hal_can.o [1]
  .text              ro code   0x800'8400   0x150  vega.o [1]
  .text              ro code   0x800'8550     0xe  math_wrappers64.o [3]
  .text              ro code   0x800'8560    0x68  DblToFlt.o [3]
  .text              ro code   0x800'85c8    0x9c  point_parser.o [1]
  .text              ro code   0x800'8664   0x174  iar_Stoulx.o [2]
  .text              ro code   0x800'87d8    0x20  DblCmpEq.o [3]
  .text              ro code   0x800'87f8    0x24  ABIassert.o [5]
  .text              ro code   0x800'881c    0x22  strspn.o [2]
  .text              ro code   0x800'883e    0x22  strcspn.o [2]
  .text              ro code   0x800'8860   0x580  strto64.o [3]
  .text              ro code   0x800'8de0    0x14  isspace.o [2]
  .text              ro code   0x800'8df4    0x14  tolower.o [2]
  .text              ro code   0x800'8e08   0x122  iar_Stopfx.o [2]
  .text              ro code   0x800'8f2c   0x1c4  iar_Stoflt.o [2]
  .text              ro code   0x800'90f0   0x21c  iar_Stoxflt.o [2]
  .text              ro code   0x800'930c    0x14  isalpha.o [2]
  .text              ro code   0x800'9320   0x124  stm32f4xx_it.o [1]
  .text              ro code   0x800'9444    0x18  stm32f4xx_hal.o [1]
  .text              ro code   0x800'945c    0x60  system_stm32f4xx.o [1]
  .rodata            const     0x800'94bc    0x30  hash.o [1]
  .rodata            const     0x800'94ec    0x2c  cmd_func.o [1]
  .rodata            const     0x800'9518    0x28  cmd_func.o [1]
  .rodata            const     0x800'9540    0x28  vega.o [1]
  .text              ro code   0x800'9568    0x28  data_init.o [4]
  .rodata            const     0x800'9590    0x24  cmd_func.o [1]
  .rodata            const     0x800'95b4    0x24  cmd_func.o [1]
  .rodata            const     0x800'95d8    0x24  cmd_func.o [1]
  .rodata            const     0x800'95fc    0x24  cmd_func.o [1]
  .rodata            const     0x800'9620    0x24  cmd_func.o [1]
  .text              ro code   0x800'9644    0x22  fpinit_M.o [3]
  .iar.init_table    const     0x800'9668    0x20  - Linker created -
  .rodata            const     0x800'9688    0x20  cmd_func.o [1]
  .rodata            const     0x800'96a8    0x20  cmd_func.o [1]
  .rodata            const     0x800'96c8    0x20  cmd_func.o [1]
  .rodata            const     0x800'96e8    0x20  cmd_func.o [1]
  .rodata            const     0x800'9708    0x20  cmd_func.o [1]
  .rodata            const     0x800'9728    0x20  cmd_func.o [1]
  .rodata            const     0x800'9748    0x20  cmd_func.o [1]
  .rodata            const     0x800'9768    0x20  hash.o [1]
  .rodata            const     0x800'9788    0x20  kickball.o [1]
  .rodata            const     0x800'97a8    0x20  sensor_gpio.o [1]
  .rodata            const     0x800'97c8    0x20  sensor_gpio.o [1]
  .rodata            const     0x800'97e8    0x20  sensor_gpio.o [1]
  .rodata            const     0x800'9808    0x20  vega.o [1]
  .rodata            const     0x800'9828    0x20  vega.o [1]
  .text              ro code   0x800'9848    0x1e  cmain.o [4]
  .text              ro code   0x800'9866     0x4  low_level_init.o [2]
  .text              ro code   0x800'986a     0x4  exit.o [2]
  .text              ro code   0x800'9870     0xa  cexit.o [4]
  .rodata            const     0x800'987c    0x1c  cmd_func.o [1]
  .rodata            const     0x800'9898    0x1c  cmd_func.o [1]
  .rodata            const     0x800'98b4    0x1c  cmd_func.o [1]
  .rodata            const     0x800'98d0    0x1c  cmd_func.o [1]
  .rodata            const     0x800'98ec    0x1c  cmd_func.o [1]
  .rodata            const     0x800'9908    0x1c  cmd_func.o [1]
  .rodata            const     0x800'9924    0x1c  cmd_func.o [1]
  .rodata            const     0x800'9940    0x1c  cmd_func.o [1]
  .rodata            const     0x800'995c    0x1c  cmd_func.o [1]
  .rodata            const     0x800'9978    0x1c  cmd_func.o [1]
  .rodata            const     0x800'9994    0x1c  lcd.o [1]
  .rodata            const     0x800'99b0    0x1c  sensor_gpio.o [1]
  .rodata            const     0x800'99cc    0x1c  vega.o [1]
  .rodata            const     0x800'99e8    0x18  cmd_func.o [1]
  .rodata            const     0x800'9a00    0x18  cmd_func.o [1]
  .rodata            const     0x800'9a18    0x18  cmd_func.o [1]
  .rodata            const     0x800'9a30    0x18  cmd_func.o [1]
  .rodata            const     0x800'9a48    0x18  cmd_func.o [1]
  .rodata            const     0x800'9a60    0x18  cmd_func.o [1]
  .rodata            const     0x800'9a78    0x18  cmd_func.o [1]
  .rodata            const     0x800'9a90    0x18  cmd_func.o [1]
  .rodata            const     0x800'9aa8    0x18  cmd_func.o [1]
  .rodata            const     0x800'9ac0    0x18  cmd_func.o [1]
  .rodata            const     0x800'9ad8    0x18  laser.o [1]
  .rodata            const     0x800'9af0    0x18  simplelib.o [1]
  .rodata            const     0x800'9b08    0x18  vega.o [1]
  .rodata            const     0x800'9b20    0x14  cmd_func.o [1]
  .rodata            const     0x800'9b34    0x14  cmd_func.o [1]
  .rodata            const     0x800'9b48    0x14  cmd_func.o [1]
  .rodata            const     0x800'9b5c    0x14  cmd_func.o [1]
  .rodata            const     0x800'9b70    0x14  cmd_func.o [1]
  .rodata            const     0x800'9b84    0x14  cmd_func.o [1]
  .rodata            const     0x800'9b98    0x14  cmd_func.o [1]
  .rodata            const     0x800'9bac    0x14  cmd_func.o [1]
  .rodata            const     0x800'9bc0    0x14  cmd_func.o [1]
  .rodata            const     0x800'9bd4    0x14  main.o [1]
  .rodata            const     0x800'9be8    0x10  cmd.o [1]
  .rodata            const     0x800'9bf8    0x10  cmd.o [1]
  .rodata            const     0x800'9c08    0x10  cmd_func.o [1]
  .rodata            const     0x800'9c18    0x10  cmd_func.o [1]
  .rodata            const     0x800'9c28    0x10  cmd_func.o [1]
  .rodata            const     0x800'9c38    0x10  cmd_func.o [1]
  .rodata            const     0x800'9c48    0x10  cmd_func.o [1]
  .rodata            const     0x800'9c58    0x10  cmd_func.o [1]
  .rodata            const     0x800'9c68    0x10  cmd_func.o [1]
  .rodata            const     0x800'9c78    0x10  cmd_func.o [1]
  .rodata            const     0x800'9c88    0x10  cmd_func.o [1]
  .rodata            const     0x800'9c98    0x10  cmd_func.o [1]
  .rodata            const     0x800'9ca8    0x10  cmd_func.o [1]
  .rodata            const     0x800'9cb8    0x10  cmd_func.o [1]
  .rodata            const     0x800'9cc8    0x10  cmd_func.o [1]
  .rodata            const     0x800'9cd8    0x10  cmd_func.o [1]
  .rodata            const     0x800'9ce8    0x10  cmd_func.o [1]
  .rodata            const     0x800'9cf8    0x10  cmd_func.o [1]
  .rodata            const     0x800'9d08    0x10  laser.o [1]
  .rodata            const     0x800'9d18    0x10  laser.o [1]
  .rodata            const     0x800'9d28    0x10  laser.o [1]
  .rodata            const     0x800'9d38    0x10  laser.o [1]
  .rodata            const     0x800'9d48    0x10  laser.o [1]
  .rodata            const     0x800'9d58    0x10  system_stm32f4xx.o [1]
  .text              ro code   0x800'9d68    0x10  startup_stm32f407xx.o [1]
  .rodata            const     0x800'9d78     0xc  can_func.o [1]
  .rodata            const     0x800'9d84     0xc  cmd.o [1]
  .rodata            const     0x800'9d90     0xc  cmd_func.o [1]
  .rodata            const     0x800'9d9c     0xc  cmd_func.o [1]
  .rodata            const     0x800'9da8     0xc  cmd_func.o [1]
  .rodata            const     0x800'9db4     0xc  cmd_func.o [1]
  .rodata            const     0x800'9dc0     0xc  hash.o [1]
  .rodata            const     0x800'9dcc     0xc  point_parser.o [1]
  .text              ro code   0x800'9dd8     0xc  cstartup_M.o [4]
  .rodata            const     0x800'9de4     0x8  cmd.o [1]
  .rodata            const     0x800'9dec     0x8  cmd.o [1]
  .rodata            const     0x800'9df4     0x8  cmd.o [1]
  .rodata            const     0x800'9dfc     0x8  cmd_func.o [1]
  .rodata            const     0x800'9e04     0x8  cmd_func.o [1]
  .rodata            const     0x800'9e0c     0x8  cmd_func.o [1]
  .rodata            const     0x800'9e14     0x8  hash.o [1]
  .rodata            const     0x800'9e1c     0x8  stm32f4xx_hal_dma.o [1]
  .rodata            const     0x800'9e24     0x8  system_stm32f4xx.o [1]
  .rodata            const     0x800'9e2c     0x8  vega.o [1]
  .rodata            const     0x800'9e34     0x8  vega.o [1]
  .rodata            const     0x800'9e3c     0x6  xlocale_c.o [2]
  .text              ro code   0x800'9e42     0x4  startup_stm32f407xx.o [1]
  .text              ro code   0x800'9e46     0x4  startup_stm32f407xx.o [1]
  .text              ro code   0x800'9e4a     0x4  startup_stm32f407xx.o [1]
  .text              ro code   0x800'9e4e     0x4  startup_stm32f407xx.o [1]
  .text              ro code   0x800'9e52     0x4  startup_stm32f407xx.o [1]
  .text              ro code   0x800'9e56     0x4  startup_stm32f407xx.o [1]
  .text              ro code   0x800'9e5a     0x4  startup_stm32f407xx.o [1]
  .text              ro code   0x800'9e5e     0x4  startup_stm32f407xx.o [1]
  .text              ro code   0x800'9e62     0x4  startup_stm32f407xx.o [1]
  .text              ro code   0x800'9e66     0x4  startup_stm32f407xx.o [1]
  .text              ro code   0x800'9e6a     0x4  startup_stm32f407xx.o [1]
  .text              ro code   0x800'9e6e     0x4  startup_stm32f407xx.o [1]
  .text              ro code   0x800'9e72     0x4  startup_stm32f407xx.o [1]
  .text              ro code   0x800'9e76     0x4  startup_stm32f407xx.o [1]
  .text              ro code   0x800'9e7a     0x4  startup_stm32f407xx.o [1]
  .text              ro code   0x800'9e7e     0x4  startup_stm32f407xx.o [1]
  .text              ro code   0x800'9e82     0x4  startup_stm32f407xx.o [1]
  .text              ro code   0x800'9e86     0x4  startup_stm32f407xx.o [1]
  .text              ro code   0x800'9e8a     0x4  startup_stm32f407xx.o [1]
  .text              ro code   0x800'9e8e     0x4  startup_stm32f407xx.o [1]
  .text              ro code   0x800'9e92     0x4  startup_stm32f407xx.o [1]
  .text              ro code   0x800'9e96     0x4  startup_stm32f407xx.o [1]
  .text              ro code   0x800'9e9a     0x4  startup_stm32f407xx.o [1]
  .text              ro code   0x800'9e9e     0x4  startup_stm32f407xx.o [1]
  .text              ro code   0x800'9ea2     0x4  startup_stm32f407xx.o [1]
  .text              ro code   0x800'9ea6     0x4  startup_stm32f407xx.o [1]
  .text              ro code   0x800'9eaa     0x4  startup_stm32f407xx.o [1]
  .text              ro code   0x800'9eae     0x4  startup_stm32f407xx.o [1]
  .text              ro code   0x800'9eb2     0x4  startup_stm32f407xx.o [1]
  .text              ro code   0x800'9eb6     0x4  startup_stm32f407xx.o [1]
  .text              ro code   0x800'9eba     0x4  startup_stm32f407xx.o [1]
  .text              ro code   0x800'9ebe     0x4  startup_stm32f407xx.o [1]
  .text              ro code   0x800'9ec2     0x4  startup_stm32f407xx.o [1]
  .text              ro code   0x800'9ec6     0x4  startup_stm32f407xx.o [1]
  .text              ro code   0x800'9eca     0x4  startup_stm32f407xx.o [1]
  .text              ro code   0x800'9ece     0x4  startup_stm32f407xx.o [1]
  .text              ro code   0x800'9ed2     0x4  startup_stm32f407xx.o [1]
  .text              ro code   0x800'9ed6     0x4  startup_stm32f407xx.o [1]
  .text              ro code   0x800'9eda     0x4  startup_stm32f407xx.o [1]
  .text              ro code   0x800'9ede     0x4  startup_stm32f407xx.o [1]
  .text              ro code   0x800'9ee2     0x4  startup_stm32f407xx.o [1]
  .text              ro code   0x800'9ee6     0x4  startup_stm32f407xx.o [1]
  .text              ro code   0x800'9eea     0x4  startup_stm32f407xx.o [1]
  .text              ro code   0x800'9eee     0x4  startup_stm32f407xx.o [1]
  .text              ro code   0x800'9ef2     0x4  startup_stm32f407xx.o [1]
  .text              ro code   0x800'9ef6     0x4  startup_stm32f407xx.o [1]
  .text              ro code   0x800'9efa     0x4  startup_stm32f407xx.o [1]
  .text              ro code   0x800'9efe     0x4  startup_stm32f407xx.o [1]
  .text              ro code   0x800'9f02     0x4  startup_stm32f407xx.o [1]
  .text              ro code   0x800'9f06     0x4  startup_stm32f407xx.o [1]
  .text              ro code   0x800'9f0a     0x4  startup_stm32f407xx.o [1]
  .text              ro code   0x800'9f0e     0x4  startup_stm32f407xx.o [1]
  .text              ro code   0x800'9f12     0x4  startup_stm32f407xx.o [1]
  .text              ro code   0x800'9f16     0x4  startup_stm32f407xx.o [1]
  .text              ro code   0x800'9f1a     0x4  startup_stm32f407xx.o [1]
  .text              ro code   0x800'9f1e     0x4  startup_stm32f407xx.o [1]
  .text              ro code   0x800'9f22     0x4  startup_stm32f407xx.o [1]
  .text              ro code   0x800'9f26     0x4  startup_stm32f407xx.o [1]
  .text              ro code   0x800'9f2a     0x4  startup_stm32f407xx.o [1]
  .text              ro code   0x800'9f2e     0x4  startup_stm32f407xx.o [1]
  .text              ro code   0x800'9f32     0x4  startup_stm32f407xx.o [1]
  .text              ro code   0x800'9f36     0x4  startup_stm32f407xx.o [1]
  .text              ro code   0x800'9f3a     0x4  startup_stm32f407xx.o [1]
  .text              ro code   0x800'9f3e     0x4  startup_stm32f407xx.o [1]
  .text              ro code   0x800'9f42     0x4  startup_stm32f407xx.o [1]
  .text              ro code   0x800'9f46     0x4  startup_stm32f407xx.o [1]
  .text              ro code   0x800'9f4a     0x4  startup_stm32f407xx.o [1]
  .rodata            const     0x800'9f4e     0x0  zero_init3.o [4]
  .rodata            const     0x800'9f4e     0x0  lz77_init_single.o [4]
  Initializer bytes  const     0x800'9f4e   0x11c  <for P2-1>
                             - 0x800'a06a  0x9ee2

"P2", part 1 of 3:                          0x2b9
  P2-1                        0x2000'0000   0x2b9  <Init block>
    .data            inited   0x2000'0000     0x4  can_utils.o [1]
    .data            inited   0x2000'0004     0x4  cmd.o [1]
    .data            inited   0x2000'0008    0x18  karman.o [1]
    .data            inited   0x2000'0020    0x18  karman.o [1]
    .data            inited   0x2000'0038    0x18  karman.o [1]
    .data            inited   0x2000'0050    0x18  karman.o [1]
    .data            inited   0x2000'0068    0x18  karman.o [1]
    .data            inited   0x2000'0080    0x18  karman.o [1]
    .data            inited   0x2000'0098     0x4  kickball.o [1]
    .data            inited   0x2000'009c     0x4  kickball.o [1]
    .data            inited   0x2000'00a0     0x4  kickball.o [1]
    .data            inited   0x2000'00a4     0x4  kickball.o [1]
    .data            inited   0x2000'00a8     0x4  kickball.o [1]
    .data            inited   0x2000'00ac    0x14  kickball.o [1]
    .data            inited   0x2000'00c0     0x4  kickball.o [1]
    .data            inited   0x2000'00c4   0x150  point_parser.o [1]
    .data            inited   0x2000'0214     0x4  sensor_gpio.o [1]
    .data            inited   0x2000'0218     0x4  stm32f4xx_hal.o [1]
    .data            inited   0x2000'021c     0x4  system_stm32f4xx.o [1]
    .data            inited   0x2000'0220     0x4  touchdown.o [1]
    .data            inited   0x2000'0224     0x4  touchdown.o [1]
    .data            inited   0x2000'0228     0x4  touchdown.o [1]
    .data            inited   0x2000'022c     0xc  vega.o [1]
    .data            inited   0x2000'0238    0x38  xlocale_c.o [2]
    .data            inited   0x2000'0270    0x48  xlocale_c.o [2]
    .data            inited   0x2000'02b8     0x1  stm32f4xx_hal.o [1]
                            - 0x2000'02b9   0x2b9

"P2", part 2 of 3:                         0xca18
  .bss               zero     0x2000'02bc   0xfa0  point.o [1]
  .bss               zero     0x2000'125c   0xfa0  point.o [1]
  .bss               zero     0x2000'21fc   0xfa0  point.o [1]
  .bss               zero     0x2000'319c   0xfa0  point.o [1]
  .bss               zero     0x2000'413c   0xfa0  point.o [1]
  .bss               zero     0x2000'50dc   0xfa0  point.o [1]
  .bss               zero     0x2000'607c   0xfa0  point.o [1]
  .bss               zero     0x2000'701c   0xfa0  point.o [1]
  .bss               zero     0x2000'7fbc   0xfa0  point.o [1]
  .bss               zero     0x2000'8f5c   0xfa0  point.o [1]
  .bss               zero     0x2000'9efc   0xfa0  point.o [1]
  .bss               zero     0x2000'ae9c   0xfa0  point.o [1]
  .bss               zero     0x2000'be3c   0x1d8  dlmalloc.o [2]
  .bss               zero     0x2000'c014   0x190  lcd.o [1]
  .bss               zero     0x2000'c1a4    0x78  laser.o [1]
  .bss               zero     0x2000'c21c    0x68  cmd.o [1]
  .bss               zero     0x2000'c284    0x64  cmd.o [1]
  .bss               zero     0x2000'c2e8    0x64  cmd.o [1]
  .bss               zero     0x2000'c34c    0x64  cmd.o [1]
  .bss               zero     0x2000'c3b0    0x64  cmd.o [1]
  .bss               zero     0x2000'c414    0x60  adc.o [1]
  .bss               zero     0x2000'c474    0x60  usart.o [1]
  .bss               zero     0x2000'c4d4    0x60  usart.o [1]
  .bss               zero     0x2000'c534    0x60  usart.o [1]
  .bss               zero     0x2000'c594    0x60  usart.o [1]
  .bss               zero     0x2000'c5f4    0x60  usart.o [1]
  .bss               zero     0x2000'c654    0x60  usart.o [1]
  .bss               zero     0x2000'c6b4    0x60  usart.o [1]
  .bss               zero     0x2000'c714    0x60  usart.o [1]
  .bss               zero     0x2000'c774    0x58  chassis.o [1]
  .bss               zero     0x2000'c7cc    0x48  adc.o [1]
  .bss               zero     0x2000'c814    0x48  laser.o [1]
  .bss               zero     0x2000'c85c    0x48  laser.o [1]
  .bss               zero     0x2000'c8a4    0x48  laser.o [1]
  .bss               zero     0x2000'c8ec    0x40  cmd.o [1]
  .bss               zero     0x2000'c92c    0x40  usart.o [1]
  .bss               zero     0x2000'c96c    0x40  usart.o [1]
  .bss               zero     0x2000'c9ac    0x40  usart.o [1]
  .bss               zero     0x2000'c9ec    0x40  usart.o [1]
  .bss               zero     0x2000'ca2c    0x40  usart.o [1]
  .bss               zero     0x2000'ca6c    0x40  usart.o [1]
  .bss               zero     0x2000'caac    0x30  cmd.o [1]
  .bss               zero     0x2000'cadc    0x28  can.o [1]
  .bss               zero     0x2000'cb04    0x28  can_utils.o [1]
  .bss               zero     0x2000'cb2c    0x28  main.o [1]
  .bss               zero     0x2000'cb54    0x24  main.o [1]
  .bss               zero     0x2000'cb78    0x20  chassis.o [1]
  .bss               zero     0x2000'cb98    0x1c  can_utils.o [1]
  .bss               zero     0x2000'cbb4    0x18  can_utils.o [1]
  .bss               zero     0x2000'cbcc    0x18  cmd.o [1]
  .bss               zero     0x2000'cbe4    0x18  motor_driver.o [1]
  .bss               zero     0x2000'cbfc    0x18  dlmalloc.o [2]
  .bss               zero     0x2000'cc14    0x10  configure.o [1]
  .bss               zero     0x2000'cc24    0x10  configure.o [1]
  .bss               zero     0x2000'cc38     0x8  can_utils.o [1]
  .bss               zero     0x2000'cc40     0x8  can_utils.o [1]
  .bss               zero     0x2000'cc48     0x8  main.o [1]
  .bss               zero     0x2000'cc50     0x8  touchdown.o [1]
  .bss               zero     0x2000'cc58     0x4  can_utils.o [1]
  .bss               zero     0x2000'cc5c     0x4  can_utils.o [1]
  .bss               zero     0x2000'cc60     0x4  can_utils.o [1]
  .bss               zero     0x2000'cc64     0x4  can_utils.o [1]
  .bss               zero     0x2000'cc68     0x4  cmd.o [1]
  .bss               zero     0x2000'cc6c     0x4  cmd.o [1]
  .bss               zero     0x2000'cc70     0x4  cmd.o [1]
  .bss               zero     0x2000'cc74     0x4  flags.o [1]
  .bss               zero     0x2000'cc78     0x4  flags.o [1]
  .bss               zero     0x2000'cc7c     0x4  kickball.o [1]
  .bss               zero     0x2000'cc80     0x4  kickball.o [1]
  .bss               zero     0x2000'cc84     0x4  kickball.o [1]
  .bss               zero     0x2000'cc88     0x4  kickball.o [1]
  .bss               zero     0x2000'cc8c     0x4  kickball.o [1]
  .bss               zero     0x2000'cc90     0x4  kickball.o [1]
  .bss               zero     0x2000'cc94     0x4  lcd.o [1]
  .bss               zero     0x2000'cc98     0x4  lcd.o [1]
  .bss               zero     0x2000'cc9c     0x4  main.o [1]
  .bss               zero     0x2000'cca0     0x4  motor_driver.o [1]
  .bss               zero     0x2000'cca4     0x4  motor_driver.o [1]
  .bss               zero     0x2000'cca8     0x4  sensor_gpio.o [1]
  .bss               zero     0x2000'ccac     0x4  sensor_gpio.o [1]
  .bss               zero     0x2000'ccb0     0x4  sensor_gpio.o [1]
  .bss               zero     0x2000'ccb4     0x4  stm32f4xx_hal.o [1]
  .bss               zero     0x2000'ccb8     0x4  touchdown.o [1]
  .bss               zero     0x2000'ccbc     0x4  touchdown.o [1]
  .bss               zero     0x2000'ccc0     0x4  touchdown.o [1]
  .bss               zero     0x2000'ccc4     0x4  strtok.o [2]
  .bss               zero     0x2000'ccc8     0x4  xfail_s.o [2]
  .bss               zero     0x2000'cccc     0x4  xgetmemchunk.o [2]
  .bss               zero     0x2000'ccd0     0x1  kickball.o [1]
  .bss               zero     0x2000'ccd1     0x1  touchdown.o [1]
                            - 0x2000'ccd2  0xca16

"P2", part 3 of 3:                         0x2200
  CSTACK                      0x2000'ccd8  0x1200  <Block>
    CSTACK           uninit   0x2000'ccd8  0x1200  <Block tail>
  HEAP                        0x2000'ded8  0x1000  <Block>
    HEAP             uninit   0x2000'ded8  0x1000  <Block tail>
                            - 0x2000'eed8  0x2200

Unused ranges:

         From           To      Size
         ----           --      ----
   0x800'a06a   0x80f'ffff  0xf'5f96
  0x2000'02b9  0x2000'02bb       0x3
  0x2000'ccd4  0x2000'ccd7       0x4
  0x2000'eed8  0x2001'ffff  0x1'1128


*******************************************************************************
*** INIT TABLE
***

          Address      Size
          -------      ----
Zero (__iar_zero_init3)
    1 destination range, total size 0xca16:
          0x2000'02bc  0xca16

Copy/lz77 (__iar_lz77_init_single3)
    1 source range, total size 0x11c (40% of destination):
           0x800'9f4e   0x11c
    1 destination range, total size 0x2b9:
          0x2000'0000   0x2b9



*******************************************************************************
*** MODULE SUMMARY
***

    Module                  ro code  ro data  rw data
    ------                  -------  -------  -------
command line/config:
    -------------------------------------------------
    Total:

E:\Robocon_Value\Chassis\EWARM\Chassis\Obj: [1]
    adc.o                       352               168
    can.o                       212                40
    can_func.o                   32       12
    can_utils.o                 554        1      128
    chassis.o                   148               120
    cmd.o                     1 092       70      656
    cmd_func.o                2 336    1 516
    configure.o                  48                32
    dma.o                       200
    flags.o                                         8
    gpio.o                      360
    hash.o                      548      100
    karman.o                     90       58      144
    kickball.o                  684       50       69
    laser.o                     680      104      336
    lcd.o                       288       28      408
    main.o                      622       20       88
    motor_driver.o              172                32
    point.o                                    48 000
    point_parser.o              156      149      336
    robomaster.o                106
    sensor_gpio.o               224      126       16
    simplelib.o                  92       24
    startup_stm32f407xx.o       676
    stm32f4xx_hal.o             164        3        9
    stm32f4xx_hal_adc.o       1 396
    stm32f4xx_hal_can.o       2 034
    stm32f4xx_hal_cortex.o      344
    stm32f4xx_hal_dma.o       1 360        8
    stm32f4xx_hal_gpio.o        668
    stm32f4xx_hal_msp.o          64
    stm32f4xx_hal_rcc.o       1 444
    stm32f4xx_hal_uart.o      2 626
    stm32f4xx_it.o              292
    system_stm32f4xx.o           96       25        4
    touchdown.o                 296        5       33
    usart.o                   1 660             1 152
    vega.o                      336      177       12
    vesc_can.o                  308
    -------------------------------------------------
    Total:                   22 760    2 476   51 791

dl7M_tlf.a: [2]
    abort.o                       6
    dlmalloc.o                3 968               496
    exit.o                        4
    iar_Stoflt.o                452
    iar_Stopfx.o                290
    iar_Stoulx.o                372
    iar_Stoxflt.o               540
    isalpha.o                    20
    isspace.o                    20
    low_level_init.o              4
    strcspn.o                    34
    strspn.o                     34
    strtok.o                     76                 4
    tolower.o                    20
    vsnprint.o                   60
    xencoding_8859_1.o           30
    xfail_s.o                    64                 4
    xgetmemchunk.o               44                 4
    xlocale_c.o                 180       58      128
    xmbcurmax.o                  10
    xprintffull.o             3 962
    xsnprout.o                   26
    -------------------------------------------------
    Total:                   10 216       58      636

m7M_tls.a: [3]
    DblAdd.o                    378
    DblCmpEq.o                   32
    DblCmpGe.o                   46
    DblCmpLe.o                   46
    DblDiv.o                    582
    DblMul.o                    418
    DblSub.o                    226
    DblToFlt.o                  104
    DblToS32.o                   58
    DblToU32.o                   40
    FltToDbl.o                   72
    S32ToDbl.o                   34
    U32ToDbl.o                   26
    fpinit_M.o                   34
    frexp.o                     112
    ldexp.o                     314
    math_wrappers64.o            14
    strto64.o                 1 408
    -------------------------------------------------
    Total:                    3 944

rt7M_tl.a: [4]
    ABImemclr4.o                  6
    ABImemcpy.o                 166
    ABImemset.o                 102
    ABImemset48.o                50
    I64DivMod.o                 560
    I64DivZer.o                   2
    cexit.o                      10
    cmain.o                      30
    cstartup_M.o                 12
    data_init.o                  40
    lz77_init_single.o          122
    memchr.o                     88
    strchr.o                     22
    strcmp.o                     74
    strcpy.o                     76
    strlen.o                     54
    zero_init3.o                 58
    -------------------------------------------------
    Total:                    1 472

shb_l.a: [5]
    ABIassert.o                  36
    exit.o                       20
    -------------------------------------------------
    Total:                       56

    Gaps                         48        4        4
    Linker created                        32    8 704
-----------------------------------------------------
    Grand Total:             38 496    2 570   61 135


*******************************************************************************
*** ENTRY LIST
***

Entry                       Address   Size  Type      Object
-----                       -------   ----  ----      ------
.iar.init_table$$Base    0x800'9668          --   Gb  - Linker created -
.iar.init_table$$Limit   0x800'9688          --   Gb  - Linker created -
?main                    0x800'9849         Code  Gb  cmain.o [4]
ADC_DMAConvCplt          0x800'6a09   0x7a  Code  Lc  stm32f4xx_hal_adc.o [1]
ADC_DMAError             0x800'6a95   0x1a  Code  Lc  stm32f4xx_hal_adc.o [1]
ADC_DMAHalfConvCplt      0x800'6a85    0xe  Code  Lc  stm32f4xx_hal_adc.o [1]
ADC_Init                 0x800'6887  0x15a  Code  Lc  stm32f4xx_hal_adc.o [1]
AHBPrescTable            0x800'9d58   0x10  Data  Gb  system_stm32f4xx.o [1]
APBPrescTable            0x800'9e24    0x8  Data  Gb  system_stm32f4xx.o [1]
BusFault_Handler         0x800'9327    0x2  Code  Gb  stm32f4xx_it.o [1]
CAN1_RX0_IRQHandler      0x800'936f    0xa  Code  Gb  stm32f4xx_it.o [1]
CAN_config               0x800'7cb3   0x52  Code  Lc  can_utils.o [1]
CMD_USART               0x2000'c8ec   0x40  Data  Gb  cmd.o [1]
CSTACK$$Base            0x2000'ccd8          --   Gb  - Linker created -
CSTACK$$Limit           0x2000'ded8          --   Gb  - Linker created -
CacheMore                0x800'21bd   0x24  Code  Lc  xlocale_c.o [2]
DMA1_Stream0_IRQHandler
                         0x800'933d    0xa  Code  Gb  stm32f4xx_it.o [1]
DMA1_Stream1_IRQHandler
                         0x800'9347    0xa  Code  Gb  stm32f4xx_it.o [1]
DMA1_Stream3_IRQHandler
                         0x800'9351    0xa  Code  Gb  stm32f4xx_it.o [1]
DMA1_Stream5_IRQHandler
                         0x800'935b    0xa  Code  Gb  stm32f4xx_it.o [1]
DMA1_Stream6_IRQHandler
                         0x800'9365    0xa  Code  Gb  stm32f4xx_it.o [1]
DMA1_Stream7_IRQHandler
                         0x800'93c7    0xa  Code  Gb  stm32f4xx_it.o [1]
DMA2_Stream0_IRQHandler
                         0x800'93e9    0xa  Code  Gb  stm32f4xx_it.o [1]
DMA2_Stream2_IRQHandler
                         0x800'93f3    0xa  Code  Gb  stm32f4xx_it.o [1]
DMA2_Stream7_IRQHandler
                         0x800'93fd    0xa  Code  Gb  stm32f4xx_it.o [1]
DMAUSART_RX_BUF         0x2000'c2e8   0x64  Data  Gb  cmd.o [1]
DMAUSART_RX_BUF_vega    0x2000'c34c   0x64  Data  Gb  cmd.o [1]
DMA_CalcBaseAndBitshift
                         0x800'4465   0x30  Code  Lc  stm32f4xx_hal_dma.o [1]
DMA_CalcBaseAndBitshift::flagBitshiftOffset
                         0x800'9e1c    0x8  Data  Lc  stm32f4xx_hal_dma.o [1]
DMA_CheckFifoParam       0x800'44a5   0x9c  Code  Lc  stm32f4xx_hal_dma.o [1]
DMA_RxOK_Flag           0x2000'cc78    0x4  Data  Gb  flags.o [1]
DMA_RxOK_Flag_vega      0x2000'cc70    0x4  Data  Gb  cmd.o [1]
DMA_SetConfig            0x800'4437   0x2e  Code  Lc  stm32f4xx_hal_dma.o [1]
DMAaRxBuffer            0x2000'c284   0x64  Data  Gb  cmd.o [1]
DMAaRxBuffer_vega       0x2000'c3b0   0x64  Data  Gb  cmd.o [1]
DebugMon_Handler         0x800'932d    0x2  Code  Gb  stm32f4xx_it.o [1]
Dtentox                  0x800'8a05  0x192  Code  Lc  strto64.o [3]
Error_Handler            0x800'49dd    0x2  Code  Gb  main.o [1]
HAL_ADC_ConfigChannel    0x800'670b  0x17c  Code  Gb  stm32f4xx_hal_adc.o [1]
HAL_ADC_Init             0x800'6541   0x66  Code  Gb  stm32f4xx_hal_adc.o [1]
HAL_ADC_MspInit          0x800'512b   0xa2  Code  Gb  adc.o [1]
HAL_ADC_Start_DMA        0x800'65a7  0x164  Code  Gb  stm32f4xx_hal_adc.o [1]
HAL_CAN_ActivateNotification
                         0x800'7035   0x34  Code  Gb  stm32f4xx_hal_can.o [1]
HAL_CAN_AddTxMessage     0x800'6da5  0x138  Code  Gb  stm32f4xx_hal_can.o [1]
HAL_CAN_ConfigFilter     0x800'6c1d  0x128  Code  Gb  stm32f4xx_hal_can.o [1]
HAL_CAN_GetRxMessage     0x800'6edd  0x158  Code  Gb  stm32f4xx_hal_can.o [1]
HAL_CAN_IRQHandler       0x800'7069  0x224  Code  Gb  stm32f4xx_hal_can.o [1]
HAL_CAN_Init             0x800'6ab1  0x16c  Code  Gb  stm32f4xx_hal_can.o [1]
HAL_CAN_MspInit          0x800'5233   0x78  Code  Gb  can.o [1]
HAL_CAN_RxFifo0FullCallback
                         0x800'7cb1    0x2  Code  Gb  can_utils.o [1]
HAL_CAN_RxFifo0MsgPendingCallback
                         0x800'7c27   0x3a  Code  Gb  can_utils.o [1]
HAL_CAN_Start            0x800'6d45   0x5c  Code  Gb  stm32f4xx_hal_can.o [1]
HAL_DMA_Abort            0x800'416b   0x9c  Code  Gb  stm32f4xx_hal_dma.o [1]
HAL_DMA_Abort_IT         0x800'4207   0x28  Code  Gb  stm32f4xx_hal_dma.o [1]
HAL_DMA_IRQHandler       0x800'422f  0x208  Code  Gb  stm32f4xx_hal_dma.o [1]
HAL_DMA_Init             0x800'3ff1   0xe2  Code  Gb  stm32f4xx_hal_dma.o [1]
HAL_DMA_Start_IT         0x800'40d3   0x98  Code  Gb  stm32f4xx_hal_dma.o [1]
HAL_GPIO_Init            0x800'49e9  0x210  Code  Gb  stm32f4xx_hal_gpio.o [1]
HAL_GPIO_ReadPin         0x800'4bf9   0x16  Code  Gb  stm32f4xx_hal_gpio.o [1]
HAL_GPIO_TogglePin       0x800'4c29   0x22  Code  Gb  stm32f4xx_hal_gpio.o [1]
HAL_GPIO_WritePin        0x800'4c0f   0x1a  Code  Gb  stm32f4xx_hal_gpio.o [1]
HAL_GetTick              0x800'3fe5    0xc  Code  Wk  stm32f4xx_hal.o [1]
HAL_IncTick              0x800'9445   0x18  Code  Wk  stm32f4xx_hal.o [1]
HAL_Init                 0x800'4e29   0x30  Code  Gb  stm32f4xx_hal.o [1]
HAL_InitTick             0x800'4ddd   0x4c  Code  Wk  stm32f4xx_hal.o [1]
HAL_MspInit              0x800'6501   0x40  Code  Gb  stm32f4xx_hal_msp.o [1]
HAL_NVIC_EnableIRQ       0x800'4da3    0xe  Code  Gb  stm32f4xx_hal_cortex.o [1]
HAL_NVIC_SetPriority     0x800'4d79   0x2a  Code  Gb  stm32f4xx_hal_cortex.o [1]
HAL_NVIC_SetPriorityGrouping
                         0x800'4d6d    0xc  Code  Gb  stm32f4xx_hal_cortex.o [1]
HAL_RCC_ClockConfig      0x800'454d  0x13e  Code  Gb  stm32f4xx_hal_rcc.o [1]
HAL_RCC_GetHCLKFreq      0x800'468b    0x6  Code  Gb  stm32f4xx_hal_rcc.o [1]
HAL_RCC_GetPCLK1Freq     0x800'4691   0x16  Code  Gb  stm32f4xx_hal_rcc.o [1]
HAL_RCC_GetPCLK2Freq     0x800'46a7   0x16  Code  Gb  stm32f4xx_hal_rcc.o [1]
HAL_RCC_OscConfig        0x800'5d09  0x380  Code  Wk  stm32f4xx_hal_rcc.o [1]
HAL_SYSTICK_Config       0x800'4db1    0xc  Code  Gb  stm32f4xx_hal_cortex.o [1]
HAL_UART_DMAStop         0x800'31d3   0x72  Code  Gb  stm32f4xx_hal_uart.o [1]
HAL_UART_IDLECallback    0x800'6141   0xf8  Code  Gb  cmd.o [1]
HAL_UART_IRQHandler      0x800'3245  0x14a  Code  Gb  stm32f4xx_hal_uart.o [1]
HAL_UART_Init            0x800'2f31   0x76  Code  Gb  stm32f4xx_hal_uart.o [1]
HAL_UART_MspInit         0x800'3ab9  0x4a0  Code  Gb  usart.o [1]
HAL_UART_Receive_DMA     0x800'311d   0xb6  Code  Gb  stm32f4xx_hal_uart.o [1]
HAL_UART_Transmit        0x800'2fa7   0xe0  Code  Gb  stm32f4xx_hal_uart.o [1]
HAL_UART_Transmit_DMA    0x800'3087   0x96  Code  Gb  stm32f4xx_hal_uart.o [1]
HCAN                    0x2000'cb04   0x28  Data  Gb  can_utils.o [1]
HEAP$$Base              0x2000'ded8          --   Gb  - Linker created -
HEAP$$Limit             0x2000'eed8          --   Gb  - Linker created -
HardFault_Handler        0x800'9323    0x2  Code  Gb  stm32f4xx_it.o [1]
HashTable_create         0x800'80bf   0x5c  Code  Gb  hash.o [1]
HashTable_get            0x800'81b5   0x60  Code  Gb  hash.o [1]
HashTable_insert         0x800'811b   0x9a  Code  Gb  hash.o [1]
HashTable_map            0x800'8215   0x74  Code  Gb  hash.o [1]
KalMan                   0x800'7f97   0x5a  Code  Gb  karman.o [1]
LoadInt                  0x800'138b   0x7a  Code  Lc  xprintffull.o [2]
MX_ADC1_Init             0x800'508d   0x9e  Code  Gb  adc.o [1]
MX_CAN1_Init             0x800'51ed   0x46  Code  Gb  can.o [1]
MX_DMA_Init              0x800'4fc5   0xc8  Code  Gb  dma.o [1]
MX_GPIO_Init             0x800'4e5d  0x168  Code  Gb  gpio.o [1]
MX_UART4_Init            0x800'3969   0x38  Code  Gb  usart.o [1]
MX_UART5_Init            0x800'39a1   0x38  Code  Gb  usart.o [1]
MX_USART1_UART_Init      0x800'39d9   0x38  Code  Gb  usart.o [1]
MX_USART2_UART_Init      0x800'3a11   0x38  Code  Gb  usart.o [1]
MX_USART3_UART_Init      0x800'3a49   0x38  Code  Gb  usart.o [1]
MX_USART6_UART_Init      0x800'3a81   0x38  Code  Gb  usart.o [1]
MemManage_Handler        0x800'9325    0x2  Code  Gb  stm32f4xx_it.o [1]
NMI_Handler              0x800'9321    0x2  Code  Gb  stm32f4xx_it.o [1]
NVIC_EncodePriority      0x800'4cfd   0x40  Code  Lc  stm32f4xx_hal_cortex.o [1]
PendSV_Handler           0x800'932f    0x2  Code  Gb  stm32f4xx_it.o [1]
Region$$Table$$Base      0x800'9668          --   Gb  - Linker created -
Region$$Table$$Limit     0x800'9688          --   Gb  - Linker created -
RxHeader                0x2000'cb98   0x1c  Data  Gb  can_utils.o [1]
SVC_Handler              0x800'932b    0x2  Code  Gb  stm32f4xx_it.o [1]
SysTick_Config           0x800'4d3d   0x30  Code  Lc  stm32f4xx_hal_cortex.o [1]
SysTick_Handler          0x800'9331    0xc  Code  Gb  stm32f4xx_it.o [1]
SystemClock_Config       0x800'482f   0xa2  Code  Gb  main.o [1]
SystemCoreClock         0x2000'021c    0x4  Data  Gb  system_stm32f4xx.o [1]
SystemInit               0x800'945d   0x40  Code  Gb  system_stm32f4xx.o [1]
TxHeader                0x2000'cbb4   0x18  Data  Gb  can_utils.o [1]
TxMailbox               0x2000'cc5c    0x4  Data  Gb  can_utils.o [1]
UART5_IRQHandler         0x800'93d1   0x18  Code  Gb  stm32f4xx_it.o [1]
UART_DMAAbortOnError     0x800'3525   0x16  Code  Lc  stm32f4xx_hal_uart.o [1]
UART_DMAError            0x800'3429   0x58  Code  Lc  stm32f4xx_hal_uart.o [1]
UART_DMAReceiveCplt      0x800'33d5   0x44  Code  Lc  stm32f4xx_hal_uart.o [1]
UART_DMARxHalfCplt       0x800'3419    0xe  Code  Lc  stm32f4xx_hal_uart.o [1]
UART_DMATransmitCplt     0x800'3391   0x34  Code  Lc  stm32f4xx_hal_uart.o [1]
UART_DMATxHalfCplt       0x800'33c5    0xe  Code  Lc  stm32f4xx_hal_uart.o [1]
UART_EndRxTransfer       0x800'3503   0x20  Code  Lc  stm32f4xx_hal_uart.o [1]
UART_EndTransmit_IT      0x800'35ab   0x20  Code  Lc  stm32f4xx_hal_uart.o [1]
UART_EndTxTransfer       0x800'34ef   0x14  Code  Lc  stm32f4xx_hal_uart.o [1]
UART_Receive_IT          0x800'35cb   0xae  Code  Lc  stm32f4xx_hal_uart.o [1]
UART_SetConfig           0x800'3679  0x2e2  Code  Lc  stm32f4xx_hal_uart.o [1]
UART_Transmit_IT         0x800'353d   0x6e  Code  Lc  stm32f4xx_hal_uart.o [1]
UART_WaitOnFlagUntilTimeout
                         0x800'3481   0x6e  Code  Lc  stm32f4xx_hal_uart.o [1]
USART1_IRQHandler        0x800'9379   0x1a  Code  Gb  stm32f4xx_it.o [1]
USART2_IRQHandler        0x800'9393   0x1a  Code  Gb  stm32f4xx_it.o [1]
USART3_IRQHandler        0x800'93ad   0x1a  Code  Gb  stm32f4xx_it.o [1]
UsageFault_Handler       0x800'9329    0x2  Code  Gb  stm32f4xx_it.o [1]
_Encoding_8859_1_Mbrlen
                         0x800'2259    0x2  Code  Gb  xencoding_8859_1.o [2]
_Encoding_8859_1_Wctomb
                         0x800'2247   0x12  Code  Gb  xencoding_8859_1.o [2]
_GenldFull               0x800'1e1d  0x274  Code  Lc  xprintffull.o [2]
_LdtobFull               0x800'19f1  0x400  Code  Lc  xprintffull.o [2]
_LitobFull               0x800'1899  0x112  Code  Lc  xprintffull.o [2]
_LocaleC_isalpha         0x800'2183    0xc  Code  Gb  xlocale_c.o [2]
_LocaleC_islower         0x800'217d    0x4  Code  Gb  xlocale_c.o [2]
_LocaleC_isspace         0x800'2199   0x14  Code  Gb  xlocale_c.o [2]
_LocaleC_isupper         0x800'2181    0x2  Code  Gb  xlocale_c.o [2]
_LocaleC_tolower         0x800'21ad    0xc  Code  Gb  xlocale_c.o [2]
_Locale_lconv           0x2000'0238   0x38  Data  Lc  xlocale_c.o [2]
_PrintfFull              0x800'11c9  0x1aa  Code  Gb  xprintffull.o [2]
_PutcharsFull            0x800'2091   0x2e  Code  Lc  xprintffull.o [2]
_PutfldFull              0x800'1405  0x2d8  Code  Lc  xprintffull.o [2]
_PutstrFull              0x800'17d3   0xc6  Code  Lc  xprintffull.o [2]
_PuttxtFull              0x800'16dd   0xf6  Code  Lc  xprintffull.o [2]
_SNProut                 0x800'22db   0x1a  Code  Gb  xsnprout.o [2]
_Strtok_ssave           0x2000'ccc4    0x4  Data  Lc  strtok.o [2]
__NVIC_EnableIRQ         0x800'4cb3   0x1e  Code  Lc  stm32f4xx_hal_cortex.o [1]
__NVIC_GetPriorityGrouping
                         0x800'4ca7    0xc  Code  Lc  stm32f4xx_hal_cortex.o [1]
__NVIC_SetPriority       0x800'4cd1   0x2c  Code  Lc  stm32f4xx_hal_cortex.o [1]
__NVIC_SetPriorityGrouping
                         0x800'4c85   0x22  Code  Lc  stm32f4xx_hal_cortex.o [1]
__aeabi_assert           0x800'87f9   0x24  Code  Gb  ABIassert.o [5]
__aeabi_cdcmpeq          0x800'87d9         Code  Gb  DblCmpEq.o [3]
__aeabi_cdcmple          0x800'2845         Code  Gb  DblCmpLe.o [3]
__aeabi_cdrcmple         0x800'2875         Code  Gb  DblCmpGe.o [3]
__aeabi_d2f              0x800'8561         Code  Gb  DblToFlt.o [3]
__aeabi_d2iz             0x800'29e1         Code  Gb  DblToS32.o [3]
__aeabi_d2uiz            0x800'2d6d         Code  Gb  DblToU32.o [3]
__aeabi_dadd             0x800'2db5         Code  Gb  DblAdd.o [3]
__aeabi_ddiv             0x800'2b25         Code  Gb  DblDiv.o [3]
__aeabi_dmul             0x800'2631         Code  Gb  DblMul.o [3]
__aeabi_dsub             0x800'2a41         Code  Gb  DblSub.o [3]
__aeabi_f2d              0x800'7ff1         Code  Gb  FltToDbl.o [3]
__aeabi_i2d              0x800'2a1d         Code  Gb  S32ToDbl.o [3]
__aeabi_ldiv0            0x800'2db1         Code  Gb  I64DivZer.o [4]
__aeabi_memclr4          0x800'49e1         Code  Gb  ABImemclr4.o [4]
__aeabi_memcpy           0x800'2359         Code  Gb  ABImemcpy.o [4]
__aeabi_memcpy4          0x800'2379         Code  Gb  ABImemcpy.o [4]
__aeabi_memcpy8          0x800'2379         Code  Gb  ABImemcpy.o [4]
__aeabi_memset           0x800'82a9         Code  Gb  ABImemset.o [4]
__aeabi_ui2d             0x800'2d95         Code  Gb  U32ToDbl.o [3]
__aeabi_uldivmod         0x800'2401         Code  Gb  I64DivMod.o [4]
__cmain                  0x800'9849         Code  Gb  cmain.o [4]
__data_GetMemChunk       0x800'1189   0x2c  Code  Gb  xgetmemchunk.o [2]
__data_GetMemChunk::start
                        0x2000'cccc    0x4  Data  Lc  xgetmemchunk.o [2]
__exit                   0x800'11b5   0x14  Code  Gb  exit.o [5]
__iar_Fail_s             0x800'2265   0x1c  Code  Gb  xfail_s.o [2]
__iar_Mbcurmax           0x800'234d    0xa  Code  Gb  xmbcurmax.o [2]
__iar_Memchr             0x800'22f5         Code  Gb  memchr.o [4]
__iar_Memset             0x800'82a9         Code  Gb  ABImemset.o [4]
__iar_Memset4_word       0x800'64cd         Code  Gb  ABImemset48.o [4]
__iar_Memset8_word       0x800'64cd         Code  Gb  ABImemset48.o [4]
__iar_Memset_word        0x800'82b1         Code  Gb  ABImemset.o [4]
__iar_Sto64              0x800'8ba9  0x19e  Code  Gb  strto64.o [3]
__iar_Stoflt             0x800'8f2d  0x1c4  Code  Gb  iar_Stoflt.o [2]
__iar_Stopfx             0x800'8e09  0x122  Code  Gb  iar_Stopfx.o [2]
__iar_Stoulx             0x800'8665  0x112  Code  Gb  iar_Stoulx.o [2]
__iar_Stoxflt            0x800'90f1  0x1e6  Code  Gb  iar_Stoxflt.o [2]
__iar_Stoxflt::digits    0x800'92dc   0x18  Data  Lc  iar_Stoxflt.o [2]
__iar_Stoxflt::vals      0x800'92f4   0x18  Data  Lc  iar_Stoxflt.o [2]
__iar_Strchr             0x800'2231         Code  Gb  strchr.o [4]
__iar_dadd               0x800'2a51         Code  Gb  DblSub.o [3]
__iar_data_init3         0x800'9569   0x28  Code  Gb  data_init.o [4]
__iar_dlmalloc           0x800'0e4d  0x2b6  Code  Gb  dlmalloc.o [2]
__iar_dsub               0x800'2dc5         Code  Gb  DblAdd.o [3]
__iar_dsubStart          0x800'2dd7         Code  Gb  DblAdd.o [3]
__iar_frexp              0x800'27e1         Code  Gb  frexp.o [3]
__iar_frexpl             0x800'27e1         Code  Gb  frexp.o [3]
__iar_globLocale        0x2000'0270   0x48  Data  Lc  xlocale_c.o [2]
__iar_global_Locale      0x800'21b9    0x4  Code  Gb  xlocale_c.o [2]
__iar_init_vfp           0x800'9645         Code  Gb  fpinit_M.o [3]
__iar_ldexp64            0x800'28a5         Code  Gb  ldexp.o [3]
__iar_lz77_init_single3
                         0x800'110f   0x7a  Code  Gb  lz77_init_single.o [4]
__iar_program_start      0x800'9dd9         Code  Gb  cstartup_M.o [4]
__iar_scalbln64          0x800'28a5         Code  Gb  ldexp.o [3]
__iar_scalbn64           0x800'28a5         Code  Gb  ldexp.o [3]
__iar_softfp___iar_frexp64
                         0x800'27d5         Code  Gb  frexp.o [3]
__iar_softfp_frexp       0x800'27d5         Code  Gb  frexp.o [3]
__iar_softfp_frexpl      0x800'27d5         Code  Gb  frexp.o [3]
__iar_vfp_atof           0x800'8557    0x8  Code  Gb  math_wrappers64.o [3]
__iar_zero_init3         0x800'2143   0x3a  Code  Gb  zero_init3.o [4]
__low_level_init         0x800'9867    0x4  Code  Gb  low_level_init.o [2]
__vector_table           0x800'0000         Data  Gb  startup_stm32f407xx.o [1]
_call_main               0x800'9855         Code  Gb  cmain.o [4]
_cmd_help                0x800'63a9   0x18  Code  Lc  cmd.o [1]
_exit                    0x800'9871         Code  Gb  cexit.o [4]
_gLocale_mblen           0x800'221d    0x4  Code  Gb  xlocale_c.o [2]
_gLocale_mblenInt        0x800'21e1   0x2c  Code  Gb  xlocale_c.o [2]
_gLocale_wctomb          0x800'2221    0x4  Code  Gb  xlocale_c.o [2]
_gLocale_wctombInt       0x800'2219    0x4  Code  Gb  xlocale_c.o [2]
_gm_                    0x2000'be3c  0x1d8  Data  Lc  dlmalloc.o [2]
_main                    0x800'9863         Code  Gb  cmain.o [4]
abort                    0x800'1109    0x6  Code  Gb  abort.o [2]
add_segment              0x800'0551  0x1f2  Code  Lc  dlmalloc.o [2]
atof                     0x800'8d8d    0x8  Code  Gb  strto64.o [3]
atoi                     0x800'877d    0x2  Code  Gb  iar_Stoulx.o [2]
buffer_append_int32      0x800'7df9   0x32  Code  Gb  vesc_can.o [1]
buffer_count            0x2000'cc6c    0x4  Data  Gb  cmd.o [1]
can_callback_add         0x800'7be1   0x1e  Code  Gb  can_utils.o [1]
can_callback_table      0x2000'cc64    0x4  Data  Lc  can_utils.o [1]
can_exc_callback         0x800'7bff   0x28  Code  Gb  can_utils.o [1]
can_exc_callback_flag   0x2000'cc74    0x4  Data  Gb  flags.o [1]
can_ext_send_msg         0x800'7c89   0x28  Code  Gb  can_utils.o [1]
can_func_init            0x800'7dd9    0xe  Code  Gb  can_func.o [1]
can_id_init              0x800'531d   0x30  Code  Gb  configure.o [1]
can_init                 0x800'7bad   0x34  Code  Gb  can_utils.o [1]
can_rx_callback_flag    0x2000'cc58    0x4  Data  Gb  can_utils.o [1]
can_rx_data             0x2000'cc38    0x8  Data  Gb  can_utils.o [1]
can_send_msg             0x800'7c61   0x28  Code  Gb  can_utils.o [1]
can_std_mask_filter_conf
                         0x800'7d35   0x8a  Code  Gb  can_utils.o [1]
can_suc_rx               0x800'7de9    0xc  Code  Gb  can_func.o [1]
chassis                 0x2000'c774   0x58  Data  Gb  chassis.o [1]
chassis_canset_motorspeed
                         0x800'5c75   0x8a  Code  Gb  chassis.o [1]
chassis_status          0x2000'cb78   0x20  Data  Gb  chassis.o [1]
clock                   0x2000'cc48    0x8  Data  Gb  main.o [1]
clock_exe                0x800'4771   0x3c  Code  Gb  main.o [1]
cmd_add                  0x800'62cd   0x54  Code  Gb  cmd.o [1]
cmd_argv                0x2000'caac   0x30  Data  Gb  cmd.o [1]
cmd_chassis_move         0x800'7861   0x60  Code  Gb  cmd_func.o [1]
cmd_exec                 0x800'6281   0x2c  Code  Gb  cmd.o [1]
cmd_func_init            0x800'78c1  0x11e  Code  Gb  cmd_func.o [1]
cmd_gpio_all             0x800'75b9   0x40  Code  Gb  cmd_func.o [1]
cmd_gpio_cylinder        0x800'7569   0x24  Code  Gb  cmd_func.o [1]
cmd_gpio_infrared        0x800'75a3   0x16  Code  Gb  cmd_func.o [1]
cmd_gpio_magnet          0x800'7545   0x24  Code  Gb  cmd_func.o [1]
cmd_gpio_microswitch     0x800'758d   0x16  Code  Gb  cmd_func.o [1]
cmd_hello                0x800'728d   0x10  Code  Gb  cmd_func.o [1]
cmd_help_func            0x800'62b1   0x1c  Code  Gb  cmd.o [1]
cmd_init                 0x800'60d5   0x2e  Code  Gb  cmd.o [1]
cmd_kickball_auto        0x800'75f9   0x78  Code  Gb  cmd_func.o [1]
cmd_kickball_kick        0x800'7753   0x14  Code  Gb  cmd_func.o [1]
cmd_kickball_m2006       0x800'7671   0x30  Code  Gb  cmd_func.o [1]
cmd_kickball_prepare     0x800'770f   0x18  Code  Gb  cmd_func.o [1]
cmd_kickball_pull_magnet
                         0x800'7727   0x16  Code  Gb  cmd_func.o [1]
cmd_kickball_stop_magnet
                         0x800'773d   0x16  Code  Gb  cmd_func.o [1]
cmd_kickball_vesc        0x800'76a1   0x6e  Code  Gb  cmd_func.o [1]
cmd_laser_print_diatance
                         0x800'73f7    0xc  Code  Gb  cmd_func.o [1]
cmd_laser_print_pos      0x800'7403    0xc  Code  Gb  cmd_func.o [1]
cmd_m2006                0x800'741b   0x54  Code  Gb  cmd_func.o [1]
cmd_parse                0x800'6239   0x48  Code  Gb  cmd.o [1]
cmd_point_print_path     0x800'740f    0xc  Code  Gb  cmd_func.o [1]
cmd_table               0x2000'cc68    0x4  Data  Lc  cmd.o [1]
cmd_touchdown_auto       0x800'7767   0x42  Code  Gb  cmd_func.o [1]
cmd_touchdown_close      0x800'77f3   0x4a  Code  Gb  cmd_func.o [1]
cmd_touchdown_open       0x800'77a9   0x4a  Code  Gb  cmd_func.o [1]
cmd_touchdown_try        0x800'783d   0x24  Code  Gb  cmd_func.o [1]
cmd_vega_calibrate       0x800'73eb    0xc  Code  Gb  cmd_func.o [1]
cmd_vega_correct_pos     0x800'732f   0xbc  Code  Gb  cmd_func.o [1]
cmd_vega_print_pos       0x800'729d    0xc  Code  Gb  cmd_func.o [1]
cmd_vega_reset           0x800'7323    0xc  Code  Gb  cmd_func.o [1]
cmd_vega_set_position    0x800'72a9   0x7a  Code  Gb  cmd_func.o [1]
cmd_vesc                 0x800'746f   0xd6  Code  Gb  cmd_func.o [1]
cmpAtom                  0x800'8085    0xe  Code  Lc  hash.o [1]
comm_can_set_current     0x800'7e97   0x50  Code  Gb  vesc_can.o [1]
comm_can_set_duty        0x800'7e4b   0x4c  Code  Gb  vesc_can.o [1]
comm_can_set_rpm         0x800'7ee7   0x3e  Code  Gb  vesc_can.o [1]
comm_can_transmit_eid    0x800'7e2b   0x20  Code  Gb  vesc_can.o [1]
cylinder_state          0x2000'ccb0    0x4  Data  Gb  sensor_gpio.o [1]
ddiv                     0x800'892d   0xc8  Code  Lc  strto64.o [3]
delim                   0x2000'0004    0x4  Data  Lc  cmd.o [1]
digits                   0x800'8788   0x28  Data  Lc  iar_Stoulx.o [2]
dmul                     0x800'8861   0xca  Code  Lc  strto64.o [3]
exit                     0x800'986b    0x4  Code  Gb  exit.o [2]
flag                    0x2000'cb54   0x24  Data  Gb  main.o [1]
freeKeyAtom              0x800'8097    0x2  Code  Lc  hash.o [1]
gpio_cylinder            0x800'57fb   0x20  Code  Gb  sensor_gpio.o [1]
gpio_infrared            0x800'57cd    0xe  Code  Gb  sensor_gpio.o [1]
gpio_magnet              0x800'57db   0x20  Code  Gb  sensor_gpio.o [1]
gpio_microswitch         0x800'57c1    0xc  Code  Gb  sensor_gpio.o [1]
gpio_sensor_exe          0x800'581b   0x58  Code  Gb  sensor_gpio.o [1]
hadc1                   0x2000'c7cc   0x48  Data  Gb  adc.o [1]
hashAtom                 0x800'8093    0x4  Code  Lc  hash.o [1]
hashStr                  0x800'8099   0x26  Code  Gb  hash.o [1]
hash_id                  0x800'7dc1    0x4  Code  Lc  can_utils.o [1]
hcan1                   0x2000'cadc   0x28  Data  Gb  can.o [1]
hdma_adc1               0x2000'c414   0x60  Data  Gb  adc.o [1]
hdma_uart5_rx           0x2000'c474   0x60  Data  Gb  usart.o [1]
hdma_uart5_tx           0x2000'c4d4   0x60  Data  Gb  usart.o [1]
hdma_usart1_rx          0x2000'c534   0x60  Data  Gb  usart.o [1]
hdma_usart1_tx          0x2000'c594   0x60  Data  Gb  usart.o [1]
hdma_usart2_rx          0x2000'c5f4   0x60  Data  Gb  usart.o [1]
hdma_usart2_tx          0x2000'c654   0x60  Data  Gb  usart.o [1]
hdma_usart3_rx          0x2000'c6b4   0x60  Data  Gb  usart.o [1]
hdma_usart3_tx          0x2000'c714   0x60  Data  Gb  usart.o [1]
huart1                  0x2000'c9ac   0x40  Data  Gb  usart.o [1]
huart2                  0x2000'c9ec   0x40  Data  Gb  usart.o [1]
huart3                  0x2000'ca2c   0x40  Data  Gb  usart.o [1]
huart4                  0x2000'c92c   0x40  Data  Gb  usart.o [1]
huart5                  0x2000'c96c   0x40  Data  Gb  usart.o [1]
huart6                  0x2000'ca6c   0x40  Data  Gb  usart.o [1]
id_cmp                   0x800'7dc5   0x10  Code  Lc  can_utils.o [1]
inc                      0x800'48d1   0xe0  Code  Gb  main.o [1]
infrared_state          0x2000'0214    0x4  Data  Gb  sensor_gpio.o [1]
init_mparams             0x800'01a3   0x32  Code  Lc  dlmalloc.o [2]
init_top                 0x800'01d5   0x36  Code  Lc  dlmalloc.o [2]
isalpha                  0x800'930d   0x14  Code  Gb  isalpha.o [2]
isspace                  0x800'8de1   0x14  Code  Gb  isspace.o [2]
kal_adc_L               0x2000'0050   0x18  Data  Gb  karman.o [1]
kal_adc_R               0x2000'0068   0x18  Data  Gb  karman.o [1]
kal_adc_S               0x2000'0080   0x18  Data  Gb  karman.o [1]
kal_distance_L          0x2000'0008   0x18  Data  Gb  karman.o [1]
kal_distance_R          0x2000'0020   0x18  Data  Gb  karman.o [1]
kal_distance_S          0x2000'0038   0x18  Data  Gb  karman.o [1]
kick_current            0x2000'cca4    0x4  Data  Gb  motor_driver.o [1]
kickball_M2006_set_current
                         0x800'58a1    0x8  Code  Gb  kickball.o [1]
kickball_VESC_set_loosen_duty
                         0x800'58b5   0x16  Code  Gb  kickball.o [1]
kickball_VESC_set_pull_current
                         0x800'58cb   0x16  Code  Gb  kickball.o [1]
kickball_VESC_set_rpm    0x800'58a9    0xc  Code  Gb  kickball.o [1]
kickball_auto           0x2000'00c0    0x4  Data  Gb  kickball.o [1]
kickball_exe             0x800'5acd   0x30  Code  Gb  kickball.o [1]
kickball_five_score     0x2000'00ac   0x14  Data  Gb  kickball.o [1]
kickball_get_microswitch_status
                         0x800'58e7    0x6  Code  Gb  kickball.o [1]
kickball_kick_flag      0x2000'cc84    0x4  Data  Gb  kickball.o [1]
kickball_m2006_current  0x2000'0098    0x4  Data  Gb  kickball.o [1]
kickball_num            0x2000'cc90    0x4  Data  Gb  kickball.o [1]
kickball_prepare_flag   0x2000'cc7c    0x4  Data  Gb  kickball.o [1]
kickball_pull_magnet_flag
                        0x2000'cc88    0x4  Data  Gb  kickball.o [1]
kickball_ready_flag     0x2000'cc80    0x4  Data  Gb  kickball.o [1]
kickball_set_magnet_status
                         0x800'58e1    0x6  Code  Gb  kickball.o [1]
kickball_set_status      0x800'58ed   0x7c  Code  Gb  kickball.o [1]
kickball_state_machine   0x800'5969  0x164  Code  Gb  kickball.o [1]
kickball_status         0x2000'ccd0    0x1  Data  Gb  kickball.o [1]
kickball_stop_magnet_flag
                        0x2000'cc8c    0x4  Data  Gb  kickball.o [1]
kickball_vesc_lossen_duty
                        0x2000'009c    0x4  Data  Gb  kickball.o [1]
kickball_vesc_pull_current10
                        0x2000'00a4    0x4  Data  Gb  kickball.o [1]
kickball_vesc_pull_current20
                        0x2000'00a8    0x4  Data  Gb  kickball.o [1]
kickball_vesc_pull_current5
                        0x2000'00a0    0x4  Data  Gb  kickball.o [1]
laser_adc               0x2000'c1a4   0x78  Data  Gb  laser.o [1]
laser_adc_split          0x800'542f   0x36  Code  Gb  laser.o [1]
laser_calculate_angle    0x800'54e9    0x6  Code  Gb  laser.o [1]
laser_calculate_distance
                         0x800'5465   0x74  Code  Gb  laser.o [1]
laser_calculate_kb       0x800'53f9   0x36  Code  Gb  laser.o [1]
laser_calculate_x        0x800'54d9    0x6  Code  Gb  laser.o [1]
laser_calculate_y        0x800'54e1    0x6  Code  Gb  laser.o [1]
laser_exe                0x800'5561   0x64  Code  Gb  laser.o [1]
laser_init               0x800'54f1   0x70  Code  Gb  laser.o [1]
laser_left              0x2000'c814   0x48  Data  Gb  laser.o [1]
laser_print_distance     0x800'55c5   0x3a  Code  Gb  laser.o [1]
laser_print_pos          0x800'55ff   0x38  Code  Gb  laser.o [1]
laser_right             0x2000'c8a4   0x48  Data  Gb  laser.o [1]
laser_side              0x2000'c85c   0x48  Data  Gb  laser.o [1]
lcd_add                  0x800'56a1   0x38  Code  Gb  lcd.o [1]
lcd_exe                  0x800'56fd   0x8a  Code  Gb  lcd.o [1]
lcd_exe::now_num        0x2000'cc98    0x4  Data  Lc  lcd.o [1]
lcd_init                 0x800'56d9   0x24  Code  Gb  lcd.o [1]
lcd_msg                 0x2000'c014  0x190  Data  Gb  lcd.o [1]
lcd_msg_length          0x2000'cc94    0x4  Data  Lc  lcd.o [1]
ldexp                    0x800'28a5         Code  Gb  ldexp.o [3]
ldexpl                   0x800'28a5         Code  Gb  ldexp.o [3]
localeconv               0x800'2225    0x4  Code  Gb  xlocale_c.o [2]
m2006_exe                0x800'539d   0x48  Code  Gb  motor_driver.o [1]
magnet_state            0x2000'ccac    0x4  Data  Gb  sensor_gpio.o [1]
main                     0x800'47ad   0x82  Code  Gb  main.o [1]
memchr                   0x800'22f5         Code  Gb  memchr.o [4]
microswitch_state       0x2000'cca8    0x4  Data  Gb  sensor_gpio.o [1]
motor_init               0x800'534d    0x8  Code  Gb  motor_driver.o [1]
mparams                 0x2000'cbfc   0x18  Data  Lc  dlmalloc.o [2]
ndigs                    0x800'87b0   0x28  Data  Lc  iar_Stoulx.o [2]
pContainer              0x2000'00c4  0x150  Data  Gb  point_parser.o [1]
point_print_path         0x800'85c9   0x92  Code  Gb  point_parser.o [1]
points_pos1             0x2000'02bc  0xfa0  Data  Gb  point.o [1]
points_pos10            0x2000'8f5c  0xfa0  Data  Gb  point.o [1]
points_pos11            0x2000'9efc  0xfa0  Data  Gb  point.o [1]
points_pos12            0x2000'ae9c  0xfa0  Data  Gb  point.o [1]
points_pos2             0x2000'125c  0xfa0  Data  Gb  point.o [1]
points_pos3             0x2000'21fc  0xfa0  Data  Gb  point.o [1]
points_pos4             0x2000'319c  0xfa0  Data  Gb  point.o [1]
points_pos5             0x2000'413c  0xfa0  Data  Gb  point.o [1]
points_pos6             0x2000'50dc  0xfa0  Data  Gb  point.o [1]
points_pos7             0x2000'607c  0xfa0  Data  Gb  point.o [1]
points_pos8             0x2000'701c  0xfa0  Data  Gb  point.o [1]
points_pos9             0x2000'7fbc  0xfa0  Data  Gb  point.o [1]
posture                 0x2000'cbcc   0x18  Data  Lc  cmd.o [1]
pows                     0x800'8d98   0x48  Data  Lc  strto64.o [3]
prepend_alloc            0x800'020b  0x346  Code  Lc  dlmalloc.o [2]
print_buffer            0x2000'c21c   0x68  Data  Gb  cmd.o [1]
recive_id               0x2000'cc24   0x10  Data  Gb  configure.o [1]
robomaster_set_current   0x800'7f2d   0x68  Code  Gb  robomaster.o [1]
rx_buffer               0x2000'cc40    0x8  Data  Lc  can_utils.o [1]
rx_id                   0x2000'cc60    0x4  Data  Lc  can_utils.o [1]
scalbln                  0x800'28a5         Code  Gb  ldexp.o [3]
scalblnl                 0x800'28a5         Code  Gb  ldexp.o [3]
scalbn                   0x800'28a5         Code  Gb  ldexp.o [3]
scalbnl                  0x800'28a5         Code  Gb  ldexp.o [3]
scale                    0x800'19ab   0x46  Code  Lc  xprintffull.o [2]
sec_hand                0x2000'ccc8    0x4  Data  Lc  xfail_s.o [2]
segment_holding          0x800'0189   0x1a  Code  Lc  dlmalloc.o [2]
send_id                 0x2000'cc14   0x10  Data  Gb  configure.o [1]
simplelib_init           0x800'52c1   0x2a  Code  Gb  simplelib.o [1]
simplelib_run            0x800'52eb   0x24  Code  Gb  simplelib.o [1]
std_id                  0x2000'0000    0x4  Data  Gb  can_utils.o [1]
str_cmp                  0x800'638d   0x1c  Code  Lc  cmd.o [1]
strchr                   0x800'2231         Code  Gb  strchr.o [4]
strcmp                   0x800'8399         Code  Gb  strcmp.o [4]
strcpy                   0x800'8039         Code  Gb  strcpy.o [4]
strcspn                  0x800'883f   0x22  Code  Gb  strcspn.o [2]
strlen                   0x800'22a5         Code  Gb  strlen.o [4]
strspn                   0x800'881d   0x22  Code  Gb  strspn.o [2]
strtok                   0x800'8311   0x4c  Code  Gb  strtok.o [2]
sys_alloc                0x800'0749  0x164  Code  Lc  dlmalloc.o [2]
test_value              0x2000'cb2c   0x28  Data  Gb  main.o [1]
time_1ms_cnt            0x2000'cc9c    0x4  Data  Lc  main.o [1]
tmalloc_large            0x800'08b9  0x386  Code  Lc  dlmalloc.o [2]
tmalloc_small            0x800'0c3f  0x200  Code  Lc  dlmalloc.o [2]
tolower                  0x800'8df5   0x14  Code  Gb  tolower.o [2]
touchdown_auto_flag     0x2000'0228    0x4  Data  Gb  touchdown.o [1]
touchdown_close_current
                        0x2000'0224    0x4  Data  Gb  touchdown.o [1]
touchdown_current       0x2000'cca0    0x4  Data  Gb  motor_driver.o [1]
touchdown_cylinder_pull
                         0x800'5b55    0x8  Code  Gb  touchdown.o [1]
touchdown_cylinder_push
                         0x800'5b4d    0x8  Code  Gb  touchdown.o [1]
touchdown_exe            0x800'5c33   0x10  Code  Gb  touchdown.o [1]
touchdown_m2006_close    0x800'5b6f   0x12  Code  Gb  touchdown.o [1]
touchdown_m2006_open     0x800'5b5d   0x12  Code  Gb  touchdown.o [1]
touchdown_open_current  0x2000'0220    0x4  Data  Gb  touchdown.o [1]
touchdown_ready_flag    0x2000'ccb8    0x4  Data  Gb  touchdown.o [1]
touchdown_state_machine
                         0x800'5b81   0xb2  Code  Gb  touchdown.o [1]
touchdown_state_machine::time
                        0x2000'cc50    0x8  Data  Lc  touchdown.o [1]
touchdown_state_machine::waitingtime
                        0x2000'ccc0    0x4  Data  Lc  touchdown.o [1]
touchdown_status        0x2000'ccd1    0x1  Data  Lc  touchdown.o [1]
touchdown_try_flag      0x2000'ccbc    0x4  Data  Gb  touchdown.o [1]
uprintf                  0x800'6321   0x36  Code  Gb  cmd.o [1]
uprintf_to               0x800'6357   0x34  Code  Gb  cmd.o [1]
usart_DMA_init           0x800'6089   0x4c  Code  Gb  cmd.o [1]
usart_exc_DMA            0x800'6103   0x3e  Code  Gb  cmd.o [1]
usart_exc_DMA_vega       0x800'63c1   0xb2  Code  Gb  cmd.o [1]
uwTick                  0x2000'ccb4    0x4  Data  Gb  stm32f4xx_hal.o [1]
uwTickFreq              0x2000'02b8    0x1  Data  Gb  stm32f4xx_hal.o [1]
uwTickPrio              0x2000'0218    0x4  Data  Gb  stm32f4xx_hal.o [1]
vega_calibration         0x800'8401   0x1c  Code  Gb  vega.o [1]
vega_correct_pos         0x800'8487   0x60  Code  Gb  vega.o [1]
vega_in_coordinate      0x2000'022c    0xc  Data  Gb  vega.o [1]
vega_print_pos           0x800'84e7   0x3a  Code  Gb  vega.o [1]
vega_reset               0x800'841d   0x1c  Code  Gb  vega.o [1]
vega_set_position        0x800'8439   0x4e  Code  Gb  vega.o [1]
vesc                    0x2000'cbe4   0x18  Data  Gb  motor_driver.o [1]
vsec_exe                 0x800'5355   0x48  Code  Gb  motor_driver.o [1]
vsnprintf                0x800'835d   0x3c  Code  Gb  vsnprint.o [2]


[1] = E:\Robocon_Value\Chassis\EWARM\Chassis\Obj
[2] = dl7M_tlf.a
[3] = m7M_tls.a
[4] = rt7M_tl.a
[5] = shb_l.a

  38 496 bytes of readonly  code memory
   2 570 bytes of readonly  data memory
  61 135 bytes of readwrite data memory

Errors: none
Warnings: none
