###############################################################################
#
# IAR ELF Linker V8.30.1.114/W32 for ARM                  16/Dec/2019  22:32:25
# Copyright 2007-2018 IAR Systems AB.
#
#    Output file  =  E:\Robocon_Value\Chassis\EWARM\Chassis\Exe\Chassis.out
#    Map file     =  E:\Robocon_Value\Chassis\EWARM\Chassis\List\Chassis.map
#    Command line =  
#        -f C:\Users\DELL\AppData\Local\Temp\EW3766.tmp
#        (E:\Robocon_Value\Chassis\EWARM\Chassis\Obj\adc.o
#        E:\Robocon_Value\Chassis\EWARM\Chassis\Obj\can.o
#        E:\Robocon_Value\Chassis\EWARM\Chassis\Obj\can_func.o
#        E:\Robocon_Value\Chassis\EWARM\Chassis\Obj\can_utils.o
#        E:\Robocon_Value\Chassis\EWARM\Chassis\Obj\chassis.o
#        E:\Robocon_Value\Chassis\EWARM\Chassis\Obj\chassis_handle.o
#        E:\Robocon_Value\Chassis\EWARM\Chassis\Obj\cmd.o
#        E:\Robocon_Value\Chassis\EWARM\Chassis\Obj\cmd_func.o
#        E:\Robocon_Value\Chassis\EWARM\Chassis\Obj\configure.o
#        E:\Robocon_Value\Chassis\EWARM\Chassis\Obj\dma.o
#        E:\Robocon_Value\Chassis\EWARM\Chassis\Obj\flags.o
#        E:\Robocon_Value\Chassis\EWARM\Chassis\Obj\flash.o
#        E:\Robocon_Value\Chassis\EWARM\Chassis\Obj\gpio.o
#        E:\Robocon_Value\Chassis\EWARM\Chassis\Obj\hash.o
#        E:\Robocon_Value\Chassis\EWARM\Chassis\Obj\karman.o
#        E:\Robocon_Value\Chassis\EWARM\Chassis\Obj\kickball.o
#        E:\Robocon_Value\Chassis\EWARM\Chassis\Obj\laser.o
#        E:\Robocon_Value\Chassis\EWARM\Chassis\Obj\lcd.o
#        E:\Robocon_Value\Chassis\EWARM\Chassis\Obj\main.o
#        E:\Robocon_Value\Chassis\EWARM\Chassis\Obj\motor_driver.o
#        E:\Robocon_Value\Chassis\EWARM\Chassis\Obj\point.o
#        E:\Robocon_Value\Chassis\EWARM\Chassis\Obj\point_parser.o
#        E:\Robocon_Value\Chassis\EWARM\Chassis\Obj\robomaster.o
#        E:\Robocon_Value\Chassis\EWARM\Chassis\Obj\sensor_gpio.o
#        E:\Robocon_Value\Chassis\EWARM\Chassis\Obj\simplelib.o
#        E:\Robocon_Value\Chassis\EWARM\Chassis\Obj\startup_stm32f407xx.o
#        E:\Robocon_Value\Chassis\EWARM\Chassis\Obj\stm32f4xx_hal.o
#        E:\Robocon_Value\Chassis\EWARM\Chassis\Obj\stm32f4xx_hal_adc.o
#        E:\Robocon_Value\Chassis\EWARM\Chassis\Obj\stm32f4xx_hal_adc_ex.o
#        E:\Robocon_Value\Chassis\EWARM\Chassis\Obj\stm32f4xx_hal_can.o
#        E:\Robocon_Value\Chassis\EWARM\Chassis\Obj\stm32f4xx_hal_cortex.o
#        E:\Robocon_Value\Chassis\EWARM\Chassis\Obj\stm32f4xx_hal_dma.o
#        E:\Robocon_Value\Chassis\EWARM\Chassis\Obj\stm32f4xx_hal_dma_ex.o
#        E:\Robocon_Value\Chassis\EWARM\Chassis\Obj\stm32f4xx_hal_exti.o
#        E:\Robocon_Value\Chassis\EWARM\Chassis\Obj\stm32f4xx_hal_flash.o
#        E:\Robocon_Value\Chassis\EWARM\Chassis\Obj\stm32f4xx_hal_flash_ex.o
#        E:\Robocon_Value\Chassis\EWARM\Chassis\Obj\stm32f4xx_hal_flash_ramfunc.o
#        E:\Robocon_Value\Chassis\EWARM\Chassis\Obj\stm32f4xx_hal_gpio.o
#        E:\Robocon_Value\Chassis\EWARM\Chassis\Obj\stm32f4xx_hal_msp.o
#        E:\Robocon_Value\Chassis\EWARM\Chassis\Obj\stm32f4xx_hal_pwr.o
#        E:\Robocon_Value\Chassis\EWARM\Chassis\Obj\stm32f4xx_hal_pwr_ex.o
#        E:\Robocon_Value\Chassis\EWARM\Chassis\Obj\stm32f4xx_hal_rcc.o
#        E:\Robocon_Value\Chassis\EWARM\Chassis\Obj\stm32f4xx_hal_rcc_ex.o
#        E:\Robocon_Value\Chassis\EWARM\Chassis\Obj\stm32f4xx_hal_tim.o
#        E:\Robocon_Value\Chassis\EWARM\Chassis\Obj\stm32f4xx_hal_tim_ex.o
#        E:\Robocon_Value\Chassis\EWARM\Chassis\Obj\stm32f4xx_hal_uart.o
#        E:\Robocon_Value\Chassis\EWARM\Chassis\Obj\stm32f4xx_it.o
#        E:\Robocon_Value\Chassis\EWARM\Chassis\Obj\stmflash.o
#        E:\Robocon_Value\Chassis\EWARM\Chassis\Obj\sys.o
#        E:\Robocon_Value\Chassis\EWARM\Chassis\Obj\system_stm32f4xx.o
#        E:\Robocon_Value\Chassis\EWARM\Chassis\Obj\touchdown.o
#        E:\Robocon_Value\Chassis\EWARM\Chassis\Obj\usart.o
#        E:\Robocon_Value\Chassis\EWARM\Chassis\Obj\utils.o
#        E:\Robocon_Value\Chassis\EWARM\Chassis\Obj\vec.o
#        E:\Robocon_Value\Chassis\EWARM\Chassis\Obj\vega.o
#        E:\Robocon_Value\Chassis\EWARM\Chassis\Obj\vesc_can.o --redirect
#        _Printf=_PrintfFull --redirect _Scanf=_ScanfFull --no_out_extension -o
#        E:\Robocon_Value\Chassis\EWARM\Chassis\Exe\Chassis.out --map
#        E:\Robocon_Value\Chassis\EWARM\Chassis\List\Chassis.map --config
#        E:\Robocon_Value\Chassis\EWARM/stm32f407xx_flash.icf --semihosting
#        --entry __iar_program_start --vfe --text_out locale)
#
###############################################################################

*******************************************************************************
*** RUNTIME MODEL ATTRIBUTES
***

CppFlavor       = *
__Heap_Handler  = DLMalloc
__SystemLibrary = DLib
__dlib_version  = 6


*******************************************************************************
*** HEAP SELECTION
***

The advanced heap was selected because the application calls memory
allocation functions outside of system library functions, and there
are calls to deallocation functions in the application.


*******************************************************************************
*** PLACEMENT SUMMARY
***

"A0":  place at 0x800'0000 { ro section .intvec };
"P1":  place in [from 0x800'0000 to 0x80f'ffff] { ro };
define block CSTACK with size = 4608, alignment = 8 { };
define block HEAP with size = 4K, alignment = 8 { };
"P2":  place in [from 0x2000'0000 to 0x2001'ffff] {
          rw, block CSTACK, block HEAP };
initialize by copy { rw };

  Section            Kind         Address    Size  Object
  -------            ----         -------    ----  ------
"A0":                                       0x188
  .intvec            ro code   0x800'0000   0x188  startup_stm32f407xx.o [1]
                             - 0x800'0188   0x188

"P1":                                      0x9679
  .text              ro code   0x800'0188   0xf80  dlmalloc.o [2]
  .text              ro code   0x800'1108     0x6  abort.o [2]
  .text              ro code   0x800'110e    0x7a  lz77_init_single.o [4]
  .text              ro code   0x800'1188    0x2c  xgetmemchunk.o [2]
  .text              ro code   0x800'11b4    0x14  exit.o [5]
  .text              ro code   0x800'11c8   0xf7a  xprintffull.o [2]
  .text              ro code   0x800'2142    0x3a  zero_init3.o [4]
  .text              ro code   0x800'217c    0xb4  xlocale_c.o [2]
  .text              ro code   0x800'2230    0x16  strchr.o [4]
  .text              ro code   0x800'2246    0x1e  xencoding_8859_1.o [2]
  .text              ro code   0x800'2264    0x40  xfail_s.o [2]
  .text              ro code   0x800'22a4    0x36  strlen.o [4]
  .text              ro code   0x800'22da    0x1a  xsnprout.o [2]
  .text              ro code   0x800'22f4    0x58  memchr.o [4]
  .text              ro code   0x800'234c     0xa  xmbcurmax.o [2]
  .text              ro code   0x800'2358    0xa6  ABImemcpy.o [4]
  .text              ro code   0x800'2400   0x230  I64DivMod.o [4]
  .text              ro code   0x800'2630   0x1a2  DblMul.o [3]
  .text              ro code   0x800'27d4    0x70  frexp.o [3]
  .text              ro code   0x800'2844    0x2e  DblCmpLe.o [3]
  .text              ro code   0x800'2874    0x2e  DblCmpGe.o [3]
  .text              ro code   0x800'28a4   0x13a  ldexp.o [3]
  .text              ro code   0x800'29e0    0x3a  DblToS32.o [3]
  .text              ro code   0x800'2a1c    0x22  S32ToDbl.o [3]
  .text              ro code   0x800'2a40    0xe2  DblSub.o [3]
  .text              ro code   0x800'2b24   0x246  DblDiv.o [3]
  .text              ro code   0x800'2d6c    0x28  DblToU32.o [3]
  .text              ro code   0x800'2d94    0x1a  U32ToDbl.o [3]
  .text              ro code   0x800'2db0     0x2  I64DivZer.o [4]
  .text              ro code   0x800'2db4   0x17a  DblAdd.o [3]
  .text              ro code   0x800'2f30   0xa38  stm32f4xx_hal_uart.o [1]
  .text              ro code   0x800'3968   0x67c  usart.o [1]
  .text              ro code   0x800'3fe4     0xc  stm32f4xx_hal.o [1]
  .text              ro code   0x800'3ff0   0x550  stm32f4xx_hal_dma.o [1]
  .text              ro code   0x800'4540     0x2  stm32f4xx_hal_uart.o [1]
  .text              ro code   0x800'4542     0x2  stm32f4xx_hal_uart.o [1]
  .text              ro code   0x800'4544     0x2  stm32f4xx_hal_uart.o [1]
  .text              ro code   0x800'4546     0x2  stm32f4xx_hal_uart.o [1]
  .text              ro code   0x800'4548     0x2  stm32f4xx_hal_uart.o [1]
  .text              ro code   0x800'454c   0x224  stm32f4xx_hal_rcc.o [1]
  .text              ro code   0x800'4770   0x24e  main.o [1]
  .text              ro code   0x800'49c0     0x6  ABImemclr4.o [4]
  .text              ro code   0x800'49c8   0x29c  stm32f4xx_hal_gpio.o [1]
  .text              ro code   0x800'4c64   0x158  stm32f4xx_hal_cortex.o [1]
  .text              ro code   0x800'4dbc    0x4c  stm32f4xx_hal.o [1]
  .text              ro code   0x800'4e08    0x34  stm32f4xx_hal.o [1]
  .text              ro code   0x800'4e3c   0x168  gpio.o [1]
  .text              ro code   0x800'4fa4    0xc8  dma.o [1]
  .text              ro code   0x800'506c   0x130  adc.o [1]
  .text              ro code   0x800'519c    0xd4  can.o [1]
  .text              ro code   0x800'5270    0x5c  simplelib.o [1]
  .text              ro code   0x800'52cc    0x34  configure.o [1]
  .text              ro code   0x800'5300    0xac  motor_driver.o [1]
  .text              ro code   0x800'53ac   0x1a4  laser.o [1]
  .text              ro code   0x800'5550   0x120  lcd.o [1]
  .text              ro code   0x800'5670    0xe0  sensor_gpio.o [1]
  .text              ro code   0x800'5750   0x28c  kickball.o [1]
  .text              ro code   0x800'59dc    0xc0  touchdown.o [1]
  .text              ro code   0x800'5a9c   0x380  stm32f4xx_hal_rcc.o [1]
  .text              ro code   0x800'5e1c   0x444  cmd.o [1]
  .text              ro code   0x800'6260    0x32  ABImemset48.o [4]
  .text              ro code   0x800'6294    0x40  stm32f4xx_hal_msp.o [1]
  .text              ro code   0x800'62d4   0x56e  stm32f4xx_hal_adc.o [1]
  .text              ro code   0x800'6844   0x7dc  stm32f4xx_hal_can.o [1]
  .text              ro code   0x800'7020   0x5a4  cmd_func.o [1]
  .text              ro code   0x800'75c4   0x22a  can_utils.o [1]
  .text              ro code   0x800'77f0    0x20  can_func.o [1]
  .text              ro code   0x800'7810   0x134  vesc_can.o [1]
  .text              ro code   0x800'7944    0x6a  robomaster.o [1]
  .text              ro code   0x800'79b0    0x48  FltToDbl.o [3]
  .text              ro code   0x800'79f8    0x4c  strcpy.o [4]
  .text              ro code   0x800'7a44   0x224  hash.o [1]
  .text              ro code   0x800'7c68    0x66  ABImemset.o [4]
  .text              ro code   0x800'7cd0    0x4c  strtok.o [2]
  .text              ro code   0x800'7d1c    0x3c  vsnprint.o [2]
  .text              ro code   0x800'7d58    0x4a  strcmp.o [4]
  .text              ro code   0x800'7da2     0x2  stm32f4xx_hal_adc.o [1]
  .text              ro code   0x800'7da4     0x2  stm32f4xx_hal_adc.o [1]
  .text              ro code   0x800'7da6     0x2  stm32f4xx_hal_adc.o [1]
  .text              ro code   0x800'7da8     0x2  stm32f4xx_hal_can.o [1]
  .text              ro code   0x800'7daa     0x2  stm32f4xx_hal_can.o [1]
  .text              ro code   0x800'7dac     0x2  stm32f4xx_hal_can.o [1]
  .text              ro code   0x800'7dae     0x2  stm32f4xx_hal_can.o [1]
  .text              ro code   0x800'7db0     0x2  stm32f4xx_hal_can.o [1]
  .text              ro code   0x800'7db2     0x2  stm32f4xx_hal_can.o [1]
  .text              ro code   0x800'7db4     0x2  stm32f4xx_hal_can.o [1]
  .text              ro code   0x800'7db6     0x2  stm32f4xx_hal_can.o [1]
  .text              ro code   0x800'7db8     0x2  stm32f4xx_hal_can.o [1]
  .text              ro code   0x800'7dba     0x2  stm32f4xx_hal_can.o [1]
  .text              ro code   0x800'7dbc     0x2  stm32f4xx_hal_can.o [1]
  .text              ro code   0x800'7dc0   0x150  vega.o [1]
  .text              ro code   0x800'7f10     0xe  math_wrappers64.o [3]
  .text              ro code   0x800'7f20    0x68  DblToFlt.o [3]
  .text              ro code   0x800'7f88    0x9c  point_parser.o [1]
  .text              ro code   0x800'8024   0x174  iar_Stoulx.o [2]
  .text              ro code   0x800'8198    0x20  DblCmpEq.o [3]
  .text              ro code   0x800'81b8    0x24  ABIassert.o [5]
  .text              ro code   0x800'81dc    0x22  strspn.o [2]
  .text              ro code   0x800'81fe    0x22  strcspn.o [2]
  .text              ro code   0x800'8220   0x580  strto64.o [3]
  .text              ro code   0x800'87a0    0x14  isspace.o [2]
  .text              ro code   0x800'87b4    0x14  tolower.o [2]
  .text              ro code   0x800'87c8   0x122  iar_Stopfx.o [2]
  .text              ro code   0x800'88ec   0x1c4  iar_Stoflt.o [2]
  .text              ro code   0x800'8ab0   0x21c  iar_Stoxflt.o [2]
  .text              ro code   0x800'8ccc    0x14  isalpha.o [2]
  .text              ro code   0x800'8ce0   0x124  stm32f4xx_it.o [1]
  .text              ro code   0x800'8e04    0x18  stm32f4xx_hal.o [1]
  .text              ro code   0x800'8e1c    0x60  system_stm32f4xx.o [1]
  .rodata            const     0x800'8e7c    0x30  hash.o [1]
  .rodata            const     0x800'8eac    0x28  cmd_func.o [1]
  .rodata            const     0x800'8ed4    0x28  vega.o [1]
  .text              ro code   0x800'8efc    0x28  data_init.o [4]
  .rodata            const     0x800'8f24    0x24  cmd_func.o [1]
  .rodata            const     0x800'8f48    0x24  cmd_func.o [1]
  .text              ro code   0x800'8f6c    0x22  fpinit_M.o [3]
  .iar.init_table    const     0x800'8f90    0x20  - Linker created -
  .rodata            const     0x800'8fb0    0x20  cmd_func.o [1]
  .rodata            const     0x800'8fd0    0x20  hash.o [1]
  .rodata            const     0x800'8ff0    0x20  kickball.o [1]
  .rodata            const     0x800'9010    0x20  sensor_gpio.o [1]
  .rodata            const     0x800'9030    0x20  sensor_gpio.o [1]
  .rodata            const     0x800'9050    0x20  sensor_gpio.o [1]
  .rodata            const     0x800'9070    0x20  vega.o [1]
  .rodata            const     0x800'9090    0x20  vega.o [1]
  .text              ro code   0x800'90b0    0x1e  cmain.o [4]
  .text              ro code   0x800'90ce     0x4  low_level_init.o [2]
  .text              ro code   0x800'90d2     0x4  exit.o [2]
  .text              ro code   0x800'90d8     0xa  cexit.o [4]
  .rodata            const     0x800'90e4    0x1c  cmd_func.o [1]
  .rodata            const     0x800'9100    0x1c  cmd_func.o [1]
  .rodata            const     0x800'911c    0x1c  cmd_func.o [1]
  .rodata            const     0x800'9138    0x1c  cmd_func.o [1]
  .rodata            const     0x800'9154    0x1c  cmd_func.o [1]
  .rodata            const     0x800'9170    0x1c  cmd_func.o [1]
  .rodata            const     0x800'918c    0x1c  cmd_func.o [1]
  .rodata            const     0x800'91a8    0x1c  lcd.o [1]
  .rodata            const     0x800'91c4    0x1c  sensor_gpio.o [1]
  .rodata            const     0x800'91e0    0x1c  vega.o [1]
  .rodata            const     0x800'91fc    0x18  cmd_func.o [1]
  .rodata            const     0x800'9214    0x18  cmd_func.o [1]
  .rodata            const     0x800'922c    0x18  cmd_func.o [1]
  .rodata            const     0x800'9244    0x18  cmd_func.o [1]
  .rodata            const     0x800'925c    0x18  cmd_func.o [1]
  .rodata            const     0x800'9274    0x18  cmd_func.o [1]
  .rodata            const     0x800'928c    0x18  cmd_func.o [1]
  .rodata            const     0x800'92a4    0x18  cmd_func.o [1]
  .rodata            const     0x800'92bc    0x18  laser.o [1]
  .rodata            const     0x800'92d4    0x18  laser.o [1]
  .rodata            const     0x800'92ec    0x18  simplelib.o [1]
  .rodata            const     0x800'9304    0x18  vega.o [1]
  .rodata            const     0x800'931c    0x14  cmd_func.o [1]
  .rodata            const     0x800'9330    0x14  cmd_func.o [1]
  .rodata            const     0x800'9344    0x14  cmd_func.o [1]
  .rodata            const     0x800'9358    0x14  cmd_func.o [1]
  .rodata            const     0x800'936c    0x14  cmd_func.o [1]
  .rodata            const     0x800'9380    0x14  cmd_func.o [1]
  .rodata            const     0x800'9394    0x14  cmd_func.o [1]
  .rodata            const     0x800'93a8    0x14  cmd_func.o [1]
  .rodata            const     0x800'93bc    0x14  cmd_func.o [1]
  .rodata            const     0x800'93d0    0x14  main.o [1]
  .rodata            const     0x800'93e4    0x10  cmd.o [1]
  .rodata            const     0x800'93f4    0x10  cmd.o [1]
  .rodata            const     0x800'9404    0x10  cmd_func.o [1]
  .rodata            const     0x800'9414    0x10  cmd_func.o [1]
  .rodata            const     0x800'9424    0x10  cmd_func.o [1]
  .rodata            const     0x800'9434    0x10  cmd_func.o [1]
  .rodata            const     0x800'9444    0x10  cmd_func.o [1]
  .rodata            const     0x800'9454    0x10  cmd_func.o [1]
  .rodata            const     0x800'9464    0x10  cmd_func.o [1]
  .rodata            const     0x800'9474    0x10  cmd_func.o [1]
  .rodata            const     0x800'9484    0x10  cmd_func.o [1]
  .rodata            const     0x800'9494    0x10  cmd_func.o [1]
  .rodata            const     0x800'94a4    0x10  cmd_func.o [1]
  .rodata            const     0x800'94b4    0x10  laser.o [1]
  .rodata            const     0x800'94c4    0x10  laser.o [1]
  .rodata            const     0x800'94d4    0x10  laser.o [1]
  .rodata            const     0x800'94e4    0x10  laser.o [1]
  .rodata            const     0x800'94f4    0x10  laser.o [1]
  .rodata            const     0x800'9504    0x10  system_stm32f4xx.o [1]
  .text              ro code   0x800'9514    0x10  startup_stm32f407xx.o [1]
  .rodata            const     0x800'9524     0xc  can_func.o [1]
  .rodata            const     0x800'9530     0xc  cmd.o [1]
  .rodata            const     0x800'953c     0xc  cmd_func.o [1]
  .rodata            const     0x800'9548     0xc  cmd_func.o [1]
  .rodata            const     0x800'9554     0xc  cmd_func.o [1]
  .rodata            const     0x800'9560     0xc  cmd_func.o [1]
  .rodata            const     0x800'956c     0xc  hash.o [1]
  .rodata            const     0x800'9578     0xc  laser.o [1]
  .rodata            const     0x800'9584     0xc  point_parser.o [1]
  .text              ro code   0x800'9590     0xc  cstartup_M.o [4]
  .rodata            const     0x800'959c     0x8  cmd.o [1]
  .rodata            const     0x800'95a4     0x8  cmd.o [1]
  .rodata            const     0x800'95ac     0x8  cmd.o [1]
  .rodata            const     0x800'95b4     0x8  cmd_func.o [1]
  .rodata            const     0x800'95bc     0x8  hash.o [1]
  .rodata            const     0x800'95c4     0x8  laser.o [1]
  .rodata            const     0x800'95cc     0x8  laser.o [1]
  .rodata            const     0x800'95d4     0x8  stm32f4xx_hal_dma.o [1]
  .rodata            const     0x800'95dc     0x8  system_stm32f4xx.o [1]
  .rodata            const     0x800'95e4     0x8  vega.o [1]
  .rodata            const     0x800'95ec     0x8  vega.o [1]
  .rodata            const     0x800'95f4     0x6  xlocale_c.o [2]
  .text              ro code   0x800'95fa     0x4  startup_stm32f407xx.o [1]
  .text              ro code   0x800'95fe     0x4  startup_stm32f407xx.o [1]
  .text              ro code   0x800'9602     0x4  startup_stm32f407xx.o [1]
  .text              ro code   0x800'9606     0x4  startup_stm32f407xx.o [1]
  .text              ro code   0x800'960a     0x4  startup_stm32f407xx.o [1]
  .text              ro code   0x800'960e     0x4  startup_stm32f407xx.o [1]
  .text              ro code   0x800'9612     0x4  startup_stm32f407xx.o [1]
  .text              ro code   0x800'9616     0x4  startup_stm32f407xx.o [1]
  .text              ro code   0x800'961a     0x4  startup_stm32f407xx.o [1]
  .text              ro code   0x800'961e     0x4  startup_stm32f407xx.o [1]
  .text              ro code   0x800'9622     0x4  startup_stm32f407xx.o [1]
  .text              ro code   0x800'9626     0x4  startup_stm32f407xx.o [1]
  .text              ro code   0x800'962a     0x4  startup_stm32f407xx.o [1]
  .text              ro code   0x800'962e     0x4  startup_stm32f407xx.o [1]
  .text              ro code   0x800'9632     0x4  startup_stm32f407xx.o [1]
  .text              ro code   0x800'9636     0x4  startup_stm32f407xx.o [1]
  .text              ro code   0x800'963a     0x4  startup_stm32f407xx.o [1]
  .text              ro code   0x800'963e     0x4  startup_stm32f407xx.o [1]
  .text              ro code   0x800'9642     0x4  startup_stm32f407xx.o [1]
  .text              ro code   0x800'9646     0x4  startup_stm32f407xx.o [1]
  .text              ro code   0x800'964a     0x4  startup_stm32f407xx.o [1]
  .text              ro code   0x800'964e     0x4  startup_stm32f407xx.o [1]
  .text              ro code   0x800'9652     0x4  startup_stm32f407xx.o [1]
  .text              ro code   0x800'9656     0x4  startup_stm32f407xx.o [1]
  .text              ro code   0x800'965a     0x4  startup_stm32f407xx.o [1]
  .text              ro code   0x800'965e     0x4  startup_stm32f407xx.o [1]
  .text              ro code   0x800'9662     0x4  startup_stm32f407xx.o [1]
  .text              ro code   0x800'9666     0x4  startup_stm32f407xx.o [1]
  .text              ro code   0x800'966a     0x4  startup_stm32f407xx.o [1]
  .text              ro code   0x800'966e     0x4  startup_stm32f407xx.o [1]
  .text              ro code   0x800'9672     0x4  startup_stm32f407xx.o [1]
  .text              ro code   0x800'9676     0x4  startup_stm32f407xx.o [1]
  .text              ro code   0x800'967a     0x4  startup_stm32f407xx.o [1]
  .text              ro code   0x800'967e     0x4  startup_stm32f407xx.o [1]
  .text              ro code   0x800'9682     0x4  startup_stm32f407xx.o [1]
  .text              ro code   0x800'9686     0x4  startup_stm32f407xx.o [1]
  .text              ro code   0x800'968a     0x4  startup_stm32f407xx.o [1]
  .text              ro code   0x800'968e     0x4  startup_stm32f407xx.o [1]
  .text              ro code   0x800'9692     0x4  startup_stm32f407xx.o [1]
  .text              ro code   0x800'9696     0x4  startup_stm32f407xx.o [1]
  .text              ro code   0x800'969a     0x4  startup_stm32f407xx.o [1]
  .text              ro code   0x800'969e     0x4  startup_stm32f407xx.o [1]
  .text              ro code   0x800'96a2     0x4  startup_stm32f407xx.o [1]
  .text              ro code   0x800'96a6     0x4  startup_stm32f407xx.o [1]
  .text              ro code   0x800'96aa     0x4  startup_stm32f407xx.o [1]
  .text              ro code   0x800'96ae     0x4  startup_stm32f407xx.o [1]
  .text              ro code   0x800'96b2     0x4  startup_stm32f407xx.o [1]
  .text              ro code   0x800'96b6     0x4  startup_stm32f407xx.o [1]
  .text              ro code   0x800'96ba     0x4  startup_stm32f407xx.o [1]
  .text              ro code   0x800'96be     0x4  startup_stm32f407xx.o [1]
  .text              ro code   0x800'96c2     0x4  startup_stm32f407xx.o [1]
  .text              ro code   0x800'96c6     0x4  startup_stm32f407xx.o [1]
  .text              ro code   0x800'96ca     0x4  startup_stm32f407xx.o [1]
  .text              ro code   0x800'96ce     0x4  startup_stm32f407xx.o [1]
  .text              ro code   0x800'96d2     0x4  startup_stm32f407xx.o [1]
  .text              ro code   0x800'96d6     0x4  startup_stm32f407xx.o [1]
  .text              ro code   0x800'96da     0x4  startup_stm32f407xx.o [1]
  .text              ro code   0x800'96de     0x4  startup_stm32f407xx.o [1]
  .text              ro code   0x800'96e2     0x4  startup_stm32f407xx.o [1]
  .text              ro code   0x800'96e6     0x4  startup_stm32f407xx.o [1]
  .text              ro code   0x800'96ea     0x4  startup_stm32f407xx.o [1]
  .text              ro code   0x800'96ee     0x4  startup_stm32f407xx.o [1]
  .text              ro code   0x800'96f2     0x4  startup_stm32f407xx.o [1]
  .text              ro code   0x800'96f6     0x4  startup_stm32f407xx.o [1]
  .text              ro code   0x800'96fa     0x4  startup_stm32f407xx.o [1]
  .text              ro code   0x800'96fe     0x4  startup_stm32f407xx.o [1]
  .text              ro code   0x800'9702     0x4  startup_stm32f407xx.o [1]
  .rodata            const     0x800'9706     0x0  zero_init3.o [4]
  .rodata            const     0x800'9706     0x0  lz77_init_single.o [4]
  Initializer bytes  const     0x800'9706    0xfb  <for P2-1>
                             - 0x800'9801  0x9679

"P2", part 1 of 3:                          0x21d
  P2-1                        0x2000'0000   0x21d  <Init block>
    .data            inited   0x2000'0000     0x4  can_utils.o [1]
    .data            inited   0x2000'0004     0x4  cmd.o [1]
    .data            inited   0x2000'0008     0x4  kickball.o [1]
    .data            inited   0x2000'000c     0x4  kickball.o [1]
    .data            inited   0x2000'0010     0x4  kickball.o [1]
    .data            inited   0x2000'0014     0x4  kickball.o [1]
    .data            inited   0x2000'0018     0x4  kickball.o [1]
    .data            inited   0x2000'001c    0x14  kickball.o [1]
    .data            inited   0x2000'0030     0x4  kickball.o [1]
    .data            inited   0x2000'0034   0x150  point_parser.o [1]
    .data            inited   0x2000'0184     0x4  sensor_gpio.o [1]
    .data            inited   0x2000'0188     0x4  stm32f4xx_hal.o [1]
    .data            inited   0x2000'018c     0x4  system_stm32f4xx.o [1]
    .data            inited   0x2000'0190     0xc  vega.o [1]
    .data            inited   0x2000'019c    0x38  xlocale_c.o [2]
    .data            inited   0x2000'01d4    0x48  xlocale_c.o [2]
    .data            inited   0x2000'021c     0x1  stm32f4xx_hal.o [1]
                            - 0x2000'021d   0x21d

"P2", part 2 of 3:                         0xc9e0
  .bss               zero     0x2000'0220   0xfa0  point.o [1]
  .bss               zero     0x2000'11c0   0xfa0  point.o [1]
  .bss               zero     0x2000'2160   0xfa0  point.o [1]
  .bss               zero     0x2000'3100   0xfa0  point.o [1]
  .bss               zero     0x2000'40a0   0xfa0  point.o [1]
  .bss               zero     0x2000'5040   0xfa0  point.o [1]
  .bss               zero     0x2000'5fe0   0xfa0  point.o [1]
  .bss               zero     0x2000'6f80   0xfa0  point.o [1]
  .bss               zero     0x2000'7f20   0xfa0  point.o [1]
  .bss               zero     0x2000'8ec0   0xfa0  point.o [1]
  .bss               zero     0x2000'9e60   0xfa0  point.o [1]
  .bss               zero     0x2000'ae00   0xfa0  point.o [1]
  .bss               zero     0x2000'bda0   0x1d8  dlmalloc.o [2]
  .bss               zero     0x2000'bf78   0x190  lcd.o [1]
  .bss               zero     0x2000'c108    0x78  laser.o [1]
  .bss               zero     0x2000'c180    0x68  cmd.o [1]
  .bss               zero     0x2000'c1e8    0x64  cmd.o [1]
  .bss               zero     0x2000'c24c    0x64  cmd.o [1]
  .bss               zero     0x2000'c2b0    0x64  cmd.o [1]
  .bss               zero     0x2000'c314    0x64  cmd.o [1]
  .bss               zero     0x2000'c378    0x60  adc.o [1]
  .bss               zero     0x2000'c3d8    0x60  usart.o [1]
  .bss               zero     0x2000'c438    0x60  usart.o [1]
  .bss               zero     0x2000'c498    0x60  usart.o [1]
  .bss               zero     0x2000'c4f8    0x60  usart.o [1]
  .bss               zero     0x2000'c558    0x60  usart.o [1]
  .bss               zero     0x2000'c5b8    0x60  usart.o [1]
  .bss               zero     0x2000'c618    0x60  usart.o [1]
  .bss               zero     0x2000'c678    0x60  usart.o [1]
  .bss               zero     0x2000'c6d8    0x58  chassis.o [1]
  .bss               zero     0x2000'c730    0x48  adc.o [1]
  .bss               zero     0x2000'c778    0x48  laser.o [1]
  .bss               zero     0x2000'c7c0    0x48  laser.o [1]
  .bss               zero     0x2000'c808    0x48  laser.o [1]
  .bss               zero     0x2000'c850    0x40  cmd.o [1]
  .bss               zero     0x2000'c890    0x40  usart.o [1]
  .bss               zero     0x2000'c8d0    0x40  usart.o [1]
  .bss               zero     0x2000'c910    0x40  usart.o [1]
  .bss               zero     0x2000'c950    0x40  usart.o [1]
  .bss               zero     0x2000'c990    0x40  usart.o [1]
  .bss               zero     0x2000'c9d0    0x40  usart.o [1]
  .bss               zero     0x2000'ca10    0x30  cmd.o [1]
  .bss               zero     0x2000'ca40    0x28  can.o [1]
  .bss               zero     0x2000'ca68    0x28  can_utils.o [1]
  .bss               zero     0x2000'ca90    0x24  main.o [1]
  .bss               zero     0x2000'cab4    0x20  chassis.o [1]
  .bss               zero     0x2000'cad4    0x1c  can_utils.o [1]
  .bss               zero     0x2000'caf0    0x18  can_utils.o [1]
  .bss               zero     0x2000'cb08    0x18  cmd.o [1]
  .bss               zero     0x2000'cb20    0x18  motor_driver.o [1]
  .bss               zero     0x2000'cb38    0x18  dlmalloc.o [2]
  .bss               zero     0x2000'cb50    0x10  configure.o [1]
  .bss               zero     0x2000'cb60    0x10  configure.o [1]
  .bss               zero     0x2000'cb70     0x8  can_utils.o [1]
  .bss               zero     0x2000'cb78     0x8  can_utils.o [1]
  .bss               zero     0x2000'cb80     0x4  can_utils.o [1]
  .bss               zero     0x2000'cb84     0x4  can_utils.o [1]
  .bss               zero     0x2000'cb88     0x4  can_utils.o [1]
  .bss               zero     0x2000'cb8c     0x4  can_utils.o [1]
  .bss               zero     0x2000'cb90     0x4  cmd.o [1]
  .bss               zero     0x2000'cb94     0x4  cmd.o [1]
  .bss               zero     0x2000'cb98     0x4  cmd.o [1]
  .bss               zero     0x2000'cb9c     0x4  flags.o [1]
  .bss               zero     0x2000'cba0     0x4  flags.o [1]
  .bss               zero     0x2000'cba4     0x4  kickball.o [1]
  .bss               zero     0x2000'cba8     0x4  kickball.o [1]
  .bss               zero     0x2000'cbac     0x4  kickball.o [1]
  .bss               zero     0x2000'cbb0     0x4  kickball.o [1]
  .bss               zero     0x2000'cbb4     0x4  kickball.o [1]
  .bss               zero     0x2000'cbb8     0x4  kickball.o [1]
  .bss               zero     0x2000'cbbc     0x4  lcd.o [1]
  .bss               zero     0x2000'cbc0     0x4  lcd.o [1]
  .bss               zero     0x2000'cbc4     0x4  main.o [1]
  .bss               zero     0x2000'cbc8     0x4  motor_driver.o [1]
  .bss               zero     0x2000'cbcc     0x4  motor_driver.o [1]
  .bss               zero     0x2000'cbd0     0x4  sensor_gpio.o [1]
  .bss               zero     0x2000'cbd4     0x4  sensor_gpio.o [1]
  .bss               zero     0x2000'cbd8     0x4  sensor_gpio.o [1]
  .bss               zero     0x2000'cbdc     0x4  stm32f4xx_hal.o [1]
  .bss               zero     0x2000'cbe0     0x4  touchdown.o [1]
  .bss               zero     0x2000'cbe4     0x4  touchdown.o [1]
  .bss               zero     0x2000'cbe8     0x4  touchdown.o [1]
  .bss               zero     0x2000'cbec     0x4  touchdown.o [1]
  .bss               zero     0x2000'cbf0     0x4  strtok.o [2]
  .bss               zero     0x2000'cbf4     0x4  xfail_s.o [2]
  .bss               zero     0x2000'cbf8     0x4  xgetmemchunk.o [2]
  .bss               zero     0x2000'cbfc     0x2  main.o [1]
  .bss               zero     0x2000'cbfe     0x1  kickball.o [1]
  .bss               zero     0x2000'cbff     0x1  touchdown.o [1]
                            - 0x2000'cc00  0xc9e0

"P2", part 3 of 3:                         0x2200
  CSTACK                      0x2000'cc00  0x1200  <Block>
    CSTACK           uninit   0x2000'cc00  0x1200  <Block tail>
  HEAP                        0x2000'de00  0x1000  <Block>
    HEAP             uninit   0x2000'de00  0x1000  <Block tail>
                            - 0x2000'ee00  0x2200

Unused ranges:

         From           To      Size
         ----           --      ----
   0x800'9801   0x80f'ffff  0xf'67ff
  0x2000'021d  0x2000'021f       0x3
  0x2000'ee00  0x2001'ffff  0x1'1200


*******************************************************************************
*** INIT TABLE
***

          Address      Size
          -------      ----
Zero (__iar_zero_init3)
    1 destination range, total size 0xc9e0:
          0x2000'0220  0xc9e0

Copy/lz77 (__iar_lz77_init_single3)
    1 source range, total size 0xfb (46% of destination):
           0x800'9706    0xfb
    1 destination range, total size 0x21d:
          0x2000'0000   0x21d



*******************************************************************************
*** MODULE SUMMARY
***

    Module                  ro code  ro data  rw data
    ------                  -------  -------  -------
command line/config:
    -------------------------------------------------
    Total:

E:\Robocon_Value\Chassis\EWARM\Chassis\Obj: [1]
    adc.o                       304               168
    can.o                       212                40
    can_func.o                   32       12
    can_utils.o                 554        1      128
    chassis.o                                     120
    cmd.o                     1 092       70      656
    cmd_func.o                1 444      944
    configure.o                  52                32
    dma.o                       200
    flags.o                                         8
    gpio.o                      360
    hash.o                      548      100
    kickball.o                  652       53       69
    laser.o                     420      156      336
    lcd.o                       288       28      408
    main.o                      590       20       42
    motor_driver.o              172                32
    point.o                                    48 000
    point_parser.o              156      168      336
    robomaster.o                106
    sensor_gpio.o               224      125       16
    simplelib.o                  92       24
    startup_stm32f407xx.o       676
    stm32f4xx_hal.o             164        3        9
    stm32f4xx_hal_adc.o       1 396
    stm32f4xx_hal_can.o       2 034
    stm32f4xx_hal_cortex.o      344
    stm32f4xx_hal_dma.o       1 360        8
    stm32f4xx_hal_gpio.o        668
    stm32f4xx_hal_msp.o          64
    stm32f4xx_hal_rcc.o       1 444
    stm32f4xx_hal_uart.o      2 626
    stm32f4xx_it.o              292
    system_stm32f4xx.o           96       26        4
    touchdown.o                 192                17
    usart.o                   1 660             1 152
    vega.o                      336      178       12
    vesc_can.o                  308
    -------------------------------------------------
    Total:                   21 158    1 916   51 585

dl7M_tlf.a: [2]
    abort.o                       6
    dlmalloc.o                3 968               496
    exit.o                        4
    iar_Stoflt.o                452
    iar_Stopfx.o                290
    iar_Stoulx.o                372
    iar_Stoxflt.o               540
    isalpha.o                    20
    isspace.o                    20
    low_level_init.o              4
    strcspn.o                    34
    strspn.o                     34
    strtok.o                     76                 4
    tolower.o                    20
    vsnprint.o                   60
    xencoding_8859_1.o           30
    xfail_s.o                    64                 4
    xgetmemchunk.o               44                 4
    xlocale_c.o                 180       65      128
    xmbcurmax.o                  10
    xprintffull.o             3 962
    xsnprout.o                   26
    -------------------------------------------------
    Total:                   10 216       65      636

m7M_tls.a: [3]
    DblAdd.o                    378
    DblCmpEq.o                   32
    DblCmpGe.o                   46
    DblCmpLe.o                   46
    DblDiv.o                    582
    DblMul.o                    418
    DblSub.o                    226
    DblToFlt.o                  104
    DblToS32.o                   58
    DblToU32.o                   40
    FltToDbl.o                   72
    S32ToDbl.o                   34
    U32ToDbl.o                   26
    fpinit_M.o                   34
    frexp.o                     112
    ldexp.o                     314
    math_wrappers64.o            14
    strto64.o                 1 408
    -------------------------------------------------
    Total:                    3 944

rt7M_tl.a: [4]
    ABImemclr4.o                  6
    ABImemcpy.o                 166
    ABImemset.o                 102
    ABImemset48.o                50
    I64DivMod.o                 560
    I64DivZer.o                   2
    cexit.o                      10
    cmain.o                      30
    cstartup_M.o                 12
    data_init.o                  40
    lz77_init_single.o          122
    memchr.o                     88
    strchr.o                     22
    strcmp.o                     74
    strcpy.o                     76
    strlen.o                     54
    zero_init3.o                 58
    -------------------------------------------------
    Total:                    1 472

shb_l.a: [5]
    ABIassert.o                  36
    exit.o                       20
    -------------------------------------------------
    Total:                       56

    Gaps                         50        4
    Linker created                        32    8 704
-----------------------------------------------------
    Grand Total:             36 896    2 017   60 925


*******************************************************************************
*** ENTRY LIST
***

Entry                       Address   Size  Type      Object
-----                       -------   ----  ----      ------
.iar.init_table$$Base    0x800'8f90          --   Gb  - Linker created -
.iar.init_table$$Limit   0x800'8fb0          --   Gb  - Linker created -
?main                    0x800'90b1         Code  Gb  cmain.o [4]
ADC_DMAConvCplt          0x800'679d   0x7a  Code  Lc  stm32f4xx_hal_adc.o [1]
ADC_DMAError             0x800'6829   0x1a  Code  Lc  stm32f4xx_hal_adc.o [1]
ADC_DMAHalfConvCplt      0x800'6819    0xe  Code  Lc  stm32f4xx_hal_adc.o [1]
ADC_Init                 0x800'661b  0x15a  Code  Lc  stm32f4xx_hal_adc.o [1]
AHBPrescTable            0x800'9504   0x10  Data  Gb  system_stm32f4xx.o [1]
APBPrescTable            0x800'95dc    0x8  Data  Gb  system_stm32f4xx.o [1]
BusFault_Handler         0x800'8ce7    0x2  Code  Gb  stm32f4xx_it.o [1]
CAN1_RX0_IRQHandler      0x800'8d2f    0xa  Code  Gb  stm32f4xx_it.o [1]
CAN_config               0x800'76cb   0x52  Code  Lc  can_utils.o [1]
CMD_USART               0x2000'c850   0x40  Data  Gb  cmd.o [1]
CSTACK$$Base            0x2000'cc00          --   Gb  - Linker created -
CSTACK$$Limit           0x2000'de00          --   Gb  - Linker created -
CacheMore                0x800'21bd   0x24  Code  Lc  xlocale_c.o [2]
DMA1_Stream0_IRQHandler
                         0x800'8cfd    0xa  Code  Gb  stm32f4xx_it.o [1]
DMA1_Stream1_IRQHandler
                         0x800'8d07    0xa  Code  Gb  stm32f4xx_it.o [1]
DMA1_Stream3_IRQHandler
                         0x800'8d11    0xa  Code  Gb  stm32f4xx_it.o [1]
DMA1_Stream5_IRQHandler
                         0x800'8d1b    0xa  Code  Gb  stm32f4xx_it.o [1]
DMA1_Stream6_IRQHandler
                         0x800'8d25    0xa  Code  Gb  stm32f4xx_it.o [1]
DMA1_Stream7_IRQHandler
                         0x800'8d87    0xa  Code  Gb  stm32f4xx_it.o [1]
DMA2_Stream0_IRQHandler
                         0x800'8da9    0xa  Code  Gb  stm32f4xx_it.o [1]
DMA2_Stream2_IRQHandler
                         0x800'8db3    0xa  Code  Gb  stm32f4xx_it.o [1]
DMA2_Stream7_IRQHandler
                         0x800'8dbd    0xa  Code  Gb  stm32f4xx_it.o [1]
DMAUSART_RX_BUF         0x2000'c24c   0x64  Data  Gb  cmd.o [1]
DMAUSART_RX_BUF_vega    0x2000'c2b0   0x64  Data  Gb  cmd.o [1]
DMA_CalcBaseAndBitshift
                         0x800'4465   0x30  Code  Lc  stm32f4xx_hal_dma.o [1]
DMA_CalcBaseAndBitshift::flagBitshiftOffset
                         0x800'95d4    0x8  Data  Lc  stm32f4xx_hal_dma.o [1]
DMA_CheckFifoParam       0x800'44a5   0x9c  Code  Lc  stm32f4xx_hal_dma.o [1]
DMA_RxOK_Flag           0x2000'cba0    0x4  Data  Gb  flags.o [1]
DMA_RxOK_Flag_vega      0x2000'cb98    0x4  Data  Gb  cmd.o [1]
DMA_SetConfig            0x800'4437   0x2e  Code  Lc  stm32f4xx_hal_dma.o [1]
DMAaRxBuffer            0x2000'c1e8   0x64  Data  Gb  cmd.o [1]
DMAaRxBuffer_vega       0x2000'c314   0x64  Data  Gb  cmd.o [1]
DebugMon_Handler         0x800'8ced    0x2  Code  Gb  stm32f4xx_it.o [1]
Dtentox                  0x800'83c5  0x192  Code  Lc  strto64.o [3]
Error_Handler            0x800'49bd    0x2  Code  Gb  main.o [1]
HAL_ADC_ConfigChannel    0x800'649f  0x17c  Code  Gb  stm32f4xx_hal_adc.o [1]
HAL_ADC_Init             0x800'62d5   0x66  Code  Gb  stm32f4xx_hal_adc.o [1]
HAL_ADC_MspInit          0x800'50db   0xa2  Code  Gb  adc.o [1]
HAL_ADC_Start_DMA        0x800'633b  0x164  Code  Gb  stm32f4xx_hal_adc.o [1]
HAL_CAN_ActivateNotification
                         0x800'6dc9   0x34  Code  Gb  stm32f4xx_hal_can.o [1]
HAL_CAN_AddTxMessage     0x800'6b39  0x138  Code  Gb  stm32f4xx_hal_can.o [1]
HAL_CAN_ConfigFilter     0x800'69b1  0x128  Code  Gb  stm32f4xx_hal_can.o [1]
HAL_CAN_GetRxMessage     0x800'6c71  0x158  Code  Gb  stm32f4xx_hal_can.o [1]
HAL_CAN_IRQHandler       0x800'6dfd  0x224  Code  Gb  stm32f4xx_hal_can.o [1]
HAL_CAN_Init             0x800'6845  0x16c  Code  Gb  stm32f4xx_hal_can.o [1]
HAL_CAN_MspInit          0x800'51e3   0x78  Code  Gb  can.o [1]
HAL_CAN_RxFifo0FullCallback
                         0x800'76c9    0x2  Code  Gb  can_utils.o [1]
HAL_CAN_RxFifo0MsgPendingCallback
                         0x800'763f   0x3a  Code  Gb  can_utils.o [1]
HAL_CAN_Start            0x800'6ad9   0x5c  Code  Gb  stm32f4xx_hal_can.o [1]
HAL_DMA_Abort            0x800'416b   0x9c  Code  Gb  stm32f4xx_hal_dma.o [1]
HAL_DMA_Abort_IT         0x800'4207   0x28  Code  Gb  stm32f4xx_hal_dma.o [1]
HAL_DMA_IRQHandler       0x800'422f  0x208  Code  Gb  stm32f4xx_hal_dma.o [1]
HAL_DMA_Init             0x800'3ff1   0xe2  Code  Gb  stm32f4xx_hal_dma.o [1]
HAL_DMA_Start_IT         0x800'40d3   0x98  Code  Gb  stm32f4xx_hal_dma.o [1]
HAL_GPIO_Init            0x800'49c9  0x210  Code  Gb  stm32f4xx_hal_gpio.o [1]
HAL_GPIO_ReadPin         0x800'4bd9   0x16  Code  Gb  stm32f4xx_hal_gpio.o [1]
HAL_GPIO_TogglePin       0x800'4c09   0x22  Code  Gb  stm32f4xx_hal_gpio.o [1]
HAL_GPIO_WritePin        0x800'4bef   0x1a  Code  Gb  stm32f4xx_hal_gpio.o [1]
HAL_GetTick              0x800'3fe5    0xc  Code  Wk  stm32f4xx_hal.o [1]
HAL_IncTick              0x800'8e05   0x18  Code  Wk  stm32f4xx_hal.o [1]
HAL_Init                 0x800'4e09   0x30  Code  Gb  stm32f4xx_hal.o [1]
HAL_InitTick             0x800'4dbd   0x4c  Code  Wk  stm32f4xx_hal.o [1]
HAL_MspInit              0x800'6295   0x40  Code  Gb  stm32f4xx_hal_msp.o [1]
HAL_NVIC_EnableIRQ       0x800'4d83    0xe  Code  Gb  stm32f4xx_hal_cortex.o [1]
HAL_NVIC_SetPriority     0x800'4d59   0x2a  Code  Gb  stm32f4xx_hal_cortex.o [1]
HAL_NVIC_SetPriorityGrouping
                         0x800'4d4d    0xc  Code  Gb  stm32f4xx_hal_cortex.o [1]
HAL_RCC_ClockConfig      0x800'454d  0x13e  Code  Gb  stm32f4xx_hal_rcc.o [1]
HAL_RCC_GetHCLKFreq      0x800'468b    0x6  Code  Gb  stm32f4xx_hal_rcc.o [1]
HAL_RCC_GetPCLK1Freq     0x800'4691   0x16  Code  Gb  stm32f4xx_hal_rcc.o [1]
HAL_RCC_GetPCLK2Freq     0x800'46a7   0x16  Code  Gb  stm32f4xx_hal_rcc.o [1]
HAL_RCC_OscConfig        0x800'5a9d  0x380  Code  Wk  stm32f4xx_hal_rcc.o [1]
HAL_SYSTICK_Config       0x800'4d91    0xc  Code  Gb  stm32f4xx_hal_cortex.o [1]
HAL_UART_DMAStop         0x800'31d3   0x72  Code  Gb  stm32f4xx_hal_uart.o [1]
HAL_UART_IDLECallback    0x800'5ed5   0xf8  Code  Gb  cmd.o [1]
HAL_UART_IRQHandler      0x800'3245  0x14a  Code  Gb  stm32f4xx_hal_uart.o [1]
HAL_UART_Init            0x800'2f31   0x76  Code  Gb  stm32f4xx_hal_uart.o [1]
HAL_UART_MspInit         0x800'3ab9  0x4a0  Code  Gb  usart.o [1]
HAL_UART_Receive_DMA     0x800'311d   0xb6  Code  Gb  stm32f4xx_hal_uart.o [1]
HAL_UART_Transmit        0x800'2fa7   0xe0  Code  Gb  stm32f4xx_hal_uart.o [1]
HAL_UART_Transmit_DMA    0x800'3087   0x96  Code  Gb  stm32f4xx_hal_uart.o [1]
HCAN                    0x2000'ca68   0x28  Data  Gb  can_utils.o [1]
HEAP$$Base              0x2000'de00          --   Gb  - Linker created -
HEAP$$Limit             0x2000'ee00          --   Gb  - Linker created -
HardFault_Handler        0x800'8ce3    0x2  Code  Gb  stm32f4xx_it.o [1]
HashTable_create         0x800'7a7f   0x5c  Code  Gb  hash.o [1]
HashTable_get            0x800'7b75   0x60  Code  Gb  hash.o [1]
HashTable_insert         0x800'7adb   0x9a  Code  Gb  hash.o [1]
HashTable_map            0x800'7bd5   0x74  Code  Gb  hash.o [1]
LoadInt                  0x800'138b   0x7a  Code  Lc  xprintffull.o [2]
MX_ADC1_Init             0x800'506d   0x6e  Code  Gb  adc.o [1]
MX_CAN1_Init             0x800'519d   0x46  Code  Gb  can.o [1]
MX_DMA_Init              0x800'4fa5   0xc8  Code  Gb  dma.o [1]
MX_GPIO_Init             0x800'4e3d  0x168  Code  Gb  gpio.o [1]
MX_UART4_Init            0x800'3969   0x38  Code  Gb  usart.o [1]
MX_UART5_Init            0x800'39a1   0x38  Code  Gb  usart.o [1]
MX_USART1_UART_Init      0x800'39d9   0x38  Code  Gb  usart.o [1]
MX_USART2_UART_Init      0x800'3a11   0x38  Code  Gb  usart.o [1]
MX_USART3_UART_Init      0x800'3a49   0x38  Code  Gb  usart.o [1]
MX_USART6_UART_Init      0x800'3a81   0x38  Code  Gb  usart.o [1]
MemManage_Handler        0x800'8ce5    0x2  Code  Gb  stm32f4xx_it.o [1]
NMI_Handler              0x800'8ce1    0x2  Code  Gb  stm32f4xx_it.o [1]
NVIC_EncodePriority      0x800'4cdd   0x40  Code  Lc  stm32f4xx_hal_cortex.o [1]
PendSV_Handler           0x800'8cef    0x2  Code  Gb  stm32f4xx_it.o [1]
Region$$Table$$Base      0x800'8f90          --   Gb  - Linker created -
Region$$Table$$Limit     0x800'8fb0          --   Gb  - Linker created -
RxHeader                0x2000'cad4   0x1c  Data  Gb  can_utils.o [1]
SVC_Handler              0x800'8ceb    0x2  Code  Gb  stm32f4xx_it.o [1]
SysTick_Config           0x800'4d1d   0x30  Code  Lc  stm32f4xx_hal_cortex.o [1]
SysTick_Handler          0x800'8cf1    0xc  Code  Gb  stm32f4xx_it.o [1]
SystemClock_Config       0x800'4819   0xa2  Code  Gb  main.o [1]
SystemCoreClock         0x2000'018c    0x4  Data  Gb  system_stm32f4xx.o [1]
SystemInit               0x800'8e1d   0x40  Code  Gb  system_stm32f4xx.o [1]
TxHeader                0x2000'caf0   0x18  Data  Gb  can_utils.o [1]
TxMailbox               0x2000'cb84    0x4  Data  Gb  can_utils.o [1]
UART5_IRQHandler         0x800'8d91   0x18  Code  Gb  stm32f4xx_it.o [1]
UART_DMAAbortOnError     0x800'3525   0x16  Code  Lc  stm32f4xx_hal_uart.o [1]
UART_DMAError            0x800'3429   0x58  Code  Lc  stm32f4xx_hal_uart.o [1]
UART_DMAReceiveCplt      0x800'33d5   0x44  Code  Lc  stm32f4xx_hal_uart.o [1]
UART_DMARxHalfCplt       0x800'3419    0xe  Code  Lc  stm32f4xx_hal_uart.o [1]
UART_DMATransmitCplt     0x800'3391   0x34  Code  Lc  stm32f4xx_hal_uart.o [1]
UART_DMATxHalfCplt       0x800'33c5    0xe  Code  Lc  stm32f4xx_hal_uart.o [1]
UART_EndRxTransfer       0x800'3503   0x20  Code  Lc  stm32f4xx_hal_uart.o [1]
UART_EndTransmit_IT      0x800'35ab   0x20  Code  Lc  stm32f4xx_hal_uart.o [1]
UART_EndTxTransfer       0x800'34ef   0x14  Code  Lc  stm32f4xx_hal_uart.o [1]
UART_Receive_IT          0x800'35cb   0xae  Code  Lc  stm32f4xx_hal_uart.o [1]
UART_SetConfig           0x800'3679  0x2e2  Code  Lc  stm32f4xx_hal_uart.o [1]
UART_Transmit_IT         0x800'353d   0x6e  Code  Lc  stm32f4xx_hal_uart.o [1]
UART_WaitOnFlagUntilTimeout
                         0x800'3481   0x6e  Code  Lc  stm32f4xx_hal_uart.o [1]
USART1_IRQHandler        0x800'8d39   0x1a  Code  Gb  stm32f4xx_it.o [1]
USART2_IRQHandler        0x800'8d53   0x1a  Code  Gb  stm32f4xx_it.o [1]
USART3_IRQHandler        0x800'8d6d   0x1a  Code  Gb  stm32f4xx_it.o [1]
UsageFault_Handler       0x800'8ce9    0x2  Code  Gb  stm32f4xx_it.o [1]
_Encoding_8859_1_Mbrlen
                         0x800'2259    0x2  Code  Gb  xencoding_8859_1.o [2]
_Encoding_8859_1_Wctomb
                         0x800'2247   0x12  Code  Gb  xencoding_8859_1.o [2]
_GenldFull               0x800'1e1d  0x274  Code  Lc  xprintffull.o [2]
_LdtobFull               0x800'19f1  0x400  Code  Lc  xprintffull.o [2]
_LitobFull               0x800'1899  0x112  Code  Lc  xprintffull.o [2]
_LocaleC_isalpha         0x800'2183    0xc  Code  Gb  xlocale_c.o [2]
_LocaleC_islower         0x800'217d    0x4  Code  Gb  xlocale_c.o [2]
_LocaleC_isspace         0x800'2199   0x14  Code  Gb  xlocale_c.o [2]
_LocaleC_isupper         0x800'2181    0x2  Code  Gb  xlocale_c.o [2]
_LocaleC_tolower         0x800'21ad    0xc  Code  Gb  xlocale_c.o [2]
_Locale_lconv           0x2000'019c   0x38  Data  Lc  xlocale_c.o [2]
_PrintfFull              0x800'11c9  0x1aa  Code  Gb  xprintffull.o [2]
_PutcharsFull            0x800'2091   0x2e  Code  Lc  xprintffull.o [2]
_PutfldFull              0x800'1405  0x2d8  Code  Lc  xprintffull.o [2]
_PutstrFull              0x800'17d3   0xc6  Code  Lc  xprintffull.o [2]
_PuttxtFull              0x800'16dd   0xf6  Code  Lc  xprintffull.o [2]
_SNProut                 0x800'22db   0x1a  Code  Gb  xsnprout.o [2]
_Strtok_ssave           0x2000'cbf0    0x4  Data  Lc  strtok.o [2]
__NVIC_EnableIRQ         0x800'4c93   0x1e  Code  Lc  stm32f4xx_hal_cortex.o [1]
__NVIC_GetPriorityGrouping
                         0x800'4c87    0xc  Code  Lc  stm32f4xx_hal_cortex.o [1]
__NVIC_SetPriority       0x800'4cb1   0x2c  Code  Lc  stm32f4xx_hal_cortex.o [1]
__NVIC_SetPriorityGrouping
                         0x800'4c65   0x22  Code  Lc  stm32f4xx_hal_cortex.o [1]
__aeabi_assert           0x800'81b9   0x24  Code  Gb  ABIassert.o [5]
__aeabi_cdcmpeq          0x800'8199         Code  Gb  DblCmpEq.o [3]
__aeabi_cdcmple          0x800'2845         Code  Gb  DblCmpLe.o [3]
__aeabi_cdrcmple         0x800'2875         Code  Gb  DblCmpGe.o [3]
__aeabi_d2f              0x800'7f21         Code  Gb  DblToFlt.o [3]
__aeabi_d2iz             0x800'29e1         Code  Gb  DblToS32.o [3]
__aeabi_d2uiz            0x800'2d6d         Code  Gb  DblToU32.o [3]
__aeabi_dadd             0x800'2db5         Code  Gb  DblAdd.o [3]
__aeabi_ddiv             0x800'2b25         Code  Gb  DblDiv.o [3]
__aeabi_dmul             0x800'2631         Code  Gb  DblMul.o [3]
__aeabi_dsub             0x800'2a41         Code  Gb  DblSub.o [3]
__aeabi_f2d              0x800'79b1         Code  Gb  FltToDbl.o [3]
__aeabi_i2d              0x800'2a1d         Code  Gb  S32ToDbl.o [3]
__aeabi_ldiv0            0x800'2db1         Code  Gb  I64DivZer.o [4]
__aeabi_memclr4          0x800'49c1         Code  Gb  ABImemclr4.o [4]
__aeabi_memcpy           0x800'2359         Code  Gb  ABImemcpy.o [4]
__aeabi_memcpy4          0x800'2379         Code  Gb  ABImemcpy.o [4]
__aeabi_memcpy8          0x800'2379         Code  Gb  ABImemcpy.o [4]
__aeabi_memset           0x800'7c69         Code  Gb  ABImemset.o [4]
__aeabi_ui2d             0x800'2d95         Code  Gb  U32ToDbl.o [3]
__aeabi_uldivmod         0x800'2401         Code  Gb  I64DivMod.o [4]
__cmain                  0x800'90b1         Code  Gb  cmain.o [4]
__data_GetMemChunk       0x800'1189   0x2c  Code  Gb  xgetmemchunk.o [2]
__data_GetMemChunk::start
                        0x2000'cbf8    0x4  Data  Lc  xgetmemchunk.o [2]
__exit                   0x800'11b5   0x14  Code  Gb  exit.o [5]
__iar_Fail_s             0x800'2265   0x1c  Code  Gb  xfail_s.o [2]
__iar_Mbcurmax           0x800'234d    0xa  Code  Gb  xmbcurmax.o [2]
__iar_Memchr             0x800'22f5         Code  Gb  memchr.o [4]
__iar_Memset             0x800'7c69         Code  Gb  ABImemset.o [4]
__iar_Memset4_word       0x800'6261         Code  Gb  ABImemset48.o [4]
__iar_Memset8_word       0x800'6261         Code  Gb  ABImemset48.o [4]
__iar_Memset_word        0x800'7c71         Code  Gb  ABImemset.o [4]
__iar_Sto64              0x800'8569  0x19e  Code  Gb  strto64.o [3]
__iar_Stoflt             0x800'88ed  0x1c4  Code  Gb  iar_Stoflt.o [2]
__iar_Stopfx             0x800'87c9  0x122  Code  Gb  iar_Stopfx.o [2]
__iar_Stoulx             0x800'8025  0x112  Code  Gb  iar_Stoulx.o [2]
__iar_Stoxflt            0x800'8ab1  0x1e6  Code  Gb  iar_Stoxflt.o [2]
__iar_Stoxflt::digits    0x800'8c9c   0x18  Data  Lc  iar_Stoxflt.o [2]
__iar_Stoxflt::vals      0x800'8cb4   0x18  Data  Lc  iar_Stoxflt.o [2]
__iar_Strchr             0x800'2231         Code  Gb  strchr.o [4]
__iar_dadd               0x800'2a51         Code  Gb  DblSub.o [3]
__iar_data_init3         0x800'8efd   0x28  Code  Gb  data_init.o [4]
__iar_dlmalloc           0x800'0e4d  0x2b6  Code  Gb  dlmalloc.o [2]
__iar_dsub               0x800'2dc5         Code  Gb  DblAdd.o [3]
__iar_dsubStart          0x800'2dd7         Code  Gb  DblAdd.o [3]
__iar_frexp              0x800'27e1         Code  Gb  frexp.o [3]
__iar_frexpl             0x800'27e1         Code  Gb  frexp.o [3]
__iar_globLocale        0x2000'01d4   0x48  Data  Lc  xlocale_c.o [2]
__iar_global_Locale      0x800'21b9    0x4  Code  Gb  xlocale_c.o [2]
__iar_init_vfp           0x800'8f6d         Code  Gb  fpinit_M.o [3]
__iar_ldexp64            0x800'28a5         Code  Gb  ldexp.o [3]
__iar_lz77_init_single3
                         0x800'110f   0x7a  Code  Gb  lz77_init_single.o [4]
__iar_program_start      0x800'9591         Code  Gb  cstartup_M.o [4]
__iar_scalbln64          0x800'28a5         Code  Gb  ldexp.o [3]
__iar_scalbn64           0x800'28a5         Code  Gb  ldexp.o [3]
__iar_softfp___iar_frexp64
                         0x800'27d5         Code  Gb  frexp.o [3]
__iar_softfp_frexp       0x800'27d5         Code  Gb  frexp.o [3]
__iar_softfp_frexpl      0x800'27d5         Code  Gb  frexp.o [3]
__iar_vfp_atof           0x800'7f17    0x8  Code  Gb  math_wrappers64.o [3]
__iar_zero_init3         0x800'2143   0x3a  Code  Gb  zero_init3.o [4]
__low_level_init         0x800'90cf    0x4  Code  Gb  low_level_init.o [2]
__vector_table           0x800'0000         Data  Gb  startup_stm32f407xx.o [1]
_call_main               0x800'90bd         Code  Gb  cmain.o [4]
_cmd_help                0x800'613d   0x18  Code  Lc  cmd.o [1]
_exit                    0x800'90d9         Code  Gb  cexit.o [4]
_gLocale_mblen           0x800'221d    0x4  Code  Gb  xlocale_c.o [2]
_gLocale_mblenInt        0x800'21e1   0x2c  Code  Gb  xlocale_c.o [2]
_gLocale_wctomb          0x800'2221    0x4  Code  Gb  xlocale_c.o [2]
_gLocale_wctombInt       0x800'2219    0x4  Code  Gb  xlocale_c.o [2]
_gm_                    0x2000'bda0  0x1d8  Data  Lc  dlmalloc.o [2]
_main                    0x800'90cb         Code  Gb  cmain.o [4]
abort                    0x800'1109    0x6  Code  Gb  abort.o [2]
add_segment              0x800'0551  0x1f2  Code  Lc  dlmalloc.o [2]
atof                     0x800'874d    0x8  Code  Gb  strto64.o [3]
atoi                     0x800'813d    0x2  Code  Gb  iar_Stoulx.o [2]
buffer_append_int32      0x800'7811   0x32  Code  Gb  vesc_can.o [1]
buffer_count            0x2000'cb94    0x4  Data  Gb  cmd.o [1]
can_callback_add         0x800'75f9   0x1e  Code  Gb  can_utils.o [1]
can_callback_table      0x2000'cb8c    0x4  Data  Lc  can_utils.o [1]
can_exc_callback         0x800'7617   0x28  Code  Gb  can_utils.o [1]
can_exc_callback_flag   0x2000'cb9c    0x4  Data  Gb  flags.o [1]
can_ext_send_msg         0x800'76a1   0x28  Code  Gb  can_utils.o [1]
can_func_init            0x800'77f1    0xe  Code  Gb  can_func.o [1]
can_id_init              0x800'52cd   0x34  Code  Gb  configure.o [1]
can_init                 0x800'75c5   0x34  Code  Gb  can_utils.o [1]
can_rx_callback_flag    0x2000'cb80    0x4  Data  Gb  can_utils.o [1]
can_rx_data             0x2000'cb70    0x8  Data  Gb  can_utils.o [1]
can_send_msg             0x800'7679   0x28  Code  Gb  can_utils.o [1]
can_std_mask_filter_conf
                         0x800'774d   0x8a  Code  Gb  can_utils.o [1]
can_suc_rx               0x800'7801    0xc  Code  Gb  can_func.o [1]
chassis                 0x2000'c6d8   0x58  Data  Gb  chassis.o [1]
chassis_status          0x2000'cab4   0x20  Data  Gb  chassis.o [1]
clock                   0x2000'cbfc    0x2  Data  Gb  main.o [1]
clock_exe                0x800'4771   0x36  Code  Gb  main.o [1]
cmd_add                  0x800'6061   0x54  Code  Gb  cmd.o [1]
cmd_argv                0x2000'ca10   0x30  Data  Gb  cmd.o [1]
cmd_exec                 0x800'6015   0x2c  Code  Gb  cmd.o [1]
cmd_func_init            0x800'739d   0xe2  Code  Gb  cmd_func.o [1]
cmd_gpio_all             0x800'7211   0x30  Code  Gb  cmd_func.o [1]
cmd_gpio_cylinder        0x800'71cd   0x20  Code  Gb  cmd_func.o [1]
cmd_gpio_infrared        0x800'71ff   0x12  Code  Gb  cmd_func.o [1]
cmd_gpio_magnet          0x800'71ad   0x20  Code  Gb  cmd_func.o [1]
cmd_gpio_microswitch     0x800'71ed   0x12  Code  Gb  cmd_func.o [1]
cmd_hello                0x800'7021   0x10  Code  Gb  cmd_func.o [1]
cmd_help_func            0x800'6045   0x1c  Code  Gb  cmd.o [1]
cmd_init                 0x800'5e69   0x2e  Code  Gb  cmd.o [1]
cmd_kickball_auto        0x800'7241   0x60  Code  Gb  cmd_func.o [1]
cmd_kickball_kick        0x800'7375   0x14  Code  Gb  cmd_func.o [1]
cmd_kickball_m2006       0x800'72a1   0x2e  Code  Gb  cmd_func.o [1]
cmd_kickball_prepare     0x800'7339   0x14  Code  Gb  cmd_func.o [1]
cmd_kickball_pull_magnet
                         0x800'734d   0x14  Code  Gb  cmd_func.o [1]
cmd_kickball_stop_magnet
                         0x800'7361   0x14  Code  Gb  cmd_func.o [1]
cmd_kickball_vesc        0x800'72cf   0x6a  Code  Gb  cmd_func.o [1]
cmd_laser_print_diatance
                         0x800'7189    0xc  Code  Gb  cmd_func.o [1]
cmd_laser_print_pos      0x800'7195    0xc  Code  Gb  cmd_func.o [1]
cmd_parse                0x800'5fcd   0x48  Code  Gb  cmd.o [1]
cmd_point_print_path     0x800'71a1    0xc  Code  Gb  cmd_func.o [1]
cmd_table               0x2000'cb90    0x4  Data  Lc  cmd.o [1]
cmd_touchdown_try        0x800'7389   0x14  Code  Gb  cmd_func.o [1]
cmd_vega_calibrate       0x800'717d    0xc  Code  Gb  cmd_func.o [1]
cmd_vega_correct_pos     0x800'70c3   0xba  Code  Gb  cmd_func.o [1]
cmd_vega_print_pos       0x800'7031    0xc  Code  Gb  cmd_func.o [1]
cmd_vega_reset           0x800'70b7    0xc  Code  Gb  cmd_func.o [1]
cmd_vega_set_position    0x800'703d   0x7a  Code  Gb  cmd_func.o [1]
cmpAtom                  0x800'7a45    0xe  Code  Lc  hash.o [1]
comm_can_set_current     0x800'78af   0x50  Code  Gb  vesc_can.o [1]
comm_can_set_duty        0x800'7863   0x4c  Code  Gb  vesc_can.o [1]
comm_can_set_rpm         0x800'78ff   0x3e  Code  Gb  vesc_can.o [1]
comm_can_transmit_eid    0x800'7843   0x20  Code  Gb  vesc_can.o [1]
cylinder_state          0x2000'cbd8    0x4  Data  Gb  sensor_gpio.o [1]
ddiv                     0x800'82ed   0xc8  Code  Lc  strto64.o [3]
delim                   0x2000'0004    0x4  Data  Lc  cmd.o [1]
digits                   0x800'8148   0x28  Data  Lc  iar_Stoulx.o [2]
dmul                     0x800'8221   0xca  Code  Lc  strto64.o [3]
exit                     0x800'90d3    0x4  Code  Gb  exit.o [2]
flag                    0x2000'ca90   0x24  Data  Gb  main.o [1]
freeKeyAtom              0x800'7a57    0x2  Code  Lc  hash.o [1]
gpio_cylinder            0x800'56ab   0x20  Code  Gb  sensor_gpio.o [1]
gpio_infrared            0x800'567d    0xe  Code  Gb  sensor_gpio.o [1]
gpio_magnet              0x800'568b   0x20  Code  Gb  sensor_gpio.o [1]
gpio_microswitch         0x800'5671    0xc  Code  Gb  sensor_gpio.o [1]
gpio_sensor_exe          0x800'56cb   0x58  Code  Gb  sensor_gpio.o [1]
hadc1                   0x2000'c730   0x48  Data  Gb  adc.o [1]
hashAtom                 0x800'7a53    0x4  Code  Lc  hash.o [1]
hashStr                  0x800'7a59   0x26  Code  Gb  hash.o [1]
hash_id                  0x800'77d9    0x4  Code  Lc  can_utils.o [1]
hcan1                   0x2000'ca40   0x28  Data  Gb  can.o [1]
hdma_adc1               0x2000'c378   0x60  Data  Gb  adc.o [1]
hdma_uart5_rx           0x2000'c3d8   0x60  Data  Gb  usart.o [1]
hdma_uart5_tx           0x2000'c438   0x60  Data  Gb  usart.o [1]
hdma_usart1_rx          0x2000'c498   0x60  Data  Gb  usart.o [1]
hdma_usart1_tx          0x2000'c4f8   0x60  Data  Gb  usart.o [1]
hdma_usart2_rx          0x2000'c558   0x60  Data  Gb  usart.o [1]
hdma_usart2_tx          0x2000'c5b8   0x60  Data  Gb  usart.o [1]
hdma_usart3_rx          0x2000'c618   0x60  Data  Gb  usart.o [1]
hdma_usart3_tx          0x2000'c678   0x60  Data  Gb  usart.o [1]
huart1                  0x2000'c910   0x40  Data  Gb  usart.o [1]
huart2                  0x2000'c950   0x40  Data  Gb  usart.o [1]
huart3                  0x2000'c990   0x40  Data  Gb  usart.o [1]
huart4                  0x2000'c890   0x40  Data  Gb  usart.o [1]
huart5                  0x2000'c8d0   0x40  Data  Gb  usart.o [1]
huart6                  0x2000'c9d0   0x40  Data  Gb  usart.o [1]
id_cmp                   0x800'77dd   0x10  Code  Lc  can_utils.o [1]
inc                      0x800'48bb   0xd8  Code  Gb  main.o [1]
inc::time_1ms_cnt       0x2000'cbc4    0x4  Data  Lc  main.o [1]
infrared_state          0x2000'0184    0x4  Data  Gb  sensor_gpio.o [1]
init_mparams             0x800'01a3   0x32  Code  Lc  dlmalloc.o [2]
init_top                 0x800'01d5   0x36  Code  Lc  dlmalloc.o [2]
isalpha                  0x800'8ccd   0x14  Code  Gb  isalpha.o [2]
isspace                  0x800'87a1   0x14  Code  Gb  isspace.o [2]
kick_current            0x2000'cbcc    0x4  Data  Gb  motor_driver.o [1]
kickball_M2006_set_current
                         0x800'5751    0x8  Code  Gb  kickball.o [1]
kickball_VESC_set_loosen_duty
                         0x800'5765   0x16  Code  Gb  kickball.o [1]
kickball_VESC_set_pull_current
                         0x800'577b   0x16  Code  Gb  kickball.o [1]
kickball_VESC_set_rpm    0x800'5759    0xc  Code  Gb  kickball.o [1]
kickball_auto           0x2000'0030    0x4  Data  Gb  kickball.o [1]
kickball_exe             0x800'597d   0x10  Code  Gb  kickball.o [1]
kickball_five_score     0x2000'001c   0x14  Data  Gb  kickball.o [1]
kickball_get_microswitch_status
                         0x800'5797    0x6  Code  Gb  kickball.o [1]
kickball_kick_flag      0x2000'cbac    0x4  Data  Gb  kickball.o [1]
kickball_m2006_current  0x2000'0008    0x4  Data  Gb  kickball.o [1]
kickball_num            0x2000'cbb8    0x4  Data  Gb  kickball.o [1]
kickball_prepare_flag   0x2000'cba4    0x4  Data  Gb  kickball.o [1]
kickball_pull_magnet_flag
                        0x2000'cbb0    0x4  Data  Gb  kickball.o [1]
kickball_ready_flag     0x2000'cba8    0x4  Data  Gb  kickball.o [1]
kickball_set_magnet_status
                         0x800'5791    0x6  Code  Gb  kickball.o [1]
kickball_set_status      0x800'579d   0x7c  Code  Gb  kickball.o [1]
kickball_state_machine   0x800'5819  0x164  Code  Gb  kickball.o [1]
kickball_status         0x2000'cbfe    0x1  Data  Gb  kickball.o [1]
kickball_stop_magnet_flag
                        0x2000'cbb4    0x4  Data  Gb  kickball.o [1]
kickball_vesc_lossen_duty
                        0x2000'000c    0x4  Data  Gb  kickball.o [1]
kickball_vesc_pull_current10
                        0x2000'0014    0x4  Data  Gb  kickball.o [1]
kickball_vesc_pull_current20
                        0x2000'0018    0x4  Data  Gb  kickball.o [1]
kickball_vesc_pull_current5
                        0x2000'0010    0x4  Data  Gb  kickball.o [1]
laser_adc               0x2000'c108   0x78  Data  Gb  laser.o [1]
laser_calculate_kb       0x800'53ad   0x54  Code  Gb  laser.o [1]
laser_init               0x800'5401   0x84  Code  Gb  laser.o [1]
laser_left              0x2000'c778   0x48  Data  Gb  laser.o [1]
laser_print_distance     0x800'5485   0x3a  Code  Gb  laser.o [1]
laser_print_pos          0x800'54bf   0x38  Code  Gb  laser.o [1]
laser_right             0x2000'c808   0x48  Data  Gb  laser.o [1]
laser_side              0x2000'c7c0   0x48  Data  Gb  laser.o [1]
lcd_add                  0x800'5551   0x38  Code  Gb  lcd.o [1]
lcd_exe                  0x800'55ad   0x8a  Code  Gb  lcd.o [1]
lcd_exe::now_num        0x2000'cbc0    0x4  Data  Lc  lcd.o [1]
lcd_init                 0x800'5589   0x24  Code  Gb  lcd.o [1]
lcd_msg                 0x2000'bf78  0x190  Data  Gb  lcd.o [1]
lcd_msg_length          0x2000'cbbc    0x4  Data  Lc  lcd.o [1]
ldexp                    0x800'28a5         Code  Gb  ldexp.o [3]
ldexpl                   0x800'28a5         Code  Gb  ldexp.o [3]
localeconv               0x800'2225    0x4  Code  Gb  xlocale_c.o [2]
m2006_exe                0x800'5351   0x48  Code  Gb  motor_driver.o [1]
magnet_state            0x2000'cbd4    0x4  Data  Gb  sensor_gpio.o [1]
main                     0x800'47a7   0x72  Code  Gb  main.o [1]
memchr                   0x800'22f5         Code  Gb  memchr.o [4]
microswitch_state       0x2000'cbd0    0x4  Data  Gb  sensor_gpio.o [1]
motor_init               0x800'5301    0x8  Code  Gb  motor_driver.o [1]
mparams                 0x2000'cb38   0x18  Data  Lc  dlmalloc.o [2]
ndigs                    0x800'8170   0x28  Data  Lc  iar_Stoulx.o [2]
pContainer              0x2000'0034  0x150  Data  Gb  point_parser.o [1]
point_print_path         0x800'7f89   0x92  Code  Gb  point_parser.o [1]
points_pos1             0x2000'0220  0xfa0  Data  Gb  point.o [1]
points_pos10            0x2000'8ec0  0xfa0  Data  Gb  point.o [1]
points_pos11            0x2000'9e60  0xfa0  Data  Gb  point.o [1]
points_pos12            0x2000'ae00  0xfa0  Data  Gb  point.o [1]
points_pos2             0x2000'11c0  0xfa0  Data  Gb  point.o [1]
points_pos3             0x2000'2160  0xfa0  Data  Gb  point.o [1]
points_pos4             0x2000'3100  0xfa0  Data  Gb  point.o [1]
points_pos5             0x2000'40a0  0xfa0  Data  Gb  point.o [1]
points_pos6             0x2000'5040  0xfa0  Data  Gb  point.o [1]
points_pos7             0x2000'5fe0  0xfa0  Data  Gb  point.o [1]
points_pos8             0x2000'6f80  0xfa0  Data  Gb  point.o [1]
points_pos9             0x2000'7f20  0xfa0  Data  Gb  point.o [1]
posture                 0x2000'cb08   0x18  Data  Lc  cmd.o [1]
pows                     0x800'8758   0x48  Data  Lc  strto64.o [3]
prepend_alloc            0x800'020b  0x346  Code  Lc  dlmalloc.o [2]
print_buffer            0x2000'c180   0x68  Data  Gb  cmd.o [1]
recive_id               0x2000'cb60   0x10  Data  Gb  configure.o [1]
robomaster_set_current   0x800'7945   0x68  Code  Gb  robomaster.o [1]
rx_buffer               0x2000'cb78    0x8  Data  Lc  can_utils.o [1]
rx_id                   0x2000'cb88    0x4  Data  Lc  can_utils.o [1]
scalbln                  0x800'28a5         Code  Gb  ldexp.o [3]
scalblnl                 0x800'28a5         Code  Gb  ldexp.o [3]
scalbn                   0x800'28a5         Code  Gb  ldexp.o [3]
scalbnl                  0x800'28a5         Code  Gb  ldexp.o [3]
scale                    0x800'19ab   0x46  Code  Lc  xprintffull.o [2]
sec_hand                0x2000'cbf4    0x4  Data  Lc  xfail_s.o [2]
segment_holding          0x800'0189   0x1a  Code  Lc  dlmalloc.o [2]
send_id                 0x2000'cb50   0x10  Data  Gb  configure.o [1]
simplelib_init           0x800'5271   0x2a  Code  Gb  simplelib.o [1]
simplelib_run            0x800'529b   0x24  Code  Gb  simplelib.o [1]
std_id                  0x2000'0000    0x4  Data  Gb  can_utils.o [1]
str_cmp                  0x800'6121   0x1c  Code  Lc  cmd.o [1]
strchr                   0x800'2231         Code  Gb  strchr.o [4]
strcmp                   0x800'7d59         Code  Gb  strcmp.o [4]
strcpy                   0x800'79f9         Code  Gb  strcpy.o [4]
strcspn                  0x800'81ff   0x22  Code  Gb  strcspn.o [2]
strlen                   0x800'22a5         Code  Gb  strlen.o [4]
strspn                   0x800'81dd   0x22  Code  Gb  strspn.o [2]
strtok                   0x800'7cd1   0x4c  Code  Gb  strtok.o [2]
sys_alloc                0x800'0749  0x164  Code  Lc  dlmalloc.o [2]
tmalloc_large            0x800'08b9  0x386  Code  Lc  dlmalloc.o [2]
tmalloc_small            0x800'0c3f  0x200  Code  Lc  dlmalloc.o [2]
tolower                  0x800'87b5   0x14  Code  Gb  tolower.o [2]
touchdown_close_current
                        0x2000'cbec    0x4  Data  Gb  touchdown.o [1]
touchdown_current       0x2000'cbc8    0x4  Data  Gb  motor_driver.o [1]
touchdown_cylinder_pull
                         0x800'59e5    0x8  Code  Gb  touchdown.o [1]
touchdown_cylinder_push
                         0x800'59dd    0x8  Code  Gb  touchdown.o [1]
touchdown_exe            0x800'5a11   0x6a  Code  Gb  touchdown.o [1]
touchdown_m2006_close    0x800'59ff   0x12  Code  Gb  touchdown.o [1]
touchdown_m2006_open     0x800'59ed   0x12  Code  Gb  touchdown.o [1]
touchdown_open_current  0x2000'cbe8    0x4  Data  Gb  touchdown.o [1]
touchdown_ready_flag    0x2000'cbe0    0x4  Data  Gb  touchdown.o [1]
touchdown_status        0x2000'cbff    0x1  Data  Lc  touchdown.o [1]
touchdown_try_flag      0x2000'cbe4    0x4  Data  Gb  touchdown.o [1]
uprintf                  0x800'60b5   0x36  Code  Gb  cmd.o [1]
uprintf_to               0x800'60eb   0x34  Code  Gb  cmd.o [1]
usart_DMA_init           0x800'5e1d   0x4c  Code  Gb  cmd.o [1]
usart_exc_DMA            0x800'5e97   0x3e  Code  Gb  cmd.o [1]
usart_exc_DMA_vega       0x800'6155   0xb2  Code  Gb  cmd.o [1]
uwTick                  0x2000'cbdc    0x4  Data  Gb  stm32f4xx_hal.o [1]
uwTickFreq              0x2000'021c    0x1  Data  Gb  stm32f4xx_hal.o [1]
uwTickPrio              0x2000'0188    0x4  Data  Gb  stm32f4xx_hal.o [1]
vega_calibration         0x800'7dc1   0x1c  Code  Gb  vega.o [1]
vega_correct_pos         0x800'7e47   0x60  Code  Gb  vega.o [1]
vega_in_coordinate      0x2000'0190    0xc  Data  Gb  vega.o [1]
vega_print_pos           0x800'7ea7   0x3a  Code  Gb  vega.o [1]
vega_reset               0x800'7ddd   0x1c  Code  Gb  vega.o [1]
vega_set_position        0x800'7df9   0x4e  Code  Gb  vega.o [1]
vesc                    0x2000'cb20   0x18  Data  Gb  motor_driver.o [1]
vsec_exe                 0x800'5309   0x48  Code  Gb  motor_driver.o [1]
vsnprintf                0x800'7d1d   0x3c  Code  Gb  vsnprint.o [2]


[1] = E:\Robocon_Value\Chassis\EWARM\Chassis\Obj
[2] = dl7M_tlf.a
[3] = m7M_tls.a
[4] = rt7M_tl.a
[5] = shb_l.a

  36 896 bytes of readonly  code memory
   2 017 bytes of readonly  data memory
  60 925 bytes of readwrite data memory

Errors: none
Warnings: none
