###############################################################################
#
# IAR ELF Linker V8.30.1.114/W32 for ARM                  10/Dec/2019  20:41:48
# Copyright 2007-2018 IAR Systems AB.
#
#    Output file  =  E:\Robocon_Value\Chassis\EWARM\Chassis\Exe\Chassis.out
#    Map file     =  E:\Robocon_Value\Chassis\EWARM\Chassis\List\Chassis.map
#    Command line =  
#        -f C:\Users\DELL\AppData\Local\Temp\EW3174.tmp
#        (E:\Robocon_Value\Chassis\EWARM\Chassis\Obj\adc.o
#        E:\Robocon_Value\Chassis\EWARM\Chassis\Obj\can.o
#        E:\Robocon_Value\Chassis\EWARM\Chassis\Obj\can_func.o
#        E:\Robocon_Value\Chassis\EWARM\Chassis\Obj\can_utils.o
#        E:\Robocon_Value\Chassis\EWARM\Chassis\Obj\chassis.o
#        E:\Robocon_Value\Chassis\EWARM\Chassis\Obj\chassis_handle.o
#        E:\Robocon_Value\Chassis\EWARM\Chassis\Obj\cmd.o
#        E:\Robocon_Value\Chassis\EWARM\Chassis\Obj\cmd_func.o
#        E:\Robocon_Value\Chassis\EWARM\Chassis\Obj\configure.o
#        E:\Robocon_Value\Chassis\EWARM\Chassis\Obj\dma.o
#        E:\Robocon_Value\Chassis\EWARM\Chassis\Obj\flags.o
#        E:\Robocon_Value\Chassis\EWARM\Chassis\Obj\flash.o
#        E:\Robocon_Value\Chassis\EWARM\Chassis\Obj\gpio.o
#        E:\Robocon_Value\Chassis\EWARM\Chassis\Obj\hash.o
#        E:\Robocon_Value\Chassis\EWARM\Chassis\Obj\karman.o
#        E:\Robocon_Value\Chassis\EWARM\Chassis\Obj\laser.o
#        E:\Robocon_Value\Chassis\EWARM\Chassis\Obj\lcd.o
#        E:\Robocon_Value\Chassis\EWARM\Chassis\Obj\main.o
#        E:\Robocon_Value\Chassis\EWARM\Chassis\Obj\point.o
#        E:\Robocon_Value\Chassis\EWARM\Chassis\Obj\point_parser.o
#        E:\Robocon_Value\Chassis\EWARM\Chassis\Obj\robomaster.o
#        E:\Robocon_Value\Chassis\EWARM\Chassis\Obj\simplelib.o
#        E:\Robocon_Value\Chassis\EWARM\Chassis\Obj\startup_stm32f407xx.o
#        E:\Robocon_Value\Chassis\EWARM\Chassis\Obj\stm32f4xx_hal.o
#        E:\Robocon_Value\Chassis\EWARM\Chassis\Obj\stm32f4xx_hal_adc.o
#        E:\Robocon_Value\Chassis\EWARM\Chassis\Obj\stm32f4xx_hal_adc_ex.o
#        E:\Robocon_Value\Chassis\EWARM\Chassis\Obj\stm32f4xx_hal_can.o
#        E:\Robocon_Value\Chassis\EWARM\Chassis\Obj\stm32f4xx_hal_cortex.o
#        E:\Robocon_Value\Chassis\EWARM\Chassis\Obj\stm32f4xx_hal_dma.o
#        E:\Robocon_Value\Chassis\EWARM\Chassis\Obj\stm32f4xx_hal_dma_ex.o
#        E:\Robocon_Value\Chassis\EWARM\Chassis\Obj\stm32f4xx_hal_exti.o
#        E:\Robocon_Value\Chassis\EWARM\Chassis\Obj\stm32f4xx_hal_flash.o
#        E:\Robocon_Value\Chassis\EWARM\Chassis\Obj\stm32f4xx_hal_flash_ex.o
#        E:\Robocon_Value\Chassis\EWARM\Chassis\Obj\stm32f4xx_hal_flash_ramfunc.o
#        E:\Robocon_Value\Chassis\EWARM\Chassis\Obj\stm32f4xx_hal_gpio.o
#        E:\Robocon_Value\Chassis\EWARM\Chassis\Obj\stm32f4xx_hal_msp.o
#        E:\Robocon_Value\Chassis\EWARM\Chassis\Obj\stm32f4xx_hal_pwr.o
#        E:\Robocon_Value\Chassis\EWARM\Chassis\Obj\stm32f4xx_hal_pwr_ex.o
#        E:\Robocon_Value\Chassis\EWARM\Chassis\Obj\stm32f4xx_hal_rcc.o
#        E:\Robocon_Value\Chassis\EWARM\Chassis\Obj\stm32f4xx_hal_rcc_ex.o
#        E:\Robocon_Value\Chassis\EWARM\Chassis\Obj\stm32f4xx_hal_tim.o
#        E:\Robocon_Value\Chassis\EWARM\Chassis\Obj\stm32f4xx_hal_tim_ex.o
#        E:\Robocon_Value\Chassis\EWARM\Chassis\Obj\stm32f4xx_hal_uart.o
#        E:\Robocon_Value\Chassis\EWARM\Chassis\Obj\stm32f4xx_it.o
#        E:\Robocon_Value\Chassis\EWARM\Chassis\Obj\stmflash.o
#        E:\Robocon_Value\Chassis\EWARM\Chassis\Obj\sys.o
#        E:\Robocon_Value\Chassis\EWARM\Chassis\Obj\system_stm32f4xx.o
#        E:\Robocon_Value\Chassis\EWARM\Chassis\Obj\usart.o
#        E:\Robocon_Value\Chassis\EWARM\Chassis\Obj\utils.o
#        E:\Robocon_Value\Chassis\EWARM\Chassis\Obj\vec.o
#        E:\Robocon_Value\Chassis\EWARM\Chassis\Obj\vega.o
#        E:\Robocon_Value\Chassis\EWARM\Chassis\Obj\vesc_can.o --redirect
#        _Printf=_PrintfFull --redirect _Scanf=_ScanfFull --no_out_extension -o
#        E:\Robocon_Value\Chassis\EWARM\Chassis\Exe\Chassis.out --map
#        E:\Robocon_Value\Chassis\EWARM\Chassis\List\Chassis.map --config
#        E:\Robocon_Value\Chassis\EWARM/stm32f407xx_flash.icf --semihosting
#        --entry __iar_program_start --vfe --text_out locale)
#
###############################################################################

*******************************************************************************
*** RUNTIME MODEL ATTRIBUTES
***

CppFlavor       = *
__Heap_Handler  = DLMalloc
__SystemLibrary = DLib
__dlib_version  = 6


*******************************************************************************
*** HEAP SELECTION
***

The advanced heap was selected because the application calls memory
allocation functions outside of system library functions, and there
are calls to deallocation functions in the application.


*******************************************************************************
*** PLACEMENT SUMMARY
***

"A0":  place at 0x800'0000 { ro section .intvec };
"P1":  place in [from 0x800'0000 to 0x80f'ffff] { ro };
define block CSTACK with size = 4608, alignment = 8 { };
define block HEAP with size = 2K, alignment = 8 { };
"P2":  place in [from 0x2000'0000 to 0x2001'ffff] {
          rw, block CSTACK, block HEAP };
initialize by copy { rw };

  Section            Kind         Address    Size  Object
  -------            ----         -------    ----  ------
"A0":                                       0x188
  .intvec            ro code   0x800'0000   0x188  startup_stm32f407xx.o [1]
                             - 0x800'0188   0x188

"P1":                                      0x86e6
  .text              ro code   0x800'0188   0xf80  dlmalloc.o [2]
  .text              ro code   0x800'1108     0x6  abort.o [2]
  .text              ro code   0x800'110e    0x7a  lz77_init_single.o [4]
  .text              ro code   0x800'1188    0x2c  xgetmemchunk.o [2]
  .text              ro code   0x800'11b4    0x14  exit.o [5]
  .text              ro code   0x800'11c8   0xf7a  xprintffull.o [2]
  .text              ro code   0x800'2142    0x3a  zero_init3.o [4]
  .text              ro code   0x800'217c    0xa8  xlocale_c.o [2]
  .text              ro code   0x800'2224    0x16  strchr.o [4]
  .text              ro code   0x800'223a    0x1e  xencoding_8859_1.o [2]
  .text              ro code   0x800'2258    0x40  xfail_s.o [2]
  .text              ro code   0x800'2298    0x36  strlen.o [4]
  .text              ro code   0x800'22ce    0x1a  xsnprout.o [2]
  .text              ro code   0x800'22e8    0x58  memchr.o [4]
  .text              ro code   0x800'2340     0xa  xmbcurmax.o [2]
  .text              ro code   0x800'234c    0xa6  ABImemcpy.o [4]
  .text              ro code   0x800'23f4   0x230  I64DivMod.o [4]
  .text              ro code   0x800'2624   0x1a2  DblMul.o [3]
  .text              ro code   0x800'27c8    0x70  frexp.o [3]
  .text              ro code   0x800'2838    0x2e  DblCmpLe.o [3]
  .text              ro code   0x800'2868    0x2e  DblCmpGe.o [3]
  .text              ro code   0x800'2898   0x13a  ldexp.o [3]
  .text              ro code   0x800'29d4    0x3a  DblToS32.o [3]
  .text              ro code   0x800'2a10    0x22  S32ToDbl.o [3]
  .text              ro code   0x800'2a34    0xe2  DblSub.o [3]
  .text              ro code   0x800'2b18   0x246  DblDiv.o [3]
  .text              ro code   0x800'2d60    0x28  DblToU32.o [3]
  .text              ro code   0x800'2d88    0x1a  U32ToDbl.o [3]
  .text              ro code   0x800'2da4     0x2  I64DivZer.o [4]
  .text              ro code   0x800'2da8   0x17a  DblAdd.o [3]
  .text              ro code   0x800'2f24   0xa38  stm32f4xx_hal_uart.o [1]
  .text              ro code   0x800'395c   0x67c  usart.o [1]
  .text              ro code   0x800'3fd8     0xc  stm32f4xx_hal.o [1]
  .text              ro code   0x800'3fe4   0x550  stm32f4xx_hal_dma.o [1]
  .text              ro code   0x800'4534     0x2  stm32f4xx_hal_uart.o [1]
  .text              ro code   0x800'4536     0x2  stm32f4xx_hal_uart.o [1]
  .text              ro code   0x800'4538     0x2  stm32f4xx_hal_uart.o [1]
  .text              ro code   0x800'453a     0x2  stm32f4xx_hal_uart.o [1]
  .text              ro code   0x800'453c     0x2  stm32f4xx_hal_uart.o [1]
  .text              ro code   0x800'4540   0x224  stm32f4xx_hal_rcc.o [1]
  .text              ro code   0x800'4764   0x21a  main.o [1]
  .text              ro code   0x800'4980     0x6  ABImemclr4.o [4]
  .text              ro code   0x800'4988   0x284  stm32f4xx_hal_gpio.o [1]
  .text              ro code   0x800'4c0c   0x158  stm32f4xx_hal_cortex.o [1]
  .text              ro code   0x800'4d64    0x4c  stm32f4xx_hal.o [1]
  .text              ro code   0x800'4db0    0x34  stm32f4xx_hal.o [1]
  .text              ro code   0x800'4de4   0x14c  gpio.o [1]
  .text              ro code   0x800'4f30    0xc8  dma.o [1]
  .text              ro code   0x800'4ff8   0x130  adc.o [1]
  .text              ro code   0x800'5128    0xd4  can.o [1]
  .text              ro code   0x800'51fc    0x5c  simplelib.o [1]
  .text              ro code   0x800'5258    0x34  configure.o [1]
  .text              ro code   0x800'528c    0x9c  chassis.o [1]
  .text              ro code   0x800'5328   0x1a4  laser.o [1]
  .text              ro code   0x800'54cc   0x138  lcd.o [1]
  .text              ro code   0x800'5604   0x380  stm32f4xx_hal_rcc.o [1]
  .text              ro code   0x800'5984   0x444  cmd.o [1]
  .text              ro code   0x800'5dc8    0x32  ABImemset48.o [4]
  .text              ro code   0x800'5dfc    0x40  stm32f4xx_hal_msp.o [1]
  .text              ro code   0x800'5e3c   0x56e  stm32f4xx_hal_adc.o [1]
  .text              ro code   0x800'63ac   0x7dc  stm32f4xx_hal_can.o [1]
  .text              ro code   0x800'6b88   0x188  cmd_func.o [1]
  .text              ro code   0x800'6d10   0x20a  can_utils.o [1]
  .text              ro code   0x800'6f1c    0x20  can_func.o [1]
  .text              ro code   0x800'6f3c    0x9c  point_parser.o [1]
  .text              ro code   0x800'6fd8    0x48  FltToDbl.o [3]
  .text              ro code   0x800'7020    0x4c  strcpy.o [4]
  .text              ro code   0x800'706c   0x224  hash.o [1]
  .text              ro code   0x800'7290    0x66  ABImemset.o [4]
  .text              ro code   0x800'72f8    0x4c  strtok.o [2]
  .text              ro code   0x800'7344    0x3c  vsnprint.o [2]
  .text              ro code   0x800'7380    0x4a  strcmp.o [4]
  .text              ro code   0x800'73ca     0x2  stm32f4xx_hal_adc.o [1]
  .text              ro code   0x800'73cc     0x2  stm32f4xx_hal_adc.o [1]
  .text              ro code   0x800'73ce     0x2  stm32f4xx_hal_adc.o [1]
  .text              ro code   0x800'73d0     0x2  stm32f4xx_hal_can.o [1]
  .text              ro code   0x800'73d2     0x2  stm32f4xx_hal_can.o [1]
  .text              ro code   0x800'73d4     0x2  stm32f4xx_hal_can.o [1]
  .text              ro code   0x800'73d6     0x2  stm32f4xx_hal_can.o [1]
  .text              ro code   0x800'73d8     0x2  stm32f4xx_hal_can.o [1]
  .text              ro code   0x800'73da     0x2  stm32f4xx_hal_can.o [1]
  .text              ro code   0x800'73dc     0x2  stm32f4xx_hal_can.o [1]
  .text              ro code   0x800'73de     0x2  stm32f4xx_hal_can.o [1]
  .text              ro code   0x800'73e0     0x2  stm32f4xx_hal_can.o [1]
  .text              ro code   0x800'73e2     0x2  stm32f4xx_hal_can.o [1]
  .text              ro code   0x800'73e4     0x2  stm32f4xx_hal_can.o [1]
  .text              ro code   0x800'73e8    0xf0  vega.o [1]
  .text              ro code   0x800'74d8     0xe  math_wrappers64.o [3]
  .text              ro code   0x800'74e8    0x68  DblToFlt.o [3]
  .text              ro code   0x800'7550    0x24  ABIassert.o [5]
  .text              ro code   0x800'7574    0x22  strspn.o [2]
  .text              ro code   0x800'7596    0x22  strcspn.o [2]
  .text              ro code   0x800'75b8   0x580  strto64.o [3]
  .text              ro code   0x800'7b38   0x122  iar_Stopfx.o [2]
  .text              ro code   0x800'7c5c   0x1c4  iar_Stoflt.o [2]
  .text              ro code   0x800'7e20   0x21c  iar_Stoxflt.o [2]
  .text              ro code   0x800'803c    0x14  isspace.o [2]
  .text              ro code   0x800'8050    0x14  isalpha.o [2]
  .text              ro code   0x800'8064   0x124  stm32f4xx_it.o [1]
  .text              ro code   0x800'8188    0x18  stm32f4xx_hal.o [1]
  .text              ro code   0x800'81a0    0x60  system_stm32f4xx.o [1]
  .rodata            const     0x800'8200    0x3c  cmd_func.o [1]
  .rodata            const     0x800'823c    0x30  hash.o [1]
  .rodata            const     0x800'826c    0x28  vega.o [1]
  .text              ro code   0x800'8294    0x28  data_init.o [4]
  .text              ro code   0x800'82bc    0x22  fpinit_M.o [3]
  .iar.init_table    const     0x800'82e0    0x20  - Linker created -
  .rodata            const     0x800'8300    0x20  can_utils.o [1]
  .rodata            const     0x800'8320    0x20  hash.o [1]
  .rodata            const     0x800'8340    0x20  vega.o [1]
  .rodata            const     0x800'8360    0x20  vega.o [1]
  .text              ro code   0x800'8380    0x1e  cmain.o [4]
  .text              ro code   0x800'839e     0x4  low_level_init.o [2]
  .text              ro code   0x800'83a2     0x4  exit.o [2]
  .text              ro code   0x800'83a8     0xa  cexit.o [4]
  .rodata            const     0x800'83b4    0x1c  lcd.o [1]
  .rodata            const     0x800'83d0    0x1c  vega.o [1]
  .rodata            const     0x800'83ec    0x18  cmd_func.o [1]
  .rodata            const     0x800'8404    0x18  cmd_func.o [1]
  .rodata            const     0x800'841c    0x18  cmd_func.o [1]
  .rodata            const     0x800'8434    0x18  cmd_func.o [1]
  .rodata            const     0x800'844c    0x18  laser.o [1]
  .rodata            const     0x800'8464    0x18  laser.o [1]
  .rodata            const     0x800'847c    0x18  simplelib.o [1]
  .rodata            const     0x800'8494    0x18  vega.o [1]
  .rodata            const     0x800'84ac    0x14  cmd_func.o [1]
  .rodata            const     0x800'84c0    0x14  cmd_func.o [1]
  .rodata            const     0x800'84d4    0x14  main.o [1]
  .rodata            const     0x800'84e8    0x10  cmd.o [1]
  .rodata            const     0x800'84f8    0x10  cmd.o [1]
  .rodata            const     0x800'8508    0x10  cmd_func.o [1]
  .rodata            const     0x800'8518    0x10  cmd_func.o [1]
  .rodata            const     0x800'8528    0x10  cmd_func.o [1]
  .rodata            const     0x800'8538    0x10  cmd_func.o [1]
  .rodata            const     0x800'8548    0x10  laser.o [1]
  .rodata            const     0x800'8558    0x10  laser.o [1]
  .rodata            const     0x800'8568    0x10  laser.o [1]
  .rodata            const     0x800'8578    0x10  laser.o [1]
  .rodata            const     0x800'8588    0x10  laser.o [1]
  .rodata            const     0x800'8598    0x10  system_stm32f4xx.o [1]
  .text              ro code   0x800'85a8    0x10  startup_stm32f407xx.o [1]
  .rodata            const     0x800'85b8     0xc  can_func.o [1]
  .rodata            const     0x800'85c4     0xc  cmd.o [1]
  .rodata            const     0x800'85d0     0xc  cmd_func.o [1]
  .rodata            const     0x800'85dc     0xc  cmd_func.o [1]
  .rodata            const     0x800'85e8     0xc  cmd_func.o [1]
  .rodata            const     0x800'85f4     0xc  hash.o [1]
  .rodata            const     0x800'8600     0xc  laser.o [1]
  .rodata            const     0x800'860c     0xc  point_parser.o [1]
  .text              ro code   0x800'8618     0xc  cstartup_M.o [4]
  .rodata            const     0x800'8624     0x8  cmd.o [1]
  .rodata            const     0x800'862c     0x8  cmd.o [1]
  .rodata            const     0x800'8634     0x8  cmd.o [1]
  .rodata            const     0x800'863c     0x8  cmd_func.o [1]
  .rodata            const     0x800'8644     0x8  hash.o [1]
  .rodata            const     0x800'864c     0x8  laser.o [1]
  .rodata            const     0x800'8654     0x8  laser.o [1]
  .rodata            const     0x800'865c     0x8  stm32f4xx_hal_dma.o [1]
  .rodata            const     0x800'8664     0x8  system_stm32f4xx.o [1]
  .rodata            const     0x800'866c     0x8  vega.o [1]
  .rodata            const     0x800'8674     0x8  vega.o [1]
  .rodata            const     0x800'867c     0x6  xlocale_c.o [2]
  .text              ro code   0x800'8682     0x4  startup_stm32f407xx.o [1]
  .text              ro code   0x800'8686     0x4  startup_stm32f407xx.o [1]
  .text              ro code   0x800'868a     0x4  startup_stm32f407xx.o [1]
  .text              ro code   0x800'868e     0x4  startup_stm32f407xx.o [1]
  .text              ro code   0x800'8692     0x4  startup_stm32f407xx.o [1]
  .text              ro code   0x800'8696     0x4  startup_stm32f407xx.o [1]
  .text              ro code   0x800'869a     0x4  startup_stm32f407xx.o [1]
  .text              ro code   0x800'869e     0x4  startup_stm32f407xx.o [1]
  .text              ro code   0x800'86a2     0x4  startup_stm32f407xx.o [1]
  .text              ro code   0x800'86a6     0x4  startup_stm32f407xx.o [1]
  .text              ro code   0x800'86aa     0x4  startup_stm32f407xx.o [1]
  .text              ro code   0x800'86ae     0x4  startup_stm32f407xx.o [1]
  .text              ro code   0x800'86b2     0x4  startup_stm32f407xx.o [1]
  .text              ro code   0x800'86b6     0x4  startup_stm32f407xx.o [1]
  .text              ro code   0x800'86ba     0x4  startup_stm32f407xx.o [1]
  .text              ro code   0x800'86be     0x4  startup_stm32f407xx.o [1]
  .text              ro code   0x800'86c2     0x4  startup_stm32f407xx.o [1]
  .text              ro code   0x800'86c6     0x4  startup_stm32f407xx.o [1]
  .text              ro code   0x800'86ca     0x4  startup_stm32f407xx.o [1]
  .text              ro code   0x800'86ce     0x4  startup_stm32f407xx.o [1]
  .text              ro code   0x800'86d2     0x4  startup_stm32f407xx.o [1]
  .text              ro code   0x800'86d6     0x4  startup_stm32f407xx.o [1]
  .text              ro code   0x800'86da     0x4  startup_stm32f407xx.o [1]
  .text              ro code   0x800'86de     0x4  startup_stm32f407xx.o [1]
  .text              ro code   0x800'86e2     0x4  startup_stm32f407xx.o [1]
  .text              ro code   0x800'86e6     0x4  startup_stm32f407xx.o [1]
  .text              ro code   0x800'86ea     0x4  startup_stm32f407xx.o [1]
  .text              ro code   0x800'86ee     0x4  startup_stm32f407xx.o [1]
  .text              ro code   0x800'86f2     0x4  startup_stm32f407xx.o [1]
  .text              ro code   0x800'86f6     0x4  startup_stm32f407xx.o [1]
  .text              ro code   0x800'86fa     0x4  startup_stm32f407xx.o [1]
  .text              ro code   0x800'86fe     0x4  startup_stm32f407xx.o [1]
  .text              ro code   0x800'8702     0x4  startup_stm32f407xx.o [1]
  .text              ro code   0x800'8706     0x4  startup_stm32f407xx.o [1]
  .text              ro code   0x800'870a     0x4  startup_stm32f407xx.o [1]
  .text              ro code   0x800'870e     0x4  startup_stm32f407xx.o [1]
  .text              ro code   0x800'8712     0x4  startup_stm32f407xx.o [1]
  .text              ro code   0x800'8716     0x4  startup_stm32f407xx.o [1]
  .text              ro code   0x800'871a     0x4  startup_stm32f407xx.o [1]
  .text              ro code   0x800'871e     0x4  startup_stm32f407xx.o [1]
  .text              ro code   0x800'8722     0x4  startup_stm32f407xx.o [1]
  .text              ro code   0x800'8726     0x4  startup_stm32f407xx.o [1]
  .text              ro code   0x800'872a     0x4  startup_stm32f407xx.o [1]
  .text              ro code   0x800'872e     0x4  startup_stm32f407xx.o [1]
  .text              ro code   0x800'8732     0x4  startup_stm32f407xx.o [1]
  .text              ro code   0x800'8736     0x4  startup_stm32f407xx.o [1]
  .text              ro code   0x800'873a     0x4  startup_stm32f407xx.o [1]
  .text              ro code   0x800'873e     0x4  startup_stm32f407xx.o [1]
  .text              ro code   0x800'8742     0x4  startup_stm32f407xx.o [1]
  .text              ro code   0x800'8746     0x4  startup_stm32f407xx.o [1]
  .text              ro code   0x800'874a     0x4  startup_stm32f407xx.o [1]
  .text              ro code   0x800'874e     0x4  startup_stm32f407xx.o [1]
  .text              ro code   0x800'8752     0x4  startup_stm32f407xx.o [1]
  .text              ro code   0x800'8756     0x4  startup_stm32f407xx.o [1]
  .text              ro code   0x800'875a     0x4  startup_stm32f407xx.o [1]
  .text              ro code   0x800'875e     0x4  startup_stm32f407xx.o [1]
  .text              ro code   0x800'8762     0x4  startup_stm32f407xx.o [1]
  .text              ro code   0x800'8766     0x4  startup_stm32f407xx.o [1]
  .text              ro code   0x800'876a     0x4  startup_stm32f407xx.o [1]
  .text              ro code   0x800'876e     0x4  startup_stm32f407xx.o [1]
  .text              ro code   0x800'8772     0x4  startup_stm32f407xx.o [1]
  .text              ro code   0x800'8776     0x4  startup_stm32f407xx.o [1]
  .text              ro code   0x800'877a     0x4  startup_stm32f407xx.o [1]
  .text              ro code   0x800'877e     0x4  startup_stm32f407xx.o [1]
  .text              ro code   0x800'8782     0x4  startup_stm32f407xx.o [1]
  .text              ro code   0x800'8786     0x4  startup_stm32f407xx.o [1]
  .text              ro code   0x800'878a     0x4  startup_stm32f407xx.o [1]
  .rodata            const     0x800'878e     0x0  zero_init3.o [4]
  .rodata            const     0x800'878e     0x0  lz77_init_single.o [4]
  Initializer bytes  const     0x800'878e    0xe0  <for P2-1>
                             - 0x800'886e  0x86e6

"P2", part 1 of 3:                          0x1ed
  P2-1                        0x2000'0000   0x1ed  <Init block>
    .data            inited   0x2000'0000     0x4  can_utils.o [1]
    .data            inited   0x2000'0004     0x4  cmd.o [1]
    .data            inited   0x2000'0008   0x150  point_parser.o [1]
    .data            inited   0x2000'0158     0x4  stm32f4xx_hal.o [1]
    .data            inited   0x2000'015c     0x4  system_stm32f4xx.o [1]
    .data            inited   0x2000'0160     0xc  vega.o [1]
    .data            inited   0x2000'016c    0x38  xlocale_c.o [2]
    .data            inited   0x2000'01a4    0x48  xlocale_c.o [2]
    .data            inited   0x2000'01ec     0x1  stm32f4xx_hal.o [1]
                            - 0x2000'01ed   0x1ed

"P2", part 2 of 3:                         0xd924
  .bss               zero     0x2000'01f0   0xfa0  point.o [1]
  .bss               zero     0x2000'1190   0xfa0  point.o [1]
  .bss               zero     0x2000'2130   0xfa0  point.o [1]
  .bss               zero     0x2000'30d0   0xfa0  point.o [1]
  .bss               zero     0x2000'4070   0xfa0  point.o [1]
  .bss               zero     0x2000'5010   0xfa0  point.o [1]
  .bss               zero     0x2000'5fb0   0xfa0  point.o [1]
  .bss               zero     0x2000'6f50   0xfa0  point.o [1]
  .bss               zero     0x2000'7ef0   0xfa0  point.o [1]
  .bss               zero     0x2000'8e90   0xfa0  point.o [1]
  .bss               zero     0x2000'9e30   0xfa0  point.o [1]
  .bss               zero     0x2000'add0   0xfa0  point.o [1]
  .bss               zero     0x2000'bd70   0xfa0  point.o [1]
  .bss               zero     0x2000'cd10   0x1d8  dlmalloc.o [2]
  .bss               zero     0x2000'cee8   0x190  lcd.o [1]
  .bss               zero     0x2000'd078    0x78  laser.o [1]
  .bss               zero     0x2000'd0f0    0x68  cmd.o [1]
  .bss               zero     0x2000'd158    0x64  cmd.o [1]
  .bss               zero     0x2000'd1bc    0x64  cmd.o [1]
  .bss               zero     0x2000'd220    0x64  cmd.o [1]
  .bss               zero     0x2000'd284    0x64  cmd.o [1]
  .bss               zero     0x2000'd2e8    0x60  adc.o [1]
  .bss               zero     0x2000'd348    0x60  usart.o [1]
  .bss               zero     0x2000'd3a8    0x60  usart.o [1]
  .bss               zero     0x2000'd408    0x60  usart.o [1]
  .bss               zero     0x2000'd468    0x60  usart.o [1]
  .bss               zero     0x2000'd4c8    0x60  usart.o [1]
  .bss               zero     0x2000'd528    0x60  usart.o [1]
  .bss               zero     0x2000'd588    0x60  usart.o [1]
  .bss               zero     0x2000'd5e8    0x60  usart.o [1]
  .bss               zero     0x2000'd648    0x58  chassis.o [1]
  .bss               zero     0x2000'd6a0    0x48  adc.o [1]
  .bss               zero     0x2000'd6e8    0x48  laser.o [1]
  .bss               zero     0x2000'd730    0x48  laser.o [1]
  .bss               zero     0x2000'd778    0x48  laser.o [1]
  .bss               zero     0x2000'd7c0    0x40  cmd.o [1]
  .bss               zero     0x2000'd800    0x40  usart.o [1]
  .bss               zero     0x2000'd840    0x40  usart.o [1]
  .bss               zero     0x2000'd880    0x40  usart.o [1]
  .bss               zero     0x2000'd8c0    0x40  usart.o [1]
  .bss               zero     0x2000'd900    0x40  usart.o [1]
  .bss               zero     0x2000'd940    0x40  usart.o [1]
  .bss               zero     0x2000'd980    0x30  cmd.o [1]
  .bss               zero     0x2000'd9b0    0x28  can.o [1]
  .bss               zero     0x2000'd9d8    0x28  can_utils.o [1]
  .bss               zero     0x2000'da00    0x20  chassis.o [1]
  .bss               zero     0x2000'da20    0x1c  can_utils.o [1]
  .bss               zero     0x2000'da3c    0x1c  main.o [1]
  .bss               zero     0x2000'da58    0x18  can_utils.o [1]
  .bss               zero     0x2000'da70    0x18  cmd.o [1]
  .bss               zero     0x2000'da88    0x18  dlmalloc.o [2]
  .bss               zero     0x2000'daa0    0x10  configure.o [1]
  .bss               zero     0x2000'dab0    0x10  configure.o [1]
  .bss               zero     0x2000'dac0     0x8  can_utils.o [1]
  .bss               zero     0x2000'dac8     0x8  can_utils.o [1]
  .bss               zero     0x2000'dad0     0x4  can_utils.o [1]
  .bss               zero     0x2000'dad4     0x4  can_utils.o [1]
  .bss               zero     0x2000'dad8     0x4  can_utils.o [1]
  .bss               zero     0x2000'dadc     0x4  can_utils.o [1]
  .bss               zero     0x2000'dae0     0x4  cmd.o [1]
  .bss               zero     0x2000'dae4     0x4  cmd.o [1]
  .bss               zero     0x2000'dae8     0x4  cmd.o [1]
  .bss               zero     0x2000'daec     0x4  flags.o [1]
  .bss               zero     0x2000'daf0     0x4  flags.o [1]
  .bss               zero     0x2000'daf4     0x4  lcd.o [1]
  .bss               zero     0x2000'daf8     0x4  lcd.o [1]
  .bss               zero     0x2000'dafc     0x4  main.o [1]
  .bss               zero     0x2000'db00     0x4  stm32f4xx_hal.o [1]
  .bss               zero     0x2000'db04     0x4  strtok.o [2]
  .bss               zero     0x2000'db08     0x4  xfail_s.o [2]
  .bss               zero     0x2000'db0c     0x4  xgetmemchunk.o [2]
  .bss               zero     0x2000'db10     0x2  main.o [1]
                            - 0x2000'db12  0xd922

"P2", part 3 of 3:                         0x1a00
  CSTACK                      0x2000'db18  0x1200  <Block>
    CSTACK           uninit   0x2000'db18  0x1200  <Block tail>
  HEAP                        0x2000'ed18   0x800  <Block>
    HEAP             uninit   0x2000'ed18   0x800  <Block tail>
                            - 0x2000'f518  0x1a00

Unused ranges:

         From           To      Size
         ----           --      ----
   0x800'886e   0x80f'ffff  0xf'7792
  0x2000'01ed  0x2000'01ef       0x3
  0x2000'db14  0x2000'db17       0x4
  0x2000'f518  0x2001'ffff  0x1'0ae8


*******************************************************************************
*** INIT TABLE
***

          Address      Size
          -------      ----
Zero (__iar_zero_init3)
    1 destination range, total size 0xd922:
          0x2000'01f0  0xd922

Copy/lz77 (__iar_lz77_init_single3)
    1 source range, total size 0xe0 (45% of destination):
           0x800'878e    0xe0
    1 destination range, total size 0x1ed:
          0x2000'0000   0x1ed



*******************************************************************************
*** MODULE SUMMARY
***

    Module                  ro code  ro data  rw data
    ------                  -------  -------  -------
command line/config:
    -------------------------------------------------
    Total:

E:\Robocon_Value\Chassis\EWARM\Chassis\Obj: [1]
    adc.o                       304               168
    can.o                       212                40
    can_func.o                   32       12
    can_utils.o                 522       33      128
    chassis.o                   156               120
    cmd.o                     1 092       70      656
    cmd_func.o                  392      304
    configure.o                  52                32
    dma.o                       200
    flags.o                                         8
    gpio.o                      332
    hash.o                      548      100
    laser.o                     420      156      336
    lcd.o                       312       28      408
    main.o                      538       20       34
    point.o                                    52 000
    point_parser.o              156      165      336
    simplelib.o                  92       24
    startup_stm32f407xx.o       676
    stm32f4xx_hal.o             164        3        9
    stm32f4xx_hal_adc.o       1 396
    stm32f4xx_hal_can.o       2 034
    stm32f4xx_hal_cortex.o      344
    stm32f4xx_hal_dma.o       1 360        8
    stm32f4xx_hal_gpio.o        644
    stm32f4xx_hal_msp.o          64
    stm32f4xx_hal_rcc.o       1 444
    stm32f4xx_hal_uart.o      2 626
    stm32f4xx_it.o              292
    system_stm32f4xx.o           96       25        4
    usart.o                   1 660             1 152
    vega.o                      240      178       12
    -------------------------------------------------
    Total:                   18 400    1 126   55 443

dl7M_tlf.a: [2]
    abort.o                       6
    dlmalloc.o                3 968               496
    exit.o                        4
    iar_Stoflt.o                452
    iar_Stopfx.o                290
    iar_Stoxflt.o               540
    isalpha.o                    20
    isspace.o                    20
    low_level_init.o              4
    strcspn.o                    34
    strspn.o                     34
    strtok.o                     76                 4
    vsnprint.o                   60
    xencoding_8859_1.o           30
    xfail_s.o                    64                 4
    xgetmemchunk.o               44                 4
    xlocale_c.o                 168       64      128
    xmbcurmax.o                  10
    xprintffull.o             3 962
    xsnprout.o                   26
    -------------------------------------------------
    Total:                    9 812       64      636

m7M_tls.a: [3]
    DblAdd.o                    378
    DblCmpGe.o                   46
    DblCmpLe.o                   46
    DblDiv.o                    582
    DblMul.o                    418
    DblSub.o                    226
    DblToFlt.o                  104
    DblToS32.o                   58
    DblToU32.o                   40
    FltToDbl.o                   72
    S32ToDbl.o                   34
    U32ToDbl.o                   26
    fpinit_M.o                   34
    frexp.o                     112
    ldexp.o                     314
    math_wrappers64.o            14
    strto64.o                 1 408
    -------------------------------------------------
    Total:                    3 912

rt7M_tl.a: [4]
    ABImemclr4.o                  6
    ABImemcpy.o                 166
    ABImemset.o                 102
    ABImemset48.o                50
    I64DivMod.o                 560
    I64DivZer.o                   2
    cexit.o                      10
    cmain.o                      30
    cstartup_M.o                 12
    data_init.o                  40
    lz77_init_single.o          122
    memchr.o                     88
    strchr.o                     22
    strcmp.o                     74
    strcpy.o                     76
    strlen.o                     54
    zero_init3.o                 58
    -------------------------------------------------
    Total:                    1 472

shb_l.a: [5]
    ABIassert.o                  36
    exit.o                       20
    -------------------------------------------------
    Total:                       56

    Gaps                         48        4
    Linker created                        32    6 656
-----------------------------------------------------
    Grand Total:             33 700    1 226   62 735


*******************************************************************************
*** ENTRY LIST
***

Entry                       Address   Size  Type      Object
-----                       -------   ----  ----      ------
.iar.init_table$$Base    0x800'82e0          --   Gb  - Linker created -
.iar.init_table$$Limit   0x800'8300          --   Gb  - Linker created -
?main                    0x800'8381         Code  Gb  cmain.o [4]
ADC_DMAConvCplt          0x800'6305   0x7a  Code  Lc  stm32f4xx_hal_adc.o [1]
ADC_DMAError             0x800'6391   0x1a  Code  Lc  stm32f4xx_hal_adc.o [1]
ADC_DMAHalfConvCplt      0x800'6381    0xe  Code  Lc  stm32f4xx_hal_adc.o [1]
ADC_Init                 0x800'6183  0x15a  Code  Lc  stm32f4xx_hal_adc.o [1]
AHBPrescTable            0x800'8598   0x10  Data  Gb  system_stm32f4xx.o [1]
APBPrescTable            0x800'8664    0x8  Data  Gb  system_stm32f4xx.o [1]
BusFault_Handler         0x800'806b    0x2  Code  Gb  stm32f4xx_it.o [1]
CAN1_RX0_IRQHandler      0x800'80b3    0xa  Code  Gb  stm32f4xx_it.o [1]
CAN_config               0x800'6df5   0x52  Code  Lc  can_utils.o [1]
CMD_USART               0x2000'd7c0   0x40  Data  Gb  cmd.o [1]
CSTACK$$Base            0x2000'db18          --   Gb  - Linker created -
CSTACK$$Limit           0x2000'ed18          --   Gb  - Linker created -
CacheMore                0x800'21b1   0x24  Code  Lc  xlocale_c.o [2]
DMA1_Stream0_IRQHandler
                         0x800'8081    0xa  Code  Gb  stm32f4xx_it.o [1]
DMA1_Stream1_IRQHandler
                         0x800'808b    0xa  Code  Gb  stm32f4xx_it.o [1]
DMA1_Stream3_IRQHandler
                         0x800'8095    0xa  Code  Gb  stm32f4xx_it.o [1]
DMA1_Stream5_IRQHandler
                         0x800'809f    0xa  Code  Gb  stm32f4xx_it.o [1]
DMA1_Stream6_IRQHandler
                         0x800'80a9    0xa  Code  Gb  stm32f4xx_it.o [1]
DMA1_Stream7_IRQHandler
                         0x800'810b    0xa  Code  Gb  stm32f4xx_it.o [1]
DMA2_Stream0_IRQHandler
                         0x800'812d    0xa  Code  Gb  stm32f4xx_it.o [1]
DMA2_Stream2_IRQHandler
                         0x800'8137    0xa  Code  Gb  stm32f4xx_it.o [1]
DMA2_Stream7_IRQHandler
                         0x800'8141    0xa  Code  Gb  stm32f4xx_it.o [1]
DMAUSART_RX_BUF         0x2000'd1bc   0x64  Data  Gb  cmd.o [1]
DMAUSART_RX_BUF_vega    0x2000'd220   0x64  Data  Gb  cmd.o [1]
DMA_CalcBaseAndBitshift
                         0x800'4459   0x30  Code  Lc  stm32f4xx_hal_dma.o [1]
DMA_CalcBaseAndBitshift::flagBitshiftOffset
                         0x800'865c    0x8  Data  Lc  stm32f4xx_hal_dma.o [1]
DMA_CheckFifoParam       0x800'4499   0x9c  Code  Lc  stm32f4xx_hal_dma.o [1]
DMA_RxOK_Flag           0x2000'daf0    0x4  Data  Gb  flags.o [1]
DMA_RxOK_Flag_vega      0x2000'dae8    0x4  Data  Gb  cmd.o [1]
DMA_SetConfig            0x800'442b   0x2e  Code  Lc  stm32f4xx_hal_dma.o [1]
DMAaRxBuffer            0x2000'd158   0x64  Data  Gb  cmd.o [1]
DMAaRxBuffer_vega       0x2000'd284   0x64  Data  Gb  cmd.o [1]
DebugMon_Handler         0x800'8071    0x2  Code  Gb  stm32f4xx_it.o [1]
Dtentox                  0x800'775d  0x192  Code  Lc  strto64.o [3]
Error_Handler            0x800'497d    0x2  Code  Gb  main.o [1]
HAL_ADC_ConfigChannel    0x800'6007  0x17c  Code  Gb  stm32f4xx_hal_adc.o [1]
HAL_ADC_Init             0x800'5e3d   0x66  Code  Gb  stm32f4xx_hal_adc.o [1]
HAL_ADC_MspInit          0x800'5067   0xa2  Code  Gb  adc.o [1]
HAL_ADC_Start_DMA        0x800'5ea3  0x164  Code  Gb  stm32f4xx_hal_adc.o [1]
HAL_CAN_ActivateNotification
                         0x800'6931   0x34  Code  Gb  stm32f4xx_hal_can.o [1]
HAL_CAN_AddTxMessage     0x800'66a1  0x138  Code  Gb  stm32f4xx_hal_can.o [1]
HAL_CAN_ConfigFilter     0x800'6519  0x128  Code  Gb  stm32f4xx_hal_can.o [1]
HAL_CAN_GetRxMessage     0x800'67d9  0x158  Code  Gb  stm32f4xx_hal_can.o [1]
HAL_CAN_IRQHandler       0x800'6965  0x224  Code  Gb  stm32f4xx_hal_can.o [1]
HAL_CAN_Init             0x800'63ad  0x16c  Code  Gb  stm32f4xx_hal_can.o [1]
HAL_CAN_MspInit          0x800'516f   0x78  Code  Gb  can.o [1]
HAL_CAN_RxFifo0FullCallback
                         0x800'6df3    0x2  Code  Gb  can_utils.o [1]
HAL_CAN_RxFifo0MsgPendingCallback
                         0x800'6d8b   0x3a  Code  Gb  can_utils.o [1]
HAL_CAN_Start            0x800'6641   0x5c  Code  Gb  stm32f4xx_hal_can.o [1]
HAL_DMA_Abort            0x800'415f   0x9c  Code  Gb  stm32f4xx_hal_dma.o [1]
HAL_DMA_Abort_IT         0x800'41fb   0x28  Code  Gb  stm32f4xx_hal_dma.o [1]
HAL_DMA_IRQHandler       0x800'4223  0x208  Code  Gb  stm32f4xx_hal_dma.o [1]
HAL_DMA_Init             0x800'3fe5   0xe2  Code  Gb  stm32f4xx_hal_dma.o [1]
HAL_DMA_Start_IT         0x800'40c7   0x98  Code  Gb  stm32f4xx_hal_dma.o [1]
HAL_GPIO_Init            0x800'4989  0x210  Code  Gb  stm32f4xx_hal_gpio.o [1]
HAL_GPIO_TogglePin       0x800'4bb3   0x22  Code  Gb  stm32f4xx_hal_gpio.o [1]
HAL_GPIO_WritePin        0x800'4b99   0x1a  Code  Gb  stm32f4xx_hal_gpio.o [1]
HAL_GetTick              0x800'3fd9    0xc  Code  Wk  stm32f4xx_hal.o [1]
HAL_IncTick              0x800'8189   0x18  Code  Wk  stm32f4xx_hal.o [1]
HAL_Init                 0x800'4db1   0x30  Code  Gb  stm32f4xx_hal.o [1]
HAL_InitTick             0x800'4d65   0x4c  Code  Wk  stm32f4xx_hal.o [1]
HAL_MspInit              0x800'5dfd   0x40  Code  Gb  stm32f4xx_hal_msp.o [1]
HAL_NVIC_EnableIRQ       0x800'4d2b    0xe  Code  Gb  stm32f4xx_hal_cortex.o [1]
HAL_NVIC_SetPriority     0x800'4d01   0x2a  Code  Gb  stm32f4xx_hal_cortex.o [1]
HAL_NVIC_SetPriorityGrouping
                         0x800'4cf5    0xc  Code  Gb  stm32f4xx_hal_cortex.o [1]
HAL_RCC_ClockConfig      0x800'4541  0x13e  Code  Gb  stm32f4xx_hal_rcc.o [1]
HAL_RCC_GetHCLKFreq      0x800'467f    0x6  Code  Gb  stm32f4xx_hal_rcc.o [1]
HAL_RCC_GetPCLK1Freq     0x800'4685   0x16  Code  Gb  stm32f4xx_hal_rcc.o [1]
HAL_RCC_GetPCLK2Freq     0x800'469b   0x16  Code  Gb  stm32f4xx_hal_rcc.o [1]
HAL_RCC_OscConfig        0x800'5605  0x380  Code  Wk  stm32f4xx_hal_rcc.o [1]
HAL_SYSTICK_Config       0x800'4d39    0xc  Code  Gb  stm32f4xx_hal_cortex.o [1]
HAL_UART_DMAStop         0x800'31c7   0x72  Code  Gb  stm32f4xx_hal_uart.o [1]
HAL_UART_IDLECallback    0x800'5a3d   0xf8  Code  Gb  cmd.o [1]
HAL_UART_IRQHandler      0x800'3239  0x14a  Code  Gb  stm32f4xx_hal_uart.o [1]
HAL_UART_Init            0x800'2f25   0x76  Code  Gb  stm32f4xx_hal_uart.o [1]
HAL_UART_MspInit         0x800'3aad  0x4a0  Code  Gb  usart.o [1]
HAL_UART_Receive_DMA     0x800'3111   0xb6  Code  Gb  stm32f4xx_hal_uart.o [1]
HAL_UART_Transmit        0x800'2f9b   0xe0  Code  Gb  stm32f4xx_hal_uart.o [1]
HAL_UART_Transmit_DMA    0x800'307b   0x96  Code  Gb  stm32f4xx_hal_uart.o [1]
HCAN                    0x2000'd9d8   0x28  Data  Gb  can_utils.o [1]
HEAP$$Base              0x2000'ed18          --   Gb  - Linker created -
HEAP$$Limit             0x2000'f518          --   Gb  - Linker created -
HardFault_Handler        0x800'8067    0x2  Code  Gb  stm32f4xx_it.o [1]
HashTable_create         0x800'70a7   0x5c  Code  Gb  hash.o [1]
HashTable_get            0x800'719d   0x60  Code  Gb  hash.o [1]
HashTable_insert         0x800'7103   0x9a  Code  Gb  hash.o [1]
HashTable_map            0x800'71fd   0x74  Code  Gb  hash.o [1]
LoadInt                  0x800'138b   0x7a  Code  Lc  xprintffull.o [2]
MX_ADC1_Init             0x800'4ff9   0x6e  Code  Gb  adc.o [1]
MX_CAN1_Init             0x800'5129   0x46  Code  Gb  can.o [1]
MX_DMA_Init              0x800'4f31   0xc8  Code  Gb  dma.o [1]
MX_GPIO_Init             0x800'4de5  0x14c  Code  Gb  gpio.o [1]
MX_UART4_Init            0x800'395d   0x38  Code  Gb  usart.o [1]
MX_UART5_Init            0x800'3995   0x38  Code  Gb  usart.o [1]
MX_USART1_UART_Init      0x800'39cd   0x38  Code  Gb  usart.o [1]
MX_USART2_UART_Init      0x800'3a05   0x38  Code  Gb  usart.o [1]
MX_USART3_UART_Init      0x800'3a3d   0x38  Code  Gb  usart.o [1]
MX_USART6_UART_Init      0x800'3a75   0x38  Code  Gb  usart.o [1]
MemManage_Handler        0x800'8069    0x2  Code  Gb  stm32f4xx_it.o [1]
NMI_Handler              0x800'8065    0x2  Code  Gb  stm32f4xx_it.o [1]
NVIC_EncodePriority      0x800'4c85   0x40  Code  Lc  stm32f4xx_hal_cortex.o [1]
PendSV_Handler           0x800'8073    0x2  Code  Gb  stm32f4xx_it.o [1]
Region$$Table$$Base      0x800'82e0          --   Gb  - Linker created -
Region$$Table$$Limit     0x800'8300          --   Gb  - Linker created -
RxHeader                0x2000'da20   0x1c  Data  Gb  can_utils.o [1]
SVC_Handler              0x800'806f    0x2  Code  Gb  stm32f4xx_it.o [1]
SysTick_Config           0x800'4cc5   0x30  Code  Lc  stm32f4xx_hal_cortex.o [1]
SysTick_Handler          0x800'8075    0xc  Code  Gb  stm32f4xx_it.o [1]
SystemClock_Config       0x800'47c3   0xa2  Code  Gb  main.o [1]
SystemCoreClock         0x2000'015c    0x4  Data  Gb  system_stm32f4xx.o [1]
SystemInit               0x800'81a1   0x40  Code  Gb  system_stm32f4xx.o [1]
TxHeader                0x2000'da58   0x18  Data  Gb  can_utils.o [1]
TxMailbox               0x2000'dad4    0x4  Data  Gb  can_utils.o [1]
UART5_IRQHandler         0x800'8115   0x18  Code  Gb  stm32f4xx_it.o [1]
UART_DMAAbortOnError     0x800'3519   0x16  Code  Lc  stm32f4xx_hal_uart.o [1]
UART_DMAError            0x800'341d   0x58  Code  Lc  stm32f4xx_hal_uart.o [1]
UART_DMAReceiveCplt      0x800'33c9   0x44  Code  Lc  stm32f4xx_hal_uart.o [1]
UART_DMARxHalfCplt       0x800'340d    0xe  Code  Lc  stm32f4xx_hal_uart.o [1]
UART_DMATransmitCplt     0x800'3385   0x34  Code  Lc  stm32f4xx_hal_uart.o [1]
UART_DMATxHalfCplt       0x800'33b9    0xe  Code  Lc  stm32f4xx_hal_uart.o [1]
UART_EndRxTransfer       0x800'34f7   0x20  Code  Lc  stm32f4xx_hal_uart.o [1]
UART_EndTransmit_IT      0x800'359f   0x20  Code  Lc  stm32f4xx_hal_uart.o [1]
UART_EndTxTransfer       0x800'34e3   0x14  Code  Lc  stm32f4xx_hal_uart.o [1]
UART_Receive_IT          0x800'35bf   0xae  Code  Lc  stm32f4xx_hal_uart.o [1]
UART_SetConfig           0x800'366d  0x2e2  Code  Lc  stm32f4xx_hal_uart.o [1]
UART_Transmit_IT         0x800'3531   0x6e  Code  Lc  stm32f4xx_hal_uart.o [1]
UART_WaitOnFlagUntilTimeout
                         0x800'3475   0x6e  Code  Lc  stm32f4xx_hal_uart.o [1]
USART1_IRQHandler        0x800'80bd   0x1a  Code  Gb  stm32f4xx_it.o [1]
USART2_IRQHandler        0x800'80d7   0x1a  Code  Gb  stm32f4xx_it.o [1]
USART3_IRQHandler        0x800'80f1   0x1a  Code  Gb  stm32f4xx_it.o [1]
UsageFault_Handler       0x800'806d    0x2  Code  Gb  stm32f4xx_it.o [1]
_Encoding_8859_1_Mbrlen
                         0x800'224d    0x2  Code  Gb  xencoding_8859_1.o [2]
_Encoding_8859_1_Wctomb
                         0x800'223b   0x12  Code  Gb  xencoding_8859_1.o [2]
_GenldFull               0x800'1e1d  0x274  Code  Lc  xprintffull.o [2]
_LdtobFull               0x800'19f1  0x400  Code  Lc  xprintffull.o [2]
_LitobFull               0x800'1899  0x112  Code  Lc  xprintffull.o [2]
_LocaleC_isalpha         0x800'2183    0xc  Code  Gb  xlocale_c.o [2]
_LocaleC_islower         0x800'217d    0x4  Code  Gb  xlocale_c.o [2]
_LocaleC_isspace         0x800'2199   0x14  Code  Gb  xlocale_c.o [2]
_LocaleC_isupper         0x800'2181    0x2  Code  Gb  xlocale_c.o [2]
_Locale_lconv           0x2000'016c   0x38  Data  Lc  xlocale_c.o [2]
_PrintfFull              0x800'11c9  0x1aa  Code  Gb  xprintffull.o [2]
_PutcharsFull            0x800'2091   0x2e  Code  Lc  xprintffull.o [2]
_PutfldFull              0x800'1405  0x2d8  Code  Lc  xprintffull.o [2]
_PutstrFull              0x800'17d3   0xc6  Code  Lc  xprintffull.o [2]
_PuttxtFull              0x800'16dd   0xf6  Code  Lc  xprintffull.o [2]
_SNProut                 0x800'22cf   0x1a  Code  Gb  xsnprout.o [2]
_Strtok_ssave           0x2000'db04    0x4  Data  Lc  strtok.o [2]
__NVIC_EnableIRQ         0x800'4c3b   0x1e  Code  Lc  stm32f4xx_hal_cortex.o [1]
__NVIC_GetPriorityGrouping
                         0x800'4c2f    0xc  Code  Lc  stm32f4xx_hal_cortex.o [1]
__NVIC_SetPriority       0x800'4c59   0x2c  Code  Lc  stm32f4xx_hal_cortex.o [1]
__NVIC_SetPriorityGrouping
                         0x800'4c0d   0x22  Code  Lc  stm32f4xx_hal_cortex.o [1]
__aeabi_assert           0x800'7551   0x24  Code  Gb  ABIassert.o [5]
__aeabi_cdcmple          0x800'2839         Code  Gb  DblCmpLe.o [3]
__aeabi_cdrcmple         0x800'2869         Code  Gb  DblCmpGe.o [3]
__aeabi_d2f              0x800'74e9         Code  Gb  DblToFlt.o [3]
__aeabi_d2iz             0x800'29d5         Code  Gb  DblToS32.o [3]
__aeabi_d2uiz            0x800'2d61         Code  Gb  DblToU32.o [3]
__aeabi_dadd             0x800'2da9         Code  Gb  DblAdd.o [3]
__aeabi_ddiv             0x800'2b19         Code  Gb  DblDiv.o [3]
__aeabi_dmul             0x800'2625         Code  Gb  DblMul.o [3]
__aeabi_dsub             0x800'2a35         Code  Gb  DblSub.o [3]
__aeabi_f2d              0x800'6fd9         Code  Gb  FltToDbl.o [3]
__aeabi_i2d              0x800'2a11         Code  Gb  S32ToDbl.o [3]
__aeabi_ldiv0            0x800'2da5         Code  Gb  I64DivZer.o [4]
__aeabi_memclr4          0x800'4981         Code  Gb  ABImemclr4.o [4]
__aeabi_memcpy           0x800'234d         Code  Gb  ABImemcpy.o [4]
__aeabi_memcpy4          0x800'236d         Code  Gb  ABImemcpy.o [4]
__aeabi_memcpy8          0x800'236d         Code  Gb  ABImemcpy.o [4]
__aeabi_memset           0x800'7291         Code  Gb  ABImemset.o [4]
__aeabi_ui2d             0x800'2d89         Code  Gb  U32ToDbl.o [3]
__aeabi_uldivmod         0x800'23f5         Code  Gb  I64DivMod.o [4]
__cmain                  0x800'8381         Code  Gb  cmain.o [4]
__data_GetMemChunk       0x800'1189   0x2c  Code  Gb  xgetmemchunk.o [2]
__data_GetMemChunk::start
                        0x2000'db0c    0x4  Data  Lc  xgetmemchunk.o [2]
__exit                   0x800'11b5   0x14  Code  Gb  exit.o [5]
__iar_Fail_s             0x800'2259   0x1c  Code  Gb  xfail_s.o [2]
__iar_Mbcurmax           0x800'2341    0xa  Code  Gb  xmbcurmax.o [2]
__iar_Memchr             0x800'22e9         Code  Gb  memchr.o [4]
__iar_Memset             0x800'7291         Code  Gb  ABImemset.o [4]
__iar_Memset4_word       0x800'5dc9         Code  Gb  ABImemset48.o [4]
__iar_Memset8_word       0x800'5dc9         Code  Gb  ABImemset48.o [4]
__iar_Memset_word        0x800'7299         Code  Gb  ABImemset.o [4]
__iar_Sto64              0x800'7901  0x19e  Code  Gb  strto64.o [3]
__iar_Stoflt             0x800'7c5d  0x1c4  Code  Gb  iar_Stoflt.o [2]
__iar_Stopfx             0x800'7b39  0x122  Code  Gb  iar_Stopfx.o [2]
__iar_Stoxflt            0x800'7e21  0x1e6  Code  Gb  iar_Stoxflt.o [2]
__iar_Stoxflt::digits    0x800'800c   0x18  Data  Lc  iar_Stoxflt.o [2]
__iar_Stoxflt::vals      0x800'8024   0x18  Data  Lc  iar_Stoxflt.o [2]
__iar_Strchr             0x800'2225         Code  Gb  strchr.o [4]
__iar_dadd               0x800'2a45         Code  Gb  DblSub.o [3]
__iar_data_init3         0x800'8295   0x28  Code  Gb  data_init.o [4]
__iar_dlmalloc           0x800'0e4d  0x2b6  Code  Gb  dlmalloc.o [2]
__iar_dsub               0x800'2db9         Code  Gb  DblAdd.o [3]
__iar_dsubStart          0x800'2dcb         Code  Gb  DblAdd.o [3]
__iar_frexp              0x800'27d5         Code  Gb  frexp.o [3]
__iar_frexpl             0x800'27d5         Code  Gb  frexp.o [3]
__iar_globLocale        0x2000'01a4   0x48  Data  Lc  xlocale_c.o [2]
__iar_global_Locale      0x800'21ad    0x4  Code  Gb  xlocale_c.o [2]
__iar_init_vfp           0x800'82bd         Code  Gb  fpinit_M.o [3]
__iar_ldexp64            0x800'2899         Code  Gb  ldexp.o [3]
__iar_lz77_init_single3
                         0x800'110f   0x7a  Code  Gb  lz77_init_single.o [4]
__iar_program_start      0x800'8619         Code  Gb  cstartup_M.o [4]
__iar_scalbln64          0x800'2899         Code  Gb  ldexp.o [3]
__iar_scalbn64           0x800'2899         Code  Gb  ldexp.o [3]
__iar_softfp___iar_frexp64
                         0x800'27c9         Code  Gb  frexp.o [3]
__iar_softfp_frexp       0x800'27c9         Code  Gb  frexp.o [3]
__iar_softfp_frexpl      0x800'27c9         Code  Gb  frexp.o [3]
__iar_vfp_atof           0x800'74df    0x8  Code  Gb  math_wrappers64.o [3]
__iar_zero_init3         0x800'2143   0x3a  Code  Gb  zero_init3.o [4]
__low_level_init         0x800'839f    0x4  Code  Gb  low_level_init.o [2]
__vector_table           0x800'0000         Data  Gb  startup_stm32f407xx.o [1]
_call_main               0x800'838d         Code  Gb  cmain.o [4]
_cmd_help                0x800'5ca5   0x18  Code  Lc  cmd.o [1]
_exit                    0x800'83a9         Code  Gb  cexit.o [4]
_gLocale_mblen           0x800'2211    0x4  Code  Gb  xlocale_c.o [2]
_gLocale_mblenInt        0x800'21d5   0x2c  Code  Gb  xlocale_c.o [2]
_gLocale_wctomb          0x800'2215    0x4  Code  Gb  xlocale_c.o [2]
_gLocale_wctombInt       0x800'220d    0x4  Code  Gb  xlocale_c.o [2]
_gm_                    0x2000'cd10  0x1d8  Data  Lc  dlmalloc.o [2]
_main                    0x800'839b         Code  Gb  cmain.o [4]
abort                    0x800'1109    0x6  Code  Gb  abort.o [2]
add_segment              0x800'0551  0x1f2  Code  Lc  dlmalloc.o [2]
atof                     0x800'7ae5    0x8  Code  Gb  strto64.o [3]
buffer_count            0x2000'dae4    0x4  Data  Gb  cmd.o [1]
can_callback_add         0x800'6d45   0x1e  Code  Gb  can_utils.o [1]
can_callback_table      0x2000'dadc    0x4  Data  Lc  can_utils.o [1]
can_exc_callback         0x800'6d63   0x28  Code  Gb  can_utils.o [1]
can_exc_callback_flag   0x2000'daec    0x4  Data  Gb  flags.o [1]
can_func_init            0x800'6f1d    0xe  Code  Gb  can_func.o [1]
can_id_init              0x800'5259   0x2a  Code  Gb  configure.o [1]
can_init                 0x800'6d11   0x34  Code  Gb  can_utils.o [1]
can_rx_callback_flag    0x2000'dad0    0x4  Data  Gb  can_utils.o [1]
can_rx_data             0x2000'dac0    0x8  Data  Gb  can_utils.o [1]
can_send_msg             0x800'6dc5   0x2e  Code  Gb  can_utils.o [1]
can_std_mask_filter_conf
                         0x800'6e79   0x8a  Code  Gb  can_utils.o [1]
can_suc_rx               0x800'6f2d    0xc  Code  Gb  can_func.o [1]
chassis                 0x2000'd648   0x58  Data  Gb  chassis.o [1]
chassis_init             0x800'52fd   0x1c  Code  Gb  chassis.o [1]
chassis_init_pos         0x800'52b7   0x46  Code  Gb  chassis.o [1]
chassis_init_status      0x800'528d   0x2a  Code  Gb  chassis.o [1]
chassis_status          0x2000'da00   0x20  Data  Gb  chassis.o [1]
clock                   0x2000'db10    0x2  Data  Gb  main.o [1]
clock_exe                0x800'491f   0x36  Code  Gb  main.o [1]
cmd_add                  0x800'5bc9   0x54  Code  Gb  cmd.o [1]
cmd_argv                0x2000'd980   0x30  Data  Gb  cmd.o [1]
cmd_exec                 0x800'5b7d   0x2c  Code  Gb  cmd.o [1]
cmd_func_init            0x800'6c59   0x56  Code  Gb  cmd_func.o [1]
cmd_hello                0x800'6b89    0xe  Code  Gb  cmd_func.o [1]
cmd_help_func            0x800'5bad   0x1c  Code  Gb  cmd.o [1]
cmd_init                 0x800'59d1   0x2e  Code  Gb  cmd.o [1]
cmd_laser_print_diatance
                         0x800'6c35    0xc  Code  Gb  cmd_func.o [1]
cmd_laser_print_pos      0x800'6c41    0xc  Code  Gb  cmd_func.o [1]
cmd_parse                0x800'5b35   0x48  Code  Gb  cmd.o [1]
cmd_point_print_path     0x800'6c4d    0xc  Code  Gb  cmd_func.o [1]
cmd_table               0x2000'dae0    0x4  Data  Lc  cmd.o [1]
cmd_vega_calibrate       0x800'6c29    0xc  Code  Gb  cmd_func.o [1]
cmd_vega_print_pos       0x800'6b97    0xc  Code  Gb  cmd_func.o [1]
cmd_vega_reset           0x800'6c1d    0xc  Code  Gb  cmd_func.o [1]
cmd_vega_set_position    0x800'6ba3   0x7a  Code  Gb  cmd_func.o [1]
cmpAtom                  0x800'706d    0xe  Code  Lc  hash.o [1]
ddiv                     0x800'7685   0xc8  Code  Lc  strto64.o [3]
delim                   0x2000'0004    0x4  Data  Lc  cmd.o [1]
dmul                     0x800'75b9   0xca  Code  Lc  strto64.o [3]
exit                     0x800'83a3    0x4  Code  Gb  exit.o [2]
flag                    0x2000'da3c   0x1c  Data  Gb  main.o [1]
freeKeyAtom              0x800'707f    0x2  Code  Lc  hash.o [1]
hadc1                   0x2000'd6a0   0x48  Data  Gb  adc.o [1]
hashAtom                 0x800'707b    0x4  Code  Lc  hash.o [1]
hashStr                  0x800'7081   0x26  Code  Gb  hash.o [1]
hash_id                  0x800'6f05    0x4  Code  Lc  can_utils.o [1]
hcan1                   0x2000'd9b0   0x28  Data  Gb  can.o [1]
hdma_adc1               0x2000'd2e8   0x60  Data  Gb  adc.o [1]
hdma_uart5_rx           0x2000'd348   0x60  Data  Gb  usart.o [1]
hdma_uart5_tx           0x2000'd3a8   0x60  Data  Gb  usart.o [1]
hdma_usart1_rx          0x2000'd408   0x60  Data  Gb  usart.o [1]
hdma_usart1_tx          0x2000'd468   0x60  Data  Gb  usart.o [1]
hdma_usart2_rx          0x2000'd4c8   0x60  Data  Gb  usart.o [1]
hdma_usart2_tx          0x2000'd528   0x60  Data  Gb  usart.o [1]
hdma_usart3_rx          0x2000'd588   0x60  Data  Gb  usart.o [1]
hdma_usart3_tx          0x2000'd5e8   0x60  Data  Gb  usart.o [1]
huart1                  0x2000'd880   0x40  Data  Gb  usart.o [1]
huart2                  0x2000'd8c0   0x40  Data  Gb  usart.o [1]
huart3                  0x2000'd900   0x40  Data  Gb  usart.o [1]
huart4                  0x2000'd800   0x40  Data  Gb  usart.o [1]
huart5                  0x2000'd840   0x40  Data  Gb  usart.o [1]
huart6                  0x2000'd940   0x40  Data  Gb  usart.o [1]
id_cmp                   0x800'6f09   0x10  Code  Lc  can_utils.o [1]
inc                      0x800'4865   0xba  Code  Gb  main.o [1]
inc::time_1ms_cnt       0x2000'dafc    0x4  Data  Lc  main.o [1]
init_mparams             0x800'01a3   0x32  Code  Lc  dlmalloc.o [2]
init_top                 0x800'01d5   0x36  Code  Lc  dlmalloc.o [2]
isalpha                  0x800'8051   0x14  Code  Gb  isalpha.o [2]
isspace                  0x800'803d   0x14  Code  Gb  isspace.o [2]
laser_adc               0x2000'd078   0x78  Data  Gb  laser.o [1]
laser_calculate_kb       0x800'5329   0x54  Code  Gb  laser.o [1]
laser_init               0x800'537d   0x84  Code  Gb  laser.o [1]
laser_left              0x2000'd6e8   0x48  Data  Gb  laser.o [1]
laser_print_distance     0x800'5401   0x3a  Code  Gb  laser.o [1]
laser_print_pos          0x800'543b   0x38  Code  Gb  laser.o [1]
laser_right             0x2000'd778   0x48  Data  Gb  laser.o [1]
laser_side              0x2000'd730   0x48  Data  Gb  laser.o [1]
lcd_add                  0x800'54cd   0x38  Code  Gb  lcd.o [1]
lcd_exe                  0x800'5547   0x8a  Code  Gb  lcd.o [1]
lcd_exe::now_num        0x2000'daf8    0x4  Data  Lc  lcd.o [1]
lcd_init                 0x800'5505   0x42  Code  Gb  lcd.o [1]
lcd_msg                 0x2000'cee8  0x190  Data  Gb  lcd.o [1]
lcd_msg_length          0x2000'daf4    0x4  Data  Lc  lcd.o [1]
ldexp                    0x800'2899         Code  Gb  ldexp.o [3]
ldexpl                   0x800'2899         Code  Gb  ldexp.o [3]
localeconv               0x800'2219    0x4  Code  Gb  xlocale_c.o [2]
main                     0x800'4765   0x5e  Code  Gb  main.o [1]
memchr                   0x800'22e9         Code  Gb  memchr.o [4]
mparams                 0x2000'da88   0x18  Data  Lc  dlmalloc.o [2]
pContainer              0x2000'0008  0x150  Data  Gb  point_parser.o [1]
point_print_path         0x800'6f3d   0x92  Code  Gb  point_parser.o [1]
points_pos0             0x2000'01f0  0xfa0  Data  Gb  point.o [1]
points_pos1             0x2000'1190  0xfa0  Data  Gb  point.o [1]
points_pos10            0x2000'9e30  0xfa0  Data  Gb  point.o [1]
points_pos11            0x2000'add0  0xfa0  Data  Gb  point.o [1]
points_pos12            0x2000'bd70  0xfa0  Data  Gb  point.o [1]
points_pos2             0x2000'2130  0xfa0  Data  Gb  point.o [1]
points_pos3             0x2000'30d0  0xfa0  Data  Gb  point.o [1]
points_pos4             0x2000'4070  0xfa0  Data  Gb  point.o [1]
points_pos5             0x2000'5010  0xfa0  Data  Gb  point.o [1]
points_pos6             0x2000'5fb0  0xfa0  Data  Gb  point.o [1]
points_pos7             0x2000'6f50  0xfa0  Data  Gb  point.o [1]
points_pos8             0x2000'7ef0  0xfa0  Data  Gb  point.o [1]
points_pos9             0x2000'8e90  0xfa0  Data  Gb  point.o [1]
posture                 0x2000'da70   0x18  Data  Lc  cmd.o [1]
pows                     0x800'7af0   0x48  Data  Lc  strto64.o [3]
prepend_alloc            0x800'020b  0x346  Code  Lc  dlmalloc.o [2]
print_buffer            0x2000'd0f0   0x68  Data  Gb  cmd.o [1]
recive_id               0x2000'dab0   0x10  Data  Gb  configure.o [1]
rx_buffer               0x2000'dac8    0x8  Data  Lc  can_utils.o [1]
rx_id                   0x2000'dad8    0x4  Data  Lc  can_utils.o [1]
scalbln                  0x800'2899         Code  Gb  ldexp.o [3]
scalblnl                 0x800'2899         Code  Gb  ldexp.o [3]
scalbn                   0x800'2899         Code  Gb  ldexp.o [3]
scalbnl                  0x800'2899         Code  Gb  ldexp.o [3]
scale                    0x800'19ab   0x46  Code  Lc  xprintffull.o [2]
sec_hand                0x2000'db08    0x4  Data  Lc  xfail_s.o [2]
segment_holding          0x800'0189   0x1a  Code  Lc  dlmalloc.o [2]
send_id                 0x2000'daa0   0x10  Data  Gb  configure.o [1]
simplelib_init           0x800'51fd   0x2a  Code  Gb  simplelib.o [1]
simplelib_run            0x800'5227   0x24  Code  Gb  simplelib.o [1]
std_id                  0x2000'0000    0x4  Data  Gb  can_utils.o [1]
str_cmp                  0x800'5c89   0x1c  Code  Lc  cmd.o [1]
strchr                   0x800'2225         Code  Gb  strchr.o [4]
strcmp                   0x800'7381         Code  Gb  strcmp.o [4]
strcpy                   0x800'7021         Code  Gb  strcpy.o [4]
strcspn                  0x800'7597   0x22  Code  Gb  strcspn.o [2]
strlen                   0x800'2299         Code  Gb  strlen.o [4]
strspn                   0x800'7575   0x22  Code  Gb  strspn.o [2]
strtok                   0x800'72f9   0x4c  Code  Gb  strtok.o [2]
sys_alloc                0x800'0749  0x164  Code  Lc  dlmalloc.o [2]
tmalloc_large            0x800'08b9  0x386  Code  Lc  dlmalloc.o [2]
tmalloc_small            0x800'0c3f  0x200  Code  Lc  dlmalloc.o [2]
uprintf                  0x800'5c1d   0x36  Code  Gb  cmd.o [1]
uprintf_to               0x800'5c53   0x34  Code  Gb  cmd.o [1]
usart_DMA_init           0x800'5985   0x4c  Code  Gb  cmd.o [1]
usart_exc_DMA            0x800'59ff   0x3e  Code  Gb  cmd.o [1]
usart_exc_DMA_vega       0x800'5cbd   0xb2  Code  Gb  cmd.o [1]
uwTick                  0x2000'db00    0x4  Data  Gb  stm32f4xx_hal.o [1]
uwTickFreq              0x2000'01ec    0x1  Data  Gb  stm32f4xx_hal.o [1]
uwTickPrio              0x2000'0158    0x4  Data  Gb  stm32f4xx_hal.o [1]
vega_calibration         0x800'73e9   0x1c  Code  Gb  vega.o [1]
vega_in_coordinate      0x2000'0160    0xc  Data  Gb  vega.o [1]
vega_print_pos           0x800'746f   0x3a  Code  Gb  vega.o [1]
vega_reset               0x800'7405   0x1c  Code  Gb  vega.o [1]
vega_set_position        0x800'7421   0x4e  Code  Gb  vega.o [1]
vsnprintf                0x800'7345   0x3c  Code  Gb  vsnprint.o [2]


[1] = E:\Robocon_Value\Chassis\EWARM\Chassis\Obj
[2] = dl7M_tlf.a
[3] = m7M_tls.a
[4] = rt7M_tl.a
[5] = shb_l.a

  33 700 bytes of readonly  code memory
   1 226 bytes of readonly  data memory
  62 735 bytes of readwrite data memory

Errors: none
Warnings: none
