###############################################################################
#
# IAR ELF Linker V8.30.1.114/W32 for ARM                  03/Dec/2019  20:07:12
# Copyright 2007-2018 IAR Systems AB.
#
#    Output file  =  E:\Robocon_Value\Chassis\EWARM\Chassis\Exe\Chassis.out
#    Map file     =  E:\Robocon_Value\Chassis\EWARM\Chassis\List\Chassis.map
#    Command line =  
#        -f C:\Users\DELL\AppData\Local\Temp\EW6426.tmp
#        (E:\Robocon_Value\Chassis\EWARM\Chassis\Obj\adc.o
#        E:\Robocon_Value\Chassis\EWARM\Chassis\Obj\can.o
#        E:\Robocon_Value\Chassis\EWARM\Chassis\Obj\can_func.o
#        E:\Robocon_Value\Chassis\EWARM\Chassis\Obj\can_utils.o
#        E:\Robocon_Value\Chassis\EWARM\Chassis\Obj\chassis.o
#        E:\Robocon_Value\Chassis\EWARM\Chassis\Obj\chassis_handle.o
#        E:\Robocon_Value\Chassis\EWARM\Chassis\Obj\cmd.o
#        E:\Robocon_Value\Chassis\EWARM\Chassis\Obj\cmd_func.o
#        E:\Robocon_Value\Chassis\EWARM\Chassis\Obj\configure.o
#        E:\Robocon_Value\Chassis\EWARM\Chassis\Obj\dma.o
#        E:\Robocon_Value\Chassis\EWARM\Chassis\Obj\flags.o
#        E:\Robocon_Value\Chassis\EWARM\Chassis\Obj\flash.o
#        E:\Robocon_Value\Chassis\EWARM\Chassis\Obj\gpio.o
#        E:\Robocon_Value\Chassis\EWARM\Chassis\Obj\hash.o
#        E:\Robocon_Value\Chassis\EWARM\Chassis\Obj\karman.o
#        E:\Robocon_Value\Chassis\EWARM\Chassis\Obj\laser.o
#        E:\Robocon_Value\Chassis\EWARM\Chassis\Obj\main.o
#        E:\Robocon_Value\Chassis\EWARM\Chassis\Obj\motordriver.o
#        E:\Robocon_Value\Chassis\EWARM\Chassis\Obj\mtr_driver.o
#        E:\Robocon_Value\Chassis\EWARM\Chassis\Obj\nrf24l01.o
#        E:\Robocon_Value\Chassis\EWARM\Chassis\Obj\nrf_comm.o
#        E:\Robocon_Value\Chassis\EWARM\Chassis\Obj\point.o
#        E:\Robocon_Value\Chassis\EWARM\Chassis\Obj\robomaster.o
#        E:\Robocon_Value\Chassis\EWARM\Chassis\Obj\simplelib.o
#        E:\Robocon_Value\Chassis\EWARM\Chassis\Obj\startup_stm32f407xx.o
#        E:\Robocon_Value\Chassis\EWARM\Chassis\Obj\stm32f4xx_hal.o
#        E:\Robocon_Value\Chassis\EWARM\Chassis\Obj\stm32f4xx_hal_adc.o
#        E:\Robocon_Value\Chassis\EWARM\Chassis\Obj\stm32f4xx_hal_adc_ex.o
#        E:\Robocon_Value\Chassis\EWARM\Chassis\Obj\stm32f4xx_hal_can.o
#        E:\Robocon_Value\Chassis\EWARM\Chassis\Obj\stm32f4xx_hal_cortex.o
#        E:\Robocon_Value\Chassis\EWARM\Chassis\Obj\stm32f4xx_hal_dma.o
#        E:\Robocon_Value\Chassis\EWARM\Chassis\Obj\stm32f4xx_hal_dma_ex.o
#        E:\Robocon_Value\Chassis\EWARM\Chassis\Obj\stm32f4xx_hal_exti.o
#        E:\Robocon_Value\Chassis\EWARM\Chassis\Obj\stm32f4xx_hal_flash.o
#        E:\Robocon_Value\Chassis\EWARM\Chassis\Obj\stm32f4xx_hal_flash_ex.o
#        E:\Robocon_Value\Chassis\EWARM\Chassis\Obj\stm32f4xx_hal_flash_ramfunc.o
#        E:\Robocon_Value\Chassis\EWARM\Chassis\Obj\stm32f4xx_hal_gpio.o
#        E:\Robocon_Value\Chassis\EWARM\Chassis\Obj\stm32f4xx_hal_msp.o
#        E:\Robocon_Value\Chassis\EWARM\Chassis\Obj\stm32f4xx_hal_pwr.o
#        E:\Robocon_Value\Chassis\EWARM\Chassis\Obj\stm32f4xx_hal_pwr_ex.o
#        E:\Robocon_Value\Chassis\EWARM\Chassis\Obj\stm32f4xx_hal_rcc.o
#        E:\Robocon_Value\Chassis\EWARM\Chassis\Obj\stm32f4xx_hal_rcc_ex.o
#        E:\Robocon_Value\Chassis\EWARM\Chassis\Obj\stm32f4xx_hal_tim.o
#        E:\Robocon_Value\Chassis\EWARM\Chassis\Obj\stm32f4xx_hal_tim_ex.o
#        E:\Robocon_Value\Chassis\EWARM\Chassis\Obj\stm32f4xx_hal_uart.o
#        E:\Robocon_Value\Chassis\EWARM\Chassis\Obj\stm32f4xx_it.o
#        E:\Robocon_Value\Chassis\EWARM\Chassis\Obj\stmflash.o
#        E:\Robocon_Value\Chassis\EWARM\Chassis\Obj\sys.o
#        E:\Robocon_Value\Chassis\EWARM\Chassis\Obj\system_stm32f4xx.o
#        E:\Robocon_Value\Chassis\EWARM\Chassis\Obj\usart.o
#        E:\Robocon_Value\Chassis\EWARM\Chassis\Obj\usart_utils.o
#        E:\Robocon_Value\Chassis\EWARM\Chassis\Obj\utils.o
#        E:\Robocon_Value\Chassis\EWARM\Chassis\Obj\vec.o
#        E:\Robocon_Value\Chassis\EWARM\Chassis\Obj\vega_action.o --redirect
#        _Printf=_PrintfFull --redirect _Scanf=_ScanfFull --no_out_extension -o
#        E:\Robocon_Value\Chassis\EWARM\Chassis\Exe\Chassis.out --map
#        E:\Robocon_Value\Chassis\EWARM\Chassis\List\Chassis.map --config
#        E:\Robocon_Value\Chassis\EWARM/stm32f407xx_flash.icf --semihosting
#        --entry __iar_program_start --vfe --text_out locale)
#
###############################################################################

*******************************************************************************
*** RUNTIME MODEL ATTRIBUTES
***

CppFlavor       = *
__Heap_Handler  = DLMalloc
__SystemLibrary = DLib
__dlib_version  = 6


*******************************************************************************
*** HEAP SELECTION
***

The advanced heap was selected because the application calls memory
allocation functions outside of system library functions, and there
are calls to deallocation functions in the application.


*******************************************************************************
*** PLACEMENT SUMMARY
***

"A0":  place at 0x800'0000 { ro section .intvec };
"P1":  place in [from 0x800'0000 to 0x80f'ffff] { ro };
define block CSTACK with size = 4608, alignment = 8 { };
define block HEAP with size = 1536, alignment = 8 { };
"P2":  place in [from 0x2000'0000 to 0x2001'ffff] {
          rw, block CSTACK, block HEAP };
initialize by copy { rw };

  Section            Kind         Address    Size  Object
  -------            ----         -------    ----  ------
"A0":                                       0x188
  .intvec            ro code   0x800'0000   0x188  startup_stm32f407xx.o [1]
                             - 0x800'0188   0x188

"P1":                                      0x893d
  .text              ro code   0x800'0188   0xf80  dlmalloc.o [2]
  .text              ro code   0x800'1108     0x6  abort.o [2]
  .text              ro code   0x800'110e    0x7a  lz77_init_single.o [4]
  .text              ro code   0x800'1188    0x2c  xgetmemchunk.o [2]
  .text              ro code   0x800'11b4    0x14  exit.o [5]
  .text              ro code   0x800'11c8   0xf7a  xprintffull.o [2]
  .text              ro code   0x800'2142    0x3a  zero_init3.o [4]
  .text              ro code   0x800'217c    0x78  xlocale_c.o [2]
  .text              ro code   0x800'21f4    0x16  strchr.o [4]
  .text              ro code   0x800'220a    0x1e  xencoding_8859_1.o [2]
  .text              ro code   0x800'2228    0x40  xfail_s.o [2]
  .text              ro code   0x800'2268    0x36  strlen.o [4]
  .text              ro code   0x800'229e    0x1a  xsnprout.o [2]
  .text              ro code   0x800'22b8    0x58  memchr.o [4]
  .text              ro code   0x800'2310     0xa  xmbcurmax.o [2]
  .text              ro code   0x800'231c    0xa6  ABImemcpy.o [4]
  .text              ro code   0x800'23c4   0x230  I64DivMod.o [4]
  .text              ro code   0x800'25f4   0x1a2  DblMul.o [3]
  .text              ro code   0x800'2798    0x70  frexp.o [3]
  .text              ro code   0x800'2808    0x2e  DblCmpLe.o [3]
  .text              ro code   0x800'2838    0x2e  DblCmpGe.o [3]
  .text              ro code   0x800'2868   0x13a  ldexp.o [3]
  .text              ro code   0x800'29a4    0x3a  DblToS32.o [3]
  .text              ro code   0x800'29e0    0x22  S32ToDbl.o [3]
  .text              ro code   0x800'2a04    0xe2  DblSub.o [3]
  .text              ro code   0x800'2ae8   0x246  DblDiv.o [3]
  .text              ro code   0x800'2d30    0x28  DblToU32.o [3]
  .text              ro code   0x800'2d58    0x1a  U32ToDbl.o [3]
  .text              ro code   0x800'2d74     0x2  I64DivZer.o [4]
  .text              ro code   0x800'2d78   0x17a  DblAdd.o [3]
  .text              ro code   0x800'2ef4   0xa90  chassis.o [1]
  .text              ro code   0x800'3984    0x48  FltToDbl.o [3]
  .text              ro code   0x800'39cc    0x68  DblToFlt.o [3]
  .text              ro code   0x800'3a34   0x14c  vec.o [1]
  .text              ro code   0x800'3b80    0x68  motordriver.o [1]
  .text              ro code   0x800'3be8    0x6a  atan2f.o [3]
  .text              ro code   0x800'3c54    0x1e  sqrtf.o [3]
  .text              ro code   0x800'3c74    0x7c  utils.o [1]
  .text              ro code   0x800'3cf0    0x3a  math_wrappers64.o [3]
  .text              ro code   0x800'3d2c   0x102  sqrt.o [3]
  .text              ro code   0x800'3e30   0x250  laser.o [1]
  .text              ro code   0x800'4080   0x1ec  cmd.o [1]
  .text              ro code   0x800'426c   0x158  chassis_handle.o [1]
  .text              ro code   0x800'43c4   0x172  can_utils.o [1]
  .text              ro code   0x800'4538    0xa4  xatanf.o [3]
  .text              ro code   0x800'45dc    0xf4  asin64.o [3]
  .text              ro code   0x800'46d0   0x140  atan2_64.o [3]
  .text              ro code   0x800'4810   0x44c  cos_sin64.o [3]
  .text              ro code   0x800'4c5c   0x456  stm32f4xx_hal_adc.o [1]
  .text              ro code   0x800'50b2    0x4a  karman.o [1]
  .text              ro code   0x800'50fc   0x5f0  stm32f4xx_hal_uart.o [1]
  .text              ro code   0x800'56ec   0x24c  hash.o [1]
  .text              ro code   0x800'5938     0x6  ABImemclr4.o [4]
  .text              ro code   0x800'5940    0x4c  strtok.o [2]
  .text              ro code   0x800'598c    0x4c  strcpy.o [4]
  .text              ro code   0x800'59d8    0x3c  vsnprint.o [2]
  .text              ro code   0x800'5a14    0x4a  strcmp.o [4]
  .text              ro code   0x800'5a60   0x61e  stm32f4xx_hal_can.o [1]
  .text              ro code   0x800'6080   0x1e4  main.o [1]
  .text              ro code   0x800'6264     0x2  can_func.o [1]
  .text              ro code   0x800'6268   0x208  iar_Atan64.o [3]
  .text              ro code   0x800'6470   0x114  adc.o [1]
  .text              ro code   0x800'6584   0x380  stm32f4xx_hal_dma.o [1]
  .text              ro code   0x800'6904     0x2  stm32f4xx_hal_adc.o [1]
  .text              ro code   0x800'6906     0x2  stm32f4xx_hal_adc.o [1]
  .text              ro code   0x800'6908     0x2  stm32f4xx_hal_adc.o [1]
  .text              ro code   0x800'690c   0x400  usart.o [1]
  .text              ro code   0x800'6d0c     0x2  stm32f4xx_hal_uart.o [1]
  .text              ro code   0x800'6d0e     0x2  stm32f4xx_hal_uart.o [1]
  .text              ro code   0x800'6d10     0x2  stm32f4xx_hal_uart.o [1]
  .text              ro code   0x800'6d12     0x2  stm32f4xx_hal_uart.o [1]
  .text              ro code   0x800'6d14   0x1a8  stm32f4xx_hal_rcc.o [1]
  .text              ro code   0x800'6ebc    0x24  ABIassert.o [5]
  .text              ro code   0x800'6ee0    0x32  ABImemset48.o [4]
  .text              ro code   0x800'6f12    0x22  strspn.o [2]
  .text              ro code   0x800'6f34    0x22  strcspn.o [2]
  .text              ro code   0x800'6f58    0xc0  can.o [1]
  .text              ro code   0x800'7018     0xc  stm32f4xx_hal.o [1]
  .text              ro code   0x800'7024     0x2  stm32f4xx_hal_can.o [1]
  .text              ro code   0x800'7026     0x2  stm32f4xx_hal_can.o [1]
  .text              ro code   0x800'7028     0x2  stm32f4xx_hal_can.o [1]
  .text              ro code   0x800'702a     0x2  stm32f4xx_hal_can.o [1]
  .text              ro code   0x800'702c     0x2  stm32f4xx_hal_can.o [1]
  .text              ro code   0x800'702e     0x2  stm32f4xx_hal_can.o [1]
  .text              ro code   0x800'7030     0x2  stm32f4xx_hal_can.o [1]
  .text              ro code   0x800'7032     0x2  stm32f4xx_hal_can.o [1]
  .text              ro code   0x800'7034     0x2  stm32f4xx_hal_can.o [1]
  .text              ro code   0x800'7036     0x2  stm32f4xx_hal_can.o [1]
  .text              ro code   0x800'7038     0x2  stm32f4xx_hal_can.o [1]
  .text              ro code   0x800'703c    0x34  stm32f4xx_hal.o [1]
  .text              ro code   0x800'7070   0x12e  gpio.o [1]
  .text              ro code   0x800'71a0    0x88  dma.o [1]
  .text              ro code   0x800'7228    0x6c  simplelib.o [1]
  .text              ro code   0x800'7294    0x28  configure.o [1]
  .text              ro code   0x800'72bc   0x2f8  stm32f4xx_hal_rcc.o [1]
  .text              ro code   0x800'75b4   0x1e8  stm32f4xx_hal_gpio.o [1]
  .text              ro code   0x800'779c    0x20  DblCmpEq.o [3]
  .text              ro code   0x800'77bc    0xc4  stm32f4xx_hal_cortex.o [1]
  .text              ro code   0x800'7880    0x40  stm32f4xx_hal.o [1]
  .text              ro code   0x800'78c0    0x38  stm32f4xx_hal_msp.o [1]
  .text              ro code   0x800'78f8    0xd8  cmd_func.o [1]
  .text              ro code   0x800'79d0    0x78  stm32f4xx_it.o [1]
  .text              ro code   0x800'7a48    0x10  stm32f4xx_hal.o [1]
  .text              ro code   0x800'7a58    0x60  system_stm32f4xx.o [1]
  .text              ro code   0x800'7ab8    0x28  data_init.o [4]
  .text              ro code   0x800'7ae0    0x22  fpinit_M.o [3]
  .iar.init_table    const     0x800'7b04    0x20  - Linker created -
  .text              ro code   0x800'7b24    0x1e  cmain.o [4]
  .text              ro code   0x800'7b42     0x4  low_level_init.o [2]
  .text              ro code   0x800'7b46     0x4  exit.o [2]
  .text              ro code   0x800'7b4c     0xa  cexit.o [4]
  .text              ro code   0x800'7b58    0x10  startup_stm32f407xx.o [1]
  .text              ro code   0x800'7b68     0xc  cstartup_M.o [4]
  .rodata            const     0x800'7b74     0x8  system_stm32f4xx.o [1]
  .rodata            const     0x800'7b7c     0x6  xlocale_c.o [2]
  .text              ro code   0x800'7b82     0x4  startup_stm32f407xx.o [1]
  .text              ro code   0x800'7b86     0x4  startup_stm32f407xx.o [1]
  .text              ro code   0x800'7b8a     0x4  startup_stm32f407xx.o [1]
  .text              ro code   0x800'7b8e     0x4  startup_stm32f407xx.o [1]
  .text              ro code   0x800'7b92     0x4  startup_stm32f407xx.o [1]
  .text              ro code   0x800'7b96     0x4  startup_stm32f407xx.o [1]
  .text              ro code   0x800'7b9a     0x4  startup_stm32f407xx.o [1]
  .text              ro code   0x800'7b9e     0x4  startup_stm32f407xx.o [1]
  .text              ro code   0x800'7ba2     0x4  startup_stm32f407xx.o [1]
  .text              ro code   0x800'7ba6     0x4  startup_stm32f407xx.o [1]
  .text              ro code   0x800'7baa     0x4  startup_stm32f407xx.o [1]
  .text              ro code   0x800'7bae     0x4  startup_stm32f407xx.o [1]
  .text              ro code   0x800'7bb2     0x4  startup_stm32f407xx.o [1]
  .text              ro code   0x800'7bb6     0x4  startup_stm32f407xx.o [1]
  .text              ro code   0x800'7bba     0x4  startup_stm32f407xx.o [1]
  .text              ro code   0x800'7bbe     0x4  startup_stm32f407xx.o [1]
  .text              ro code   0x800'7bc2     0x4  startup_stm32f407xx.o [1]
  .text              ro code   0x800'7bc6     0x4  startup_stm32f407xx.o [1]
  .text              ro code   0x800'7bca     0x4  startup_stm32f407xx.o [1]
  .text              ro code   0x800'7bce     0x4  startup_stm32f407xx.o [1]
  .text              ro code   0x800'7bd2     0x4  startup_stm32f407xx.o [1]
  .text              ro code   0x800'7bd6     0x4  startup_stm32f407xx.o [1]
  .text              ro code   0x800'7bda     0x4  startup_stm32f407xx.o [1]
  .text              ro code   0x800'7bde     0x4  startup_stm32f407xx.o [1]
  .text              ro code   0x800'7be2     0x4  startup_stm32f407xx.o [1]
  .text              ro code   0x800'7be6     0x4  startup_stm32f407xx.o [1]
  .text              ro code   0x800'7bea     0x4  startup_stm32f407xx.o [1]
  .text              ro code   0x800'7bee     0x4  startup_stm32f407xx.o [1]
  .text              ro code   0x800'7bf2     0x4  startup_stm32f407xx.o [1]
  .text              ro code   0x800'7bf6     0x4  startup_stm32f407xx.o [1]
  .text              ro code   0x800'7bfa     0x4  startup_stm32f407xx.o [1]
  .text              ro code   0x800'7bfe     0x4  startup_stm32f407xx.o [1]
  .text              ro code   0x800'7c02     0x4  startup_stm32f407xx.o [1]
  .text              ro code   0x800'7c06     0x4  startup_stm32f407xx.o [1]
  .text              ro code   0x800'7c0a     0x4  startup_stm32f407xx.o [1]
  .text              ro code   0x800'7c0e     0x4  startup_stm32f407xx.o [1]
  .text              ro code   0x800'7c12     0x4  startup_stm32f407xx.o [1]
  .text              ro code   0x800'7c16     0x4  startup_stm32f407xx.o [1]
  .text              ro code   0x800'7c1a     0x4  startup_stm32f407xx.o [1]
  .text              ro code   0x800'7c1e     0x4  startup_stm32f407xx.o [1]
  .text              ro code   0x800'7c22     0x4  startup_stm32f407xx.o [1]
  .text              ro code   0x800'7c26     0x4  startup_stm32f407xx.o [1]
  .text              ro code   0x800'7c2a     0x4  startup_stm32f407xx.o [1]
  .text              ro code   0x800'7c2e     0x4  startup_stm32f407xx.o [1]
  .text              ro code   0x800'7c32     0x4  startup_stm32f407xx.o [1]
  .text              ro code   0x800'7c36     0x4  startup_stm32f407xx.o [1]
  .text              ro code   0x800'7c3a     0x4  startup_stm32f407xx.o [1]
  .text              ro code   0x800'7c3e     0x4  startup_stm32f407xx.o [1]
  .text              ro code   0x800'7c42     0x4  startup_stm32f407xx.o [1]
  .text              ro code   0x800'7c46     0x4  startup_stm32f407xx.o [1]
  .text              ro code   0x800'7c4a     0x4  startup_stm32f407xx.o [1]
  .text              ro code   0x800'7c4e     0x4  startup_stm32f407xx.o [1]
  .text              ro code   0x800'7c52     0x4  startup_stm32f407xx.o [1]
  .text              ro code   0x800'7c56     0x4  startup_stm32f407xx.o [1]
  .text              ro code   0x800'7c5a     0x4  startup_stm32f407xx.o [1]
  .text              ro code   0x800'7c5e     0x4  startup_stm32f407xx.o [1]
  .text              ro code   0x800'7c62     0x4  startup_stm32f407xx.o [1]
  .text              ro code   0x800'7c66     0x4  startup_stm32f407xx.o [1]
  .text              ro code   0x800'7c6a     0x4  startup_stm32f407xx.o [1]
  .text              ro code   0x800'7c6e     0x4  startup_stm32f407xx.o [1]
  .text              ro code   0x800'7c72     0x4  startup_stm32f407xx.o [1]
  .text              ro code   0x800'7c76     0x4  startup_stm32f407xx.o [1]
  .text              ro code   0x800'7c7a     0x4  startup_stm32f407xx.o [1]
  .text              ro code   0x800'7c7e     0x4  startup_stm32f407xx.o [1]
  .text              ro code   0x800'7c82     0x4  startup_stm32f407xx.o [1]
  .text              ro code   0x800'7c86     0x4  startup_stm32f407xx.o [1]
  .text              ro code   0x800'7c8a     0x4  startup_stm32f407xx.o [1]
  .text              ro code   0x800'7c8e     0x4  startup_stm32f407xx.o [1]
  .text              ro code   0x800'7c92     0x4  startup_stm32f407xx.o [1]
  .text              ro code   0x800'7c96     0x4  startup_stm32f407xx.o [1]
  .text              ro code   0x800'7c9a     0x4  startup_stm32f407xx.o [1]
  .text              ro code   0x800'7c9e     0x4  startup_stm32f407xx.o [1]
  .rodata            const     0x800'7ca2     0x0  zero_init3.o [4]
  .rodata            const     0x800'7ca2     0x0  lz77_init_single.o [4]
  Initializer bytes  const     0x800'7ca2   0xe23  <for P2-1>
                             - 0x800'8ac5  0x893d

"P2", part 1 of 3:                         0x22b8
  P2-1                        0x2000'0000  0x22b8  <Init block>
    .data            inited   0x2000'0000    0x64  can_utils.o [1]
    .data            inited   0x2000'0064    0x90  chassis.o [1]
    .data            inited   0x2000'00f4    0x24  chassis.o [1]
    .data            inited   0x2000'0118   0x150  cmd.o [1]
    .data            inited   0x2000'0268    0x18  karman.o [1]
    .data            inited   0x2000'0280    0x18  karman.o [1]
    .data            inited   0x2000'0298    0x18  karman.o [1]
    .data            inited   0x2000'02b0    0x18  karman.o [1]
    .data            inited   0x2000'02c8    0x20  laser.o [1]
    .data            inited   0x2000'02e8   0xfa0  point.o [1]
    .data            inited   0x2000'1288   0xfa0  point.o [1]
    .data            inited   0x2000'2228     0xc  stm32f4xx_hal.o [1]
    .data            inited   0x2000'2234     0x4  system_stm32f4xx.o [1]
    .data            inited   0x2000'2238    0x38  xlocale_c.o [2]
    .data            inited   0x2000'2270    0x48  xlocale_c.o [2]
                            - 0x2000'22b8  0x22b8

"P2", part 2 of 3:                         0x84a4
  .bss               zero     0x2000'22b8   0xfa0  point.o [1]
  .bss               zero     0x2000'3258   0xfa0  point.o [1]
  .bss               zero     0x2000'41f8   0xfa0  point.o [1]
  .bss               zero     0x2000'5198   0xfa0  point.o [1]
  .bss               zero     0x2000'6138   0xfa0  point.o [1]
  .bss               zero     0x2000'70d8   0xfa0  point.o [1]
  .bss               zero     0x2000'8078   0xfa0  point.o [1]
  .bss               zero     0x2000'9018   0xfa0  point.o [1]
  .bss               zero     0x2000'9fb8   0x1d8  dlmalloc.o [2]
  .bss               zero     0x2000'a190   0x180  usart.o [1]
  .bss               zero     0x2000'a310    0x98  cmd.o [1]
  .bss               zero     0x2000'a3a8    0x60  adc.o [1]
  .bss               zero     0x2000'a408    0x48  adc.o [1]
  .bss               zero     0x2000'a450    0x48  laser.o [1]
  .bss               zero     0x2000'a498    0x48  laser.o [1]
  .bss               zero     0x2000'a4e0    0x40  chassis_handle.o [1]
  .bss               zero     0x2000'a520    0x40  usart.o [1]
  .bss               zero     0x2000'a560    0x40  usart.o [1]
  .bss               zero     0x2000'a5a0    0x40  usart.o [1]
  .bss               zero     0x2000'a5e0    0x40  usart.o [1]
  .bss               zero     0x2000'a620    0x40  usart.o [1]
  .bss               zero     0x2000'a660    0x40  usart.o [1]
  .bss               zero     0x2000'a6a0    0x28  can.o [1]
  .bss               zero     0x2000'a6c8    0x28  can_utils.o [1]
  .bss               zero     0x2000'a6f0    0x18  configure.o [1]
  .bss               zero     0x2000'a708    0x18  dlmalloc.o [2]
  .bss               zero     0x2000'a720    0x14  main.o [1]
  .bss               zero     0x2000'a734     0x4  cmd.o [1]
  .bss               zero     0x2000'a738     0x8  motordriver.o [1]
  .bss               zero     0x2000'a740     0x4  flags.o [1]
  .bss               zero     0x2000'a744     0x4  flags.o [1]
  .bss               zero     0x2000'a748     0x4  flags.o [1]
  .bss               zero     0x2000'a74c     0x4  laser.o [1]
  .bss               zero     0x2000'a750     0x4  strtok.o [2]
  .bss               zero     0x2000'a754     0x4  xfail_s.o [2]
  .bss               zero     0x2000'a758     0x4  xgetmemchunk.o [2]
                            - 0x2000'a75c  0x84a4

"P2", part 3 of 3:                         0x1800
  CSTACK                      0x2000'a760  0x1200  <Block>
    CSTACK           uninit   0x2000'a760  0x1200  <Block tail>
  HEAP                        0x2000'b960   0x600  <Block>
    HEAP             uninit   0x2000'b960   0x600  <Block tail>
                            - 0x2000'bf60  0x1800

Unused ranges:

         From           To      Size
         ----           --      ----
   0x800'8ac5   0x80f'ffff  0xf'753b
  0x2000'a75c  0x2000'a75f       0x4
  0x2000'bf60  0x2001'ffff  0x1'40a0


*******************************************************************************
*** INIT TABLE
***

          Address      Size
          -------      ----
Zero (__iar_zero_init3)
    1 destination range, total size 0x84a4:
          0x2000'22b8  0x84a4

Copy/lz77 (__iar_lz77_init_single3)
    1 source range, total size 0xe23 (40% of destination):
           0x800'7ca2   0xe23
    1 destination range, total size 0x22b8:
          0x2000'0000  0x22b8



*******************************************************************************
*** MODULE SUMMARY
***

    Module                  ro code  ro data  rw data
    ------                  -------  -------  -------
command line/config:
    -------------------------------------------------
    Total:

E:\Robocon_Value\Chassis\EWARM\Chassis\Obj: [1]
    adc.o                       276               168
    can.o                       192                40
    can_func.o                    2
    can_utils.o                 370       40      140
    chassis.o                 2 704       74      180
    chassis_handle.o            344                64
    cmd.o                       492      136      492
    cmd_func.o                  216
    configure.o                  40                24
    dma.o                       136
    flags.o                                        12
    gpio.o                      302
    hash.o                      588
    karman.o                     74       39       96
    laser.o                     592       13      180
    main.o                      484                20
    motordriver.o               104                 8
    point.o                            3 258   40 000
    simplelib.o                 108
    startup_stm32f407xx.o       696
    stm32f4xx_hal.o             144        5       12
    stm32f4xx_hal_adc.o       1 116
    stm32f4xx_hal_can.o       1 588
    stm32f4xx_hal_cortex.o      196
    stm32f4xx_hal_dma.o         896
    stm32f4xx_hal_gpio.o        488
    stm32f4xx_hal_msp.o          56
    stm32f4xx_hal_rcc.o       1 184
    stm32f4xx_hal_uart.o      1 528
    stm32f4xx_it.o              120
    system_stm32f4xx.o           96        9        4
    usart.o                   1 024               768
    utils.o                     124
    vec.o                       332
    -------------------------------------------------
    Total:                   16 612    3 574   42 208

dl7M_tlf.a: [2]
    abort.o                       6
    dlmalloc.o                3 968               496
    exit.o                        4
    low_level_init.o              4
    strcspn.o                    34
    strspn.o                     34
    strtok.o                     76                 4
    vsnprint.o                   60
    xencoding_8859_1.o           30
    xfail_s.o                    64                 4
    xgetmemchunk.o               44                 4
    xlocale_c.o                 120       58      128
    xmbcurmax.o                  10
    xprintffull.o             3 962
    xsnprout.o                   26
    -------------------------------------------------
    Total:                    8 442       58      636

m7M_tls.a: [3]
    DblAdd.o                    378
    DblCmpEq.o                   32
    DblCmpGe.o                   46
    DblCmpLe.o                   46
    DblDiv.o                    582
    DblMul.o                    418
    DblSub.o                    226
    DblToFlt.o                  104
    DblToS32.o                   58
    DblToU32.o                   40
    FltToDbl.o                   72
    S32ToDbl.o                   34
    U32ToDbl.o                   26
    asin64.o                    244
    atan2_64.o                  320
    atan2f.o                    106
    cos_sin64.o               1 100
    fpinit_M.o                   34
    frexp.o                     112
    iar_Atan64.o                520
    ldexp.o                     314
    math_wrappers64.o            58
    sqrt.o                      258
    sqrtf.o                      30
    xatanf.o                    164
    -------------------------------------------------
    Total:                    5 322

rt7M_tl.a: [4]
    ABImemclr4.o                  6
    ABImemcpy.o                 166
    ABImemset48.o                50
    I64DivMod.o                 560
    I64DivZer.o                   2
    cexit.o                      10
    cmain.o                      30
    cstartup_M.o                 12
    data_init.o                  40
    lz77_init_single.o          122
    memchr.o                     88
    strchr.o                     22
    strcmp.o                     74
    strcpy.o                     76
    strlen.o                     54
    zero_init3.o                 58
    -------------------------------------------------
    Total:                    1 370

shb_l.a: [5]
    ABIassert.o                  36
    exit.o                       20
    -------------------------------------------------
    Total:                       56

    Gaps                         56        2
    Linker created                        33    6 144
-----------------------------------------------------
    Grand Total:             31 858    3 667   48 988


*******************************************************************************
*** ENTRY LIST
***

Entry                       Address   Size  Type      Object
-----                       -------   ----  ----      ------
.iar.init_table$$Base    0x800'7b04          --   Gb  - Linker created -
.iar.init_table$$Limit   0x800'7b24          --   Gb  - Linker created -
?main                    0x800'7b25         Code  Gb  cmain.o [4]
ADC_DMAConvCplt          0x800'5031   0x66  Code  Lc  stm32f4xx_hal_adc.o [1]
ADC_DMAError             0x800'50a1   0x12  Code  Lc  stm32f4xx_hal_adc.o [1]
ADC_DMAHalfConvCplt      0x800'5099    0x6  Code  Lc  stm32f4xx_hal_adc.o [1]
ADC_Init                 0x800'4f15   0xf8  Code  Lc  stm32f4xx_hal_adc.o [1]
AHBPrescTable            0x800'7aa8   0x10  Data  Gb  system_stm32f4xx.o [1]
APBPrescTable            0x800'7b74    0x8  Data  Gb  system_stm32f4xx.o [1]
Arrive_distance         0x2000'0114    0x4  Data  Gb  chassis.o [1]
BusFault_Handler         0x800'79d7    0x2  Code  Gb  stm32f4xx_it.o [1]
CAN1_RX0_IRQHandler      0x800'79fb    0x6  Code  Gb  stm32f4xx_it.o [1]
CSTACK$$Base            0x2000'a760          --   Gb  - Linker created -
CSTACK$$Limit           0x2000'b960          --   Gb  - Linker created -
CacheMore                0x800'2181   0x24  Code  Lc  xlocale_c.o [2]
ChassisHandle           0x2000'a4e0   0x40  Data  Gb  chassis_handle.o [1]
DMA1_Stream5_IRQHandler
                         0x800'79ef    0x6  Code  Gb  stm32f4xx_it.o [1]
DMA1_Stream6_IRQHandler
                         0x800'79f5    0x6  Code  Gb  stm32f4xx_it.o [1]
DMA2_Stream0_IRQHandler
                         0x800'7a13    0x6  Code  Gb  stm32f4xx_it.o [1]
DMA2_Stream2_IRQHandler
                         0x800'7a19    0x6  Code  Gb  stm32f4xx_it.o [1]
DMA2_Stream7_IRQHandler
                         0x800'7a1f    0x6  Code  Gb  stm32f4xx_it.o [1]
DMAUSART_RX_BUF         0x2000'a310   0x64  Data  Gb  cmd.o [1]
DMAUSART_RX_BUF_vega    0x2000'0130   0x64  Data  Gb  cmd.o [1]
DMA_CalcBaseAndBitshift
                         0x800'68d5   0x26  Code  Lc  stm32f4xx_hal_dma.o [1]
DMA_CalcBaseAndBitshift::flagBitshiftOffset
                         0x800'68fc    0x8  Data  Lc  stm32f4xx_hal_dma.o [1]
DMA_RxOK_Flag           0x2000'a744    0x4  Data  Gb  flags.o [1]
DMA_RxOK_Flag_vega      0x2000'0198    0x4  Data  Gb  cmd.o [1]
DMA_SetConfig            0x800'68b5   0x20  Code  Lc  stm32f4xx_hal_dma.o [1]
DMAaRxBuffer            0x2000'019c   0x64  Data  Gb  cmd.o [1]
DebugMon_Handler         0x800'79dd    0x2  Code  Gb  stm32f4xx_it.o [1]
ERR_angle_m0            0x2000'00cc    0x4  Data  Gb  chassis.o [1]
ERR_angle_m1            0x2000'00c8    0x4  Data  Gb  chassis.o [1]
ERR_angle_m2            0x2000'00c4    0x4  Data  Gb  chassis.o [1]
Error_Handler            0x800'624d    0x2  Code  Gb  main.o [1]
HAL_ADC_ConfigChannel    0x800'4ddf  0x110  Code  Gb  stm32f4xx_hal_adc.o [1]
HAL_ADC_Init             0x800'4c5d   0x50  Code  Gb  stm32f4xx_hal_adc.o [1]
HAL_ADC_MspInit          0x800'64d5   0x94  Code  Gb  adc.o [1]
HAL_ADC_Start_DMA        0x800'4ccb  0x114  Code  Gb  stm32f4xx_hal_adc.o [1]
HAL_CAN_ActivateNotification
                         0x800'5e6b   0x16  Code  Gb  stm32f4xx_hal_can.o [1]
HAL_CAN_AddTxMessage     0x800'5c9d   0xc4  Code  Gb  stm32f4xx_hal_can.o [1]
HAL_CAN_ConfigFilter     0x800'5b4f   0xc0  Code  Gb  stm32f4xx_hal_can.o [1]
HAL_CAN_GetRxMessage     0x800'5d73   0xe4  Code  Gb  stm32f4xx_hal_can.o [1]
HAL_CAN_IRQHandler       0x800'5e87  0x1f8  Code  Gb  stm32f4xx_hal_can.o [1]
HAL_CAN_Init             0x800'5a61   0xe6  Code  Gb  stm32f4xx_hal_can.o [1]
HAL_CAN_MspInit          0x800'6f93   0x76  Code  Gb  can.o [1]
HAL_CAN_RxFifo0FullCallback
                         0x800'44bd    0x2  Code  Gb  can_utils.o [1]
HAL_CAN_RxFifo0MsgPendingCallback
                         0x800'445f   0x2e  Code  Gb  can_utils.o [1]
HAL_CAN_Start            0x800'5c21   0x4c  Code  Gb  stm32f4xx_hal_can.o [1]
HAL_DMA_Abort_IT         0x800'66df   0x24  Code  Gb  stm32f4xx_hal_dma.o [1]
HAL_DMA_IRQHandler       0x800'6703  0x192  Code  Gb  stm32f4xx_hal_dma.o [1]
HAL_DMA_Init             0x800'6585   0xee  Code  Gb  stm32f4xx_hal_dma.o [1]
HAL_DMA_Start_IT         0x800'6673   0x6c  Code  Gb  stm32f4xx_hal_dma.o [1]
HAL_GPIO_Init            0x800'75b5  0x1a4  Code  Gb  stm32f4xx_hal_gpio.o [1]
HAL_GPIO_TogglePin       0x800'7761    0xe  Code  Gb  stm32f4xx_hal_gpio.o [1]
HAL_GPIO_WritePin        0x800'7759    0x8  Code  Gb  stm32f4xx_hal_gpio.o [1]
HAL_GetTick              0x800'7019    0xc  Code  Wk  stm32f4xx_hal.o [1]
HAL_IncTick              0x800'7a49   0x10  Code  Wk  stm32f4xx_hal.o [1]
HAL_Init                 0x800'703d   0x30  Code  Gb  stm32f4xx_hal.o [1]
HAL_InitTick             0x800'7881   0x40  Code  Wk  stm32f4xx_hal.o [1]
HAL_MspInit              0x800'78c1   0x38  Code  Gb  stm32f4xx_hal_msp.o [1]
HAL_NVIC_EnableIRQ       0x800'782b   0x16  Code  Gb  stm32f4xx_hal_cortex.o [1]
HAL_NVIC_SetPriority     0x800'77f1   0x3a  Code  Gb  stm32f4xx_hal_cortex.o [1]
HAL_NVIC_SetPriorityGrouping
                         0x800'77d7   0x1a  Code  Gb  stm32f4xx_hal_cortex.o [1]
HAL_RCC_ClockConfig      0x800'6d15   0xfe  Code  Gb  stm32f4xx_hal_rcc.o [1]
HAL_RCC_GetPCLK1Freq     0x800'6e1f   0x10  Code  Gb  stm32f4xx_hal_rcc.o [1]
HAL_RCC_GetPCLK2Freq     0x800'6e2f    0xe  Code  Gb  stm32f4xx_hal_rcc.o [1]
HAL_RCC_OscConfig        0x800'72bd  0x2f8  Code  Wk  stm32f4xx_hal_rcc.o [1]
HAL_SYSTICK_Config       0x800'7841   0x28  Code  Gb  stm32f4xx_hal_cortex.o [1]
HAL_UART_IRQHandler      0x800'5289  0x14e  Code  Gb  stm32f4xx_hal_uart.o [1]
HAL_UART_Init            0x800'50fd   0x1e  Code  Gb  stm32f4xx_hal_uart.o [1]
HAL_UART_MspInit         0x800'69a9  0x2c0  Code  Gb  usart.o [1]
HAL_UART_Receive_DMA     0x800'51eb   0x92  Code  Gb  stm32f4xx_hal_uart.o [1]
HAL_UART_Transmit_DMA    0x800'5173   0x78  Code  Gb  stm32f4xx_hal_uart.o [1]
HAL_UART_TxCpltCallback
                         0x800'41f5    0x2  Code  Gb  cmd.o [1]
HCAN                    0x2000'a6c8   0x28  Data  Gb  can_utils.o [1]
HEAP$$Base              0x2000'b960          --   Gb  - Linker created -
HEAP$$Limit             0x2000'bf60          --   Gb  - Linker created -
HardFault_Handler        0x800'79d3    0x2  Code  Gb  stm32f4xx_it.o [1]
HashTable_create         0x800'571f   0x44  Code  Gb  hash.o [1]
HashTable_get            0x800'5801   0x54  Code  Gb  hash.o [1]
HashTable_insert         0x800'5765   0x84  Code  Gb  hash.o [1]
HashTable_map            0x800'5861   0x6c  Code  Gb  hash.o [1]
KalMan                   0x800'50b3   0x4a  Code  Gb  karman.o [1]
LoadInt                  0x800'138b   0x7a  Code  Lc  xprintffull.o [2]
MX_ADC1_Init             0x800'6471   0x64  Code  Gb  adc.o [1]
MX_CAN1_Init             0x800'6f59   0x3a  Code  Gb  can.o [1]
MX_DMA_Init              0x800'71a1   0x88  Code  Gb  dma.o [1]
MX_GPIO_Init             0x800'7071   0xf2  Code  Gb  gpio.o [1]
MX_UART4_Init            0x800'690d   0x14  Code  Gb  usart.o [1]
MX_UART5_Init            0x800'6921   0x14  Code  Gb  usart.o [1]
MX_USART1_UART_Init      0x800'693d   0x14  Code  Gb  usart.o [1]
MX_USART2_UART_Init      0x800'6951   0x14  Code  Gb  usart.o [1]
MX_USART3_UART_Init      0x800'6981   0x14  Code  Gb  usart.o [1]
MX_USART6_UART_Init      0x800'6995   0x14  Code  Gb  usart.o [1]
MemManage_Handler        0x800'79d5    0x2  Code  Gb  stm32f4xx_it.o [1]
NMI_Handler              0x800'79d1    0x2  Code  Gb  stm32f4xx_it.o [1]
PID_Release              0x800'3c75   0x74  Code  Gb  utils.o [1]
PendSV_Handler           0x800'79df    0x2  Code  Gb  stm32f4xx_it.o [1]
Region$$Table$$Base      0x800'7b04          --   Gb  - Linker created -
Region$$Table$$Limit     0x800'7b24          --   Gb  - Linker created -
RxHeader                0x2000'0018   0x1c  Data  Gb  can_utils.o [1]
SVC_Handler              0x800'79db    0x2  Code  Gb  stm32f4xx_it.o [1]
SysTick_Handler          0x800'79e1    0xe  Code  Gb  stm32f4xx_it.o [1]
SystemClock_Config       0x800'6119   0x92  Code  Gb  main.o [1]
SystemCoreClock         0x2000'2234    0x4  Data  Gb  system_stm32f4xx.o [1]
SystemInit               0x800'7a59   0x3a  Code  Gb  system_stm32f4xx.o [1]
TxHeader                0x2000'0000   0x18  Data  Gb  can_utils.o [1]
TxMailbox               0x2000'005c    0x4  Data  Gb  can_utils.o [1]
UART_DMAAbortOnError     0x800'54c5    0xc  Code  Lc  stm32f4xx_hal_uart.o [1]
UART_DMAError            0x800'544d   0x4a  Code  Lc  stm32f4xx_hal_uart.o [1]
UART_DMAReceiveCplt      0x800'540d   0x38  Code  Lc  stm32f4xx_hal_uart.o [1]
UART_DMARxHalfCplt       0x800'5445    0x6  Code  Lc  stm32f4xx_hal_uart.o [1]
UART_DMATransmitCplt     0x800'53d9   0x2a  Code  Lc  stm32f4xx_hal_uart.o [1]
UART_DMATxHalfCplt       0x800'5405    0x6  Code  Lc  stm32f4xx_hal_uart.o [1]
UART_EndRxTransfer       0x800'54a9   0x1c  Code  Lc  stm32f4xx_hal_uart.o [1]
UART_EndTxTransfer       0x800'5497   0x12  Code  Lc  stm32f4xx_hal_uart.o [1]
UART_Receive_IT          0x800'54d1   0x92  Code  Lc  stm32f4xx_hal_uart.o [1]
UART_SetConfig           0x800'5563  0x13e  Code  Lc  stm32f4xx_hal_uart.o [1]
USART1_IRQHandler        0x800'7a01    0x6  Code  Gb  stm32f4xx_it.o [1]
USART2_IRQHandler        0x800'7a07    0x6  Code  Gb  stm32f4xx_it.o [1]
USART3_IRQHandler        0x800'7a0d    0x6  Code  Gb  stm32f4xx_it.o [1]
UsageFault_Handler       0x800'79d9    0x2  Code  Gb  stm32f4xx_it.o [1]
_Encoding_8859_1_Mbrlen
                         0x800'221d    0x2  Code  Gb  xencoding_8859_1.o [2]
_Encoding_8859_1_Wctomb
                         0x800'220b   0x12  Code  Gb  xencoding_8859_1.o [2]
_GenldFull               0x800'1e1d  0x274  Code  Lc  xprintffull.o [2]
_LdtobFull               0x800'19f1  0x400  Code  Lc  xprintffull.o [2]
_LitobFull               0x800'1899  0x112  Code  Lc  xprintffull.o [2]
_Locale_lconv           0x2000'2238   0x38  Data  Lc  xlocale_c.o [2]
_PrintfFull              0x800'11c9  0x1aa  Code  Gb  xprintffull.o [2]
_PutcharsFull            0x800'2091   0x2e  Code  Lc  xprintffull.o [2]
_PutfldFull              0x800'1405  0x2d8  Code  Lc  xprintffull.o [2]
_PutstrFull              0x800'17d3   0xc6  Code  Lc  xprintffull.o [2]
_PuttxtFull              0x800'16dd   0xf6  Code  Lc  xprintffull.o [2]
_SNProut                 0x800'229f   0x1a  Code  Gb  xsnprout.o [2]
_Strtok_ssave           0x2000'a750    0x4  Data  Lc  strtok.o [2]
__NVIC_SetPriority       0x800'77bd   0x1a  Code  Lc  stm32f4xx_hal_cortex.o [1]
__aeabi_assert           0x800'6ebd   0x24  Code  Gb  ABIassert.o [5]
__aeabi_cdcmpeq          0x800'779d         Code  Gb  DblCmpEq.o [3]
__aeabi_cdcmple          0x800'2809         Code  Gb  DblCmpLe.o [3]
__aeabi_cdrcmple         0x800'2839         Code  Gb  DblCmpGe.o [3]
__aeabi_d2f              0x800'39cd         Code  Gb  DblToFlt.o [3]
__aeabi_d2iz             0x800'29a5         Code  Gb  DblToS32.o [3]
__aeabi_d2uiz            0x800'2d31         Code  Gb  DblToU32.o [3]
__aeabi_dadd             0x800'2d79         Code  Gb  DblAdd.o [3]
__aeabi_ddiv             0x800'2ae9         Code  Gb  DblDiv.o [3]
__aeabi_dmul             0x800'25f5         Code  Gb  DblMul.o [3]
__aeabi_dsub             0x800'2a05         Code  Gb  DblSub.o [3]
__aeabi_f2d              0x800'3985         Code  Gb  FltToDbl.o [3]
__aeabi_i2d              0x800'29e1         Code  Gb  S32ToDbl.o [3]
__aeabi_ldiv0            0x800'2d75         Code  Gb  I64DivZer.o [4]
__aeabi_memclr4          0x800'5939         Code  Gb  ABImemclr4.o [4]
__aeabi_memcpy           0x800'231d         Code  Gb  ABImemcpy.o [4]
__aeabi_memcpy4          0x800'233d         Code  Gb  ABImemcpy.o [4]
__aeabi_memcpy8          0x800'233d         Code  Gb  ABImemcpy.o [4]
__aeabi_ui2d             0x800'2d59         Code  Gb  U32ToDbl.o [3]
__aeabi_uldivmod         0x800'23c5         Code  Gb  I64DivMod.o [4]
__cmain                  0x800'7b25         Code  Gb  cmain.o [4]
__data_GetMemChunk       0x800'1189   0x2c  Code  Gb  xgetmemchunk.o [2]
__data_GetMemChunk::start
                        0x2000'a758    0x4  Data  Lc  xgetmemchunk.o [2]
__exit                   0x800'11b5   0x14  Code  Gb  exit.o [5]
__iar_Atan64             0x800'6269  0x170  Code  Gb  iar_Atan64.o [3]
__iar_Fail_s             0x800'2229   0x1c  Code  Gb  xfail_s.o [2]
__iar_Mbcurmax           0x800'2311    0xa  Code  Gb  xmbcurmax.o [2]
__iar_Memchr             0x800'22b9         Code  Gb  memchr.o [4]
__iar_Memset4_word       0x800'6ee1         Code  Gb  ABImemset48.o [4]
__iar_Memset8_word       0x800'6ee1         Code  Gb  ABImemset48.o [4]
__iar_Sin64              0x800'4811  0x3b2  Code  Lc  cos_sin64.o [3]
__iar_Strchr             0x800'21f5         Code  Gb  strchr.o [4]
__iar_asin64             0x800'45dd   0xf4  Code  Gb  asin64.o [3]
__iar_atan2_32           0x800'3be9         Code  Gb  atan2f.o [3]
__iar_atan2_64           0x800'46d1  0x140  Code  Gb  atan2_64.o [3]
__iar_cos64              0x800'4c55    0x4  Code  Gb  cos_sin64.o [3]
__iar_cos_medium         0x800'4c55    0x4  Code  Gb  cos_sin64.o [3]
__iar_cos_medium64       0x800'4c55    0x4  Code  Gb  cos_sin64.o [3]
__iar_cos_mediuml        0x800'4c55    0x4  Code  Gb  cos_sin64.o [3]
__iar_dadd               0x800'2a15         Code  Gb  DblSub.o [3]
__iar_data_init3         0x800'7ab9   0x28  Code  Gb  data_init.o [4]
__iar_dlmalloc           0x800'0e4d  0x2b6  Code  Gb  dlmalloc.o [2]
__iar_dsub               0x800'2d89         Code  Gb  DblAdd.o [3]
__iar_dsubStart          0x800'2d9b         Code  Gb  DblAdd.o [3]
__iar_frexp              0x800'27a5         Code  Gb  frexp.o [3]
__iar_frexpl             0x800'27a5         Code  Gb  frexp.o [3]
__iar_globLocale        0x2000'2270   0x48  Data  Lc  xlocale_c.o [2]
__iar_global_Locale      0x800'217d    0x4  Code  Gb  xlocale_c.o [2]
__iar_init_vfp           0x800'7ae1         Code  Gb  fpinit_M.o [3]
__iar_ldexp64            0x800'2869         Code  Gb  ldexp.o [3]
__iar_lz77_init_single3
                         0x800'110f   0x7a  Code  Gb  lz77_init_single.o [4]
__iar_program_start      0x800'7b69         Code  Gb  cstartup_M.o [4]
__iar_scalbln64          0x800'2869         Code  Gb  ldexp.o [3]
__iar_scalbn64           0x800'2869         Code  Gb  ldexp.o [3]
__iar_sin64              0x800'4c59    0x4  Code  Gb  cos_sin64.o [3]
__iar_sin_medium         0x800'4c59    0x4  Code  Gb  cos_sin64.o [3]
__iar_sin_medium64       0x800'4c59    0x4  Code  Gb  cos_sin64.o [3]
__iar_sin_mediuml        0x800'4c59    0x4  Code  Gb  cos_sin64.o [3]
__iar_softfp___iar_frexp64
                         0x800'2799         Code  Gb  frexp.o [3]
__iar_softfp_frexp       0x800'2799         Code  Gb  frexp.o [3]
__iar_softfp_frexpl      0x800'2799         Code  Gb  frexp.o [3]
__iar_sqrt32             0x800'3c55         Code  Gb  sqrtf.o [3]
__iar_sqrt64             0x800'3d3d         Code  Gb  sqrt.o [3]
__iar_vfp___iar_sqrt64   0x800'3d2d         Code  Gb  sqrt.o [3]
__iar_vfp_asin           0x800'3cf7    0xc  Code  Gb  math_wrappers64.o [3]
__iar_vfp_atan2          0x800'3d03   0x10  Code  Gb  math_wrappers64.o [3]
__iar_vfp_cos            0x800'3d13    0xc  Code  Gb  math_wrappers64.o [3]
__iar_vfp_sin            0x800'3d1f    0xc  Code  Gb  math_wrappers64.o [3]
__iar_vfp_sqrt           0x800'3d2d         Code  Gb  sqrt.o [3]
__iar_vfp_sqrtl          0x800'3d2d         Code  Gb  sqrt.o [3]
__iar_xatanf             0x800'4539         Code  Gb  xatanf.o [3]
__iar_zero_init3         0x800'2143   0x3a  Code  Gb  zero_init3.o [4]
__low_level_init         0x800'7b43    0x4  Code  Gb  low_level_init.o [2]
__vector_table           0x800'0000         Data  Gb  startup_stm32f407xx.o [1]
_call_main               0x800'7b31         Code  Gb  cmain.o [4]
_cmd_help                0x800'4215    0xc  Code  Lc  cmd.o [1]
_exit                    0x800'7b4d         Code  Gb  cexit.o [4]
_gLocale_mblen           0x800'21e1    0x4  Code  Gb  xlocale_c.o [2]
_gLocale_mblenInt        0x800'21a5   0x2c  Code  Gb  xlocale_c.o [2]
_gLocale_wctomb          0x800'21e5    0x4  Code  Gb  xlocale_c.o [2]
_gLocale_wctombInt       0x800'21dd    0x4  Code  Gb  xlocale_c.o [2]
_gm_                    0x2000'9fb8  0x1d8  Data  Lc  dlmalloc.o [2]
_main                    0x800'7b3f         Code  Gb  cmain.o [4]
a                        0x800'6430   0x40  Data  Lc  iar_Atan64.o [3]
abort                    0x800'1109    0x6  Code  Gb  abort.o [2]
add_segment              0x800'0551  0x1f2  Code  Lc  dlmalloc.o [2]
asin                     0x800'45dd   0xf4  Code  Gb  asin64.o [3]
asinl                    0x800'45dd   0xf4  Code  Gb  asin64.o [3]
atan2                    0x800'46d1  0x140  Code  Gb  atan2_64.o [3]
atan2f                   0x800'3be9         Code  Gb  atan2f.o [3]
atan2l                   0x800'46d1  0x140  Code  Gb  atan2_64.o [3]
buffer_count            0x2000'a374    0x4  Data  Gb  cmd.o [1]
calculate_laser_angle    0x800'3eb1   0x62  Code  Gb  laser.o [1]
can_TX_data             0x2000'a738    0x8  Data  Gb  motordriver.o [1]
can_callback_table      0x2000'0058    0x4  Data  Lc  can_utils.o [1]
can_exc_callback         0x800'4435   0x2a  Code  Gb  can_utils.o [1]
can_exc_callback_flag   0x2000'a740    0x4  Data  Gb  flags.o [1]
can_func_init            0x800'6265    0x2  Code  Gb  can_func.o [1]
can_id_init              0x800'7295   0x28  Code  Gb  configure.o [1]
can_init                 0x800'43c5   0x70  Code  Gb  can_utils.o [1]
can_rx_callback_flag    0x2000'0050    0x4  Data  Gb  can_utils.o [1]
can_rx_data             0x2000'0038    0x8  Data  Gb  can_utils.o [1]
can_send_msg             0x800'448f    0xc  Code  Gb  can_utils.o [1]
can_std_mask_filter_conf
                         0x800'44bf   0x60  Code  Gb  can_utils.o [1]
can_tx_data             0x2000'0040    0x8  Data  Gb  can_utils.o [1]
chassis                 0x2000'0064   0x60  Data  Gb  chassis.o [1]
chassis_PID_Angle_Control
                         0x800'30b1   0x30  Code  Gb  chassis.o [1]
chassis_PID_Angle_Control::angle_last_err
                        0x2000'00d0    0x4  Data  Lc  chassis.o [1]
chassis_angle_subtract   0x800'3059   0x58  Code  Gb  chassis.o [1]
chassis_calculate_speed
                         0x800'32b9   0x5c  Code  Gb  chassis.o [1]
chassis_exe              0x800'3855   0x26  Code  Gb  chassis.o [1]
chassis_go_track         0x800'3525  0x2fc  Code  Gb  chassis.o [1]
chassis_gostraight       0x800'30e1  0x17c  Code  Gb  chassis.o [1]
chassis_handle_control   0x800'426d  0x114  Code  Gb  chassis_handle.o [1]
chassis_init             0x800'2f55   0x18  Code  Gb  chassis.o [1]
chassis_init_pos         0x800'2f1f   0x36  Code  Gb  chassis.o [1]
chassis_run_point        0x800'3881   0x58  Code  Gb  chassis.o [1]
chassis_status          0x2000'00f4   0x20  Data  Gb  chassis.o [1]
chassis_update           0x800'2f6d   0xde  Code  Gb  chassis.o [1]
chassis_vector_test      0x800'34b1   0x58  Code  Gb  chassis.o [1]
chassis_zero             0x800'2ef5   0x2a  Code  Gb  chassis.o [1]
cmd_add                  0x800'416d   0x52  Code  Gb  cmd.o [1]
cmd_argv                0x2000'a378   0x30  Data  Gb  cmd.o [1]
cmd_exec                 0x800'411d   0x32  Code  Gb  cmd.o [1]
cmd_func_init            0x800'7921   0x2a  Code  Gb  cmd_func.o [1]
cmd_hello_func           0x800'78f9    0x6  Code  Gb  cmd_func.o [1]
cmd_help_func            0x800'4151   0x1c  Code  Gb  cmd.o [1]
cmd_init                 0x800'40a1   0x28  Code  Gb  cmd.o [1]
cmd_long                 0x800'7919    0x6  Code  Gb  cmd_func.o [1]
cmd_parse                0x800'40f1   0x2c  Code  Gb  cmd.o [1]
cmd_table               0x2000'a734    0x4  Data  Lc  cmd.o [1]
cmd_wave_test            0x800'78ff   0x18  Code  Gb  cmd_func.o [1]
cmpAtom                  0x800'56ed    0xc  Code  Lc  hash.o [1]
cos                      0x800'4c55    0x4  Code  Gb  cos_sin64.o [3]
cosl                     0x800'4c55    0x4  Code  Gb  cos_sin64.o [3]
culculate_distance       0x800'3f15   0x64  Code  Gb  laser.o [1]
culculate_k_b_params     0x800'3f79   0x56  Code  Gb  laser.o [1]
exit                     0x800'7b47    0x4  Code  Gb  exit.o [2]
flag                    0x2000'a720   0x10  Data  Gb  main.o [1]
freeKeyAtom              0x800'56fd    0x2  Code  Lc  hash.o [1]
hadc1                   0x2000'a408   0x48  Data  Gb  adc.o [1]
hashAtom                 0x800'56f9    0x4  Code  Lc  hash.o [1]
hashStr                  0x800'56ff   0x20  Code  Gb  hash.o [1]
hash_id                  0x800'4521    0x4  Code  Lc  can_utils.o [1]
hcan1                   0x2000'a6a0   0x28  Data  Gb  can.o [1]
hdma_adc1               0x2000'a3a8   0x60  Data  Gb  adc.o [1]
hdma_usart1_rx          0x2000'a190   0x60  Data  Gb  usart.o [1]
hdma_usart1_tx          0x2000'a1f0   0x60  Data  Gb  usart.o [1]
hdma_usart2_rx          0x2000'a250   0x60  Data  Gb  usart.o [1]
hdma_usart2_tx          0x2000'a2b0   0x60  Data  Gb  usart.o [1]
huart1                  0x2000'a5a0   0x40  Data  Gb  usart.o [1]
huart2                  0x2000'a5e0   0x40  Data  Gb  usart.o [1]
huart3                  0x2000'a620   0x40  Data  Gb  usart.o [1]
huart4                  0x2000'a520   0x40  Data  Gb  usart.o [1]
huart5                  0x2000'a560   0x40  Data  Gb  usart.o [1]
huart6                  0x2000'a660   0x40  Data  Gb  usart.o [1]
id_cmp                   0x800'4525   0x10  Code  Lc  can_utils.o [1]
inc                      0x800'61ad   0x7a  Code  Gb  main.o [1]
inc::time_1ms_cnt       0x2000'a730    0x4  Data  Lc  main.o [1]
init_mparams             0x800'01a3   0x32  Code  Lc  dlmalloc.o [2]
init_top                 0x800'01d5   0x36  Code  Lc  dlmalloc.o [2]
kal_adc_L               0x2000'0298   0x18  Data  Gb  karman.o [1]
kal_adc_R               0x2000'02b0   0x18  Data  Gb  karman.o [1]
kal_distance_L          0x2000'0268   0x18  Data  Gb  karman.o [1]
kal_distance_R          0x2000'0280   0x18  Data  Gb  karman.o [1]
laser_L                 0x2000'a450   0x48  Data  Gb  laser.o [1]
laser_R                 0x2000'a498   0x48  Data  Gb  laser.o [1]
laser_enable            0x2000'a74c    0x4  Data  Gb  laser.o [1]
laser_exe                0x800'3fcf   0x42  Code  Gb  laser.o [1]
laser_init               0x800'3e31   0x4a  Code  Gb  laser.o [1]
laser_ypos_correct       0x800'3e7b    0xc  Code  Gb  laser.o [1]
laser_ypos_pid          0x2000'02c8   0x20  Data  Gb  laser.o [1]
ldexp                    0x800'2869         Code  Gb  ldexp.o [3]
ldexpl                   0x800'2869         Code  Gb  ldexp.o [3]
localeconv               0x800'21e9    0x4  Code  Gb  xlocale_c.o [2]
main                     0x800'6081   0x98  Code  Gb  main.o [1]
memchr                   0x800'22b9         Code  Gb  memchr.o [4]
motor_canset3speed       0x800'3b81   0x68  Code  Gb  motordriver.o [1]
mparams                 0x2000'a708   0x18  Data  Lc  dlmalloc.o [2]
pCMD_USART              0x2000'0194    0x4  Data  Gb  cmd.o [1]
point_arrive             0x800'3315   0x1e  Code  Gb  chassis.o [1]
point_tracer_angle_return
                         0x800'3297   0x1c  Code  Gb  chassis.o [1]
points_pos0             0x2000'02e8  0xfa0  Data  Gb  point.o [1]
points_pos1             0x2000'1288  0xfa0  Data  Gb  point.o [1]
points_pos2             0x2000'22b8  0xfa0  Data  Gb  point.o [1]
points_pos3             0x2000'3258  0xfa0  Data  Gb  point.o [1]
points_pos4             0x2000'41f8  0xfa0  Data  Gb  point.o [1]
points_pos5             0x2000'5198  0xfa0  Data  Gb  point.o [1]
points_pos6             0x2000'6138  0xfa0  Data  Gb  point.o [1]
points_pos7             0x2000'70d8  0xfa0  Data  Gb  point.o [1]
points_pos8             0x2000'8078  0xfa0  Data  Gb  point.o [1]
points_pos9             0x2000'9018  0xfa0  Data  Gb  point.o [1]
position_y_dir_pid      0x2000'00d4   0x20  Data  Gb  chassis.o [1]
prepend_alloc            0x800'020b  0x346  Code  Lc  dlmalloc.o [2]
print_buffer            0x2000'0200   0x68  Data  Gb  cmd.o [1]
recive_id               0x2000'a6fc    0xc  Data  Gb  configure.o [1]
rx_buffer               0x2000'0048    0x8  Data  Lc  can_utils.o [1]
rx_id                   0x2000'0054    0x4  Data  Lc  can_utils.o [1]
s                       0x2000'0118   0x18  Data  Lc  cmd.o [1]
scalbln                  0x800'2869         Code  Gb  ldexp.o [3]
scalblnl                 0x800'2869         Code  Gb  ldexp.o [3]
scalbn                   0x800'2869         Code  Gb  ldexp.o [3]
scalbnl                  0x800'2869         Code  Gb  ldexp.o [3]
scale                    0x800'19ab   0x46  Code  Lc  xprintffull.o [2]
sec_hand                0x2000'a754    0x4  Data  Lc  xfail_s.o [2]
segment_holding          0x800'0189   0x1a  Code  Lc  dlmalloc.o [2]
send_id                 0x2000'a6f0    0xc  Data  Gb  configure.o [1]
send_wave_flag          0x2000'a748    0x4  Data  Gb  flags.o [1]
simplelib_init           0x800'7229   0x2c  Code  Gb  simplelib.o [1]
simplelib_run            0x800'7255   0x20  Code  Gb  simplelib.o [1]
sin                      0x800'4c59    0x4  Code  Gb  cos_sin64.o [3]
sinl                     0x800'4c59    0x4  Code  Gb  cos_sin64.o [3]
sqrt                     0x800'3d3d         Code  Gb  sqrt.o [3]
sqrtf                    0x800'3c55         Code  Gb  sqrtf.o [3]
sqrtl                    0x800'3d3d         Code  Gb  sqrt.o [3]
std_id                  0x2000'0060    0x4  Data  Gb  can_utils.o [1]
str_cmp                  0x800'4205    0xe  Code  Lc  cmd.o [1]
strchr                   0x800'21f5         Code  Gb  strchr.o [4]
strcmp                   0x800'5a15         Code  Gb  strcmp.o [4]
strcpy                   0x800'598d         Code  Gb  strcpy.o [4]
strcspn                  0x800'6f35   0x22  Code  Gb  strcspn.o [2]
strlen                   0x800'2269         Code  Gb  strlen.o [4]
strspn                   0x800'6f13   0x22  Code  Gb  strspn.o [2]
strtok                   0x800'5941   0x4c  Code  Gb  strtok.o [2]
sys_alloc                0x800'0749  0x164  Code  Lc  dlmalloc.o [2]
tmalloc_large            0x800'08b9  0x386  Code  Lc  dlmalloc.o [2]
tmalloc_small            0x800'0c3f  0x200  Code  Lc  dlmalloc.o [2]
uprintf                  0x800'41c1   0x34  Code  Gb  cmd.o [1]
usart_DMA_init           0x800'4081   0x1e  Code  Gb  cmd.o [1]
usart_exc_DMA            0x800'40c9   0x28  Code  Gb  cmd.o [1]
uwTick                  0x2000'222c    0x4  Data  Gb  stm32f4xx_hal.o [1]
uwTickFreq              0x2000'2228    0x1  Data  Gb  stm32f4xx_hal.o [1]
uwTickPrio              0x2000'2230    0x4  Data  Gb  stm32f4xx_hal.o [1]
vec_add                  0x800'3a35   0x1a  Code  Gb  vec.o [1]
vec_create               0x800'3a85    0x2  Code  Gb  vec.o [1]
vec_is_zero              0x800'3b33   0x36  Code  Gb  vec.o [1]
vec_model                0x800'3a67   0x1e  Code  Gb  vec.o [1]
vec_mul                  0x800'3a4f   0x18  Code  Gb  vec.o [1]
vec_mul_i                0x800'3a87   0x5c  Code  Gb  vec.o [1]
vec_normal               0x800'3ae3   0x1c  Code  Gb  vec.o [1]
vec_unit                 0x800'3aff    0xe  Code  Gb  vec.o [1]
vector_track_ctrl        0x800'3359  0x13a  Code  Gb  chassis.o [1]
vsnprintf                0x800'59d9   0x3c  Code  Gb  vsnprint.o [2]


[1] = E:\Robocon_Value\Chassis\EWARM\Chassis\Obj
[2] = dl7M_tlf.a
[3] = m7M_tls.a
[4] = rt7M_tl.a
[5] = shb_l.a

  31 858 bytes of readonly  code memory
   3 667 bytes of readonly  data memory
  48 988 bytes of readwrite data memory

Errors: none
Warnings: none
