###############################################################################
#
# IAR ELF Linker V8.30.1.114/W32 for ARM                  14/Dec/2019  18:23:47
# Copyright 2007-2018 IAR Systems AB.
#
#    Output file  =  E:\Robocon_Value\Chassis\EWARM\Chassis\Exe\Chassis.out
#    Map file     =  E:\Robocon_Value\Chassis\EWARM\Chassis\List\Chassis.map
#    Command line =  
#        -f C:\Users\DELL\AppData\Local\Temp\EWF24.tmp
#        (E:\Robocon_Value\Chassis\EWARM\Chassis\Obj\adc.o
#        E:\Robocon_Value\Chassis\EWARM\Chassis\Obj\can.o
#        E:\Robocon_Value\Chassis\EWARM\Chassis\Obj\can_func.o
#        E:\Robocon_Value\Chassis\EWARM\Chassis\Obj\can_utils.o
#        E:\Robocon_Value\Chassis\EWARM\Chassis\Obj\chassis.o
#        E:\Robocon_Value\Chassis\EWARM\Chassis\Obj\chassis_handle.o
#        E:\Robocon_Value\Chassis\EWARM\Chassis\Obj\cmd.o
#        E:\Robocon_Value\Chassis\EWARM\Chassis\Obj\cmd_func.o
#        E:\Robocon_Value\Chassis\EWARM\Chassis\Obj\configure.o
#        E:\Robocon_Value\Chassis\EWARM\Chassis\Obj\dma.o
#        E:\Robocon_Value\Chassis\EWARM\Chassis\Obj\flags.o
#        E:\Robocon_Value\Chassis\EWARM\Chassis\Obj\flash.o
#        E:\Robocon_Value\Chassis\EWARM\Chassis\Obj\gpio.o
#        E:\Robocon_Value\Chassis\EWARM\Chassis\Obj\hash.o
#        E:\Robocon_Value\Chassis\EWARM\Chassis\Obj\karman.o
#        E:\Robocon_Value\Chassis\EWARM\Chassis\Obj\laser.o
#        E:\Robocon_Value\Chassis\EWARM\Chassis\Obj\lcd.o
#        E:\Robocon_Value\Chassis\EWARM\Chassis\Obj\main.o
#        E:\Robocon_Value\Chassis\EWARM\Chassis\Obj\point.o
#        E:\Robocon_Value\Chassis\EWARM\Chassis\Obj\point_parser.o
#        E:\Robocon_Value\Chassis\EWARM\Chassis\Obj\robomaster.o
#        E:\Robocon_Value\Chassis\EWARM\Chassis\Obj\sensor_gpio.o
#        E:\Robocon_Value\Chassis\EWARM\Chassis\Obj\simplelib.o
#        E:\Robocon_Value\Chassis\EWARM\Chassis\Obj\startup_stm32f407xx.o
#        E:\Robocon_Value\Chassis\EWARM\Chassis\Obj\stm32f4xx_hal.o
#        E:\Robocon_Value\Chassis\EWARM\Chassis\Obj\stm32f4xx_hal_adc.o
#        E:\Robocon_Value\Chassis\EWARM\Chassis\Obj\stm32f4xx_hal_adc_ex.o
#        E:\Robocon_Value\Chassis\EWARM\Chassis\Obj\stm32f4xx_hal_can.o
#        E:\Robocon_Value\Chassis\EWARM\Chassis\Obj\stm32f4xx_hal_cortex.o
#        E:\Robocon_Value\Chassis\EWARM\Chassis\Obj\stm32f4xx_hal_dma.o
#        E:\Robocon_Value\Chassis\EWARM\Chassis\Obj\stm32f4xx_hal_dma_ex.o
#        E:\Robocon_Value\Chassis\EWARM\Chassis\Obj\stm32f4xx_hal_exti.o
#        E:\Robocon_Value\Chassis\EWARM\Chassis\Obj\stm32f4xx_hal_flash.o
#        E:\Robocon_Value\Chassis\EWARM\Chassis\Obj\stm32f4xx_hal_flash_ex.o
#        E:\Robocon_Value\Chassis\EWARM\Chassis\Obj\stm32f4xx_hal_flash_ramfunc.o
#        E:\Robocon_Value\Chassis\EWARM\Chassis\Obj\stm32f4xx_hal_gpio.o
#        E:\Robocon_Value\Chassis\EWARM\Chassis\Obj\stm32f4xx_hal_msp.o
#        E:\Robocon_Value\Chassis\EWARM\Chassis\Obj\stm32f4xx_hal_pwr.o
#        E:\Robocon_Value\Chassis\EWARM\Chassis\Obj\stm32f4xx_hal_pwr_ex.o
#        E:\Robocon_Value\Chassis\EWARM\Chassis\Obj\stm32f4xx_hal_rcc.o
#        E:\Robocon_Value\Chassis\EWARM\Chassis\Obj\stm32f4xx_hal_rcc_ex.o
#        E:\Robocon_Value\Chassis\EWARM\Chassis\Obj\stm32f4xx_hal_tim.o
#        E:\Robocon_Value\Chassis\EWARM\Chassis\Obj\stm32f4xx_hal_tim_ex.o
#        E:\Robocon_Value\Chassis\EWARM\Chassis\Obj\stm32f4xx_hal_uart.o
#        E:\Robocon_Value\Chassis\EWARM\Chassis\Obj\stm32f4xx_it.o
#        E:\Robocon_Value\Chassis\EWARM\Chassis\Obj\stmflash.o
#        E:\Robocon_Value\Chassis\EWARM\Chassis\Obj\sys.o
#        E:\Robocon_Value\Chassis\EWARM\Chassis\Obj\system_stm32f4xx.o
#        E:\Robocon_Value\Chassis\EWARM\Chassis\Obj\usart.o
#        E:\Robocon_Value\Chassis\EWARM\Chassis\Obj\utils.o
#        E:\Robocon_Value\Chassis\EWARM\Chassis\Obj\vec.o
#        E:\Robocon_Value\Chassis\EWARM\Chassis\Obj\vega.o
#        E:\Robocon_Value\Chassis\EWARM\Chassis\Obj\vesc_can.o --redirect
#        _Printf=_PrintfFull --redirect _Scanf=_ScanfFull --no_out_extension -o
#        E:\Robocon_Value\Chassis\EWARM\Chassis\Exe\Chassis.out --map
#        E:\Robocon_Value\Chassis\EWARM\Chassis\List\Chassis.map --config
#        E:\Robocon_Value\Chassis\EWARM/stm32f407xx_flash.icf --semihosting
#        --entry __iar_program_start --vfe --text_out locale)
#
###############################################################################

*******************************************************************************
*** RUNTIME MODEL ATTRIBUTES
***

CppFlavor       = *
__Heap_Handler  = DLMalloc
__SystemLibrary = DLib
__dlib_version  = 6


*******************************************************************************
*** HEAP SELECTION
***

The advanced heap was selected because the application calls memory
allocation functions outside of system library functions, and there
are calls to deallocation functions in the application.


*******************************************************************************
*** PLACEMENT SUMMARY
***

"A0":  place at 0x800'0000 { ro section .intvec };
"P1":  place in [from 0x800'0000 to 0x80f'ffff] { ro };
define block CSTACK with size = 4608, alignment = 8 { };
define block HEAP with size = 2K, alignment = 8 { };
"P2":  place in [from 0x2000'0000 to 0x2001'ffff] {
          rw, block CSTACK, block HEAP };
initialize by copy { rw };

  Section            Kind         Address    Size  Object
  -------            ----         -------    ----  ------
"A0":                                       0x188
  .intvec            ro code   0x800'0000   0x188  startup_stm32f407xx.o [1]
                             - 0x800'0188   0x188

"P1":                                      0x8c4f
  .text              ro code   0x800'0188   0xf80  dlmalloc.o [2]
  .text              ro code   0x800'1108     0x6  abort.o [2]
  .text              ro code   0x800'110e    0x7a  lz77_init_single.o [4]
  .text              ro code   0x800'1188    0x2c  xgetmemchunk.o [2]
  .text              ro code   0x800'11b4    0x14  exit.o [5]
  .text              ro code   0x800'11c8   0xf7a  xprintffull.o [2]
  .text              ro code   0x800'2142    0x3a  zero_init3.o [4]
  .text              ro code   0x800'217c    0xb4  xlocale_c.o [2]
  .text              ro code   0x800'2230    0x16  strchr.o [4]
  .text              ro code   0x800'2246    0x1e  xencoding_8859_1.o [2]
  .text              ro code   0x800'2264    0x40  xfail_s.o [2]
  .text              ro code   0x800'22a4    0x36  strlen.o [4]
  .text              ro code   0x800'22da    0x1a  xsnprout.o [2]
  .text              ro code   0x800'22f4    0x58  memchr.o [4]
  .text              ro code   0x800'234c     0xa  xmbcurmax.o [2]
  .text              ro code   0x800'2358    0xa6  ABImemcpy.o [4]
  .text              ro code   0x800'2400   0x230  I64DivMod.o [4]
  .text              ro code   0x800'2630   0x1a2  DblMul.o [3]
  .text              ro code   0x800'27d4    0x70  frexp.o [3]
  .text              ro code   0x800'2844    0x2e  DblCmpLe.o [3]
  .text              ro code   0x800'2874    0x2e  DblCmpGe.o [3]
  .text              ro code   0x800'28a4   0x13a  ldexp.o [3]
  .text              ro code   0x800'29e0    0x3a  DblToS32.o [3]
  .text              ro code   0x800'2a1c    0x22  S32ToDbl.o [3]
  .text              ro code   0x800'2a40    0xe2  DblSub.o [3]
  .text              ro code   0x800'2b24   0x246  DblDiv.o [3]
  .text              ro code   0x800'2d6c    0x28  DblToU32.o [3]
  .text              ro code   0x800'2d94    0x1a  U32ToDbl.o [3]
  .text              ro code   0x800'2db0     0x2  I64DivZer.o [4]
  .text              ro code   0x800'2db4   0x17a  DblAdd.o [3]
  .text              ro code   0x800'2f30   0xa38  stm32f4xx_hal_uart.o [1]
  .text              ro code   0x800'3968   0x67c  usart.o [1]
  .text              ro code   0x800'3fe4     0xc  stm32f4xx_hal.o [1]
  .text              ro code   0x800'3ff0   0x550  stm32f4xx_hal_dma.o [1]
  .text              ro code   0x800'4540     0x2  stm32f4xx_hal_uart.o [1]
  .text              ro code   0x800'4542     0x2  stm32f4xx_hal_uart.o [1]
  .text              ro code   0x800'4544     0x2  stm32f4xx_hal_uart.o [1]
  .text              ro code   0x800'4546     0x2  stm32f4xx_hal_uart.o [1]
  .text              ro code   0x800'4548     0x2  stm32f4xx_hal_uart.o [1]
  .text              ro code   0x800'454c   0x224  stm32f4xx_hal_rcc.o [1]
  .text              ro code   0x800'4770   0x21e  main.o [1]
  .text              ro code   0x800'4990     0x6  ABImemclr4.o [4]
  .text              ro code   0x800'4998   0x29c  stm32f4xx_hal_gpio.o [1]
  .text              ro code   0x800'4c34   0x158  stm32f4xx_hal_cortex.o [1]
  .text              ro code   0x800'4d8c    0x4c  stm32f4xx_hal.o [1]
  .text              ro code   0x800'4dd8    0x34  stm32f4xx_hal.o [1]
  .text              ro code   0x800'4e0c   0x168  gpio.o [1]
  .text              ro code   0x800'4f74    0xc8  dma.o [1]
  .text              ro code   0x800'503c   0x130  adc.o [1]
  .text              ro code   0x800'516c    0xd4  can.o [1]
  .text              ro code   0x800'5240    0x5c  simplelib.o [1]
  .text              ro code   0x800'529c    0x34  configure.o [1]
  .text              ro code   0x800'52d0    0x9c  chassis.o [1]
  .text              ro code   0x800'536c   0x1a4  laser.o [1]
  .text              ro code   0x800'5510   0x138  lcd.o [1]
  .text              ro code   0x800'5648    0x9c  sensor_gpio.o [1]
  .text              ro code   0x800'56e4   0x380  stm32f4xx_hal_rcc.o [1]
  .text              ro code   0x800'5a64   0x444  cmd.o [1]
  .text              ro code   0x800'5ea8    0x32  ABImemset48.o [4]
  .text              ro code   0x800'5edc    0x40  stm32f4xx_hal_msp.o [1]
  .text              ro code   0x800'5f1c   0x56e  stm32f4xx_hal_adc.o [1]
  .text              ro code   0x800'648c   0x7dc  stm32f4xx_hal_can.o [1]
  .text              ro code   0x800'6c68   0x338  cmd_func.o [1]
  .text              ro code   0x800'6fa0   0x20a  can_utils.o [1]
  .text              ro code   0x800'71ac    0x20  can_func.o [1]
  .text              ro code   0x800'71cc    0x9c  point_parser.o [1]
  .text              ro code   0x800'7268    0x48  FltToDbl.o [3]
  .text              ro code   0x800'72b0    0x4c  strcpy.o [4]
  .text              ro code   0x800'72fc   0x224  hash.o [1]
  .text              ro code   0x800'7520    0x66  ABImemset.o [4]
  .text              ro code   0x800'7588    0x4c  strtok.o [2]
  .text              ro code   0x800'75d4    0x3c  vsnprint.o [2]
  .text              ro code   0x800'7610    0x4a  strcmp.o [4]
  .text              ro code   0x800'765a     0x2  stm32f4xx_hal_adc.o [1]
  .text              ro code   0x800'765c     0x2  stm32f4xx_hal_adc.o [1]
  .text              ro code   0x800'765e     0x2  stm32f4xx_hal_adc.o [1]
  .text              ro code   0x800'7660     0x2  stm32f4xx_hal_can.o [1]
  .text              ro code   0x800'7662     0x2  stm32f4xx_hal_can.o [1]
  .text              ro code   0x800'7664     0x2  stm32f4xx_hal_can.o [1]
  .text              ro code   0x800'7666     0x2  stm32f4xx_hal_can.o [1]
  .text              ro code   0x800'7668     0x2  stm32f4xx_hal_can.o [1]
  .text              ro code   0x800'766a     0x2  stm32f4xx_hal_can.o [1]
  .text              ro code   0x800'766c     0x2  stm32f4xx_hal_can.o [1]
  .text              ro code   0x800'766e     0x2  stm32f4xx_hal_can.o [1]
  .text              ro code   0x800'7670     0x2  stm32f4xx_hal_can.o [1]
  .text              ro code   0x800'7672     0x2  stm32f4xx_hal_can.o [1]
  .text              ro code   0x800'7674     0x2  stm32f4xx_hal_can.o [1]
  .text              ro code   0x800'7678   0x150  vega.o [1]
  .text              ro code   0x800'77c8     0xe  math_wrappers64.o [3]
  .text              ro code   0x800'77d8    0x68  DblToFlt.o [3]
  .text              ro code   0x800'7840   0x174  iar_Stoulx.o [2]
  .text              ro code   0x800'79b4    0x24  ABIassert.o [5]
  .text              ro code   0x800'79d8    0x22  strspn.o [2]
  .text              ro code   0x800'79fa    0x22  strcspn.o [2]
  .rodata            const     0x800'7a1c    0x3c  cmd_func.o [1]
  .text              ro code   0x800'7a58   0x580  strto64.o [3]
  .text              ro code   0x800'7fd8    0x14  isspace.o [2]
  .text              ro code   0x800'7fec    0x14  tolower.o [2]
  .text              ro code   0x800'8000   0x122  iar_Stopfx.o [2]
  .text              ro code   0x800'8124   0x1c4  iar_Stoflt.o [2]
  .text              ro code   0x800'82e8   0x21c  iar_Stoxflt.o [2]
  .text              ro code   0x800'8504    0x14  isalpha.o [2]
  .text              ro code   0x800'8518   0x124  stm32f4xx_it.o [1]
  .text              ro code   0x800'863c    0x18  stm32f4xx_hal.o [1]
  .text              ro code   0x800'8654    0x60  system_stm32f4xx.o [1]
  .rodata            const     0x800'86b4    0x30  hash.o [1]
  .rodata            const     0x800'86e4    0x28  vega.o [1]
  .text              ro code   0x800'870c    0x28  data_init.o [4]
  .text              ro code   0x800'8734    0x22  fpinit_M.o [3]
  .iar.init_table    const     0x800'8758    0x20  - Linker created -
  .rodata            const     0x800'8778    0x20  can_utils.o [1]
  .rodata            const     0x800'8798    0x20  hash.o [1]
  .rodata            const     0x800'87b8    0x20  vega.o [1]
  .rodata            const     0x800'87d8    0x20  vega.o [1]
  .text              ro code   0x800'87f8    0x1e  cmain.o [4]
  .text              ro code   0x800'8816     0x4  low_level_init.o [2]
  .text              ro code   0x800'881a     0x4  exit.o [2]
  .text              ro code   0x800'8820     0xa  cexit.o [4]
  .rodata            const     0x800'882c    0x1c  lcd.o [1]
  .rodata            const     0x800'8848    0x1c  vega.o [1]
  .rodata            const     0x800'8864    0x18  cmd_func.o [1]
  .rodata            const     0x800'887c    0x18  cmd_func.o [1]
  .rodata            const     0x800'8894    0x18  cmd_func.o [1]
  .rodata            const     0x800'88ac    0x18  cmd_func.o [1]
  .rodata            const     0x800'88c4    0x18  cmd_func.o [1]
  .rodata            const     0x800'88dc    0x18  cmd_func.o [1]
  .rodata            const     0x800'88f4    0x18  cmd_func.o [1]
  .rodata            const     0x800'890c    0x18  cmd_func.o [1]
  .rodata            const     0x800'8924    0x18  cmd_func.o [1]
  .rodata            const     0x800'893c    0x18  laser.o [1]
  .rodata            const     0x800'8954    0x18  laser.o [1]
  .rodata            const     0x800'896c    0x18  simplelib.o [1]
  .rodata            const     0x800'8984    0x18  vega.o [1]
  .rodata            const     0x800'899c    0x14  cmd_func.o [1]
  .rodata            const     0x800'89b0    0x14  cmd_func.o [1]
  .rodata            const     0x800'89c4    0x14  cmd_func.o [1]
  .rodata            const     0x800'89d8    0x14  cmd_func.o [1]
  .rodata            const     0x800'89ec    0x14  cmd_func.o [1]
  .rodata            const     0x800'8a00    0x14  main.o [1]
  .rodata            const     0x800'8a14    0x10  cmd.o [1]
  .rodata            const     0x800'8a24    0x10  cmd.o [1]
  .rodata            const     0x800'8a34    0x10  cmd_func.o [1]
  .rodata            const     0x800'8a44    0x10  cmd_func.o [1]
  .rodata            const     0x800'8a54    0x10  cmd_func.o [1]
  .rodata            const     0x800'8a64    0x10  cmd_func.o [1]
  .rodata            const     0x800'8a74    0x10  cmd_func.o [1]
  .rodata            const     0x800'8a84    0x10  cmd_func.o [1]
  .rodata            const     0x800'8a94    0x10  laser.o [1]
  .rodata            const     0x800'8aa4    0x10  laser.o [1]
  .rodata            const     0x800'8ab4    0x10  laser.o [1]
  .rodata            const     0x800'8ac4    0x10  laser.o [1]
  .rodata            const     0x800'8ad4    0x10  laser.o [1]
  .rodata            const     0x800'8ae4    0x10  system_stm32f4xx.o [1]
  .text              ro code   0x800'8af4    0x10  startup_stm32f407xx.o [1]
  .rodata            const     0x800'8b04     0xc  can_func.o [1]
  .rodata            const     0x800'8b10     0xc  cmd.o [1]
  .rodata            const     0x800'8b1c     0xc  cmd_func.o [1]
  .rodata            const     0x800'8b28     0xc  cmd_func.o [1]
  .rodata            const     0x800'8b34     0xc  cmd_func.o [1]
  .rodata            const     0x800'8b40     0xc  cmd_func.o [1]
  .rodata            const     0x800'8b4c     0xc  cmd_func.o [1]
  .rodata            const     0x800'8b58     0xc  hash.o [1]
  .rodata            const     0x800'8b64     0xc  laser.o [1]
  .rodata            const     0x800'8b70     0xc  point_parser.o [1]
  .text              ro code   0x800'8b7c     0xc  cstartup_M.o [4]
  .rodata            const     0x800'8b88     0x8  cmd.o [1]
  .rodata            const     0x800'8b90     0x8  cmd.o [1]
  .rodata            const     0x800'8b98     0x8  cmd.o [1]
  .rodata            const     0x800'8ba0     0x8  cmd_func.o [1]
  .rodata            const     0x800'8ba8     0x8  hash.o [1]
  .rodata            const     0x800'8bb0     0x8  laser.o [1]
  .rodata            const     0x800'8bb8     0x8  laser.o [1]
  .rodata            const     0x800'8bc0     0x8  stm32f4xx_hal_dma.o [1]
  .rodata            const     0x800'8bc8     0x8  system_stm32f4xx.o [1]
  .rodata            const     0x800'8bd0     0x8  vega.o [1]
  .rodata            const     0x800'8bd8     0x8  vega.o [1]
  .rodata            const     0x800'8be0     0x6  xlocale_c.o [2]
  .text              ro code   0x800'8be6     0x4  startup_stm32f407xx.o [1]
  .text              ro code   0x800'8bea     0x4  startup_stm32f407xx.o [1]
  .text              ro code   0x800'8bee     0x4  startup_stm32f407xx.o [1]
  .text              ro code   0x800'8bf2     0x4  startup_stm32f407xx.o [1]
  .text              ro code   0x800'8bf6     0x4  startup_stm32f407xx.o [1]
  .text              ro code   0x800'8bfa     0x4  startup_stm32f407xx.o [1]
  .text              ro code   0x800'8bfe     0x4  startup_stm32f407xx.o [1]
  .text              ro code   0x800'8c02     0x4  startup_stm32f407xx.o [1]
  .text              ro code   0x800'8c06     0x4  startup_stm32f407xx.o [1]
  .text              ro code   0x800'8c0a     0x4  startup_stm32f407xx.o [1]
  .text              ro code   0x800'8c0e     0x4  startup_stm32f407xx.o [1]
  .text              ro code   0x800'8c12     0x4  startup_stm32f407xx.o [1]
  .text              ro code   0x800'8c16     0x4  startup_stm32f407xx.o [1]
  .text              ro code   0x800'8c1a     0x4  startup_stm32f407xx.o [1]
  .text              ro code   0x800'8c1e     0x4  startup_stm32f407xx.o [1]
  .text              ro code   0x800'8c22     0x4  startup_stm32f407xx.o [1]
  .text              ro code   0x800'8c26     0x4  startup_stm32f407xx.o [1]
  .text              ro code   0x800'8c2a     0x4  startup_stm32f407xx.o [1]
  .text              ro code   0x800'8c2e     0x4  startup_stm32f407xx.o [1]
  .text              ro code   0x800'8c32     0x4  startup_stm32f407xx.o [1]
  .text              ro code   0x800'8c36     0x4  startup_stm32f407xx.o [1]
  .text              ro code   0x800'8c3a     0x4  startup_stm32f407xx.o [1]
  .text              ro code   0x800'8c3e     0x4  startup_stm32f407xx.o [1]
  .text              ro code   0x800'8c42     0x4  startup_stm32f407xx.o [1]
  .text              ro code   0x800'8c46     0x4  startup_stm32f407xx.o [1]
  .text              ro code   0x800'8c4a     0x4  startup_stm32f407xx.o [1]
  .text              ro code   0x800'8c4e     0x4  startup_stm32f407xx.o [1]
  .text              ro code   0x800'8c52     0x4  startup_stm32f407xx.o [1]
  .text              ro code   0x800'8c56     0x4  startup_stm32f407xx.o [1]
  .text              ro code   0x800'8c5a     0x4  startup_stm32f407xx.o [1]
  .text              ro code   0x800'8c5e     0x4  startup_stm32f407xx.o [1]
  .text              ro code   0x800'8c62     0x4  startup_stm32f407xx.o [1]
  .text              ro code   0x800'8c66     0x4  startup_stm32f407xx.o [1]
  .text              ro code   0x800'8c6a     0x4  startup_stm32f407xx.o [1]
  .text              ro code   0x800'8c6e     0x4  startup_stm32f407xx.o [1]
  .text              ro code   0x800'8c72     0x4  startup_stm32f407xx.o [1]
  .text              ro code   0x800'8c76     0x4  startup_stm32f407xx.o [1]
  .text              ro code   0x800'8c7a     0x4  startup_stm32f407xx.o [1]
  .text              ro code   0x800'8c7e     0x4  startup_stm32f407xx.o [1]
  .text              ro code   0x800'8c82     0x4  startup_stm32f407xx.o [1]
  .text              ro code   0x800'8c86     0x4  startup_stm32f407xx.o [1]
  .text              ro code   0x800'8c8a     0x4  startup_stm32f407xx.o [1]
  .text              ro code   0x800'8c8e     0x4  startup_stm32f407xx.o [1]
  .text              ro code   0x800'8c92     0x4  startup_stm32f407xx.o [1]
  .text              ro code   0x800'8c96     0x4  startup_stm32f407xx.o [1]
  .text              ro code   0x800'8c9a     0x4  startup_stm32f407xx.o [1]
  .text              ro code   0x800'8c9e     0x4  startup_stm32f407xx.o [1]
  .text              ro code   0x800'8ca2     0x4  startup_stm32f407xx.o [1]
  .text              ro code   0x800'8ca6     0x4  startup_stm32f407xx.o [1]
  .text              ro code   0x800'8caa     0x4  startup_stm32f407xx.o [1]
  .text              ro code   0x800'8cae     0x4  startup_stm32f407xx.o [1]
  .text              ro code   0x800'8cb2     0x4  startup_stm32f407xx.o [1]
  .text              ro code   0x800'8cb6     0x4  startup_stm32f407xx.o [1]
  .text              ro code   0x800'8cba     0x4  startup_stm32f407xx.o [1]
  .text              ro code   0x800'8cbe     0x4  startup_stm32f407xx.o [1]
  .text              ro code   0x800'8cc2     0x4  startup_stm32f407xx.o [1]
  .text              ro code   0x800'8cc6     0x4  startup_stm32f407xx.o [1]
  .text              ro code   0x800'8cca     0x4  startup_stm32f407xx.o [1]
  .text              ro code   0x800'8cce     0x4  startup_stm32f407xx.o [1]
  .text              ro code   0x800'8cd2     0x4  startup_stm32f407xx.o [1]
  .text              ro code   0x800'8cd6     0x4  startup_stm32f407xx.o [1]
  .text              ro code   0x800'8cda     0x4  startup_stm32f407xx.o [1]
  .text              ro code   0x800'8cde     0x4  startup_stm32f407xx.o [1]
  .text              ro code   0x800'8ce2     0x4  startup_stm32f407xx.o [1]
  .text              ro code   0x800'8ce6     0x4  startup_stm32f407xx.o [1]
  .text              ro code   0x800'8cea     0x4  startup_stm32f407xx.o [1]
  .text              ro code   0x800'8cee     0x4  startup_stm32f407xx.o [1]
  .rodata            const     0x800'8cf2     0x0  zero_init3.o [4]
  .rodata            const     0x800'8cf2     0x0  lz77_init_single.o [4]
  Initializer bytes  const     0x800'8cf2    0xe5  <for P2-1>
                             - 0x800'8dd7  0x8c4f

"P2", part 1 of 3:                          0x1ed
  P2-1                        0x2000'0000   0x1ed  <Init block>
    .data            inited   0x2000'0000     0x4  can_utils.o [1]
    .data            inited   0x2000'0004     0x4  cmd.o [1]
    .data            inited   0x2000'0008   0x150  point_parser.o [1]
    .data            inited   0x2000'0158     0x4  stm32f4xx_hal.o [1]
    .data            inited   0x2000'015c     0x4  system_stm32f4xx.o [1]
    .data            inited   0x2000'0160     0xc  vega.o [1]
    .data            inited   0x2000'016c    0x38  xlocale_c.o [2]
    .data            inited   0x2000'01a4    0x48  xlocale_c.o [2]
    .data            inited   0x2000'01ec     0x1  stm32f4xx_hal.o [1]
                            - 0x2000'01ed   0x1ed

"P2", part 2 of 3:                         0xd934
  .bss               zero     0x2000'01f0   0xfa0  point.o [1]
  .bss               zero     0x2000'1190   0xfa0  point.o [1]
  .bss               zero     0x2000'2130   0xfa0  point.o [1]
  .bss               zero     0x2000'30d0   0xfa0  point.o [1]
  .bss               zero     0x2000'4070   0xfa0  point.o [1]
  .bss               zero     0x2000'5010   0xfa0  point.o [1]
  .bss               zero     0x2000'5fb0   0xfa0  point.o [1]
  .bss               zero     0x2000'6f50   0xfa0  point.o [1]
  .bss               zero     0x2000'7ef0   0xfa0  point.o [1]
  .bss               zero     0x2000'8e90   0xfa0  point.o [1]
  .bss               zero     0x2000'9e30   0xfa0  point.o [1]
  .bss               zero     0x2000'add0   0xfa0  point.o [1]
  .bss               zero     0x2000'bd70   0xfa0  point.o [1]
  .bss               zero     0x2000'cd10   0x1d8  dlmalloc.o [2]
  .bss               zero     0x2000'cee8   0x190  lcd.o [1]
  .bss               zero     0x2000'd078    0x78  laser.o [1]
  .bss               zero     0x2000'd0f0    0x68  cmd.o [1]
  .bss               zero     0x2000'd158    0x64  cmd.o [1]
  .bss               zero     0x2000'd1bc    0x64  cmd.o [1]
  .bss               zero     0x2000'd220    0x64  cmd.o [1]
  .bss               zero     0x2000'd284    0x64  cmd.o [1]
  .bss               zero     0x2000'd2e8    0x60  adc.o [1]
  .bss               zero     0x2000'd348    0x60  usart.o [1]
  .bss               zero     0x2000'd3a8    0x60  usart.o [1]
  .bss               zero     0x2000'd408    0x60  usart.o [1]
  .bss               zero     0x2000'd468    0x60  usart.o [1]
  .bss               zero     0x2000'd4c8    0x60  usart.o [1]
  .bss               zero     0x2000'd528    0x60  usart.o [1]
  .bss               zero     0x2000'd588    0x60  usart.o [1]
  .bss               zero     0x2000'd5e8    0x60  usart.o [1]
  .bss               zero     0x2000'd648    0x58  chassis.o [1]
  .bss               zero     0x2000'd6a0    0x48  adc.o [1]
  .bss               zero     0x2000'd6e8    0x48  laser.o [1]
  .bss               zero     0x2000'd730    0x48  laser.o [1]
  .bss               zero     0x2000'd778    0x48  laser.o [1]
  .bss               zero     0x2000'd7c0    0x40  cmd.o [1]
  .bss               zero     0x2000'd800    0x40  usart.o [1]
  .bss               zero     0x2000'd840    0x40  usart.o [1]
  .bss               zero     0x2000'd880    0x40  usart.o [1]
  .bss               zero     0x2000'd8c0    0x40  usart.o [1]
  .bss               zero     0x2000'd900    0x40  usart.o [1]
  .bss               zero     0x2000'd940    0x40  usart.o [1]
  .bss               zero     0x2000'd980    0x30  cmd.o [1]
  .bss               zero     0x2000'd9b0    0x28  can.o [1]
  .bss               zero     0x2000'd9d8    0x28  can_utils.o [1]
  .bss               zero     0x2000'da00    0x20  chassis.o [1]
  .bss               zero     0x2000'da20    0x1c  can_utils.o [1]
  .bss               zero     0x2000'da3c    0x1c  main.o [1]
  .bss               zero     0x2000'da58    0x18  can_utils.o [1]
  .bss               zero     0x2000'da70    0x18  cmd.o [1]
  .bss               zero     0x2000'da88    0x18  dlmalloc.o [2]
  .bss               zero     0x2000'daa0    0x10  configure.o [1]
  .bss               zero     0x2000'dab0    0x10  configure.o [1]
  .bss               zero     0x2000'dac0     0x8  can_utils.o [1]
  .bss               zero     0x2000'dac8     0x8  can_utils.o [1]
  .bss               zero     0x2000'dad0     0x4  can_utils.o [1]
  .bss               zero     0x2000'dad4     0x4  can_utils.o [1]
  .bss               zero     0x2000'dad8     0x4  can_utils.o [1]
  .bss               zero     0x2000'dadc     0x4  can_utils.o [1]
  .bss               zero     0x2000'dae0     0x4  cmd.o [1]
  .bss               zero     0x2000'dae4     0x4  cmd.o [1]
  .bss               zero     0x2000'dae8     0x4  cmd.o [1]
  .bss               zero     0x2000'daec     0x4  flags.o [1]
  .bss               zero     0x2000'daf0     0x4  flags.o [1]
  .bss               zero     0x2000'daf4     0x4  lcd.o [1]
  .bss               zero     0x2000'daf8     0x4  lcd.o [1]
  .bss               zero     0x2000'dafc     0x4  main.o [1]
  .bss               zero     0x2000'db00     0x4  sensor_gpio.o [1]
  .bss               zero     0x2000'db04     0x4  sensor_gpio.o [1]
  .bss               zero     0x2000'db08     0x4  sensor_gpio.o [1]
  .bss               zero     0x2000'db0c     0x4  sensor_gpio.o [1]
  .bss               zero     0x2000'db10     0x4  stm32f4xx_hal.o [1]
  .bss               zero     0x2000'db14     0x4  strtok.o [2]
  .bss               zero     0x2000'db18     0x4  xfail_s.o [2]
  .bss               zero     0x2000'db1c     0x4  xgetmemchunk.o [2]
  .bss               zero     0x2000'db20     0x2  main.o [1]
                            - 0x2000'db22  0xd932

"P2", part 3 of 3:                         0x1a00
  CSTACK                      0x2000'db28  0x1200  <Block>
    CSTACK           uninit   0x2000'db28  0x1200  <Block tail>
  HEAP                        0x2000'ed28   0x800  <Block>
    HEAP             uninit   0x2000'ed28   0x800  <Block tail>
                            - 0x2000'f528  0x1a00

Unused ranges:

         From           To      Size
         ----           --      ----
   0x800'8dd7   0x80f'ffff  0xf'7229
  0x2000'01ed  0x2000'01ef       0x3
  0x2000'db24  0x2000'db27       0x4
  0x2000'f528  0x2001'ffff  0x1'0ad8


*******************************************************************************
*** INIT TABLE
***

          Address      Size
          -------      ----
Zero (__iar_zero_init3)
    1 destination range, total size 0xd932:
          0x2000'01f0  0xd932

Copy/lz77 (__iar_lz77_init_single3)
    1 source range, total size 0xe5 (46% of destination):
           0x800'8cf2    0xe5
    1 destination range, total size 0x1ed:
          0x2000'0000   0x1ed



*******************************************************************************
*** MODULE SUMMARY
***

    Module                  ro code  ro data  rw data
    ------                  -------  -------  -------
command line/config:
    -------------------------------------------------
    Total:

E:\Robocon_Value\Chassis\EWARM\Chassis\Obj: [1]
    adc.o                       304               168
    can.o                       212                40
    can_func.o                   32       12
    can_utils.o                 522       33      128
    chassis.o                   156               120
    cmd.o                     1 092       70      656
    cmd_func.o                  824      540
    configure.o                  52                32
    dma.o                       200
    flags.o                                         8
    gpio.o                      360
    hash.o                      548      100
    laser.o                     420      156      336
    lcd.o                       312       28      408
    main.o                      542       20       34
    point.o                                    52 000
    point_parser.o              156      168      336
    sensor_gpio.o               156                16
    simplelib.o                  92       24
    startup_stm32f407xx.o       676
    stm32f4xx_hal.o             164        3        9
    stm32f4xx_hal_adc.o       1 396
    stm32f4xx_hal_can.o       2 034
    stm32f4xx_hal_cortex.o      344
    stm32f4xx_hal_dma.o       1 360        8
    stm32f4xx_hal_gpio.o        668
    stm32f4xx_hal_msp.o          64
    stm32f4xx_hal_rcc.o       1 444
    stm32f4xx_hal_uart.o      2 626
    stm32f4xx_it.o              292
    system_stm32f4xx.o           96       26        4
    usart.o                   1 660             1 152
    vega.o                      336      178       12
    -------------------------------------------------
    Total:                   19 140    1 366   55 459

dl7M_tlf.a: [2]
    abort.o                       6
    dlmalloc.o                3 968               496
    exit.o                        4
    iar_Stoflt.o                452
    iar_Stopfx.o                290
    iar_Stoulx.o                372
    iar_Stoxflt.o               540
    isalpha.o                    20
    isspace.o                    20
    low_level_init.o              4
    strcspn.o                    34
    strspn.o                     34
    strtok.o                     76                 4
    tolower.o                    20
    vsnprint.o                   60
    xencoding_8859_1.o           30
    xfail_s.o                    64                 4
    xgetmemchunk.o               44                 4
    xlocale_c.o                 180       65      128
    xmbcurmax.o                  10
    xprintffull.o             3 962
    xsnprout.o                   26
    -------------------------------------------------
    Total:                   10 216       65      636

m7M_tls.a: [3]
    DblAdd.o                    378
    DblCmpGe.o                   46
    DblCmpLe.o                   46
    DblDiv.o                    582
    DblMul.o                    418
    DblSub.o                    226
    DblToFlt.o                  104
    DblToS32.o                   58
    DblToU32.o                   40
    FltToDbl.o                   72
    S32ToDbl.o                   34
    U32ToDbl.o                   26
    fpinit_M.o                   34
    frexp.o                     112
    ldexp.o                     314
    math_wrappers64.o            14
    strto64.o                 1 408
    -------------------------------------------------
    Total:                    3 912

rt7M_tl.a: [4]
    ABImemclr4.o                  6
    ABImemcpy.o                 166
    ABImemset.o                 102
    ABImemset48.o                50
    I64DivMod.o                 560
    I64DivZer.o                   2
    cexit.o                      10
    cmain.o                      30
    cstartup_M.o                 12
    data_init.o                  40
    lz77_init_single.o          122
    memchr.o                     88
    strchr.o                     22
    strcmp.o                     74
    strcpy.o                     76
    strlen.o                     54
    zero_init3.o                 58
    -------------------------------------------------
    Total:                    1 472

shb_l.a: [5]
    ABIassert.o                  36
    exit.o                       20
    -------------------------------------------------
    Total:                       56

    Gaps                         48        4
    Linker created                        32    6 656
-----------------------------------------------------
    Grand Total:             34 844    1 467   62 751


*******************************************************************************
*** ENTRY LIST
***

Entry                       Address   Size  Type      Object
-----                       -------   ----  ----      ------
.iar.init_table$$Base    0x800'8758          --   Gb  - Linker created -
.iar.init_table$$Limit   0x800'8778          --   Gb  - Linker created -
?main                    0x800'87f9         Code  Gb  cmain.o [4]
ADC_DMAConvCplt          0x800'63e5   0x7a  Code  Lc  stm32f4xx_hal_adc.o [1]
ADC_DMAError             0x800'6471   0x1a  Code  Lc  stm32f4xx_hal_adc.o [1]
ADC_DMAHalfConvCplt      0x800'6461    0xe  Code  Lc  stm32f4xx_hal_adc.o [1]
ADC_Init                 0x800'6263  0x15a  Code  Lc  stm32f4xx_hal_adc.o [1]
AHBPrescTable            0x800'8ae4   0x10  Data  Gb  system_stm32f4xx.o [1]
APBPrescTable            0x800'8bc8    0x8  Data  Gb  system_stm32f4xx.o [1]
BusFault_Handler         0x800'851f    0x2  Code  Gb  stm32f4xx_it.o [1]
CAN1_RX0_IRQHandler      0x800'8567    0xa  Code  Gb  stm32f4xx_it.o [1]
CAN_config               0x800'7085   0x52  Code  Lc  can_utils.o [1]
CMD_USART               0x2000'd7c0   0x40  Data  Gb  cmd.o [1]
CSTACK$$Base            0x2000'db28          --   Gb  - Linker created -
CSTACK$$Limit           0x2000'ed28          --   Gb  - Linker created -
CacheMore                0x800'21bd   0x24  Code  Lc  xlocale_c.o [2]
DMA1_Stream0_IRQHandler
                         0x800'8535    0xa  Code  Gb  stm32f4xx_it.o [1]
DMA1_Stream1_IRQHandler
                         0x800'853f    0xa  Code  Gb  stm32f4xx_it.o [1]
DMA1_Stream3_IRQHandler
                         0x800'8549    0xa  Code  Gb  stm32f4xx_it.o [1]
DMA1_Stream5_IRQHandler
                         0x800'8553    0xa  Code  Gb  stm32f4xx_it.o [1]
DMA1_Stream6_IRQHandler
                         0x800'855d    0xa  Code  Gb  stm32f4xx_it.o [1]
DMA1_Stream7_IRQHandler
                         0x800'85bf    0xa  Code  Gb  stm32f4xx_it.o [1]
DMA2_Stream0_IRQHandler
                         0x800'85e1    0xa  Code  Gb  stm32f4xx_it.o [1]
DMA2_Stream2_IRQHandler
                         0x800'85eb    0xa  Code  Gb  stm32f4xx_it.o [1]
DMA2_Stream7_IRQHandler
                         0x800'85f5    0xa  Code  Gb  stm32f4xx_it.o [1]
DMAUSART_RX_BUF         0x2000'd1bc   0x64  Data  Gb  cmd.o [1]
DMAUSART_RX_BUF_vega    0x2000'd220   0x64  Data  Gb  cmd.o [1]
DMA_CalcBaseAndBitshift
                         0x800'4465   0x30  Code  Lc  stm32f4xx_hal_dma.o [1]
DMA_CalcBaseAndBitshift::flagBitshiftOffset
                         0x800'8bc0    0x8  Data  Lc  stm32f4xx_hal_dma.o [1]
DMA_CheckFifoParam       0x800'44a5   0x9c  Code  Lc  stm32f4xx_hal_dma.o [1]
DMA_RxOK_Flag           0x2000'daf0    0x4  Data  Gb  flags.o [1]
DMA_RxOK_Flag_vega      0x2000'dae8    0x4  Data  Gb  cmd.o [1]
DMA_SetConfig            0x800'4437   0x2e  Code  Lc  stm32f4xx_hal_dma.o [1]
DMAaRxBuffer            0x2000'd158   0x64  Data  Gb  cmd.o [1]
DMAaRxBuffer_vega       0x2000'd284   0x64  Data  Gb  cmd.o [1]
DebugMon_Handler         0x800'8525    0x2  Code  Gb  stm32f4xx_it.o [1]
Dtentox                  0x800'7bfd  0x192  Code  Lc  strto64.o [3]
Error_Handler            0x800'498d    0x2  Code  Gb  main.o [1]
HAL_ADC_ConfigChannel    0x800'60e7  0x17c  Code  Gb  stm32f4xx_hal_adc.o [1]
HAL_ADC_Init             0x800'5f1d   0x66  Code  Gb  stm32f4xx_hal_adc.o [1]
HAL_ADC_MspInit          0x800'50ab   0xa2  Code  Gb  adc.o [1]
HAL_ADC_Start_DMA        0x800'5f83  0x164  Code  Gb  stm32f4xx_hal_adc.o [1]
HAL_CAN_ActivateNotification
                         0x800'6a11   0x34  Code  Gb  stm32f4xx_hal_can.o [1]
HAL_CAN_AddTxMessage     0x800'6781  0x138  Code  Gb  stm32f4xx_hal_can.o [1]
HAL_CAN_ConfigFilter     0x800'65f9  0x128  Code  Gb  stm32f4xx_hal_can.o [1]
HAL_CAN_GetRxMessage     0x800'68b9  0x158  Code  Gb  stm32f4xx_hal_can.o [1]
HAL_CAN_IRQHandler       0x800'6a45  0x224  Code  Gb  stm32f4xx_hal_can.o [1]
HAL_CAN_Init             0x800'648d  0x16c  Code  Gb  stm32f4xx_hal_can.o [1]
HAL_CAN_MspInit          0x800'51b3   0x78  Code  Gb  can.o [1]
HAL_CAN_RxFifo0FullCallback
                         0x800'7083    0x2  Code  Gb  can_utils.o [1]
HAL_CAN_RxFifo0MsgPendingCallback
                         0x800'701b   0x3a  Code  Gb  can_utils.o [1]
HAL_CAN_Start            0x800'6721   0x5c  Code  Gb  stm32f4xx_hal_can.o [1]
HAL_DMA_Abort            0x800'416b   0x9c  Code  Gb  stm32f4xx_hal_dma.o [1]
HAL_DMA_Abort_IT         0x800'4207   0x28  Code  Gb  stm32f4xx_hal_dma.o [1]
HAL_DMA_IRQHandler       0x800'422f  0x208  Code  Gb  stm32f4xx_hal_dma.o [1]
HAL_DMA_Init             0x800'3ff1   0xe2  Code  Gb  stm32f4xx_hal_dma.o [1]
HAL_DMA_Start_IT         0x800'40d3   0x98  Code  Gb  stm32f4xx_hal_dma.o [1]
HAL_GPIO_Init            0x800'4999  0x210  Code  Gb  stm32f4xx_hal_gpio.o [1]
HAL_GPIO_ReadPin         0x800'4ba9   0x16  Code  Gb  stm32f4xx_hal_gpio.o [1]
HAL_GPIO_TogglePin       0x800'4bd9   0x22  Code  Gb  stm32f4xx_hal_gpio.o [1]
HAL_GPIO_WritePin        0x800'4bbf   0x1a  Code  Gb  stm32f4xx_hal_gpio.o [1]
HAL_GetTick              0x800'3fe5    0xc  Code  Wk  stm32f4xx_hal.o [1]
HAL_IncTick              0x800'863d   0x18  Code  Wk  stm32f4xx_hal.o [1]
HAL_Init                 0x800'4dd9   0x30  Code  Gb  stm32f4xx_hal.o [1]
HAL_InitTick             0x800'4d8d   0x4c  Code  Wk  stm32f4xx_hal.o [1]
HAL_MspInit              0x800'5edd   0x40  Code  Gb  stm32f4xx_hal_msp.o [1]
HAL_NVIC_EnableIRQ       0x800'4d53    0xe  Code  Gb  stm32f4xx_hal_cortex.o [1]
HAL_NVIC_SetPriority     0x800'4d29   0x2a  Code  Gb  stm32f4xx_hal_cortex.o [1]
HAL_NVIC_SetPriorityGrouping
                         0x800'4d1d    0xc  Code  Gb  stm32f4xx_hal_cortex.o [1]
HAL_RCC_ClockConfig      0x800'454d  0x13e  Code  Gb  stm32f4xx_hal_rcc.o [1]
HAL_RCC_GetHCLKFreq      0x800'468b    0x6  Code  Gb  stm32f4xx_hal_rcc.o [1]
HAL_RCC_GetPCLK1Freq     0x800'4691   0x16  Code  Gb  stm32f4xx_hal_rcc.o [1]
HAL_RCC_GetPCLK2Freq     0x800'46a7   0x16  Code  Gb  stm32f4xx_hal_rcc.o [1]
HAL_RCC_OscConfig        0x800'56e5  0x380  Code  Wk  stm32f4xx_hal_rcc.o [1]
HAL_SYSTICK_Config       0x800'4d61    0xc  Code  Gb  stm32f4xx_hal_cortex.o [1]
HAL_UART_DMAStop         0x800'31d3   0x72  Code  Gb  stm32f4xx_hal_uart.o [1]
HAL_UART_IDLECallback    0x800'5b1d   0xf8  Code  Gb  cmd.o [1]
HAL_UART_IRQHandler      0x800'3245  0x14a  Code  Gb  stm32f4xx_hal_uart.o [1]
HAL_UART_Init            0x800'2f31   0x76  Code  Gb  stm32f4xx_hal_uart.o [1]
HAL_UART_MspInit         0x800'3ab9  0x4a0  Code  Gb  usart.o [1]
HAL_UART_Receive_DMA     0x800'311d   0xb6  Code  Gb  stm32f4xx_hal_uart.o [1]
HAL_UART_Transmit        0x800'2fa7   0xe0  Code  Gb  stm32f4xx_hal_uart.o [1]
HAL_UART_Transmit_DMA    0x800'3087   0x96  Code  Gb  stm32f4xx_hal_uart.o [1]
HCAN                    0x2000'd9d8   0x28  Data  Gb  can_utils.o [1]
HEAP$$Base              0x2000'ed28          --   Gb  - Linker created -
HEAP$$Limit             0x2000'f528          --   Gb  - Linker created -
HardFault_Handler        0x800'851b    0x2  Code  Gb  stm32f4xx_it.o [1]
HashTable_create         0x800'7337   0x5c  Code  Gb  hash.o [1]
HashTable_get            0x800'742d   0x60  Code  Gb  hash.o [1]
HashTable_insert         0x800'7393   0x9a  Code  Gb  hash.o [1]
HashTable_map            0x800'748d   0x74  Code  Gb  hash.o [1]
LoadInt                  0x800'138b   0x7a  Code  Lc  xprintffull.o [2]
MX_ADC1_Init             0x800'503d   0x6e  Code  Gb  adc.o [1]
MX_CAN1_Init             0x800'516d   0x46  Code  Gb  can.o [1]
MX_DMA_Init              0x800'4f75   0xc8  Code  Gb  dma.o [1]
MX_GPIO_Init             0x800'4e0d  0x168  Code  Gb  gpio.o [1]
MX_UART4_Init            0x800'3969   0x38  Code  Gb  usart.o [1]
MX_UART5_Init            0x800'39a1   0x38  Code  Gb  usart.o [1]
MX_USART1_UART_Init      0x800'39d9   0x38  Code  Gb  usart.o [1]
MX_USART2_UART_Init      0x800'3a11   0x38  Code  Gb  usart.o [1]
MX_USART3_UART_Init      0x800'3a49   0x38  Code  Gb  usart.o [1]
MX_USART6_UART_Init      0x800'3a81   0x38  Code  Gb  usart.o [1]
MemManage_Handler        0x800'851d    0x2  Code  Gb  stm32f4xx_it.o [1]
NMI_Handler              0x800'8519    0x2  Code  Gb  stm32f4xx_it.o [1]
NVIC_EncodePriority      0x800'4cad   0x40  Code  Lc  stm32f4xx_hal_cortex.o [1]
PendSV_Handler           0x800'8527    0x2  Code  Gb  stm32f4xx_it.o [1]
Region$$Table$$Base      0x800'8758          --   Gb  - Linker created -
Region$$Table$$Limit     0x800'8778          --   Gb  - Linker created -
RxHeader                0x2000'da20   0x1c  Data  Gb  can_utils.o [1]
SVC_Handler              0x800'8523    0x2  Code  Gb  stm32f4xx_it.o [1]
SysTick_Config           0x800'4ced   0x30  Code  Lc  stm32f4xx_hal_cortex.o [1]
SysTick_Handler          0x800'8529    0xc  Code  Gb  stm32f4xx_it.o [1]
SystemClock_Config       0x800'47d3   0xa2  Code  Gb  main.o [1]
SystemCoreClock         0x2000'015c    0x4  Data  Gb  system_stm32f4xx.o [1]
SystemInit               0x800'8655   0x40  Code  Gb  system_stm32f4xx.o [1]
TxHeader                0x2000'da58   0x18  Data  Gb  can_utils.o [1]
TxMailbox               0x2000'dad4    0x4  Data  Gb  can_utils.o [1]
UART5_IRQHandler         0x800'85c9   0x18  Code  Gb  stm32f4xx_it.o [1]
UART_DMAAbortOnError     0x800'3525   0x16  Code  Lc  stm32f4xx_hal_uart.o [1]
UART_DMAError            0x800'3429   0x58  Code  Lc  stm32f4xx_hal_uart.o [1]
UART_DMAReceiveCplt      0x800'33d5   0x44  Code  Lc  stm32f4xx_hal_uart.o [1]
UART_DMARxHalfCplt       0x800'3419    0xe  Code  Lc  stm32f4xx_hal_uart.o [1]
UART_DMATransmitCplt     0x800'3391   0x34  Code  Lc  stm32f4xx_hal_uart.o [1]
UART_DMATxHalfCplt       0x800'33c5    0xe  Code  Lc  stm32f4xx_hal_uart.o [1]
UART_EndRxTransfer       0x800'3503   0x20  Code  Lc  stm32f4xx_hal_uart.o [1]
UART_EndTransmit_IT      0x800'35ab   0x20  Code  Lc  stm32f4xx_hal_uart.o [1]
UART_EndTxTransfer       0x800'34ef   0x14  Code  Lc  stm32f4xx_hal_uart.o [1]
UART_Receive_IT          0x800'35cb   0xae  Code  Lc  stm32f4xx_hal_uart.o [1]
UART_SetConfig           0x800'3679  0x2e2  Code  Lc  stm32f4xx_hal_uart.o [1]
UART_Transmit_IT         0x800'353d   0x6e  Code  Lc  stm32f4xx_hal_uart.o [1]
UART_WaitOnFlagUntilTimeout
                         0x800'3481   0x6e  Code  Lc  stm32f4xx_hal_uart.o [1]
USART1_IRQHandler        0x800'8571   0x1a  Code  Gb  stm32f4xx_it.o [1]
USART2_IRQHandler        0x800'858b   0x1a  Code  Gb  stm32f4xx_it.o [1]
USART3_IRQHandler        0x800'85a5   0x1a  Code  Gb  stm32f4xx_it.o [1]
UsageFault_Handler       0x800'8521    0x2  Code  Gb  stm32f4xx_it.o [1]
_Encoding_8859_1_Mbrlen
                         0x800'2259    0x2  Code  Gb  xencoding_8859_1.o [2]
_Encoding_8859_1_Wctomb
                         0x800'2247   0x12  Code  Gb  xencoding_8859_1.o [2]
_GenldFull               0x800'1e1d  0x274  Code  Lc  xprintffull.o [2]
_LdtobFull               0x800'19f1  0x400  Code  Lc  xprintffull.o [2]
_LitobFull               0x800'1899  0x112  Code  Lc  xprintffull.o [2]
_LocaleC_isalpha         0x800'2183    0xc  Code  Gb  xlocale_c.o [2]
_LocaleC_islower         0x800'217d    0x4  Code  Gb  xlocale_c.o [2]
_LocaleC_isspace         0x800'2199   0x14  Code  Gb  xlocale_c.o [2]
_LocaleC_isupper         0x800'2181    0x2  Code  Gb  xlocale_c.o [2]
_LocaleC_tolower         0x800'21ad    0xc  Code  Gb  xlocale_c.o [2]
_Locale_lconv           0x2000'016c   0x38  Data  Lc  xlocale_c.o [2]
_PrintfFull              0x800'11c9  0x1aa  Code  Gb  xprintffull.o [2]
_PutcharsFull            0x800'2091   0x2e  Code  Lc  xprintffull.o [2]
_PutfldFull              0x800'1405  0x2d8  Code  Lc  xprintffull.o [2]
_PutstrFull              0x800'17d3   0xc6  Code  Lc  xprintffull.o [2]
_PuttxtFull              0x800'16dd   0xf6  Code  Lc  xprintffull.o [2]
_SNProut                 0x800'22db   0x1a  Code  Gb  xsnprout.o [2]
_Strtok_ssave           0x2000'db14    0x4  Data  Lc  strtok.o [2]
__NVIC_EnableIRQ         0x800'4c63   0x1e  Code  Lc  stm32f4xx_hal_cortex.o [1]
__NVIC_GetPriorityGrouping
                         0x800'4c57    0xc  Code  Lc  stm32f4xx_hal_cortex.o [1]
__NVIC_SetPriority       0x800'4c81   0x2c  Code  Lc  stm32f4xx_hal_cortex.o [1]
__NVIC_SetPriorityGrouping
                         0x800'4c35   0x22  Code  Lc  stm32f4xx_hal_cortex.o [1]
__aeabi_assert           0x800'79b5   0x24  Code  Gb  ABIassert.o [5]
__aeabi_cdcmple          0x800'2845         Code  Gb  DblCmpLe.o [3]
__aeabi_cdrcmple         0x800'2875         Code  Gb  DblCmpGe.o [3]
__aeabi_d2f              0x800'77d9         Code  Gb  DblToFlt.o [3]
__aeabi_d2iz             0x800'29e1         Code  Gb  DblToS32.o [3]
__aeabi_d2uiz            0x800'2d6d         Code  Gb  DblToU32.o [3]
__aeabi_dadd             0x800'2db5         Code  Gb  DblAdd.o [3]
__aeabi_ddiv             0x800'2b25         Code  Gb  DblDiv.o [3]
__aeabi_dmul             0x800'2631         Code  Gb  DblMul.o [3]
__aeabi_dsub             0x800'2a41         Code  Gb  DblSub.o [3]
__aeabi_f2d              0x800'7269         Code  Gb  FltToDbl.o [3]
__aeabi_i2d              0x800'2a1d         Code  Gb  S32ToDbl.o [3]
__aeabi_ldiv0            0x800'2db1         Code  Gb  I64DivZer.o [4]
__aeabi_memclr4          0x800'4991         Code  Gb  ABImemclr4.o [4]
__aeabi_memcpy           0x800'2359         Code  Gb  ABImemcpy.o [4]
__aeabi_memcpy4          0x800'2379         Code  Gb  ABImemcpy.o [4]
__aeabi_memcpy8          0x800'2379         Code  Gb  ABImemcpy.o [4]
__aeabi_memset           0x800'7521         Code  Gb  ABImemset.o [4]
__aeabi_ui2d             0x800'2d95         Code  Gb  U32ToDbl.o [3]
__aeabi_uldivmod         0x800'2401         Code  Gb  I64DivMod.o [4]
__cmain                  0x800'87f9         Code  Gb  cmain.o [4]
__data_GetMemChunk       0x800'1189   0x2c  Code  Gb  xgetmemchunk.o [2]
__data_GetMemChunk::start
                        0x2000'db1c    0x4  Data  Lc  xgetmemchunk.o [2]
__exit                   0x800'11b5   0x14  Code  Gb  exit.o [5]
__iar_Fail_s             0x800'2265   0x1c  Code  Gb  xfail_s.o [2]
__iar_Mbcurmax           0x800'234d    0xa  Code  Gb  xmbcurmax.o [2]
__iar_Memchr             0x800'22f5         Code  Gb  memchr.o [4]
__iar_Memset             0x800'7521         Code  Gb  ABImemset.o [4]
__iar_Memset4_word       0x800'5ea9         Code  Gb  ABImemset48.o [4]
__iar_Memset8_word       0x800'5ea9         Code  Gb  ABImemset48.o [4]
__iar_Memset_word        0x800'7529         Code  Gb  ABImemset.o [4]
__iar_Sto64              0x800'7da1  0x19e  Code  Gb  strto64.o [3]
__iar_Stoflt             0x800'8125  0x1c4  Code  Gb  iar_Stoflt.o [2]
__iar_Stopfx             0x800'8001  0x122  Code  Gb  iar_Stopfx.o [2]
__iar_Stoulx             0x800'7841  0x112  Code  Gb  iar_Stoulx.o [2]
__iar_Stoxflt            0x800'82e9  0x1e6  Code  Gb  iar_Stoxflt.o [2]
__iar_Stoxflt::digits    0x800'84d4   0x18  Data  Lc  iar_Stoxflt.o [2]
__iar_Stoxflt::vals      0x800'84ec   0x18  Data  Lc  iar_Stoxflt.o [2]
__iar_Strchr             0x800'2231         Code  Gb  strchr.o [4]
__iar_dadd               0x800'2a51         Code  Gb  DblSub.o [3]
__iar_data_init3         0x800'870d   0x28  Code  Gb  data_init.o [4]
__iar_dlmalloc           0x800'0e4d  0x2b6  Code  Gb  dlmalloc.o [2]
__iar_dsub               0x800'2dc5         Code  Gb  DblAdd.o [3]
__iar_dsubStart          0x800'2dd7         Code  Gb  DblAdd.o [3]
__iar_frexp              0x800'27e1         Code  Gb  frexp.o [3]
__iar_frexpl             0x800'27e1         Code  Gb  frexp.o [3]
__iar_globLocale        0x2000'01a4   0x48  Data  Lc  xlocale_c.o [2]
__iar_global_Locale      0x800'21b9    0x4  Code  Gb  xlocale_c.o [2]
__iar_init_vfp           0x800'8735         Code  Gb  fpinit_M.o [3]
__iar_ldexp64            0x800'28a5         Code  Gb  ldexp.o [3]
__iar_lz77_init_single3
                         0x800'110f   0x7a  Code  Gb  lz77_init_single.o [4]
__iar_program_start      0x800'8b7d         Code  Gb  cstartup_M.o [4]
__iar_scalbln64          0x800'28a5         Code  Gb  ldexp.o [3]
__iar_scalbn64           0x800'28a5         Code  Gb  ldexp.o [3]
__iar_softfp___iar_frexp64
                         0x800'27d5         Code  Gb  frexp.o [3]
__iar_softfp_frexp       0x800'27d5         Code  Gb  frexp.o [3]
__iar_softfp_frexpl      0x800'27d5         Code  Gb  frexp.o [3]
__iar_vfp_atof           0x800'77cf    0x8  Code  Gb  math_wrappers64.o [3]
__iar_zero_init3         0x800'2143   0x3a  Code  Gb  zero_init3.o [4]
__low_level_init         0x800'8817    0x4  Code  Gb  low_level_init.o [2]
__vector_table           0x800'0000         Data  Gb  startup_stm32f407xx.o [1]
_call_main               0x800'8805         Code  Gb  cmain.o [4]
_cmd_help                0x800'5d85   0x18  Code  Lc  cmd.o [1]
_exit                    0x800'8821         Code  Gb  cexit.o [4]
_gLocale_mblen           0x800'221d    0x4  Code  Gb  xlocale_c.o [2]
_gLocale_mblenInt        0x800'21e1   0x2c  Code  Gb  xlocale_c.o [2]
_gLocale_wctomb          0x800'2221    0x4  Code  Gb  xlocale_c.o [2]
_gLocale_wctombInt       0x800'2219    0x4  Code  Gb  xlocale_c.o [2]
_gm_                    0x2000'cd10  0x1d8  Data  Lc  dlmalloc.o [2]
_main                    0x800'8813         Code  Gb  cmain.o [4]
abort                    0x800'1109    0x6  Code  Gb  abort.o [2]
add_segment              0x800'0551  0x1f2  Code  Lc  dlmalloc.o [2]
atof                     0x800'7f85    0x8  Code  Gb  strto64.o [3]
atoi                     0x800'7959    0x2  Code  Gb  iar_Stoulx.o [2]
buffer_count            0x2000'dae4    0x4  Data  Gb  cmd.o [1]
can_callback_add         0x800'6fd5   0x1e  Code  Gb  can_utils.o [1]
can_callback_table      0x2000'dadc    0x4  Data  Lc  can_utils.o [1]
can_exc_callback         0x800'6ff3   0x28  Code  Gb  can_utils.o [1]
can_exc_callback_flag   0x2000'daec    0x4  Data  Gb  flags.o [1]
can_func_init            0x800'71ad    0xe  Code  Gb  can_func.o [1]
can_id_init              0x800'529d   0x34  Code  Gb  configure.o [1]
can_init                 0x800'6fa1   0x34  Code  Gb  can_utils.o [1]
can_rx_callback_flag    0x2000'dad0    0x4  Data  Gb  can_utils.o [1]
can_rx_data             0x2000'dac0    0x8  Data  Gb  can_utils.o [1]
can_send_msg             0x800'7055   0x2e  Code  Gb  can_utils.o [1]
can_std_mask_filter_conf
                         0x800'7109   0x8a  Code  Gb  can_utils.o [1]
can_suc_rx               0x800'71bd    0xc  Code  Gb  can_func.o [1]
chassis                 0x2000'd648   0x58  Data  Gb  chassis.o [1]
chassis_init             0x800'5341   0x1c  Code  Gb  chassis.o [1]
chassis_init_pos         0x800'52fb   0x46  Code  Gb  chassis.o [1]
chassis_init_status      0x800'52d1   0x2a  Code  Gb  chassis.o [1]
chassis_status          0x2000'da00   0x20  Data  Gb  chassis.o [1]
clock                   0x2000'db20    0x2  Data  Gb  main.o [1]
clock_exe                0x800'492f   0x36  Code  Gb  main.o [1]
cmd_add                  0x800'5ca9   0x54  Code  Gb  cmd.o [1]
cmd_argv                0x2000'd980   0x30  Data  Gb  cmd.o [1]
cmd_exec                 0x800'5c5d   0x2c  Code  Gb  cmd.o [1]
cmd_func_init            0x800'6e55   0x96  Code  Gb  cmd_func.o [1]
cmd_gpio_cylinder        0x800'6e11   0x20  Code  Gb  cmd_func.o [1]
cmd_gpio_infrared        0x800'6e43   0x12  Code  Gb  cmd_func.o [1]
cmd_gpio_key             0x800'6e31   0x12  Code  Gb  cmd_func.o [1]
cmd_gpio_magnet          0x800'6df1   0x20  Code  Gb  cmd_func.o [1]
cmd_hello                0x800'6c69    0xe  Code  Gb  cmd_func.o [1]
cmd_help_func            0x800'5c8d   0x1c  Code  Gb  cmd.o [1]
cmd_init                 0x800'5ab1   0x2e  Code  Gb  cmd.o [1]
cmd_laser_print_diatance
                         0x800'6dcd    0xc  Code  Gb  cmd_func.o [1]
cmd_laser_print_pos      0x800'6dd9    0xc  Code  Gb  cmd_func.o [1]
cmd_parse                0x800'5c15   0x48  Code  Gb  cmd.o [1]
cmd_point_print_path     0x800'6de5    0xc  Code  Gb  cmd_func.o [1]
cmd_table               0x2000'dae0    0x4  Data  Lc  cmd.o [1]
cmd_vega_calibrate       0x800'6dc1    0xc  Code  Gb  cmd_func.o [1]
cmd_vega_correct_pos     0x800'6d09   0xb8  Code  Gb  cmd_func.o [1]
cmd_vega_print_pos       0x800'6c77    0xc  Code  Gb  cmd_func.o [1]
cmd_vega_reset           0x800'6cfd    0xc  Code  Gb  cmd_func.o [1]
cmd_vega_set_position    0x800'6c83   0x7a  Code  Gb  cmd_func.o [1]
cmpAtom                  0x800'72fd    0xe  Code  Lc  hash.o [1]
cylinder_state          0x2000'db0c    0x4  Data  Gb  sensor_gpio.o [1]
ddiv                     0x800'7b25   0xc8  Code  Lc  strto64.o [3]
delim                   0x2000'0004    0x4  Data  Lc  cmd.o [1]
digits                   0x800'7964   0x28  Data  Lc  iar_Stoulx.o [2]
dmul                     0x800'7a59   0xca  Code  Lc  strto64.o [3]
exit                     0x800'881b    0x4  Code  Gb  exit.o [2]
flag                    0x2000'da3c   0x1c  Data  Gb  main.o [1]
freeKeyAtom              0x800'730f    0x2  Code  Lc  hash.o [1]
gpio_cylinder            0x800'5683   0x20  Code  Gb  sensor_gpio.o [1]
gpio_infrared            0x800'5655    0xe  Code  Gb  sensor_gpio.o [1]
gpio_magnet              0x800'5663   0x20  Code  Gb  sensor_gpio.o [1]
gpio_microkey            0x800'5649    0xc  Code  Gb  sensor_gpio.o [1]
gpio_sensor_exe          0x800'56a3   0x24  Code  Gb  sensor_gpio.o [1]
hadc1                   0x2000'd6a0   0x48  Data  Gb  adc.o [1]
hashAtom                 0x800'730b    0x4  Code  Lc  hash.o [1]
hashStr                  0x800'7311   0x26  Code  Gb  hash.o [1]
hash_id                  0x800'7195    0x4  Code  Lc  can_utils.o [1]
hcan1                   0x2000'd9b0   0x28  Data  Gb  can.o [1]
hdma_adc1               0x2000'd2e8   0x60  Data  Gb  adc.o [1]
hdma_uart5_rx           0x2000'd348   0x60  Data  Gb  usart.o [1]
hdma_uart5_tx           0x2000'd3a8   0x60  Data  Gb  usart.o [1]
hdma_usart1_rx          0x2000'd408   0x60  Data  Gb  usart.o [1]
hdma_usart1_tx          0x2000'd468   0x60  Data  Gb  usart.o [1]
hdma_usart2_rx          0x2000'd4c8   0x60  Data  Gb  usart.o [1]
hdma_usart2_tx          0x2000'd528   0x60  Data  Gb  usart.o [1]
hdma_usart3_rx          0x2000'd588   0x60  Data  Gb  usart.o [1]
hdma_usart3_tx          0x2000'd5e8   0x60  Data  Gb  usart.o [1]
huart1                  0x2000'd880   0x40  Data  Gb  usart.o [1]
huart2                  0x2000'd8c0   0x40  Data  Gb  usart.o [1]
huart3                  0x2000'd900   0x40  Data  Gb  usart.o [1]
huart4                  0x2000'd800   0x40  Data  Gb  usart.o [1]
huart5                  0x2000'd840   0x40  Data  Gb  usart.o [1]
huart6                  0x2000'd940   0x40  Data  Gb  usart.o [1]
id_cmp                   0x800'7199   0x10  Code  Lc  can_utils.o [1]
inc                      0x800'4875   0xba  Code  Gb  main.o [1]
inc::time_1ms_cnt       0x2000'dafc    0x4  Data  Lc  main.o [1]
infrared_state          0x2000'db04    0x4  Data  Gb  sensor_gpio.o [1]
init_mparams             0x800'01a3   0x32  Code  Lc  dlmalloc.o [2]
init_top                 0x800'01d5   0x36  Code  Lc  dlmalloc.o [2]
isalpha                  0x800'8505   0x14  Code  Gb  isalpha.o [2]
isspace                  0x800'7fd9   0x14  Code  Gb  isspace.o [2]
key_state               0x2000'db00    0x4  Data  Gb  sensor_gpio.o [1]
laser_adc               0x2000'd078   0x78  Data  Gb  laser.o [1]
laser_calculate_kb       0x800'536d   0x54  Code  Gb  laser.o [1]
laser_init               0x800'53c1   0x84  Code  Gb  laser.o [1]
laser_left              0x2000'd6e8   0x48  Data  Gb  laser.o [1]
laser_print_distance     0x800'5445   0x3a  Code  Gb  laser.o [1]
laser_print_pos          0x800'547f   0x38  Code  Gb  laser.o [1]
laser_right             0x2000'd778   0x48  Data  Gb  laser.o [1]
laser_side              0x2000'd730   0x48  Data  Gb  laser.o [1]
lcd_add                  0x800'5511   0x38  Code  Gb  lcd.o [1]
lcd_exe                  0x800'558b   0x8a  Code  Gb  lcd.o [1]
lcd_exe::now_num        0x2000'daf8    0x4  Data  Lc  lcd.o [1]
lcd_init                 0x800'5549   0x42  Code  Gb  lcd.o [1]
lcd_msg                 0x2000'cee8  0x190  Data  Gb  lcd.o [1]
lcd_msg_length          0x2000'daf4    0x4  Data  Lc  lcd.o [1]
ldexp                    0x800'28a5         Code  Gb  ldexp.o [3]
ldexpl                   0x800'28a5         Code  Gb  ldexp.o [3]
localeconv               0x800'2225    0x4  Code  Gb  xlocale_c.o [2]
magnet_state            0x2000'db08    0x4  Data  Gb  sensor_gpio.o [1]
main                     0x800'4771   0x62  Code  Gb  main.o [1]
memchr                   0x800'22f5         Code  Gb  memchr.o [4]
mparams                 0x2000'da88   0x18  Data  Lc  dlmalloc.o [2]
ndigs                    0x800'798c   0x28  Data  Lc  iar_Stoulx.o [2]
pContainer              0x2000'0008  0x150  Data  Gb  point_parser.o [1]
point_print_path         0x800'71cd   0x92  Code  Gb  point_parser.o [1]
points_pos0             0x2000'01f0  0xfa0  Data  Gb  point.o [1]
points_pos1             0x2000'1190  0xfa0  Data  Gb  point.o [1]
points_pos10            0x2000'9e30  0xfa0  Data  Gb  point.o [1]
points_pos11            0x2000'add0  0xfa0  Data  Gb  point.o [1]
points_pos12            0x2000'bd70  0xfa0  Data  Gb  point.o [1]
points_pos2             0x2000'2130  0xfa0  Data  Gb  point.o [1]
points_pos3             0x2000'30d0  0xfa0  Data  Gb  point.o [1]
points_pos4             0x2000'4070  0xfa0  Data  Gb  point.o [1]
points_pos5             0x2000'5010  0xfa0  Data  Gb  point.o [1]
points_pos6             0x2000'5fb0  0xfa0  Data  Gb  point.o [1]
points_pos7             0x2000'6f50  0xfa0  Data  Gb  point.o [1]
points_pos8             0x2000'7ef0  0xfa0  Data  Gb  point.o [1]
points_pos9             0x2000'8e90  0xfa0  Data  Gb  point.o [1]
posture                 0x2000'da70   0x18  Data  Lc  cmd.o [1]
pows                     0x800'7f90   0x48  Data  Lc  strto64.o [3]
prepend_alloc            0x800'020b  0x346  Code  Lc  dlmalloc.o [2]
print_buffer            0x2000'd0f0   0x68  Data  Gb  cmd.o [1]
recive_id               0x2000'dab0   0x10  Data  Gb  configure.o [1]
rx_buffer               0x2000'dac8    0x8  Data  Lc  can_utils.o [1]
rx_id                   0x2000'dad8    0x4  Data  Lc  can_utils.o [1]
scalbln                  0x800'28a5         Code  Gb  ldexp.o [3]
scalblnl                 0x800'28a5         Code  Gb  ldexp.o [3]
scalbn                   0x800'28a5         Code  Gb  ldexp.o [3]
scalbnl                  0x800'28a5         Code  Gb  ldexp.o [3]
scale                    0x800'19ab   0x46  Code  Lc  xprintffull.o [2]
sec_hand                0x2000'db18    0x4  Data  Lc  xfail_s.o [2]
segment_holding          0x800'0189   0x1a  Code  Lc  dlmalloc.o [2]
send_id                 0x2000'daa0   0x10  Data  Gb  configure.o [1]
simplelib_init           0x800'5241   0x2a  Code  Gb  simplelib.o [1]
simplelib_run            0x800'526b   0x24  Code  Gb  simplelib.o [1]
std_id                  0x2000'0000    0x4  Data  Gb  can_utils.o [1]
str_cmp                  0x800'5d69   0x1c  Code  Lc  cmd.o [1]
strchr                   0x800'2231         Code  Gb  strchr.o [4]
strcmp                   0x800'7611         Code  Gb  strcmp.o [4]
strcpy                   0x800'72b1         Code  Gb  strcpy.o [4]
strcspn                  0x800'79fb   0x22  Code  Gb  strcspn.o [2]
strlen                   0x800'22a5         Code  Gb  strlen.o [4]
strspn                   0x800'79d9   0x22  Code  Gb  strspn.o [2]
strtok                   0x800'7589   0x4c  Code  Gb  strtok.o [2]
sys_alloc                0x800'0749  0x164  Code  Lc  dlmalloc.o [2]
tmalloc_large            0x800'08b9  0x386  Code  Lc  dlmalloc.o [2]
tmalloc_small            0x800'0c3f  0x200  Code  Lc  dlmalloc.o [2]
tolower                  0x800'7fed   0x14  Code  Gb  tolower.o [2]
uprintf                  0x800'5cfd   0x36  Code  Gb  cmd.o [1]
uprintf_to               0x800'5d33   0x34  Code  Gb  cmd.o [1]
usart_DMA_init           0x800'5a65   0x4c  Code  Gb  cmd.o [1]
usart_exc_DMA            0x800'5adf   0x3e  Code  Gb  cmd.o [1]
usart_exc_DMA_vega       0x800'5d9d   0xb2  Code  Gb  cmd.o [1]
uwTick                  0x2000'db10    0x4  Data  Gb  stm32f4xx_hal.o [1]
uwTickFreq              0x2000'01ec    0x1  Data  Gb  stm32f4xx_hal.o [1]
uwTickPrio              0x2000'0158    0x4  Data  Gb  stm32f4xx_hal.o [1]
vega_calibration         0x800'7679   0x1c  Code  Gb  vega.o [1]
vega_correct_pos         0x800'76ff   0x60  Code  Gb  vega.o [1]
vega_in_coordinate      0x2000'0160    0xc  Data  Gb  vega.o [1]
vega_print_pos           0x800'775f   0x3a  Code  Gb  vega.o [1]
vega_reset               0x800'7695   0x1c  Code  Gb  vega.o [1]
vega_set_position        0x800'76b1   0x4e  Code  Gb  vega.o [1]
vsnprintf                0x800'75d5   0x3c  Code  Gb  vsnprint.o [2]


[1] = E:\Robocon_Value\Chassis\EWARM\Chassis\Obj
[2] = dl7M_tlf.a
[3] = m7M_tls.a
[4] = rt7M_tl.a
[5] = shb_l.a

  34 844 bytes of readonly  code memory
   1 467 bytes of readonly  data memory
  62 751 bytes of readwrite data memory

Errors: none
Warnings: none
